  Time  Coordinate0  Coordinate1  Displacement0  Displacement1  Force0  Force1
 0.00000000e+00   0.00000000e+00   1.00000000e+00   0.00000000e+00   0.00000000e+00   0.00000000e+00   0.00000000e+00
 1.00000000e-02   0.00000000e+00   1.00000000e+00   2.82672092e-04   4.78268322e-05   9.85639409e+00   1.48473801e+01
 2.00000000e-02   0.00000000e+00   1.00000000e+00   9.23139415e-04   1.07686644e-04   7.63149533e+00   1.32426672e+01
 3.00000000e-02   0.00000000e+00   1.00000000e+00   1.74770558e-03   1.72264566e-04   6.67353441e+00   1.23556319e+01
 4.00000000e-02   0.00000000e+00   1.00000000e+00   2.70408922e-03   2.25574647e-04   6.12082880e+00   1.17518291e+01
 5.00000000e-02   0.00000000e+00   1.00000000e+00   3.77940141e-03   2.63575665e-04   5.75794938e+00   1.12929659e+01
 6.00000000e-02   0.00000000e+00   1.00000000e+00   4.94370863e-03   2.61823798e-04   5.50280935e+00   1.09201173e+01
 7.00000000e-02   0.00000000e+00   1.00000000e+00   6.19293196e-03   2.11545352e-04   5.31211430e+00   1.06059830e+01
 8.00000000e-02   0.00000000e+00   1.00000000e+00   7.54805423e-03   1.21908792e-04   5.16173001e+00   1.03366398e+01
 9.00000000e-02   0.00000000e+00   1.00000000e+00   9.08665988e-03   3.55164370e-05   5.03859045e+00   1.01069034e+01
 1.00000000e-01   0.00000000e+00   1.00000000e+00   1.08815310e-02  -1.13161596e-05   4.93955053e+00   9.91920393e+00
 1.10000000e-01   0.00000000e+00   1.00000000e+00   1.29346788e-02  -1.57608133e-05   4.86501710e+00   9.75994917e+00
 1.20000000e-01   0.00000000e+00   1.00000000e+00   1.51886572e-02   7.36085551e-06   4.81106152e+00   9.62273049e+00
 1.30000000e-01   0.00000000e+00   1.00000000e+00   1.76068163e-02   5.95061181e-05   4.77203506e+00   9.50604076e+00
 1.40000000e-01   0.00000000e+00   1.00000000e+00   2.01808273e-02   1.41872992e-04   4.74426191e+00   9.40657483e+00
 1.50000000e-01   0.00000000e+00   1.00000000e+00   2.28566576e-02   2.17476917e-04   4.72775582e+00   9.31698805e+00
 1.60000000e-01   0.00000000e+00   1.00000000e+00   2.55401597e-02   2.40981786e-04   4.71852067e+00   9.22898987e+00
 1.70000000e-01   0.00000000e+00   1.00000000e+00   2.82031719e-02   2.10481074e-04   4.70831315e+00   9.14386684e+00
 1.80000000e-01   0.00000000e+00   1.00000000e+00   3.09178915e-02   1.53917184e-04   4.69337855e+00   9.06793866e+00
 1.90000000e-01   0.00000000e+00   1.00000000e+00   3.37826248e-02   8.58027261e-05   4.67732474e+00   9.00351940e+00
 2.00000000e-01   0.00000000e+00   1.00000000e+00   3.68423526e-02   1.36868528e-05   4.66554853e+00   8.94743289e+00
 2.10000000e-01   0.00000000e+00   1.00000000e+00   4.00724559e-02  -4.02069984e-05   4.66126284e+00   8.89582567e+00
 2.20000000e-01   0.00000000e+00   1.00000000e+00   4.34390683e-02  -4.92731106e-05   4.66309087e+00   8.84928160e+00
 2.30000000e-01   0.00000000e+00   1.00000000e+00   4.69478912e-02  -3.97578097e-06   4.66997623e+00   8.81003556e+00
 2.40000000e-01   0.00000000e+00   1.00000000e+00   5.05861656e-02   7.47252408e-05   4.68391128e+00   8.77559730e+00
 2.50000000e-01   0.00000000e+00   1.00000000e+00   5.42601203e-02   1.47488031e-04   4.70568441e+00   8.73846833e+00
 2.60000000e-01   0.00000000e+00   1.00000000e+00   5.78718403e-02   1.93340013e-04   4.72907893e+00   8.69581063e+00
 2.70000000e-01   0.00000000e+00   1.00000000e+00   6.14127332e-02   2.13314938e-04   4.74788250e+00   8.65160375e+00
 2.80000000e-01   0.00000000e+00   1.00000000e+00   6.49221375e-02   1.98033512e-04   4.76160649e+00   8.60804055e+00
 2.90000000e-01   0.00000000e+00   1.00000000e+00   6.84193001e-02   1.35323077e-04   4.77243424e+00   8.56384819e+00
 3.00000000e-01   0.00000000e+00   1.00000000e+00   7.19226411e-02   4.66112482e-05   4.78047582e+00   8.52122617e+00
 3.10000000e-01   0.00000000e+00   1.00000000e+00   7.54833234e-02  -2.47059028e-05   4.78692203e+00   8.48580473e+00
 3.20000000e-01   0.00000000e+00   1.00000000e+00   7.91608942e-02  -5.39507517e-05   4.79513868e+00   8.45921762e+00
 3.30000000e-01   0.00000000e+00   1.00000000e+00   8.29716572e-02  -4.29280966e-05   4.80946636e+00   8.43903705e+00
 3.40000000e-01   0.00000000e+00   1.00000000e+00   8.68596027e-02  -6.69340216e-07   4.83254699e+00   8.42156823e+00
 3.50000000e-01   0.00000000e+00   1.00000000e+00   9.07242238e-02   6.61145997e-05   4.86216203e+00   8.40241194e+00
 3.60000000e-01   0.00000000e+00   1.00000000e+00   9.44992424e-02   1.43229025e-04   4.89226748e+00   8.38187478e+00
 3.70000000e-01   0.00000000e+00   1.00000000e+00   9.81910572e-02   2.00566978e-04   4.91890044e+00   8.36140170e+00
 3.80000000e-01   0.00000000e+00   1.00000000e+00   1.01821467e-01   2.08611652e-04   4.94228514e+00   8.34044631e+00
 3.90000000e-01   0.00000000e+00   1.00000000e+00   1.05380415e-01   1.65745428e-04   4.96301289e+00   8.31751064e+00
 4.00000000e-01   0.00000000e+00   1.00000000e+00   1.08872629e-01   9.74316163e-05   4.97985596e+00   8.29423068e+00
 4.10000000e-01   0.00000000e+00   1.00000000e+00   1.12360666e-01   2.74645465e-05   4.99274835e+00   8.27560666e+00
 4.20000000e-01   0.00000000e+00   1.00000000e+00   1.15919465e-01  -3.31762998e-05   5.00583527e+00   8.26371064e+00
 4.30000000e-01   0.00000000e+00   1.00000000e+00   1.19570401e-01  -6.85242740e-05   5.02433798e+00   8.25794901e+00
 4.40000000e-01   0.00000000e+00   1.00000000e+00   1.23275351e-01  -5.63916647e-05   5.05094342e+00   8.25657690e+00
 4.50000000e-01   0.00000000e+00   1.00000000e+00   1.26980012e-01   4.11422860e-06   5.08452842e+00   8.25721356e+00
 4.60000000e-01   0.00000000e+00   1.00000000e+00   1.30643394e-01   8.41540523e-05   5.12096608e+00   8.25822669e+00
 4.70000000e-01   0.00000000e+00   1.00000000e+00   1.34218575e-01   1.50700679e-04   5.15917830e+00   8.25614013e+00
 4.80000000e-01   0.00000000e+00   1.00000000e+00   1.37638581e-01   1.86982469e-04   5.19638633e+00   8.24839544e+00
 4.90000000e-01   0.00000000e+00   1.00000000e+00   1.40865947e-01   1.88332307e-04   5.22876052e+00   8.23762220e+00
 5.00000000e-01   0.00000000e+00   1.00000000e+00   1.43942632e-01   1.52137336e-04   5.25280754e+00   8.22496585e+00
 5.10000000e-01   0.00000000e+00   1.00000000e+00   1.46952647e-01   8.17113855e-05   5.27159801e+00   8.21579931e+00
 5.20000000e-01   0.00000000e+00   1.00000000e+00   1.49944421e-01  -9.26145052e-07   5.29004885e+00   8.20978905e+00
 5.30000000e-01   0.00000000e+00   1.00000000e+00   1.52912826e-01  -5.99657077e-05   5.31210113e+00   8.20637298e+00
 5.40000000e-01   0.00000000e+00   1.00000000e+00   1.55838699e-01  -7.28431046e-05   5.33818552e+00   8.20671769e+00
 5.50000000e-01   0.00000000e+00   1.00000000e+00   1.58713057e-01  -4.39135286e-05   5.36794538e+00   8.21077319e+00
 5.60000000e-01   0.00000000e+00   1.00000000e+00   1.61517312e-01   1.20183461e-05   5.40141740e+00   8.21636437e+00
 5.70000000e-01   0.00000000e+00   1.00000000e+00   1.64197084e-01   8.33578832e-05   5.43812064e+00   8.22162670e+00
 5.80000000e-01   0.00000000e+00   1.00000000e+00   1.66677042e-01   1.52605805e-04   5.47483777e+00   8.22209462e+00
 5.90000000e-01   0.00000000e+00   1.00000000e+00   1.68914187e-01   1.91712577e-04   5.50624000e+00   8.21782923e+00
 6.00000000e-01   0.00000000e+00   1.00000000e+00   1.70929057e-01   1.80843485e-04   5.52915536e+00   8.21021825e+00
 6.10000000e-01   0.00000000e+00   1.00000000e+00   1.72775220e-01   1.26211033e-04   5.54471852e+00   8.20201728e+00
 6.20000000e-01   0.00000000e+00   1.00000000e+00   1.74496695e-01   5.28222733e-05   5.55629840e+00   8.19587044e+00
 6.30000000e-01   0.00000000e+00   1.00000000e+00   1.76132393e-01  -1.54674844e-05   5.56655571e+00   8.19317728e+00
 6.40000000e-01   0.00000000e+00   1.00000000e+00   1.77731371e-01  -6.31475014e-05   5.57755835e+00   8.19513038e+00
 6.50000000e-01   0.00000000e+00   1.00000000e+00   1.79320757e-01  -7.67212393e-05   5.59283710e+00   8.20224765e+00
 6.60000000e-01   0.00000000e+00   1.00000000e+00   1.80864300e-01  -4.55436366e-05   5.61510661e+00   8.21148166e+00
 6.70000000e-01   0.00000000e+00   1.00000000e+00   1.82281992e-01   2.39878862e-05   5.64234708e+00   8.21932511e+00
 6.80000000e-01   0.00000000e+00   1.00000000e+00   1.83512983e-01   1.03537137e-04   5.66950734e+00   8.22506612e+00
 6.90000000e-01   0.00000000e+00   1.00000000e+00   1.84545821e-01   1.61435880e-04   5.69236210e+00   8.22799351e+00
 7.00000000e-01   0.00000000e+00   1.00000000e+00   1.85392302e-01   1.82638161e-04   5.71020677e+00   8.22848455e+00
 7.10000000e-01   0.00000000e+00   1.00000000e+00   1.86056671e-01   1.66273612e-04   5.72306938e+00   8.22565118e+00
 7.20000000e-01   0.00000000e+00   1.00000000e+00   1.86548115e-01   1.15281845e-04   5.73089696e+00   8.22072853e+00
 7.30000000e-01   0.00000000e+00   1.00000000e+00   1.86910932e-01   4.02432465e-05   5.73371637e+00   8.21605017e+00
 7.40000000e-01   0.00000000e+00   1.00000000e+00   1.87213138e-01  -3.33570275e-05   5.75539670e+00   8.21727645e+00
 7.50000000e-01   0.00000000e+00   1.00000000e+00   1.87494809e-01  -7.54273890e-05   5.75658416e+00   8.21397249e+00
 7.60000000e-01   0.00000000e+00   1.00000000e+00   1.87738497e-01  -7.09135254e-05   5.75984092e+00   8.21612088e+00
 7.70000000e-01   0.00000000e+00   1.00000000e+00   1.87891021e-01  -2.66466805e-05   5.76611124e+00   8.21989649e+00
 7.80000000e-01   0.00000000e+00   1.00000000e+00   1.87897706e-01   3.99409612e-05   5.77187305e+00   8.22318471e+00
 7.90000000e-01   0.00000000e+00   1.00000000e+00   1.87711547e-01   1.11162657e-04   5.77430098e+00   8.22477568e+00
 8.00000000e-01   0.00000000e+00   1.00000000e+00   1.87290862e-01   1.67735365e-04   5.77192205e+00   8.22383351e+00
 8.10000000e-01   0.00000000e+00   1.00000000e+00   1.86614723e-01   1.87858049e-04   5.76274551e+00   8.21948048e+00
 8.20000000e-01   0.00000000e+00   1.00000000e+00   1.85708670e-01   1.60017162e-04   5.74546862e+00   8.21103352e+00
 8.30000000e-01   0.00000000e+00   1.00000000e+00   1.84640320e-01   9.53880603e-05   5.78539729e+00   8.20277138e+00
 8.40000000e-01   0.00000000e+00   1.00000000e+00   1.83477042e-01   2.10018259e-05   5.78837644e+00   8.20010910e+00
 8.50000000e-01   0.00000000e+00   1.00000000e+00   1.82244297e-01  -3.95999677e-05   5.78351528e+00   8.20319665e+00
 8.60000000e-01   0.00000000e+00   1.00000000e+00   1.80936139e-01  -7.12062857e-05   5.78012181e+00   8.20864608e+00
 8.70000000e-01   0.00000000e+00   1.00000000e+00   1.79548810e-01  -6.42670902e-05   5.77867918e+00   8.21673791e+00
 8.80000000e-01   0.00000000e+00   1.00000000e+00   1.78076263e-01  -1.62366358e-05   5.77964312e+00   8.22710796e+00
 8.90000000e-01   0.00000000e+00   1.00000000e+00   1.76481575e-01   5.91148893e-05   5.78305763e+00   8.23645289e+00
 9.00000000e-01   0.00000000e+00   1.00000000e+00   1.74703446e-01   1.33344064e-04   5.78647286e+00   8.24242668e+00
 9.10000000e-01   0.00000000e+00   1.00000000e+00   1.72702207e-01   1.79006729e-04   5.78449851e+00   8.24032603e+00
 9.20000000e-01   0.00000000e+00   1.00000000e+00   1.70493013e-01   1.84032357e-04   5.77492989e+00   8.23562297e+00
 9.30000000e-01   0.00000000e+00   1.00000000e+00   1.68131765e-01   1.50875310e-04   5.75803709e+00   8.22937271e+00
 9.40000000e-01   0.00000000e+00   1.00000000e+00   1.65680293e-01   8.90574127e-05   5.73631787e+00   8.22355223e+00
 9.50000000e-01   0.00000000e+00   1.00000000e+00   1.63189815e-01   1.48905161e-05   5.71271941e+00   8.21952506e+00
 9.60000000e-01   0.00000000e+00   1.00000000e+00   1.60700872e-01  -4.65371025e-05   5.69008211e+00   8.21873845e+00
 9.70000000e-01   0.00000000e+00   1.00000000e+00   1.58233866e-01  -7.04509819e-05   5.67110420e+00   8.22193059e+00
 9.80000000e-01   0.00000000e+00   1.00000000e+00   1.55769841e-01  -4.81776245e-05   5.65787079e+00   8.22799904e+00
 9.90000000e-01   0.00000000e+00   1.00000000e+00   1.53252484e-01   9.09042885e-06   5.64983705e+00   8.23420101e+00
 1.00000000e+00   0.00000000e+00   1.00000000e+00   1.50623156e-01   8.10584188e-05   5.64375098e+00   8.23808131e+00
 1.01000000e+00   0.00000000e+00   1.00000000e+00   1.47854563e-01   1.47550417e-04   5.63572249e+00   8.23890578e+00
 1.02000000e+00   0.00000000e+00   1.00000000e+00   1.44949487e-01   1.89364296e-04   5.62376815e+00   8.23737745e+00
 1.03000000e+00   0.00000000e+00   1.00000000e+00   1.41919246e-01   1.90490599e-04   5.60733960e+00   8.23147093e+00
 1.04000000e+00   0.00000000e+00   1.00000000e+00   1.38780498e-01   1.47767800e-04   5.58617378e+00   8.22220925e+00
 1.05000000e+00   0.00000000e+00   1.00000000e+00   1.35573111e-01   7.70487056e-05   5.56059655e+00   8.21261631e+00
 1.06000000e+00   0.00000000e+00   1.00000000e+00   1.32360610e-01   5.37167848e-06   5.53241725e+00   8.20557998e+00
 1.07000000e+00   0.00000000e+00   1.00000000e+00   1.29193986e-01  -4.38946549e-05   5.50551656e+00   8.20297258e+00
 1.08000000e+00   0.00000000e+00   1.00000000e+00   1.26074291e-01  -5.78072718e-05   5.48316052e+00   8.20403760e+00
 1.09000000e+00   0.00000000e+00   1.00000000e+00   1.22956845e-01  -3.20661876e-05   5.46674268e+00   8.20597464e+00
 1.10000000e+00   0.00000000e+00   1.00000000e+00   1.19786991e-01   2.83935948e-05   5.45446125e+00   8.20712657e+00
 1.11000000e+00   0.00000000e+00   1.00000000e+00   1.16523814e-01   1.05184369e-04   5.44282208e+00   8.20689973e+00
 1.12000000e+00   0.00000000e+00   1.00000000e+00   1.13141095e-01   1.70420834e-04   5.42941334e+00   8.20326803e+00
 1.13000000e+00   0.00000000e+00   1.00000000e+00   1.09631467e-01   2.00836174e-04   5.41195872e+00   8.19481984e+00
 1.14000000e+00   0.00000000e+00   1.00000000e+00   1.06021327e-01   1.88946878e-04   5.38881954e+00   8.18375070e+00
 1.15000000e+00   0.00000000e+00   1.00000000e+00   1.02370864e-01   1.41518208e-04   5.35996688e+00   8.17184525e+00
 1.16000000e+00   0.00000000e+00   1.00000000e+00   9.87466038e-02   7.31395264e-05   5.32761978e+00   8.16008338e+00
 1.17000000e+00   0.00000000e+00   1.00000000e+00   9.51914195e-02   3.81679274e-06   5.29510810e+00   8.15050828e+00
 1.18000000e+00   0.00000000e+00   1.00000000e+00   9.17198949e-02  -4.27596933e-05   5.26502661e+00   8.14384550e+00
 1.19000000e+00   0.00000000e+00   1.00000000e+00   8.83322590e-02  -4.81006112e-05   5.23834490e+00   8.14097437e+00
 1.20000000e+00   0.00000000e+00   1.00000000e+00   8.50189075e-02  -9.92122261e-06   5.21588567e+00   8.14126380e+00
 1.21000000e+00   0.00000000e+00   1.00000000e+00   8.17496055e-02   5.66837787e-05   5.19747566e+00   8.14203881e+00
 1.22000000e+00   0.00000000e+00   1.00000000e+00   7.84737207e-02   1.28947173e-04   5.18199331e+00   8.14058674e+00
 1.23000000e+00   0.00000000e+00   1.00000000e+00   7.51496332e-02   1.85716741e-04   5.16615034e+00   8.13386912e+00
 1.24000000e+00   0.00000000e+00   1.00000000e+00   7.17793779e-02   2.10226674e-04   5.14661714e+00   8.12327878e+00
 1.25000000e+00   0.00000000e+00   1.00000000e+00   6.84108907e-02   1.92821891e-04   5.12192651e+00   8.11061164e+00
 1.26000000e+00   0.00000000e+00   1.00000000e+00   6.51078113e-02   1.37469632e-04   5.09271488e+00   8.09728559e+00
 1.27000000e+00   0.00000000e+00   1.00000000e+00   6.19211400e-02   6.39342004e-05   5.06178949e+00   8.08507442e+00
 1.28000000e+00   0.00000000e+00   1.00000000e+00   5.88824853e-02  -9.38470810e-07   5.03156898e+00   8.07537384e+00
 1.29000000e+00   0.00000000e+00   1.00000000e+00   5.60043117e-02  -3.60969208e-05   5.00427174e+00   8.06887374e+00
 1.30000000e+00   0.00000000e+00   1.00000000e+00   5.32721313e-02  -3.21907669e-05   4.98155280e+00   8.06516832e+00
 1.31000000e+00   0.00000000e+00   1.00000000e+00   5.06415774e-02   9.50883686e-06   4.96441493e+00   8.06263362e+00
 1.32000000e+00   0.00000000e+00   1.00000000e+00   4.80573402e-02   7.76955240e-05   4.95130807e+00   8.05957690e+00
 1.33000000e+00   0.00000000e+00   1.00000000e+00   4.54813640e-02   1.50848878e-04   4.93971591e+00   8.05442589e+00
 1.34000000e+00   0.00000000e+00   1.00000000e+00   4.29031097e-02   2.03021173e-04   4.92684717e+00   8.04584054e+00
 1.35000000e+00   0.00000000e+00   1.00000000e+00   4.03303389e-02   2.15917522e-04   4.91089266e+00   8.03327040e+00
 1.36000000e+00   0.00000000e+00   1.00000000e+00   3.77838216e-02   1.87091691e-04   4.89154163e+00   8.01741398e+00
 1.37000000e+00   0.00000000e+00   1.00000000e+00   3.53041879e-02   1.27988100e-04   4.86821527e+00   8.00052925e+00
 1.38000000e+00   0.00000000e+00   1.00000000e+00   3.29499505e-02   5.71958821e-05   4.84194856e+00   7.98587646e+00
 1.39000000e+00   0.00000000e+00   1.00000000e+00   3.07715118e-02  -3.71877450e-06   4.81508691e+00   7.97523649e+00
 1.40000000e+00   0.00000000e+00   1.00000000e+00   2.87798749e-02  -3.40546089e-05   4.79115515e+00   7.96880800e+00
 1.41000000e+00   0.00000000e+00   1.00000000e+00   2.69415194e-02  -2.16870541e-05   4.77261641e+00   7.96481311e+00
 1.42000000e+00   0.00000000e+00   1.00000000e+00   2.52034364e-02   2.94119935e-05   4.75918355e+00   7.96167096e+00
 1.43000000e+00   0.00000000e+00   1.00000000e+00   2.35220457e-02   1.00563234e-04   4.74873014e+00   7.95736587e+00
 1.44000000e+00   0.00000000e+00   1.00000000e+00   2.18743405e-02   1.67800267e-04   4.73872296e+00   7.95129890e+00
 1.45000000e+00   0.00000000e+00   1.00000000e+00   2.02571908e-02   2.10773626e-04   4.72715023e+00   7.94254654e+00
 1.46000000e+00   0.00000000e+00   1.00000000e+00   1.86899099e-02   2.16487074e-04   4.71240087e+00   7.93126295e+00
 1.47000000e+00   0.00000000e+00   1.00000000e+00   1.72167779e-02   1.81862310e-04   4.69331162e+00   7.91834814e+00
 1.48000000e+00   0.00000000e+00   1.00000000e+00   1.58947776e-02   1.17040325e-04   4.67059184e+00   7.90583588e+00
 1.49000000e+00   0.00000000e+00   1.00000000e+00   1.47696978e-02   4.44299089e-05   4.64647991e+00   7.89548314e+00
 1.50000000e+00   0.00000000e+00   1.00000000e+00   1.38615987e-02  -1.03836982e-05   4.62375500e+00   7.88861954e+00
 1.51000000e+00   0.00000000e+00   1.00000000e+00   1.31677883e-02  -2.97866248e-05   4.60443696e+00   7.88582926e+00
 1.52000000e+00   0.00000000e+00   1.00000000e+00   1.26685519e-02  -9.09207310e-06   4.58961760e+00   7.88640861e+00
 1.53000000e+00   0.00000000e+00   1.00000000e+00   1.23251801e-02   4.48164939e-05   4.57972797e+00   7.88838168e+00
 1.54000000e+00   0.00000000e+00   1.00000000e+00   1.20831363e-02   1.15727207e-04   4.57443089e+00   7.88902960e+00
 1.55000000e+00   0.00000000e+00   1.00000000e+00   1.18945509e-02   1.80653974e-04   4.57103888e+00   7.88624099e+00
 1.56000000e+00   0.00000000e+00   1.00000000e+00   1.17472553e-02   2.16749862e-04   4.56626745e+00   7.87970801e+00
 1.57000000e+00   0.00000000e+00   1.00000000e+00   1.16720180e-02   2.11288348e-04   4.55730051e+00   7.87113253e+00
 1.58000000e+00   0.00000000e+00   1.00000000e+00   1.17208755e-02   1.67239040e-04   4.54437355e+00   7.86214614e+00
 1.59000000e+00   0.00000000e+00   1.00000000e+00   1.19386489e-02   1.00219021e-04   4.52911760e+00   7.85427285e+00
 1.60000000e+00   0.00000000e+00   1.00000000e+00   1.23498999e-02   3.14628588e-05   4.51420208e+00   7.84823226e+00
 1.61000000e+00   0.00000000e+00   1.00000000e+00   1.29590800e-02  -1.77633644e-05   4.50152711e+00   7.84497930e+00
 1.62000000e+00   0.00000000e+00   1.00000000e+00   1.37500877e-02  -3.09547706e-05   4.49295726e+00   7.84479633e+00
 1.63000000e+00   0.00000000e+00   1.00000000e+00   1.46847520e-02  -2.55541647e-06   4.48963061e+00   7.84702980e+00
 1.64000000e+00   0.00000000e+00   1.00000000e+00   1.57112333e-02   5.78586406e-05   4.49107002e+00   7.84994456e+00
 1.65000000e+00   0.00000000e+00   1.00000000e+00   1.67835348e-02   1.28869547e-04   4.49542780e+00   7.85162090e+00
 1.66000000e+00   0.00000000e+00   1.00000000e+00   1.78778294e-02   1.86589010e-04   4.49962601e+00   7.85065150e+00
 1.67000000e+00   0.00000000e+00   1.00000000e+00   1.89952094e-02   2.13080011e-04   4.50158807e+00   7.84671006e+00
 1.68000000e+00   0.00000000e+00   1.00000000e+00   2.01573289e-02   2.00176580e-04   4.49999631e+00   7.84032919e+00
 1.69000000e+00   0.00000000e+00   1.00000000e+00   2.14040378e-02   1.51063284e-04   4.49464449e+00   7.83322257e+00
 1.70000000e+00   0.00000000e+00   1.00000000e+00   2.27876351e-02   8.09274705e-05   4.48639110e+00   7.82791579e+00
 1.71000000e+00   0.00000000e+00   1.00000000e+00   2.43533759e-02   1.34644319e-05   4.47764869e+00   7.82644725e+00
 1.72000000e+00   0.00000000e+00   1.00000000e+00   2.61136969e-02  -2.82116216e-05   4.47186816e+00   7.82920357e+00
 1.73000000e+00   0.00000000e+00   1.00000000e+00   2.80394470e-02  -3.09588104e-05   4.47165584e+00   7.83477024e+00
 1.74000000e+00   0.00000000e+00   1.00000000e+00   3.00779556e-02   4.76278916e-06   4.47736858e+00   7.84144123e+00
 1.75000000e+00   0.00000000e+00   1.00000000e+00   3.21805352e-02   6.70127513e-05   4.48685202e+00   7.84817577e+00
 1.76000000e+00   0.00000000e+00   1.00000000e+00   3.43173069e-02   1.36173412e-04   4.49787875e+00   7.85412674e+00
 1.77000000e+00   0.00000000e+00   1.00000000e+00   3.64777636e-02   1.89505945e-04   4.50820063e+00   7.85817434e+00
 1.78000000e+00   0.00000000e+00   1.00000000e+00   3.86698144e-02   2.08267834e-04   4.51628771e+00   7.85970922e+00
 1.79000000e+00   0.00000000e+00   1.00000000e+00   4.09210670e-02   1.85621290e-04   4.52101540e+00   7.85922478e+00
 1.80000000e+00   0.00000000e+00   1.00000000e+00   4.32732539e-02   1.29718472e-04   4.52286108e+00   7.85837428e+00
 1.81000000e+00   0.00000000e+00   1.00000000e+00   4.57657564e-02   5.95278052e-05   4.52381920e+00   7.85905354e+00
 1.82000000e+00   0.00000000e+00   1.00000000e+00   4.84184361e-02  -2.63310053e-06   4.52663270e+00   7.86259703e+00
 1.83000000e+00   0.00000000e+00   1.00000000e+00   5.12249699e-02  -3.73883964e-05   4.53391575e+00   7.86950630e+00
 1.84000000e+00   0.00000000e+00   1.00000000e+00   5.41554670e-02  -3.32086816e-05   4.54688200e+00   7.87922236e+00
 1.85000000e+00   0.00000000e+00   1.00000000e+00   5.71613054e-02   9.16880293e-06   4.56558225e+00   7.89026463e+00
 1.86000000e+00   0.00000000e+00   1.00000000e+00   6.01835731e-02   7.53864554e-05   4.58873644e+00   7.90032250e+00
 1.87000000e+00   0.00000000e+00   1.00000000e+00   6.31712200e-02   1.42438952e-04   4.61335890e+00   7.90753565e+00
 1.88000000e+00   0.00000000e+00   1.00000000e+00   6.61034335e-02   1.87820046e-04   4.63602557e+00   7.91135899e+00
 1.89000000e+00   0.00000000e+00   1.00000000e+00   6.89983680e-02   1.97219156e-04   4.65453577e+00   7.91292002e+00
 1.90000000e+00   0.00000000e+00   1.00000000e+00   7.18986264e-02   1.67739930e-04   4.66884250e+00   7.91352175e+00
 1.91000000e+00   0.00000000e+00   1.00000000e+00   7.48458151e-02   1.08211017e-04   4.68067041e+00   7.91453902e+00
 1.92000000e+00   0.00000000e+00   1.00000000e+00   7.78643343e-02   3.74777470e-05   4.69269622e+00   7.91639374e+00
 1.93000000e+00   0.00000000e+00   1.00000000e+00   8.09593552e-02  -2.08336182e-05   4.70703218e+00   7.92014946e+00
 1.94000000e+00   0.00000000e+00   1.00000000e+00   8.41185182e-02  -4.70733147e-05   4.72532960e+00   7.92728782e+00
 1.95000000e+00   0.00000000e+00   1.00000000e+00   8.73110583e-02  -3.31835307e-05   4.74852752e+00   7.93689212e+00
 1.96000000e+00   0.00000000e+00   1.00000000e+00   9.04911796e-02   1.52066219e-05   4.77603674e+00   7.94770804e+00
 1.97000000e+00   0.00000000e+00   1.00000000e+00   9.36119986e-02   8.19837941e-05   4.80556553e+00   7.95773762e+00
 1.98000000e+00   0.00000000e+00   1.00000000e+00   9.66433027e-02   1.45672580e-04   4.83430488e+00   7.96542947e+00
 1.99000000e+00   0.00000000e+00   1.00000000e+00   9.95812700e-02   1.85184377e-04   4.85970406e+00   7.97035894e+00
 2.00000000e+00   0.00000000e+00   1.00000000e+00   1.02447456e-01   1.86619703e-04   4.88038958e+00   7.97267571e+00
 2.01000000e+00   0.00000000e+00   1.00000000e+00   1.05282332e-01   1.49055727e-04   4.89673140e+00   7.97428952e+00
 2.02000000e+00   0.00000000e+00   1.00000000e+00   1.08134769e-01   8.53354829e-05   4.91045210e+00   7.97672621e+00
 2.03000000e+00   0.00000000e+00   1.00000000e+00   1.11044740e-01   1.67524450e-05   4.92444702e+00   7.98174167e+00
 2.04000000e+00   0.00000000e+00   1.00000000e+00   1.14023756e-01  -3.47527143e-05   4.94202907e+00   7.98978347e+00
 2.05000000e+00   0.00000000e+00   1.00000000e+00   1.17046763e-01  -5.29800631e-05   4.96512695e+00   8.00050956e+00
 2.06000000e+00   0.00000000e+00   1.00000000e+00   1.20064071e-01  -3.18843530e-05   4.99387995e+00   8.01268304e+00
 2.07000000e+00   0.00000000e+00   1.00000000e+00   1.23024303e-01   2.19752960e-05   5.02622954e+00   8.02472058e+00
 2.08000000e+00   0.00000000e+00   1.00000000e+00   1.25891053e-01   9.05007028e-05   5.05969495e+00   8.03609744e+00
 2.09000000e+00   0.00000000e+00   1.00000000e+00   1.28646708e-01   1.50272541e-04   5.09041495e+00   8.04520560e+00
 2.10000000e+00   0.00000000e+00   1.00000000e+00   1.31291136e-01   1.81352882e-04   5.11790274e+00   8.05102644e+00
 2.11000000e+00   0.00000000e+00   1.00000000e+00   1.33842178e-01   1.73963762e-04   5.14088233e+00   8.05417325e+00
 2.12000000e+00   0.00000000e+00   1.00000000e+00   1.36333442e-01   1.30645319e-04   5.15999538e+00   8.05565887e+00
 2.13000000e+00   0.00000000e+00   1.00000000e+00   1.38802506e-01   6.50357571e-05   5.17724045e+00   8.05773305e+00
 2.14000000e+00   0.00000000e+00   1.00000000e+00   1.41273249e-01  -1.75112250e-06   5.19559361e+00   8.06218669e+00
 2.15000000e+00   0.00000000e+00   1.00000000e+00   1.43743603e-01  -4.74593565e-05   5.21778978e+00   8.06924545e+00
 2.16000000e+00   0.00000000e+00   1.00000000e+00   1.46184843e-01  -5.67508751e-05   5.24453748e+00   8.07756367e+00
 2.17000000e+00   0.00000000e+00   1.00000000e+00   1.48549277e-01  -2.70226588e-05   5.27561376e+00   8.08762402e+00
 2.18000000e+00   0.00000000e+00   1.00000000e+00   1.50782500e-01   3.12127966e-05   5.30882517e+00   8.09675447e+00
 2.19000000e+00   0.00000000e+00   1.00000000e+00   1.52839907e-01   9.87027512e-05   5.34109267e+00   8.10404926e+00
 2.20000000e+00   0.00000000e+00   1.00000000e+00   1.54703932e-01   1.53594789e-04   5.36919394e+00   8.10868684e+00
 2.21000000e+00   0.00000000e+00   1.00000000e+00   1.56391380e-01   1.77757551e-04   5.39102119e+00   8.11056745e+00
 2.22000000e+00   0.00000000e+00   1.00000000e+00   1.57943578e-01   1.62640970e-04   5.40682387e+00   8.11075299e+00
 2.23000000e+00   0.00000000e+00   1.00000000e+00   1.59405896e-01   1.13000449e-04   5.41857512e+00   8.11053615e+00
 2.24000000e+00   0.00000000e+00   1.00000000e+00   1.60811247e-01   4.55878668e-05   5.42887685e+00   8.11080442e+00
 2.25000000e+00   0.00000000e+00   1.00000000e+00   1.62174710e-01  -1.71415544e-05   5.44033362e+00   8.11299862e+00
 2.26000000e+00   0.00000000e+00   1.00000000e+00   1.63493804e-01  -5.49467423e-05   5.45486003e+00   8.11796487e+00
 2.27000000e+00   0.00000000e+00   1.00000000e+00   1.64748081e-01  -5.58479479e-05   5.47310749e+00   8.12563739e+00
 2.28000000e+00   0.00000000e+00   1.00000000e+00   1.65900858e-01  -1.94151600e-05   5.49466568e+00   8.13490007e+00
 2.29000000e+00   0.00000000e+00   1.00000000e+00   1.66909626e-01   4.26832470e-05   5.51741991e+00   8.14412567e+00
 2.30000000e+00   0.00000000e+00   1.00000000e+00   1.67743404e-01   1.09807668e-04   5.53842906e+00   8.15145435e+00
 2.31000000e+00   0.00000000e+00   1.00000000e+00   1.68396597e-01   1.59354660e-04   5.55482956e+00   8.15582918e+00
 2.32000000e+00   0.00000000e+00   1.00000000e+00   1.68891459e-01   1.74964935e-04   5.56542064e+00   8.15751397e+00
 2.33000000e+00   0.00000000e+00   1.00000000e+00   1.69270008e-01   1.51944189e-04   5.57052527e+00   8.15750304e+00
 2.34000000e+00   0.00000000e+00   1.00000000e+00   1.69580339e-01   9.80623222e-05   5.57239335e+00   8.15748240e+00
 2.35000000e+00   0.00000000e+00   1.00000000e+00   1.69860753e-01   3.08480168e-05   5.59261555e+00   8.16157081e+00
 2.36000000e+00   0.00000000e+00   1.00000000e+00   1.70124673e-01  -2.78836345e-05   5.59579750e+00   8.15981710e+00
 2.37000000e+00   0.00000000e+00   1.00000000e+00   1.70353710e-01  -5.84337076e-05   5.59952799e+00   8.16161366e+00
 2.38000000e+00   0.00000000e+00   1.00000000e+00   1.70505631e-01  -5.04782667e-05   5.60503701e+00   8.16507081e+00
 2.39000000e+00   0.00000000e+00   1.00000000e+00   1.70532674e-01  -6.82552943e-06   5.61045222e+00   8.16902100e+00
 2.40000000e+00   0.00000000e+00   1.00000000e+00   1.70397657e-01   5.76929020e-05   5.61317871e+00   8.17244078e+00
 2.41000000e+00   0.00000000e+00   1.00000000e+00   1.70080836e-01   1.21934323e-04   5.61157262e+00   8.17418678e+00
 2.42000000e+00   0.00000000e+00   1.00000000e+00   1.69580782e-01   1.65112764e-04   5.60499345e+00   8.17316937e+00
 2.43000000e+00   0.00000000e+00   1.00000000e+00   1.68915001e-01   1.73082369e-04   5.59356485e+00   8.16872479e+00
 2.44000000e+00   0.00000000e+00   1.00000000e+00   1.68118497e-01   1.42922568e-04   5.57824471e+00   8.16118410e+00
 2.45000000e+00   0.00000000e+00   1.00000000e+00   1.67234750e-01   8.45790151e-05   5.61641321e+00   8.15921289e+00
 2.46000000e+00   0.00000000e+00   1.00000000e+00   1.66299275e-01   1.77694380e-05   5.62128835e+00   8.15796196e+00
 2.47000000e+00   0.00000000e+00   1.00000000e+00   1.65323287e-01  -3.53925773e-05   5.62053557e+00   8.16264061e+00
 2.48000000e+00   0.00000000e+00   1.00000000e+00   1.64288745e-01  -5.73891564e-05   5.62229625e+00   8.16958780e+00
 2.49000000e+00   0.00000000e+00   1.00000000e+00   1.63156969e-01  -4.12829450e-05   5.62702065e+00   8.17773369e+00
 2.50000000e+00   0.00000000e+00   1.00000000e+00   1.61883809e-01   7.97961803e-06   5.63274233e+00   8.18514893e+00
 2.51000000e+00   0.00000000e+00   1.00000000e+00   1.60435513e-01   7.44542297e-05   5.63694676e+00   8.19091263e+00
 2.52000000e+00   0.00000000e+00   1.00000000e+00   1.58802385e-01   1.36327643e-04   5.63703301e+00   8.19417135e+00
 2.53000000e+00   0.00000000e+00   1.00000000e+00   1.57004614e-01   1.72986458e-04   5.63122788e+00   8.19463666e+00
 2.54000000e+00   0.00000000e+00   1.00000000e+00   1.55085540e-01   1.72541737e-04   5.61922744e+00   8.19208721e+00
 2.55000000e+00   0.00000000e+00   1.00000000e+00   1.53095465e-01   1.35654520e-04   5.60284034e+00   8.18882731e+00
 2.56000000e+00   0.00000000e+00   1.00000000e+00   1.51075996e-01   7.47719824e-05   5.58431098e+00   8.18465385e+00
 2.57000000e+00   0.00000000e+00   1.00000000e+00   1.49052055e-01   9.87051601e-06   5.56640113e+00   8.18155998e+00
 2.58000000e+00   0.00000000e+00   1.00000000e+00   1.47029893e-01  -3.76367178e-05   5.55088847e+00   8.18097566e+00
 2.59000000e+00   0.00000000e+00   1.00000000e+00   1.44996201e-01  -5.17112964e-05   5.53929029e+00   8.18325650e+00
 2.60000000e+00   0.00000000e+00   1.00000000e+00   1.42919406e-01  -2.73628427e-05   5.53155346e+00   8.18720288e+00
 2.61000000e+00   0.00000000e+00   1.00000000e+00   1.40758803e-01   2.73461569e-05   5.52603040e+00   8.19165257e+00
 2.62000000e+00   0.00000000e+00   1.00000000e+00   1.38481709e-01   9.42958484e-05   5.52055556e+00   8.19556129e+00
 2.63000000e+00   0.00000000e+00   1.00000000e+00   1.36079506e-01   1.51678219e-04   5.51181655e+00   8.19610874e+00
 2.64000000e+00   0.00000000e+00   1.00000000e+00   1.33572737e-01   1.81045762e-04   5.49839847e+00   8.19383504e+00
 2.65000000e+00   0.00000000e+00   1.00000000e+00   1.31003323e-01   1.72954025e-04   5.48016450e+00   8.18922860e+00
 2.66000000e+00   0.00000000e+00   1.00000000e+00   1.28419197e-01   1.30062490e-04   5.45860997e+00   8.18366323e+00
 2.67000000e+00   0.00000000e+00   1.00000000e+00   1.25858153e-01   6.66849269e-05   5.43584976e+00   8.17811194e+00
 2.68000000e+00   0.00000000e+00   1.00000000e+00   1.23335743e-01   4.17743802e-06   5.41555863e+00   8.17387975e+00
 2.69000000e+00   0.00000000e+00   1.00000000e+00   1.20840600e-01  -3.65300110e-05   5.39834189e+00   8.17127275e+00
 2.70000000e+00   0.00000000e+00   1.00000000e+00   1.18339654e-01  -4.20537954e-05   5.38529931e+00   8.17035095e+00
 2.71000000e+00   0.00000000e+00   1.00000000e+00   1.15791858e-01  -1.05775651e-05   5.37535649e+00   8.17086818e+00
 2.72000000e+00   0.00000000e+00   1.00000000e+00   1.13162911e-01   4.77932964e-05   5.36661534e+00   8.17151891e+00
 2.73000000e+00   0.00000000e+00   1.00000000e+00   1.10434289e-01   1.14198723e-04   5.35673760e+00   8.17063417e+00
 2.74000000e+00   0.00000000e+00   1.00000000e+00   1.07606734e-01   1.66888046e-04   5.34393291e+00   8.16757063e+00
 2.75000000e+00   0.00000000e+00   1.00000000e+00   1.04701449e-01   1.88515626e-04   5.32657989e+00   8.16096352e+00
 2.76000000e+00   0.00000000e+00   1.00000000e+00   1.01758529e-01   1.72257581e-04   5.30459291e+00   8.15183991e+00
 2.77000000e+00   0.00000000e+00   1.00000000e+00   9.88279689e-02   1.23965137e-04   5.27911030e+00   8.14151973e+00
 2.78000000e+00   0.00000000e+00   1.00000000e+00   9.59527712e-02   5.98921078e-05   5.25254357e+00   8.13225869e+00
 2.79000000e+00   0.00000000e+00   1.00000000e+00   9.31525468e-02   1.20232137e-06   5.22752493e+00   8.12506740e+00
 2.80000000e+00   0.00000000e+00   1.00000000e+00   9.04176877e-02  -3.26251936e-05   5.20607747e+00   8.12059812e+00
 2.81000000e+00   0.00000000e+00   1.00000000e+00   8.77167918e-02  -3.01020521e-05   5.18871067e+00   8.11789403e+00
 2.82000000e+00   0.00000000e+00   1.00000000e+00   8.50118995e-02   8.26194248e-06   5.17452817e+00   8.11634873e+00
 2.83000000e+00   0.00000000e+00   1.00000000e+00   8.22742539e-02   6.98653919e-05   5.16141860e+00   8.11458858e+00
 2.84000000e+00   0.00000000e+00   1.00000000e+00   7.94956845e-02   1.34426505e-04   5.14715905e+00   8.11175240e+00
 2.85000000e+00   0.00000000e+00   1.00000000e+00   7.66928706e-02   1.80949766e-04   5.12988086e+00   8.10676053e+00
 2.86000000e+00   0.00000000e+00   1.00000000e+00   7.39028957e-02   1.94510249e-04   5.10874317e+00   8.09934353e+00
 2.87000000e+00   0.00000000e+00   1.00000000e+00   7.11715988e-02   1.70896676e-04   5.08437315e+00   8.09022400e+00
 2.88000000e+00   0.00000000e+00   1.00000000e+00   6.85401762e-02   1.17977323e-04   5.05819003e+00   8.08008636e+00
 2.89000000e+00   0.00000000e+00   1.00000000e+00   6.60353692e-02   5.34039331e-05   5.03218321e+00   8.07055025e+00
 2.90000000e+00   0.00000000e+00   1.00000000e+00   6.36643908e-02  -1.19528746e-06   5.00854027e+00   8.06304030e+00
 2.91000000e+00   0.00000000e+00   1.00000000e+00   6.14131585e-02  -2.75823450e-05   4.98867774e+00   8.05824776e+00
 2.92000000e+00   0.00000000e+00   1.00000000e+00   5.92482937e-02  -1.70513912e-05   4.97337267e+00   8.05562581e+00
 2.93000000e+00   0.00000000e+00   1.00000000e+00   5.71262117e-02   2.69551953e-05   4.96173733e+00   8.05372401e+00
 2.94000000e+00   0.00000000e+00   1.00000000e+00   5.50096077e-02   9.01620484e-05   4.95194685e+00   8.05087322e+00
 2.95000000e+00   0.00000000e+00   1.00000000e+00   5.28841123e-02   1.51995559e-04   4.94131423e+00   8.04593559e+00
 2.96000000e+00   0.00000000e+00   1.00000000e+00   5.07647243e-02   1.92149139e-04   4.92776504e+00   8.03856077e+00
 2.97000000e+00   0.00000000e+00   1.00000000e+00   4.86886200e-02   1.97406743e-04   4.91043919e+00   8.02911557e+00
 2.98000000e+00   0.00000000e+00   1.00000000e+00   4.67000872e-02   1.66218177e-04   4.89007651e+00   8.01821948e+00
 2.99000000e+00   0.00000000e+00   1.00000000e+00   4.48349237e-02   1.09148586e-04   4.86816950e+00   8.00691506e+00
 3.00000000e+00   0.00000000e+00   1.00000000e+00   4.31096129e-02   4.51804704e-05   4.84707197e+00   7.99651143e+00
 3.01000000e+00   0.00000000e+00   1.00000000e+00   4.15174713e-02  -4.61435046e-06   4.82855085e+00   7.98782629e+00
 3.02000000e+00   0.00000000e+00   1.00000000e+00   4.00323039e-02  -2.38058356e-05   4.81375761e+00   7.98147145e+00
 3.03000000e+00   0.00000000e+00   1.00000000e+00   3.86181962e-02  -5.88675324e-06   4.80272512e+00   7.97721834e+00
 3.04000000e+00   0.00000000e+00   1.00000000e+00   3.72415674e-02   4.33386361e-05   4.79413357e+00   7.97409984e+00
 3.05000000e+00   0.00000000e+00   1.00000000e+00   3.58814429e-02   1.07618596e-04   4.78627280e+00   7.97065846e+00
 3.06000000e+00   0.00000000e+00   1.00000000e+00   3.45358476e-02   1.65707119e-04   4.77708311e+00   7.96560689e+00
 3.07000000e+00   0.00000000e+00   1.00000000e+00   3.32243902e-02   1.98634223e-04   4.76506901e+00   7.95818997e+00
 3.08000000e+00   0.00000000e+00   1.00000000e+00   3.19859335e-02   1.95749903e-04   4.74933038e+00   7.94891644e+00
 3.09000000e+00   0.00000000e+00   1.00000000e+00   3.08689696e-02   1.58121537e-04   4.73047478e+00   7.93897991e+00
 3.10000000e+00   0.00000000e+00   1.00000000e+00   2.99155010e-02   9.81190470e-05   4.71008836e+00   7.92993447e+00
 3.11000000e+00   0.00000000e+00   1.00000000e+00   2.91450123e-02   3.55902538e-05   4.69076450e+00   7.92289496e+00
 3.12000000e+00   0.00000000e+00   1.00000000e+00   2.85476513e-02  -8.70894349e-06   4.67478707e+00   7.91818952e+00
 3.13000000e+00   0.00000000e+00   1.00000000e+00   2.80906515e-02  -2.01332368e-05   4.66323724e+00   7.91574920e+00
 3.14000000e+00   0.00000000e+00   1.00000000e+00   2.77334317e-02   4.95338553e-06   4.65568551e+00   7.91487619e+00
 3.15000000e+00   0.00000000e+00   1.00000000e+00   2.74427380e-02   5.81554875e-05   4.65084756e+00   7.91495427e+00
 3.16000000e+00   0.00000000e+00   1.00000000e+00   2.72026524e-02   1.21967284e-04   4.64649749e+00   7.91469917e+00
 3.17000000e+00   0.00000000e+00   1.00000000e+00   2.70183484e-02   1.75421907e-04   4.64096077e+00   7.91318087e+00
 3.18000000e+00   0.00000000e+00   1.00000000e+00   2.69137182e-02   2.00764315e-04   4.62742259e+00   7.91188159e+00
 3.19000000e+00   0.00000000e+00   1.00000000e+00   2.69230652e-02   1.89620898e-04   4.62302036e+00   7.90991043e+00
 3.20000000e+00   0.00000000e+00   1.00000000e+00   2.70799603e-02   1.45712779e-04   4.60870960e+00   7.89872891e+00
 3.21000000e+00   0.00000000e+00   1.00000000e+00   2.74070082e-02   8.35566883e-05   4.59585351e+00   7.89257713e+00
 3.22000000e+00   0.00000000e+00   1.00000000e+00   2.79080597e-02   2.36232368e-05   4.58514210e+00   7.88817046e+00
 3.23000000e+00   0.00000000e+00   1.00000000e+00   2.85648801e-02  -1.45410398e-05   4.57824814e+00   7.88626282e+00
 3.24000000e+00   0.00000000e+00   1.00000000e+00   2.93396145e-02  -1.84576207e-05   4.57605294e+00   7.88652196e+00
 3.25000000e+00   0.00000000e+00   1.00000000e+00   3.01846619e-02   1.30641710e-05   4.57800661e+00   7.88801446e+00
 3.26000000e+00   0.00000000e+00   1.00000000e+00   3.10586486e-02   6.95204287e-05   4.58245049e+00   7.88947876e+00
 3.27000000e+00   0.00000000e+00   1.00000000e+00   3.19419502e-02   1.32065741e-04   4.58693661e+00   7.88998977e+00
 3.28000000e+00   0.00000000e+00   1.00000000e+00   3.28432953e-02   1.79923418e-04   4.58918789e+00   7.88909201e+00
 3.29000000e+00   0.00000000e+00   1.00000000e+00   3.37939509e-02   1.97300040e-04   4.58812625e+00   7.88674517e+00
 3.30000000e+00   0.00000000e+00   1.00000000e+00   3.48335793e-02   1.78475649e-04   4.58415092e+00   7.88329967e+00
 3.31000000e+00   0.00000000e+00   1.00000000e+00   3.59954395e-02   1.29525076e-04   4.57862126e+00   7.87955571e+00
 3.32000000e+00   0.00000000e+00   1.00000000e+00   3.72963667e-02   6.64127341e-05   4.57358615e+00   7.87646096e+00
 3.33000000e+00   0.00000000e+00   1.00000000e+00   3.87328808e-02   9.88262397e-06   4.57080987e+00   7.87495281e+00
 3.34000000e+00   0.00000000e+00   1.00000000e+00   4.02828977e-02  -2.15220715e-05   4.57177586e+00   7.87592683e+00
 3.35000000e+00   0.00000000e+00   1.00000000e+00   4.19123206e-02  -1.76540425e-05   4.57665347e+00   7.87917381e+00
 3.36000000e+00   0.00000000e+00   1.00000000e+00   4.35852065e-02   1.99572437e-05   4.58484761e+00   7.88403559e+00
 3.37000000e+00   0.00000000e+00   1.00000000e+00   4.52748201e-02   7.87192328e-05   4.59432771e+00   7.88920799e+00
 3.38000000e+00   0.00000000e+00   1.00000000e+00   4.69723018e-02   1.39142629e-04   4.60338045e+00   7.89353576e+00
 3.39000000e+00   0.00000000e+00   1.00000000e+00   4.86905764e-02   1.81201764e-04   4.60996423e+00   7.89623809e+00
 3.40000000e+00   0.00000000e+00   1.00000000e+00   5.04618869e-02   1.90864979e-04   4.61353371e+00   7.89738176e+00
 3.41000000e+00   0.00000000e+00   1.00000000e+00   5.23278059e-02   1.64781691e-04   4.61455239e+00   7.89780773e+00
 3.42000000e+00   0.00000000e+00   1.00000000e+00   5.43235185e-02   1.11483170e-04   4.61471589e+00   7.89845854e+00
 3.43000000e+00   0.00000000e+00   1.00000000e+00   5.64629034e-02   4.84659096e-05   4.61653901e+00   7.90019505e+00
 3.44000000e+00   0.00000000e+00   1.00000000e+00   5.87321619e-02  -3.69743543e-06   4.62214627e+00   7.90354285e+00
 3.45000000e+00   0.00000000e+00   1.00000000e+00   6.10950841e-02  -2.80973246e-05   4.63271154e+00   7.90859380e+00
 3.46000000e+00   0.00000000e+00   1.00000000e+00   6.35063593e-02  -1.69003673e-05   4.64765477e+00   7.91519515e+00
 3.47000000e+00   0.00000000e+00   1.00000000e+00   6.59258624e-02   2.60187628e-05   4.66555517e+00   7.92273953e+00
 3.48000000e+00   0.00000000e+00   1.00000000e+00   6.83285948e-02   8.62754227e-05   4.68439750e+00   7.93023292e+00
 3.49000000e+00   0.00000000e+00   1.00000000e+00   7.07089267e-02   1.43740204e-04   4.70199772e+00   7.93660385e+00
 3.50000000e+00   0.00000000e+00   1.00000000e+00   7.30797871e-02   1.79272302e-04   4.71716495e+00   7.94112990e+00
 3.51000000e+00   0.00000000e+00   1.00000000e+00   7.54671887e-02   1.81042369e-04   4.72965248e+00   7.94381502e+00
 3.52000000e+00   0.00000000e+00   1.00000000e+00   7.79007342e-02   1.48353575e-04   4.73988879e+00   7.94481785e+00
 3.53000000e+00   0.00000000e+00   1.00000000e+00   8.04023372e-02   9.17937212e-05   4.75002243e+00   7.94542219e+00
 3.54000000e+00   0.00000000e+00   1.00000000e+00   8.29766262e-02   2.97853745e-05   4.76183275e+00   7.94726810e+00
 3.55000000e+00   0.00000000e+00   1.00000000e+00   8.56062942e-02  -1.74087715e-05   4.77739500e+00   7.95102041e+00
 3.56000000e+00   0.00000000e+00   1.00000000e+00   8.82546215e-02  -3.44014548e-05   4.79709100e+00   7.95640807e+00
 3.57000000e+00   0.00000000e+00   1.00000000e+00   9.08756369e-02  -1.58458821e-05   4.82029752e+00   7.96322840e+00
 3.58000000e+00   0.00000000e+00   1.00000000e+00   9.34293506e-02   3.18461986e-05   4.84500246e+00   7.97020841e+00
 3.59000000e+00   0.00000000e+00   1.00000000e+00   9.58959827e-02   9.27327400e-05   4.86885183e+00   7.97686780e+00
 3.60000000e+00   0.00000000e+00   1.00000000e+00   9.82822526e-02   1.46601851e-04   4.88962803e+00   7.98253774e+00
 3.61000000e+00   0.00000000e+00   1.00000000e+00   1.00616689e-01   1.75562499e-04   4.90670290e+00   7.98698882e+00
 3.62000000e+00   0.00000000e+00   1.00000000e+00   1.02937140e-01   1.69879192e-04   4.92022968e+00   7.98990437e+00
 3.63000000e+00   0.00000000e+00   1.00000000e+00   1.05277146e-01   1.31276499e-04   4.93198296e+00   7.99238146e+00
 3.64000000e+00   0.00000000e+00   1.00000000e+00   1.07656030e-01   7.23856342e-05   4.94401230e+00   7.99470966e+00
 3.65000000e+00   0.00000000e+00   1.00000000e+00   1.10074303e-01   1.25348656e-05   4.95810874e+00   7.99806164e+00
 3.66000000e+00   0.00000000e+00   1.00000000e+00   1.12513705e-01  -2.87294193e-05   4.97574478e+00   8.00326938e+00
 3.67000000e+00   0.00000000e+00   1.00000000e+00   1.14941722e-01  -3.80452189e-05   4.99729600e+00   8.01075827e+00
 3.68000000e+00   0.00000000e+00   1.00000000e+00   1.17320591e-01  -1.25209422e-05   5.02177856e+00   8.01957746e+00
 3.69000000e+00   0.00000000e+00   1.00000000e+00   1.19618835e-01   3.92901754e-05   5.04725131e+00   8.02905897e+00
 3.70000000e+00   0.00000000e+00   1.00000000e+00   1.21821665e-01   1.00135897e-04   5.07171152e+00   8.03829055e+00
 3.71000000e+00   0.00000000e+00   1.00000000e+00   1.23936323e-01   1.49759804e-04   5.09290662e+00   8.04533931e+00
 3.72000000e+00   0.00000000e+00   1.00000000e+00   1.25989675e-01   1.71668798e-04   5.11103135e+00   8.05072376e+00
 3.73000000e+00   0.00000000e+00   1.00000000e+00   1.28018073e-01   1.58587798e-04   5.12515251e+00   8.05463731e+00
 3.74000000e+00   0.00000000e+00   1.00000000e+00   1.30052500e-01   1.14764664e-04   5.13844093e+00   8.05764081e+00
 3.75000000e+00   0.00000000e+00   1.00000000e+00   1.32104988e-01   5.45125506e-05   5.15294605e+00   8.06061247e+00
 3.76000000e+00   0.00000000e+00   1.00000000e+00   1.34162577e-01  -2.46810576e-06   5.17070186e+00   8.06444397e+00
 3.77000000e+00   0.00000000e+00   1.00000000e+00   1.36191451e-01  -3.75191998e-05   5.19224176e+00   8.06932686e+00
 3.78000000e+00   0.00000000e+00   1.00000000e+00   1.38148443e-01  -3.92123769e-05   5.21716209e+00   8.07570234e+00
 3.79000000e+00   0.00000000e+00   1.00000000e+00   1.39994005e-01  -7.17004748e-06   5.24361771e+00   8.08358701e+00
 3.80000000e+00   0.00000000e+00   1.00000000e+00   1.41701969e-01   4.78476183e-05   5.26950118e+00   8.09075059e+00
 3.81000000e+00   0.00000000e+00   1.00000000e+00   1.43264683e-01   1.07572990e-04   5.29273340e+00   8.09736594e+00
 3.82000000e+00   0.00000000e+00   1.00000000e+00   1.44693674e-01   1.52258450e-04   5.31179883e+00   8.10187517e+00
 3.83000000e+00   0.00000000e+00   1.00000000e+00   1.46015840e-01   1.67118046e-04   5.32642375e+00   8.10451965e+00
 3.84000000e+00   0.00000000e+00   1.00000000e+00   1.47264944e-01   1.47172592e-04   5.33752346e+00   8.10509001e+00
 3.85000000e+00   0.00000000e+00   1.00000000e+00   1.48469839e-01   9.89375949e-05   5.34687026e+00   8.10511297e+00
 3.86000000e+00   0.00000000e+00   1.00000000e+00   1.49643306e-01   3.83000627e-05   5.35695621e+00   8.10559971e+00
 3.87000000e+00   0.00000000e+00   1.00000000e+00   1.50776189e-01  -1.47821378e-05   5.36938432e+00   8.10740580e+00
 3.88000000e+00   0.00000000e+00   1.00000000e+00   1.51839722e-01  -4.29110329e-05   5.38479299e+00   8.11087981e+00
 3.89000000e+00   0.00000000e+00   1.00000000e+00   1.52795519e-01  -3.69367874e-05   5.40269259e+00   8.11622592e+00
 3.90000000e+00   0.00000000e+00   1.00000000e+00   1.53610043e-01   1.10274941e-06   5.42112157e+00   8.12224377e+00
 3.91000000e+00   0.00000000e+00   1.00000000e+00   1.54267634e-01   5.86309900e-05   5.43768064e+00   8.12855111e+00
 3.92000000e+00   0.00000000e+00   1.00000000e+00   1.54776346e-01   1.16645833e-04   5.45065843e+00   8.13423618e+00
 3.93000000e+00   0.00000000e+00   1.00000000e+00   1.55164231e-01   1.55994310e-04   5.45901799e+00   8.13845430e+00
 3.94000000e+00   0.00000000e+00   1.00000000e+00   1.55469064e-01   1.63705471e-04   5.46340091e+00   8.14117465e+00
 3.95000000e+00   0.00000000e+00   1.00000000e+00   1.55726352e-01   1.37303608e-04   5.46509764e+00   8.14216370e+00
 3.96000000e+00   0.00000000e+00   1.00000000e+00   1.55959227e-01   8.56488069e-05   5.48276052e+00   8.14648316e+00
 3.97000000e+00   0.00000000e+00   1.00000000e+00   1.56173447e-01   2.56931778e-05   5.48569171e+00   8.14443782e+00
 3.98000000e+00   0.00000000e+00   1.00000000e+00   1.56355704e-01  -2.27847361e-05   5.48786298e+00   8.14471836e+00
 3.99000000e+00   0.00000000e+00   1.00000000e+00   1.56476311e-01  -4.38157473e-05   5.49103898e+00   8.14597668e+00
 4.00000000e+00   0.00000000e+00   1.00000000e+00   1.56497862e-01  -3.04250565e-05   5.49456692e+00   8.14861502e+00
 4.01000000e+00   0.00000000e+00   1.00000000e+00   1.56387324e-01   1.28998948e-05   5.49640980e+00   8.15121655e+00
 4.02000000e+00   0.00000000e+00   1.00000000e+00   1.56127659e-01   7.18571000e-05   5.49496026e+00   8.15315762e+00
 4.03000000e+00   0.00000000e+00   1.00000000e+00   1.55724275e-01   1.27010024e-04   5.48942590e+00   8.15333677e+00
 4.04000000e+00   0.00000000e+00   1.00000000e+00   1.55202923e-01   1.60253793e-04   5.48020516e+00   8.15089826e+00
 4.05000000e+00   0.00000000e+00   1.00000000e+00   1.54599784e-01   1.60690738e-04   5.46853093e+00   8.14571060e+00
 4.06000000e+00   0.00000000e+00   1.00000000e+00   1.53947506e-01   1.28200424e-04   5.45634909e+00   8.13837010e+00
 4.07000000e+00   0.00000000e+00   1.00000000e+00   1.53262766e-01   7.35301304e-05   5.44541428e+00   8.13000170e+00
 4.08000000e+00   0.00000000e+00   1.00000000e+00   1.52539540e-01   1.49204875e-05   5.48666428e+00   8.13449162e+00
 4.09000000e+00   0.00000000e+00   1.00000000e+00   1.51755578e-01  -2.81260553e-05   5.49830734e+00   8.13626377e+00
 4.10000000e+00   0.00000000e+00   1.00000000e+00   1.50878450e-01  -4.16251662e-05   5.50507373e+00   8.14269528e+00
 4.11000000e+00   0.00000000e+00   1.00000000e+00   1.49874965e-01  -2.09283124e-05   5.51184158e+00   8.15006269e+00
 4.12000000e+00   0.00000000e+00   1.00000000e+00   1.48723607e-01   2.71623660e-05   5.51705645e+00   8.15723543e+00
 4.13000000e+00   0.00000000e+00   1.00000000e+00   1.47420605e-01   8.69516784e-05   5.51923450e+00   8.16335259e+00
 4.14000000e+00   0.00000000e+00   1.00000000e+00   1.45981436e-01   1.38704750e-04   5.51689803e+00   8.16724816e+00
 4.15000000e+00   0.00000000e+00   1.00000000e+00   1.44438746e-01   1.65510793e-04   5.50969176e+00   8.16875314e+00
 4.16000000e+00   0.00000000e+00   1.00000000e+00   1.42833679e-01   1.58723959e-04   5.49850502e+00   8.16750590e+00
 4.17000000e+00   0.00000000e+00   1.00000000e+00   1.41203715e-01   1.20796668e-04   5.48441816e+00   8.16418852e+00
 4.18000000e+00   0.00000000e+00   1.00000000e+00   1.39570484e-01   6.43668654e-05   5.47086233e+00   8.16185042e+00
 4.19000000e+00   0.00000000e+00   1.00000000e+00   1.37933055e-01   8.16347205e-06   5.45891352e+00   8.15951565e+00
 4.20000000e+00   0.00000000e+00   1.00000000e+00   1.36270148e-01  -2.91270151e-05   5.44985385e+00   8.15850796e+00
 4.21000000e+00   0.00000000e+00   1.00000000e+00   1.34549806e-01  -3.50542480e-05   5.44331237e+00   8.15904467e+00
 4.22000000e+00   0.00000000e+00   1.00000000e+00   1.32742902e-01  -7.51683631e-06   5.43820263e+00   8.16109366e+00
 4.23000000e+00   0.00000000e+00   1.00000000e+00   1.30834956e-01   4.44554166e-05   5.43238051e+00   8.16382153e+00
 4.24000000e+00   0.00000000e+00   1.00000000e+00   1.28831726e-01   1.03825942e-04   5.42427916e+00   8.16627839e+00
 4.25000000e+00   0.00000000e+00   1.00000000e+00   1.26757424e-01   1.51254250e-04   5.41279380e+00   8.16770544e+00
 4.26000000e+00   0.00000000e+00   1.00000000e+00   1.24647202e-01   1.71322431e-04   5.39765775e+00   8.16667896e+00
 4.27000000e+00   0.00000000e+00   1.00000000e+00   1.22537051e-01   1.57556174e-04   5.38083663e+00   8.16353321e+00
 4.28000000e+00   0.00000000e+00   1.00000000e+00   1.20453605e-01   1.14670347e-04   5.36279787e+00   8.15896327e+00
 4.29000000e+00   0.00000000e+00   1.00000000e+00   1.18406269e-01   5.70492431e-05   5.34569694e+00   8.15400898e+00
 4.30000000e+00   0.00000000e+00   1.00000000e+00   1.16384563e-01   3.89247001e-06   5.33126628e+00   8.15000027e+00
 4.31000000e+00   0.00000000e+00   1.00000000e+00   1.14361502e-01  -2.71370200e-05   5.32006512e+00   8.14728090e+00
 4.32000000e+00   0.00000000e+00   1.00000000e+00   1.12301815e-01  -2.57014193e-05   5.31164506e+00   8.14623201e+00
 4.33000000e+00   0.00000000e+00   1.00000000e+00   1.10173455e-01   7.83705677e-06   5.30454938e+00   8.14628350e+00
 4.34000000e+00   0.00000000e+00   1.00000000e+00   1.07959779e-01   6.26127041e-05   5.29684771e+00   8.14628795e+00
 4.35000000e+00   0.00000000e+00   1.00000000e+00   1.05666969e-01   1.20722404e-04   5.28662355e+00   8.14539673e+00
 4.36000000e+00   0.00000000e+00   1.00000000e+00   1.03322171e-01   1.63150154e-04   5.27274968e+00   8.14279457e+00
 4.37000000e+00   0.00000000e+00   1.00000000e+00   1.00963470e-01   1.76074847e-04   5.25559563e+00   8.13823297e+00
 4.38000000e+00   0.00000000e+00   1.00000000e+00   9.86269772e-02   1.55485533e-04   5.23597807e+00   8.13135821e+00
 4.39000000e+00   0.00000000e+00   1.00000000e+00   9.63358387e-02   1.08436944e-04   5.21577262e+00   8.12355372e+00
 4.40000000e+00   0.00000000e+00   1.00000000e+00   9.40941436e-02   5.05987361e-05   5.19659603e+00   8.11543115e+00
 4.41000000e+00   0.00000000e+00   1.00000000e+00   9.18876285e-02   1.21065227e-06   5.17998393e+00   8.10862554e+00
 4.42000000e+00   0.00000000e+00   1.00000000e+00   8.96905341e-02  -2.32849686e-05   5.16600797e+00   8.10345648e+00
 4.43000000e+00   0.00000000e+00   1.00000000e+00   8.74753458e-02  -1.46067420e-05   5.15406764e+00   8.10012599e+00
 4.44000000e+00   0.00000000e+00   1.00000000e+00   8.52225776e-02   2.44887263e-05   5.14303307e+00   8.09823153e+00
 4.45000000e+00   0.00000000e+00   1.00000000e+00   8.29287045e-02   8.12277475e-05   5.13108885e+00   8.09661215e+00
 4.46000000e+00   0.00000000e+00   1.00000000e+00   8.06097074e-02   1.37041935e-04   5.11672066e+00   8.09415077e+00
 4.47000000e+00   0.00000000e+00   1.00000000e+00   7.82983719e-02   1.73757291e-04   5.09932440e+00   8.09040722e+00
 4.48000000e+00   0.00000000e+00   1.00000000e+00   7.60359359e-02   1.79498832e-04   5.07911304e+00   8.08424201e+00
 4.49000000e+00   0.00000000e+00   1.00000000e+00   7.38602470e-02   1.52565189e-04   5.05717154e+00   8.07697694e+00
 4.50000000e+00   0.00000000e+00   1.00000000e+00   7.17939790e-02   1.02022629e-04   5.03534486e+00   8.06922437e+00
 4.51000000e+00   0.00000000e+00   1.00000000e+00   6.98376034e-02   4.47406673e-05   5.01553143e+00   8.06175683e+00
 4.52000000e+00   0.00000000e+00   1.00000000e+00   6.79706264e-02  -1.95623467e-07   4.99875628e+00   8.05535016e+00
 4.53000000e+00   0.00000000e+00   1.00000000e+00   6.61607663e-02  -1.78598040e-05   4.98544348e+00   8.05059466e+00
 4.54000000e+00   0.00000000e+00   1.00000000e+00   6.43769111e-02  -2.35924667e-06   4.97456863e+00   8.04751935e+00
 4.55000000e+00   0.00000000e+00   1.00000000e+00   6.26002289e-02   4.12910488e-05   4.96480093e+00   8.04558440e+00
 4.56000000e+00   0.00000000e+00   1.00000000e+00   6.08298196e-02   9.88239092e-05   4.95446562e+00   8.04385418e+00
 4.57000000e+00   0.00000000e+00   1.00000000e+00   5.90824753e-02   1.51383993e-04   4.94218984e+00   8.04109867e+00
 4.58000000e+00   0.00000000e+00   1.00000000e+00   5.73873367e-02   1.81731524e-04   4.92744294e+00   8.03656387e+00
 4.59000000e+00   0.00000000e+00   1.00000000e+00   5.57767429e-02   1.79984255e-04   4.91072389e+00   8.02985807e+00
 4.60000000e+00   0.00000000e+00   1.00000000e+00   5.42760094e-02   1.46881416e-04   4.89298462e+00   8.02160693e+00
 4.61000000e+00   0.00000000e+00   1.00000000e+00   5.28953251e-02   9.34997147e-05   4.87587070e+00   8.01269223e+00
 4.62000000e+00   0.00000000e+00   1.00000000e+00   5.16259806e-02   3.75211278e-05   4.86078439e+00   8.00425521e+00
 4.63000000e+00   0.00000000e+00   1.00000000e+00   5.04422539e-02  -2.54907706e-06   4.84864519e+00   7.99716847e+00
 4.64000000e+00   0.00000000e+00   1.00000000e+00   4.93093636e-02  -1.34402357e-05   4.83975182e+00   7.99179761e+00
 4.65000000e+00   0.00000000e+00   1.00000000e+00   4.81955585e-02   8.48010270e-06   4.83287991e+00   7.98788098e+00
 4.66000000e+00   0.00000000e+00   1.00000000e+00   4.70838922e-02   5.60082361e-05   4.82663621e+00   7.98488251e+00
 4.67000000e+00   0.00000000e+00   1.00000000e+00   4.59788857e-02   1.13466119e-04   4.81898214e+00   7.98193875e+00
 4.68000000e+00   0.00000000e+00   1.00000000e+00   4.49053766e-02   1.61958800e-04   4.80891325e+00   7.97829168e+00
 4.69000000e+00   0.00000000e+00   1.00000000e+00   4.38999612e-02   1.85598674e-04   4.79603335e+00   7.97332862e+00
 4.70000000e+00   0.00000000e+00   1.00000000e+00   4.29986543e-02   1.76696501e-04   4.78097304e+00   7.96684953e+00
 4.71000000e+00   0.00000000e+00   1.00000000e+00   4.22258633e-02   1.38254960e-04   4.76539390e+00   7.95942503e+00
 4.72000000e+00   0.00000000e+00   1.00000000e+00   4.15883305e-02   8.30097639e-05   4.75063933e+00   7.95186042e+00
 4.73000000e+00   0.00000000e+00   1.00000000e+00   4.10749048e-02   2.92434434e-05   4.73807997e+00   7.94515892e+00
 4.74000000e+00   0.00000000e+00   1.00000000e+00   4.06612389e-02  -5.27876664e-06   4.72857179e+00   7.94027561e+00
 4.75000000e+00   0.00000000e+00   1.00000000e+00   4.03181896e-02  -9.20936347e-06   4.72190075e+00   7.93754333e+00
 4.76000000e+00   0.00000000e+00   1.00000000e+00   4.00218583e-02   1.86790246e-05   4.71713111e+00   7.93669197e+00
 4.77000000e+00   0.00000000e+00   1.00000000e+00   3.97623391e-02   6.91506719e-05   4.71275258e+00   7.93682914e+00
 4.78000000e+00   0.00000000e+00   1.00000000e+00   3.95482164e-02   1.25480326e-04   4.69546617e+00   7.93912151e+00
 4.79000000e+00   0.00000000e+00   1.00000000e+00   3.94045444e-02   1.69169935e-04   4.69006622e+00   7.93928955e+00
 4.80000000e+00   0.00000000e+00   1.00000000e+00   3.93654686e-02   1.85762829e-04   4.68669144e+00   7.93685222e+00
 4.81000000e+00   0.00000000e+00   1.00000000e+00   3.94628166e-02   1.69836390e-04   4.68486014e+00   7.93387300e+00
 4.82000000e+00   0.00000000e+00   1.00000000e+00   3.97138959e-02   1.26581541e-04   4.66795440e+00   7.92523230e+00
 4.83000000e+00   0.00000000e+00   1.00000000e+00   4.01144614e-02   7.02781155e-05   4.65876703e+00   7.92206981e+00
 4.84000000e+00   0.00000000e+00   1.00000000e+00   4.06403065e-02   1.94541663e-05   4.65353641e+00   7.91890011e+00
 4.85000000e+00   0.00000000e+00   1.00000000e+00   4.12555417e-02  -9.22540432e-06   4.65196043e+00   7.91692943e+00
 4.86000000e+00   0.00000000e+00   1.00000000e+00   4.19240672e-02  -6.40983645e-06   4.65325668e+00   7.91667005e+00
 4.87000000e+00   0.00000000e+00   1.00000000e+00   4.26203276e-02   2.68359788e-05   4.65627093e+00   7.91793034e+00
 4.88000000e+00   0.00000000e+00   1.00000000e+00   4.33357275e-02   7.94466247e-05   4.65937524e+00   7.91997858e+00
 4.89000000e+00   0.00000000e+00   1.00000000e+00   4.40794409e-02   1.33959433e-04   4.66115372e+00   7.92189555e+00
 4.90000000e+00   0.00000000e+00   1.00000000e+00   4.48742590e-02   1.72301651e-04   4.66104063e+00   7.92264700e+00
 4.91000000e+00   0.00000000e+00   1.00000000e+00   4.57487046e-02   1.81759393e-04   4.65889947e+00   7.92192331e+00
 4.92000000e+00   0.00000000e+00   1.00000000e+00   4.67272188e-02   1.59178337e-04   4.65566378e+00   7.91990623e+00
 4.93000000e+00   0.00000000e+00   1.00000000e+00   4.78209514e-02   1.11957333e-04   4.65281880e+00   7.91713727e+00
 4.94000000e+00   0.00000000e+00   1.00000000e+00   4.90225302e-02   5.55653229e-05   4.65190151e+00   7.91455002e+00
 4.95000000e+00   0.00000000e+00   1.00000000e+00   5.03073082e-02   8.47859460e-06   4.65388835e+00   7.91298454e+00
 4.96000000e+00   0.00000000e+00   1.00000000e+00   5.16410355e-02  -1.38947589e-05   4.65897744e+00   7.91289094e+00
 4.97000000e+00   0.00000000e+00   1.00000000e+00   5.29914415e-02  -4.33112710e-06   4.66632603e+00   7.91451572e+00
 4.98000000e+00   0.00000000e+00   1.00000000e+00   5.43396318e-02   3.38415899e-05   4.67442534e+00   7.91756229e+00
 4.99000000e+00   0.00000000e+00   1.00000000e+00   5.56867683e-02   8.78656974e-05   4.68167233e+00   7.92142076e+00
 5.00000000e+00   0.00000000e+00   1.00000000e+00   5.70531870e-02   1.39801629e-04   4.68694171e+00   7.92532635e+00