  Time  Coordinate0  Coordinate1  Displacement0  Displacement1  Force0  Force1
 0.00000000e+00   0.00000000e+00   1.00000000e+00   0.00000000e+00   0.00000000e+00   0.00000000e+00   0.00000000e+00
 1.00000000e-02   0.00000000e+00   1.00000000e+00   3.65155266e-04   5.72518477e-05   1.03143861e+01   1.52998194e+01
 2.00000000e-02   0.00000000e+00   1.00000000e+00   1.17317219e-03   1.19168288e-04   7.79718223e+00   1.33457895e+01
 3.00000000e-02   0.00000000e+00   1.00000000e+00   2.17157926e-03   1.86677296e-04   6.77667939e+00   1.24121730e+01
 4.00000000e-02   0.00000000e+00   1.00000000e+00   3.29016147e-03   2.37355418e-04   6.19727276e+00   1.17898322e+01
 5.00000000e-02   0.00000000e+00   1.00000000e+00   4.51946171e-03   2.73354209e-04   5.81750463e+00   1.13282936e+01
 6.00000000e-02   0.00000000e+00   1.00000000e+00   5.82273936e-03   2.64116417e-04   5.55221242e+00   1.09524396e+01
 7.00000000e-02   0.00000000e+00   1.00000000e+00   7.20022263e-03   2.04722920e-04   5.35386015e+00   1.06443528e+01
 8.00000000e-02   0.00000000e+00   1.00000000e+00   8.69774520e-03   1.06287687e-04   5.19729683e+00   1.03804915e+01
 9.00000000e-02   0.00000000e+00   1.00000000e+00   1.04382667e-02   1.79898553e-05   5.07054127e+00   1.01612970e+01
 1.00000000e-01   0.00000000e+00   1.00000000e+00   1.25105550e-02  -2.31491645e-05   4.97151448e+00   9.97901441e+00
 1.10000000e-01   0.00000000e+00   1.00000000e+00   1.48742531e-02  -1.97438265e-05   4.90298689e+00   9.82922895e+00
 1.20000000e-01   0.00000000e+00   1.00000000e+00   1.74146950e-02   9.67985615e-06   4.85760379e+00   9.69723671e+00
 1.30000000e-01   0.00000000e+00   1.00000000e+00   2.00902459e-02   6.76669514e-05   4.82523639e+00   9.58501110e+00
 1.40000000e-01   0.00000000e+00   1.00000000e+00   2.29171470e-02   1.56307839e-04   4.80333673e+00   9.49372554e+00
 1.50000000e-01   0.00000000e+00   1.00000000e+00   2.58330463e-02   2.32466133e-04   4.79320487e+00   9.41359409e+00
 1.60000000e-01   0.00000000e+00   1.00000000e+00   2.87202141e-02   2.47917322e-04   4.78954483e+00   9.33502511e+00
 1.70000000e-01   0.00000000e+00   1.00000000e+00   3.15596991e-02   2.06831498e-04   4.78304961e+00   9.25838461e+00
 1.80000000e-01   0.00000000e+00   1.00000000e+00   3.44442475e-02   1.43509276e-04   4.77104239e+00   9.18917223e+00
 1.90000000e-01   0.00000000e+00   1.00000000e+00   3.74755023e-02   7.18974341e-05   4.75826165e+00   9.12918361e+00
 2.00000000e-01   0.00000000e+00   1.00000000e+00   4.07032273e-02  -1.80598907e-06   4.75034184e+00   9.07709507e+00
 2.10000000e-01   0.00000000e+00   1.00000000e+00   4.41119917e-02  -5.33115572e-05   4.75076151e+00   9.03068885e+00
 2.20000000e-01   0.00000000e+00   1.00000000e+00   4.76659634e-02  -5.48780874e-05   4.75886616e+00   8.98932243e+00
 2.30000000e-01   0.00000000e+00   1.00000000e+00   5.13604948e-02   7.36955994e-07   4.77284140e+00   8.95457259e+00
 2.40000000e-01   0.00000000e+00   1.00000000e+00   5.51603976e-02   8.72631166e-05   4.79488048e+00   8.92444626e+00
 2.50000000e-01   0.00000000e+00   1.00000000e+00   5.89370445e-02   1.61056252e-04   4.82396810e+00   8.89156245e+00
 2.60000000e-01   0.00000000e+00   1.00000000e+00   6.25821558e-02   2.02920868e-04   4.85158266e+00   8.85255368e+00
 2.70000000e-01   0.00000000e+00   1.00000000e+00   6.61216984e-02   2.17937186e-04   4.87056219e+00   8.81246927e+00
 2.80000000e-01   0.00000000e+00   1.00000000e+00   6.96391883e-02   1.96088902e-04   4.88232721e+00   8.77404191e+00
 2.90000000e-01   0.00000000e+00   1.00000000e+00   7.31689466e-02   1.24409519e-04   4.89157257e+00   8.73513737e+00
 3.00000000e-01   0.00000000e+00   1.00000000e+00   7.67176141e-02   2.93999069e-05   4.89969511e+00   8.69562156e+00
 3.10000000e-01   0.00000000e+00   1.00000000e+00   8.03292882e-02  -4.07673755e-05   4.90706668e+00   8.66031765e+00
 3.20000000e-01   0.00000000e+00   1.00000000e+00   8.40777299e-02  -6.31987188e-05   4.91647362e+00   8.63346546e+00
 3.30000000e-01   0.00000000e+00   1.00000000e+00   8.79903381e-02  -4.43093953e-05   4.93310939e+00   8.61440242e+00
 3.40000000e-01   0.00000000e+00   1.00000000e+00   9.19950122e-02   4.62479944e-06   4.96026519e+00   8.59806839e+00
 3.50000000e-01   0.00000000e+00   1.00000000e+00   9.59656849e-02   7.67526875e-05   4.99468584e+00   8.58076933e+00
 3.60000000e-01   0.00000000e+00   1.00000000e+00   9.98271566e-02   1.56747519e-04   5.02841157e+00   8.56152316e+00
 3.70000000e-01   0.00000000e+00   1.00000000e+00   1.03587287e-01   2.11765353e-04   5.05671109e+00   8.54196220e+00
 3.80000000e-01   0.00000000e+00   1.00000000e+00   1.07264725e-01   2.11636199e-04   5.08017620e+00   8.52084535e+00
 3.90000000e-01   0.00000000e+00   1.00000000e+00   1.10853849e-01   1.58906551e-04   5.09963791e+00   8.49689851e+00
 4.00000000e-01   0.00000000e+00   1.00000000e+00   1.14387037e-01   8.43085708e-05   5.11412779e+00   8.47270518e+00
 4.10000000e-01   0.00000000e+00   1.00000000e+00   1.17957395e-01   1.26801870e-05   5.12533378e+00   8.45335697e+00
 4.20000000e-01   0.00000000e+00   1.00000000e+00   1.21640283e-01  -4.68786803e-05   5.13941062e+00   8.43962389e+00
 4.30000000e-01   0.00000000e+00   1.00000000e+00   1.25427304e-01  -7.81707904e-05   5.16214771e+00   8.43039996e+00
 4.40000000e-01   0.00000000e+00   1.00000000e+00   1.29246623e-01  -5.78783216e-05   5.19399630e+00   8.42413580e+00
 4.50000000e-01   0.00000000e+00   1.00000000e+00   1.33027721e-01   1.19595382e-05   5.23166951e+00   8.42006892e+00
 4.60000000e-01   0.00000000e+00   1.00000000e+00   1.36733991e-01   9.71440569e-05   5.27105788e+00   8.41773046e+00
 4.70000000e-01   0.00000000e+00   1.00000000e+00   1.40326328e-01   1.62721410e-04   5.31033938e+00   8.41316580e+00
 4.80000000e-01   0.00000000e+00   1.00000000e+00   1.43730587e-01   1.94060090e-04   5.34792200e+00   8.40376785e+00
 4.90000000e-01   0.00000000e+00   1.00000000e+00   1.46897473e-01   1.88943583e-04   5.37873874e+00   8.38899123e+00
 5.00000000e-01   0.00000000e+00   1.00000000e+00   1.49878541e-01   1.45648411e-04   5.39876553e+00   8.37255084e+00
 5.10000000e-01   0.00000000e+00   1.00000000e+00   1.52786525e-01   6.85022716e-05   5.41162030e+00   8.35842267e+00
 5.20000000e-01   0.00000000e+00   1.00000000e+00   1.55689979e-01  -1.74904483e-05   5.42522884e+00   8.34804930e+00
 5.30000000e-01   0.00000000e+00   1.00000000e+00   1.58585636e-01  -7.36500729e-05   5.44424344e+00   8.34054021e+00
 5.40000000e-01   0.00000000e+00   1.00000000e+00   1.61450288e-01  -7.87281179e-05   5.46913168e+00   8.33704661e+00
 5.50000000e-01   0.00000000e+00   1.00000000e+00   1.64267301e-01  -4.16195570e-05   5.49852206e+00   8.33769938e+00
 5.60000000e-01   0.00000000e+00   1.00000000e+00   1.66998235e-01   2.01487216e-05   5.53198623e+00   8.33911837e+00
 5.70000000e-01   0.00000000e+00   1.00000000e+00   1.69564251e-01   9.49846598e-05   5.56794573e+00   8.33904812e+00
 5.80000000e-01   0.00000000e+00   1.00000000e+00   1.71885475e-01   1.64649141e-04   5.60144902e+00   8.33595884e+00
 5.90000000e-01   0.00000000e+00   1.00000000e+00   1.73944219e-01   1.99332340e-04   5.62619309e+00   8.32837369e+00
 6.00000000e-01   0.00000000e+00   1.00000000e+00   1.75794341e-01   1.79968633e-04   5.64036504e+00   8.31849968e+00
 6.10000000e-01   0.00000000e+00   1.00000000e+00   1.77502452e-01   1.16879674e-04   5.64812335e+00   8.30790670e+00
 6.20000000e-01   0.00000000e+00   1.00000000e+00   1.79105677e-01   3.89115205e-05   5.65370343e+00   8.29755361e+00
 6.30000000e-01   0.00000000e+00   1.00000000e+00   1.80638877e-01  -2.93963958e-05   5.65892591e+00   8.28975626e+00
 6.40000000e-01   0.00000000e+00   1.00000000e+00   1.82159263e-01  -7.38032415e-05   5.66606495e+00   8.28718126e+00
 6.50000000e-01   0.00000000e+00   1.00000000e+00   1.83700417e-01  -8.15136409e-05   5.67910632e+00   8.28977970e+00
 6.60000000e-01   0.00000000e+00   1.00000000e+00   1.85215757e-01  -4.24284489e-05   5.70142977e+00   8.29487280e+00
 6.70000000e-01   0.00000000e+00   1.00000000e+00   1.86599770e-01   3.45224123e-05   5.73011333e+00   8.29977810e+00
 6.80000000e-01   0.00000000e+00   1.00000000e+00   1.87766911e-01   1.17111151e-04   5.75769549e+00   8.30115145e+00
 6.90000000e-01   0.00000000e+00   1.00000000e+00   1.88696935e-01   1.72287938e-04   5.77840216e+00   8.29922501e+00
 7.00000000e-01   0.00000000e+00   1.00000000e+00   1.89409300e-01   1.87274616e-04   5.79157785e+00   8.29457111e+00
 7.10000000e-01   0.00000000e+00   1.00000000e+00   1.89922741e-01   1.63944197e-04   5.79863014e+00   8.28729509e+00
 7.20000000e-01   0.00000000e+00   1.00000000e+00   1.90263394e-01   1.06458460e-04   5.79998666e+00   8.27810766e+00
 7.30000000e-01   0.00000000e+00   1.00000000e+00   1.90493707e-01   2.68444780e-05   5.81889164e+00   8.27736942e+00
 7.40000000e-01   0.00000000e+00   1.00000000e+00   1.90687829e-01  -4.74614117e-05   5.81363699e+00   8.26247864e+00
 7.50000000e-01   0.00000000e+00   1.00000000e+00   1.90868126e-01  -8.48894473e-05   5.80642446e+00   8.25234413e+00
 7.60000000e-01   0.00000000e+00   1.00000000e+00   1.90988945e-01  -7.24181007e-05   5.80499197e+00   8.24645053e+00
 7.70000000e-01   0.00000000e+00   1.00000000e+00   1.90984035e-01  -2.04736111e-05   5.80596340e+00   8.24396048e+00
 7.80000000e-01   0.00000000e+00   1.00000000e+00   1.90804974e-01   5.09058011e-05   5.80441549e+00   8.24184454e+00
 7.90000000e-01   0.00000000e+00   1.00000000e+00   1.90410338e-01   1.23662859e-04   5.79884619e+00   8.23817915e+00
 8.00000000e-01   0.00000000e+00   1.00000000e+00   1.89751312e-01   1.78254979e-04   5.78801689e+00   8.23195047e+00
 8.10000000e-01   0.00000000e+00   1.00000000e+00   1.88800353e-01   1.92594267e-04   5.76945208e+00   8.22209178e+00
 8.20000000e-01   0.00000000e+00   1.00000000e+00   1.87589415e-01   1.58583457e-04   5.81803412e+00   8.23024738e+00
 8.30000000e-01   0.00000000e+00   1.00000000e+00   1.86215395e-01   9.09090812e-05   5.82547381e+00   8.22073897e+00
 8.40000000e-01   0.00000000e+00   1.00000000e+00   1.84775974e-01   1.61687178e-05   5.81090799e+00   8.21609962e+00
 8.50000000e-01   0.00000000e+00   1.00000000e+00   1.83305636e-01  -4.31782747e-05   5.79711774e+00   8.21399450e+00
 8.60000000e-01   0.00000000e+00   1.00000000e+00   1.81791768e-01  -7.33425308e-05   5.78767475e+00   8.21328338e+00
 8.70000000e-01   0.00000000e+00   1.00000000e+00   1.80214947e-01  -6.45184801e-05   5.78191732e+00   8.21426756e+00
 8.80000000e-01   0.00000000e+00   1.00000000e+00   1.78549357e-01  -1.36689878e-05   5.77997704e+00   8.21758373e+00
 8.90000000e-01   0.00000000e+00   1.00000000e+00   1.76739167e-01   6.41771442e-05   5.78057336e+00   8.22058116e+00
 9.00000000e-01   0.00000000e+00   1.00000000e+00   1.74712856e-01   1.38599179e-04   5.77971854e+00   8.22046670e+00
 9.10000000e-01   0.00000000e+00   1.00000000e+00   1.72441599e-01   1.82054322e-04   5.77147302e+00   8.21518802e+00
 9.20000000e-01   0.00000000e+00   1.00000000e+00   1.69968600e-01   1.84438247e-04   5.75368817e+00   8.20693784e+00
 9.30000000e-01   0.00000000e+00   1.00000000e+00   1.67371157e-01   1.49469942e-04   5.72841057e+00   8.19756378e+00
 9.40000000e-01   0.00000000e+00   1.00000000e+00   1.64709047e-01   8.61968482e-05   5.70011799e+00   8.18804437e+00
 9.50000000e-01   0.00000000e+00   1.00000000e+00   1.62023628e-01   1.07801675e-05   5.67156629e+00   8.17912799e+00
 9.60000000e-01   0.00000000e+00   1.00000000e+00   1.59360676e-01  -5.03535851e-05   5.64483131e+00   8.17353363e+00
 9.70000000e-01   0.00000000e+00   1.00000000e+00   1.56750553e-01  -7.16443112e-05   5.62378564e+00   8.17324674e+00
 9.80000000e-01   0.00000000e+00   1.00000000e+00   1.54163507e-01  -4.59984267e-05   5.61071293e+00   8.17637900e+00
 9.90000000e-01   0.00000000e+00   1.00000000e+00   1.51514226e-01   1.33577507e-05   5.60423963e+00   8.17943191e+00
 1.00000000e+00   0.00000000e+00   1.00000000e+00   1.48719317e-01   8.58009049e-05   5.59906969e+00   8.18034324e+00
 1.01000000e+00   0.00000000e+00   1.00000000e+00   1.45743221e-01   1.52019164e-04   5.59025166e+00   8.17818100e+00
 1.02000000e+00   0.00000000e+00   1.00000000e+00   1.42596315e-01   1.92831408e-04   5.57479855e+00   8.17313387e+00
 1.03000000e+00   0.00000000e+00   1.00000000e+00   1.39307883e-01   1.91624851e-04   5.55328542e+00   8.16561243e+00
 1.04000000e+00   0.00000000e+00   1.00000000e+00   1.35915666e-01   1.45795829e-04   5.52614011e+00   8.15468559e+00
 1.05000000e+00   0.00000000e+00   1.00000000e+00   1.32477978e-01   7.31063904e-05   5.49467029e+00   8.14292005e+00
 1.06000000e+00   0.00000000e+00   1.00000000e+00   1.29067187e-01   1.75063897e-06   5.46194656e+00   8.13350603e+00
 1.07000000e+00   0.00000000e+00   1.00000000e+00   1.25725902e-01  -4.57346055e-05   5.43317130e+00   8.12784242e+00
 1.08000000e+00   0.00000000e+00   1.00000000e+00   1.22434612e-01  -5.76868334e-05   5.41086300e+00   8.12511881e+00
 1.09000000e+00   0.00000000e+00   1.00000000e+00   1.19133127e-01  -2.98771174e-05   5.39471401e+00   8.12389533e+00
 1.10000000e+00   0.00000000e+00   1.00000000e+00   1.15765456e-01   3.28887065e-05   5.38149793e+00   8.12302656e+00
 1.11000000e+00   0.00000000e+00   1.00000000e+00   1.12295411e-01   1.11151807e-04   5.36842717e+00   8.12163672e+00
 1.12000000e+00   0.00000000e+00   1.00000000e+00   1.08695005e-01   1.75680406e-04   5.35269339e+00   8.11745914e+00
 1.13000000e+00   0.00000000e+00   1.00000000e+00   1.04950691e-01   2.03600151e-04   5.33218170e+00   8.10876693e+00
 1.14000000e+00   0.00000000e+00   1.00000000e+00   1.01095484e-01   1.89087315e-04   5.30454947e+00   8.09607082e+00
 1.15000000e+00   0.00000000e+00   1.00000000e+00   9.72163497e-02   1.39955170e-04   5.27008770e+00   8.08272102e+00
 1.16000000e+00   0.00000000e+00   1.00000000e+00   9.34090378e-02   7.05895644e-05   5.23225796e+00   8.07102998e+00
 1.17000000e+00   0.00000000e+00   1.00000000e+00   8.97260369e-02   9.92263272e-07   5.19650236e+00   8.06222476e+00
 1.18000000e+00   0.00000000e+00   1.00000000e+00   8.61704597e-02  -4.44593293e-05   5.16564613e+00   8.05568299e+00
 1.19000000e+00   0.00000000e+00   1.00000000e+00   8.27231970e-02  -4.70988088e-05   5.14034273e+00   8.05206547e+00
 1.20000000e+00   0.00000000e+00   1.00000000e+00   7.93554030e-02  -5.99407197e-06   5.12025908e+00   8.05152679e+00
 1.21000000e+00   0.00000000e+00   1.00000000e+00   7.60195200e-02   6.21457371e-05   5.10452857e+00   8.05193812e+00
 1.22000000e+00   0.00000000e+00   1.00000000e+00   7.26561873e-02   1.34342258e-04   5.09076107e+00   8.05053339e+00
 1.23000000e+00   0.00000000e+00   1.00000000e+00   6.92304159e-02   1.90201415e-04   5.07520566e+00   8.04554057e+00
 1.24000000e+00   0.00000000e+00   1.00000000e+00   6.57606632e-02   2.13201198e-04   5.05436511e+00   8.03708209e+00
 1.25000000e+00   0.00000000e+00   1.00000000e+00   6.23076658e-02   1.93469246e-04   5.02777262e+00   8.02632497e+00
 1.26000000e+00   0.00000000e+00   1.00000000e+00   5.89383526e-02   1.35621561e-04   4.99728694e+00   8.01445573e+00
 1.27000000e+00   0.00000000e+00   1.00000000e+00   5.57034938e-02   6.09124016e-05   4.96608481e+00   8.00297035e+00
 1.28000000e+00   0.00000000e+00   1.00000000e+00   5.26384721e-02  -3.14854951e-06   4.93648164e+00   7.99370020e+00
 1.29000000e+00   0.00000000e+00   1.00000000e+00   4.97606147e-02  -3.63427810e-05   4.91075179e+00   7.98822462e+00
 1.30000000e+00   0.00000000e+00   1.00000000e+00   4.70490670e-02  -3.03939927e-05   4.89093448e+00   7.98620084e+00
 1.31000000e+00   0.00000000e+00   1.00000000e+00   4.44361014e-02   1.31372142e-05   4.87802628e+00   7.98551856e+00
 1.32000000e+00   0.00000000e+00   1.00000000e+00   4.18390877e-02   8.28641545e-05   4.86981707e+00   7.98387566e+00
 1.33000000e+00   0.00000000e+00   1.00000000e+00   3.92092608e-02   1.56531943e-04   4.86170721e+00   7.97995117e+00
 1.34000000e+00   0.00000000e+00   1.00000000e+00   3.65478888e-02   2.07455004e-04   4.84987350e+00   7.97337444e+00
 1.35000000e+00   0.00000000e+00   1.00000000e+00   3.38852806e-02   2.17808652e-04   4.83329953e+00   7.96375847e+00
 1.36000000e+00   0.00000000e+00   1.00000000e+00   3.12627468e-02   1.86580596e-04   4.81224109e+00   7.95140534e+00
 1.37000000e+00   0.00000000e+00   1.00000000e+00   2.87354781e-02   1.26097213e-04   4.78742324e+00   7.93790270e+00
 1.38000000e+00   0.00000000e+00   1.00000000e+00   2.63694586e-02   5.48601553e-05   4.76033350e+00   7.92588583e+00
 1.39000000e+00   0.00000000e+00   1.00000000e+00   2.42123570e-02  -5.68698376e-06   4.73407801e+00   7.91722301e+00
 1.40000000e+00   0.00000000e+00   1.00000000e+00   2.22632294e-02  -3.44996806e-05   4.71265813e+00   7.91215672e+00
 1.41000000e+00   0.00000000e+00   1.00000000e+00   2.04762014e-02  -1.96251472e-05   4.69760074e+00   7.91008557e+00
 1.42000000e+00   0.00000000e+00   1.00000000e+00   1.87927599e-02   3.38085149e-05   4.68774828e+00   7.90968572e+00
 1.43000000e+00   0.00000000e+00   1.00000000e+00   1.71670503e-02   1.05903279e-04   4.68034043e+00   7.90941480e+00
 1.44000000e+00   0.00000000e+00   1.00000000e+00   1.55701996e-02   1.72609160e-04   4.67302007e+00   7.90728784e+00
 1.45000000e+00   0.00000000e+00   1.00000000e+00   1.39935181e-02   2.14217550e-04   4.66353072e+00   7.90242423e+00
 1.46000000e+00   0.00000000e+00   1.00000000e+00   1.24629867e-02   2.18132088e-04   4.64962325e+00   7.89450902e+00
 1.47000000e+00   0.00000000e+00   1.00000000e+00   1.10449166e-02   1.81377074e-04   4.63021942e+00   7.88538389e+00
 1.48000000e+00   0.00000000e+00   1.00000000e+00   9.82096531e-03   1.14725504e-04   4.60672711e+00   7.87700470e+00
 1.49000000e+00   0.00000000e+00   1.00000000e+00   8.84686647e-03   4.16003293e-05   4.58298719e+00   7.87099235e+00
 1.50000000e+00   0.00000000e+00   1.00000000e+00   8.13164980e-03  -1.20754904e-05   4.56311437e+00   7.86786211e+00
 1.51000000e+00   0.00000000e+00   1.00000000e+00   7.64948925e-03  -2.94615486e-05   4.54867062e+00   7.86787406e+00
 1.52000000e+00   0.00000000e+00   1.00000000e+00   7.35909645e-03  -6.84293397e-06   4.54006966e+00   7.87079594e+00
 1.53000000e+00   0.00000000e+00   1.00000000e+00   7.20841518e-03   4.85475561e-05   4.53649923e+00   7.87552073e+00
 1.54000000e+00   0.00000000e+00   1.00000000e+00   7.13718059e-03   1.20348186e-04   4.53687151e+00   7.87997653e+00
 1.55000000e+00   0.00000000e+00   1.00000000e+00   7.09866093e-03   1.85112780e-04   4.53780095e+00   7.88170279e+00
 1.56000000e+00   0.00000000e+00   1.00000000e+00   7.08862304e-03   2.19643936e-04   4.53604495e+00   7.88015532e+00
 1.57000000e+00   0.00000000e+00   1.00000000e+00   7.14879475e-03   2.11797521e-04   4.52906178e+00   7.87592134e+00
 1.58000000e+00   0.00000000e+00   1.00000000e+00   7.33969840e-03   1.65684611e-04   4.51761386e+00   7.87050444e+00
 1.59000000e+00   0.00000000e+00   1.00000000e+00   7.71215737e-03   9.76207763e-05   4.50417461e+00   7.86550514e+00
 1.60000000e+00   0.00000000e+00   1.00000000e+00   8.29770270e-03   2.87975004e-05   4.49148693e+00   7.86227293e+00
 1.61000000e+00   0.00000000e+00   1.00000000e+00   9.10590809e-03  -1.96688002e-05   4.48200794e+00   7.86212815e+00
 1.62000000e+00   0.00000000e+00   1.00000000e+00   1.01144558e-02  -3.12349989e-05   4.47791650e+00   7.86540475e+00
 1.63000000e+00   0.00000000e+00   1.00000000e+00   1.12644022e-02  -6.72278324e-07   4.48049834e+00   7.87102957e+00
 1.64000000e+00   0.00000000e+00   1.00000000e+00   1.24802303e-02   6.14979110e-05   4.48822890e+00   7.87705861e+00
 1.65000000e+00   0.00000000e+00   1.00000000e+00   1.37063771e-02   1.32992603e-04   4.49773375e+00   7.88174094e+00
 1.66000000e+00   0.00000000e+00   1.00000000e+00   1.49296086e-02   1.89912166e-04   4.50503599e+00   7.88427315e+00
 1.67000000e+00   0.00000000e+00   1.00000000e+00   1.61728519e-02   2.14872606e-04   4.50782637e+00   7.88454813e+00
 1.68000000e+00   0.00000000e+00   1.00000000e+00   1.74777485e-02   2.00142308e-04   4.50599044e+00   7.88261128e+00
 1.69000000e+00   0.00000000e+00   1.00000000e+00   1.88959906e-02   1.49183835e-04   4.50046844e+00   7.87973154e+00
 1.70000000e+00   0.00000000e+00   1.00000000e+00   2.04842510e-02   7.77573455e-05   4.49281734e+00   7.87769210e+00
 1.71000000e+00   0.00000000e+00   1.00000000e+00   2.22864502e-02   1.02458757e-05   4.48599207e+00   7.87861465e+00
 1.72000000e+00   0.00000000e+00   1.00000000e+00   2.43085874e-02  -3.01420614e-05   4.48368671e+00   7.88348022e+00
 1.73000000e+00   0.00000000e+00   1.00000000e+00   2.65113123e-02  -3.09763980e-05   4.48824243e+00   7.89168666e+00
 1.74000000e+00   0.00000000e+00   1.00000000e+00   2.88306639e-02   6.45313756e-06   4.49931735e+00   7.90177427e+00
 1.75000000e+00   0.00000000e+00   1.00000000e+00   3.12073337e-02   6.98298925e-05   4.51445956e+00   7.91221982e+00
 1.76000000e+00   0.00000000e+00   1.00000000e+00   3.36020348e-02   1.39371333e-04   4.53045778e+00   7.92168513e+00
 1.77000000e+00   0.00000000e+00   1.00000000e+00   3.59992015e-02   1.92052729e-04   4.54469010e+00   7.92879352e+00
 1.78000000e+00   0.00000000e+00   1.00000000e+00   3.84124922e-02   2.09078337e-04   4.55508422e+00   7.93310150e+00
 1.79000000e+00   0.00000000e+00   1.00000000e+00   4.08881188e-02   1.84224217e-04   4.56079879e+00   7.93536038e+00
 1.80000000e+00   0.00000000e+00   1.00000000e+00   4.34894692e-02   1.26611621e-04   4.56327320e+00   7.93753170e+00
 1.81000000e+00   0.00000000e+00   1.00000000e+00   4.62649489e-02   5.57389663e-05   4.56600211e+00   7.94124528e+00
 1.82000000e+00   0.00000000e+00   1.00000000e+00   4.92242896e-02  -6.12320643e-06   4.57289167e+00   7.94708348e+00
 1.83000000e+00   0.00000000e+00   1.00000000e+00   5.23401653e-02  -3.98125677e-05   4.58608940e+00   7.95541214e+00
 1.84000000e+00   0.00000000e+00   1.00000000e+00   5.55638119e-02  -3.39587126e-05   4.60598938e+00   7.96613281e+00
 1.85000000e+00   0.00000000e+00   1.00000000e+00   5.88359053e-02   1.02480600e-05   4.63144990e+00   7.97844845e+00
 1.86000000e+00   0.00000000e+00   1.00000000e+00   6.20934972e-02   7.76759857e-05   4.66026653e+00   7.99039637e+00
 1.87000000e+00   0.00000000e+00   1.00000000e+00   6.52858071e-02   1.44714214e-04   4.68898419e+00   7.99998302e+00
 1.88000000e+00   0.00000000e+00   1.00000000e+00   6.83966567e-02   1.88982045e-04   4.71412559e+00   8.00621250e+00
 1.89000000e+00   0.00000000e+00   1.00000000e+00   7.14535025e-02   1.96723021e-04   4.73343705e+00   8.00946359e+00
 1.90000000e+00   0.00000000e+00   1.00000000e+00   7.45113637e-02   1.65521242e-04   4.74742248e+00   8.01133857e+00
 1.91000000e+00   0.00000000e+00   1.00000000e+00   7.76248169e-02   1.04534565e-04   4.75876620e+00   8.01283256e+00
 1.92000000e+00   0.00000000e+00   1.00000000e+00   8.08289102e-02   3.30772774e-05   4.77098814e+00   8.01558078e+00
 1.93000000e+00   0.00000000e+00   1.00000000e+00   8.41329027e-02  -2.47977815e-05   4.78687821e+00   8.02076200e+00
 1.94000000e+00   0.00000000e+00   1.00000000e+00   8.75171916e-02  -4.95287850e-05   4.80847930e+00   8.02886815e+00
 1.95000000e+00   0.00000000e+00   1.00000000e+00   9.09324770e-02  -3.37611199e-05   4.83627154e+00   8.03921715e+00
 1.96000000e+00   0.00000000e+00   1.00000000e+00   9.43122112e-02   1.61407728e-05   4.86854569e+00   8.05036819e+00
 1.97000000e+00   0.00000000e+00   1.00000000e+00   9.75998556e-02   8.37140149e-05   4.90165844e+00   8.06051625e+00
 1.98000000e+00   0.00000000e+00   1.00000000e+00   1.00772724e-01   1.47357402e-04   4.93154334e+00   8.06878808e+00
 1.99000000e+00   0.00000000e+00   1.00000000e+00   1.03845063e-01   1.85903072e-04   4.95619252e+00   8.07473299e+00
 2.00000000e+00   0.00000000e+00   1.00000000e+00   1.06854935e-01   1.85608158e-04   4.97516902e+00   8.07835062e+00
 2.01000000e+00   0.00000000e+00   1.00000000e+00   1.09851398e-01   1.46166630e-04   4.98983821e+00   8.08045678e+00
 2.02000000e+00   0.00000000e+00   1.00000000e+00   1.12885830e-01   8.12014047e-05   5.00293691e+00   8.08275624e+00
 2.03000000e+00   0.00000000e+00   1.00000000e+00   1.15997795e-01   1.24044009e-05   5.01760776e+00   8.08707006e+00
 2.04000000e+00   0.00000000e+00   1.00000000e+00   1.19194824e-01  -3.83915314e-05   5.03759903e+00   8.09409365e+00
 2.05000000e+00   0.00000000e+00   1.00000000e+00   1.22442341e-01  -5.52894548e-05   5.06497470e+00   8.10373353e+00
 2.06000000e+00   0.00000000e+00   1.00000000e+00   1.25676349e-01  -3.25286694e-05   5.09879527e+00   8.11501841e+00
 2.07000000e+00   0.00000000e+00   1.00000000e+00   1.28830023e-01   2.28477348e-05   5.13568540e+00   8.12654925e+00
 2.08000000e+00   0.00000000e+00   1.00000000e+00   1.31854895e-01   9.21185983e-05   5.17215802e+00   8.13659225e+00
 2.09000000e+00   0.00000000e+00   1.00000000e+00   1.34729418e-01   1.51479761e-04   5.20497001e+00   8.14425323e+00
 2.10000000e+00   0.00000000e+00   1.00000000e+00   1.37461299e-01   1.81215201e-04   5.23196026e+00   8.14883295e+00
 2.11000000e+00   0.00000000e+00   1.00000000e+00   1.40086491e-01   1.72112891e-04   5.25273846e+00   8.15044478e+00
 2.12000000e+00   0.00000000e+00   1.00000000e+00   1.42658141e-01   1.27228790e-04   5.26918238e+00   8.15058658e+00
 2.13000000e+00   0.00000000e+00   1.00000000e+00   1.45223238e-01   6.05503028e-05   5.28472971e+00   8.15120744e+00
 2.14000000e+00   0.00000000e+00   1.00000000e+00   1.47799780e-01  -6.45731741e-06   5.30332082e+00   8.15331665e+00
 2.15000000e+00   0.00000000e+00   1.00000000e+00   1.50370154e-01  -5.13483253e-05   5.32715396e+00   8.15717721e+00
 2.16000000e+00   0.00000000e+00   1.00000000e+00   1.52891001e-01  -5.90221735e-05   5.35658654e+00   8.16329952e+00
 2.17000000e+00   0.00000000e+00   1.00000000e+00   1.55306805e-01  -2.75481656e-05   5.39024137e+00   8.17161349e+00
 2.18000000e+00   0.00000000e+00   1.00000000e+00   1.57560667e-01   3.19245650e-05   5.42467018e+00   8.17906362e+00
 2.19000000e+00   0.00000000e+00   1.00000000e+00   1.59607669e-01   9.98414381e-05   5.45633436e+00   8.18464198e+00
 2.20000000e+00   0.00000000e+00   1.00000000e+00   1.61432788e-01   1.54316453e-04   5.48177015e+00   8.18704331e+00
 2.21000000e+00   0.00000000e+00   1.00000000e+00   1.63061315e-01   1.77282240e-04   5.49917452e+00   8.18652548e+00
 2.22000000e+00   0.00000000e+00   1.00000000e+00   1.64549247e-01   1.60501516e-04   5.50922221e+00   8.18403582e+00
 2.23000000e+00   0.00000000e+00   1.00000000e+00   1.65958429e-01   1.09317684e-04   5.51508258e+00   8.18116346e+00
 2.24000000e+00   0.00000000e+00   1.00000000e+00   1.67333859e-01   4.11250609e-05   5.52094628e+00   8.17933565e+00
 2.25000000e+00   0.00000000e+00   1.00000000e+00   1.68693181e-01  -2.13708886e-05   5.52980530e+00   8.17950214e+00
 2.26000000e+00   0.00000000e+00   1.00000000e+00   1.70024690e-01  -5.81115388e-05   5.54397334e+00   8.18222025e+00
 2.27000000e+00   0.00000000e+00   1.00000000e+00   1.71289496e-01  -5.74843170e-05   5.56336746e+00   8.18760226e+00
 2.28000000e+00   0.00000000e+00   1.00000000e+00   1.72431668e-01  -1.94523480e-05   5.58618768e+00   8.19369130e+00
 2.29000000e+00   0.00000000e+00   1.00000000e+00   1.73398809e-01   4.38510600e-05   5.60910979e+00   8.19957191e+00
 2.30000000e+00   0.00000000e+00   1.00000000e+00   1.74163749e-01   1.11315506e-04   5.62810943e+00   8.20388616e+00
 2.31000000e+00   0.00000000e+00   1.00000000e+00   1.74733534e-01   1.60162832e-04   5.64063129e+00   8.20546266e+00
 2.32000000e+00   0.00000000e+00   1.00000000e+00   1.75142817e-01   1.74348729e-04   5.64638239e+00   8.20460916e+00
 2.33000000e+00   0.00000000e+00   1.00000000e+00   1.75440645e-01   1.49750380e-04   5.64660305e+00   8.20178751e+00
 2.34000000e+00   0.00000000e+00   1.00000000e+00   1.75678649e-01   9.48363073e-05   5.66539614e+00   8.20697860e+00
 2.35000000e+00   0.00000000e+00   1.00000000e+00   1.75896855e-01   2.70443348e-05   5.66472834e+00   8.19632351e+00
 2.36000000e+00   0.00000000e+00   1.00000000e+00   1.76106964e-01  -3.13871711e-05   5.66099443e+00   8.18949477e+00
 2.37000000e+00   0.00000000e+00   1.00000000e+00   1.76282751e-01  -6.08515683e-05   5.66075230e+00   8.18529362e+00
 2.38000000e+00   0.00000000e+00   1.00000000e+00   1.76367430e-01  -5.12449254e-05   5.66303600e+00   8.18288834e+00
 2.39000000e+00   0.00000000e+00   1.00000000e+00   1.76296315e-01  -6.14457293e-06   5.66485146e+00   8.18300823e+00
 2.40000000e+00   0.00000000e+00   1.00000000e+00   1.76020302e-01   5.91900450e-05   5.66285232e+00   8.18346013e+00
 2.41000000e+00   0.00000000e+00   1.00000000e+00   1.75518266e-01   1.23374792e-04   5.65460815e+00   8.18198925e+00
 2.42000000e+00   0.00000000e+00   1.00000000e+00   1.74799415e-01   1.65787132e-04   5.63972817e+00   8.17722773e+00
 2.43000000e+00   0.00000000e+00   1.00000000e+00   1.73900193e-01   1.72490038e-04   5.61931043e+00   8.16867217e+00
 2.44000000e+00   0.00000000e+00   1.00000000e+00   1.72870114e-01   1.42762682e-04   5.66287336e+00   8.18011727e+00
 2.45000000e+00   0.00000000e+00   1.00000000e+00   1.71763438e-01   8.70959960e-05   5.67555320e+00   8.17836648e+00
 2.46000000e+00   0.00000000e+00   1.00000000e+00   1.70618316e-01   2.26361893e-05   5.66911835e+00   8.17585799e+00
 2.47000000e+00   0.00000000e+00   1.00000000e+00   1.69435974e-01  -2.99686944e-05   5.66333188e+00   8.17474688e+00
 2.48000000e+00   0.00000000e+00   1.00000000e+00   1.68188135e-01  -5.38452553e-05   5.66165967e+00   8.17532293e+00
 2.49000000e+00   0.00000000e+00   1.00000000e+00   1.66830338e-01  -4.10096941e-05   5.66315486e+00   8.17718840e+00
 2.50000000e+00   0.00000000e+00   1.00000000e+00   1.65313943e-01   5.04333959e-06   5.66585506e+00   8.17935158e+00
 2.51000000e+00   0.00000000e+00   1.00000000e+00   1.63598398e-01   6.93282339e-05   5.66627880e+00   8.18031578e+00
 2.52000000e+00   0.00000000e+00   1.00000000e+00   1.61666811e-01   1.30230761e-04   5.66098357e+00   8.17826475e+00
 2.53000000e+00   0.00000000e+00   1.00000000e+00   1.59543807e-01   1.67538484e-04   5.64790432e+00   8.17321384e+00
 2.54000000e+00   0.00000000e+00   1.00000000e+00   1.57295261e-01   1.69704379e-04   5.62710181e+00   8.16647319e+00
 2.55000000e+00   0.00000000e+00   1.00000000e+00   1.54999398e-01   1.36548324e-04   5.60183320e+00   8.15938446e+00
 2.56000000e+00   0.00000000e+00   1.00000000e+00   1.52710853e-01   7.88452947e-05   5.57634707e+00   8.15331787e+00
 2.57000000e+00   0.00000000e+00   1.00000000e+00   1.50449942e-01   1.53946796e-05   5.55380437e+00   8.14824306e+00
 2.58000000e+00   0.00000000e+00   1.00000000e+00   1.48211619e-01  -3.24288234e-05   5.53611363e+00   8.14523638e+00
 2.59000000e+00   0.00000000e+00   1.00000000e+00   1.45967304e-01  -4.82161776e-05   5.52398029e+00   8.14469574e+00
 2.60000000e+00   0.00000000e+00   1.00000000e+00   1.43666528e-01  -2.67058011e-05   5.51633197e+00   8.14598455e+00
 2.61000000e+00   0.00000000e+00   1.00000000e+00   1.41257512e-01   2.46748985e-05   5.51044301e+00   8.14806926e+00
 2.62000000e+00   0.00000000e+00   1.00000000e+00   1.38710706e-01   8.91163903e-05   5.50257181e+00   8.14902033e+00
 2.63000000e+00   0.00000000e+00   1.00000000e+00   1.36026080e-01   1.46042576e-04   5.49024899e+00   8.14780543e+00
 2.64000000e+00   0.00000000e+00   1.00000000e+00   1.33231326e-01   1.77089952e-04   5.47226565e+00   8.14382017e+00
 2.65000000e+00   0.00000000e+00   1.00000000e+00   1.30375197e-01   1.71857608e-04   5.44871600e+00   8.13745697e+00
 2.66000000e+00   0.00000000e+00   1.00000000e+00   1.27513222e-01   1.32043729e-04   5.42232570e+00   8.12991898e+00
 2.67000000e+00   0.00000000e+00   1.00000000e+00   1.24692233e-01   7.13660801e-05   5.39608396e+00   8.12251158e+00
 2.68000000e+00   0.00000000e+00   1.00000000e+00   1.21935151e-01   1.04449820e-05   5.37243437e+00   8.11683858e+00
 2.69000000e+00   0.00000000e+00   1.00000000e+00   1.19226123e-01  -3.06571986e-05   5.35425502e+00   8.11334319e+00
 2.70000000e+00   0.00000000e+00   1.00000000e+00   1.16512101e-01  -3.86100579e-05   5.34191817e+00   8.11122071e+00
 2.71000000e+00   0.00000000e+00   1.00000000e+00   1.13727828e-01  -1.05038837e-05   5.33332444e+00   8.10968661e+00
 2.72000000e+00   0.00000000e+00   1.00000000e+00   1.10825654e-01   4.49951965e-05   5.32476886e+00   8.10770334e+00
 2.73000000e+00   0.00000000e+00   1.00000000e+00   1.07790825e-01   1.09790524e-04   5.31309682e+00   8.10479370e+00
 2.74000000e+00   0.00000000e+00   1.00000000e+00   1.04639428e-01   1.62353733e-04   5.29630772e+00   8.09991904e+00
 2.75000000e+00   0.00000000e+00   1.00000000e+00   1.01409987e-01   1.85497581e-04   5.27381489e+00   8.09252750e+00
 2.76000000e+00   0.00000000e+00   1.00000000e+00   9.81574654e-02   1.72234560e-04   5.24624103e+00   8.08264613e+00
 2.77000000e+00   0.00000000e+00   1.00000000e+00   9.49426786e-02   1.27458178e-04   5.21601983e+00   8.07224228e+00
 2.78000000e+00   0.00000000e+00   1.00000000e+00   9.18116756e-02   6.59309625e-05   5.18583577e+00   8.06240450e+00
 2.79000000e+00   0.00000000e+00   1.00000000e+00   8.87786495e-02   7.89529749e-06   5.15890001e+00   8.05466498e+00
 2.80000000e+00   0.00000000e+00   1.00000000e+00   8.58261147e-02  -2.70751822e-05   5.13689956e+00   8.04929486e+00
 2.81000000e+00   0.00000000e+00   1.00000000e+00   8.29167322e-02  -2.68968506e-05   5.11984605e+00   8.04631067e+00
 2.82000000e+00   0.00000000e+00   1.00000000e+00   8.00052738e-02   8.47109280e-06   5.10620250e+00   8.04477935e+00
 2.83000000e+00   0.00000000e+00   1.00000000e+00   7.70518190e-02   6.72101819e-05   5.09340703e+00   8.04305105e+00
 2.84000000e+00   0.00000000e+00   1.00000000e+00   7.40405526e-02   1.30169544e-04   5.07864287e+00   8.03963332e+00
 2.85000000e+00   0.00000000e+00   1.00000000e+00   7.09941445e-02   1.77174376e-04   5.05938441e+00   8.03421111e+00
 2.86000000e+00   0.00000000e+00   1.00000000e+00   6.79691299e-02   1.93089348e-04   5.03494160e+00   8.02722927e+00
 2.87000000e+00   0.00000000e+00   1.00000000e+00   6.50336560e-02   1.72640021e-04   5.00680522e+00   8.01917891e+00
 2.88000000e+00   0.00000000e+00   1.00000000e+00   6.22419364e-02   1.22665919e-04   4.97760987e+00   8.01093951e+00
 2.89000000e+00   0.00000000e+00   1.00000000e+00   5.96182538e-02   6.01415708e-05   4.95061564e+00   8.00327814e+00
 2.90000000e+00   0.00000000e+00   1.00000000e+00   5.71553475e-02   6.13644561e-06   4.92792309e+00   7.99718882e+00
 2.91000000e+00   0.00000000e+00   1.00000000e+00   5.48220986e-02  -2.15414205e-05   4.91068253e+00   7.99325699e+00
 2.92000000e+00   0.00000000e+00   1.00000000e+00   5.25720144e-02  -1.39103510e-05   4.89858361e+00   7.99152466e+00
 2.93000000e+00   0.00000000e+00   1.00000000e+00   5.03530881e-02   2.67235092e-05   4.89004468e+00   7.99083343e+00
 2.94000000e+00   0.00000000e+00   1.00000000e+00   4.81245690e-02   8.73828027e-05   4.88239143e+00   7.98948513e+00
 2.95000000e+00   0.00000000e+00   1.00000000e+00   4.58746975e-02   1.48199462e-04   4.87278265e+00   7.98630613e+00
 2.96000000e+00   0.00000000e+00   1.00000000e+00   4.36255736e-02   1.88990793e-04   4.85899917e+00   7.98069775e+00
 2.97000000e+00   0.00000000e+00   1.00000000e+00   4.14229866e-02   1.96403412e-04   4.84062474e+00   7.97264528e+00
 2.98000000e+00   0.00000000e+00   1.00000000e+00   3.93211261e-02   1.68425422e-04   4.81896857e+00   7.96331794e+00
 2.99000000e+00   0.00000000e+00   1.00000000e+00   3.73675461e-02   1.14598713e-04   4.79599144e+00   7.95398249e+00
 3.00000000e+00   0.00000000e+00   1.00000000e+00   3.55871158e-02   5.26104132e-05   4.77472391e+00   7.94585117e+00
 3.01000000e+00   0.00000000e+00   1.00000000e+00   3.39693687e-02   2.82075628e-06   4.75745014e+00   7.93986040e+00
 3.02000000e+00   0.00000000e+00   1.00000000e+00   3.24703512e-02  -1.81385909e-05   4.74572092e+00   7.93578607e+00
 3.03000000e+00   0.00000000e+00   1.00000000e+00   3.10325513e-02  -3.07468848e-06   4.73856460e+00   7.93317776e+00
 3.04000000e+00   0.00000000e+00   1.00000000e+00   2.96108082e-02   4.30008039e-05   4.73359224e+00   7.93129166e+00
 3.05000000e+00   0.00000000e+00   1.00000000e+00   2.81877279e-02   1.04700601e-04   4.72770369e+00   7.92937707e+00
 3.06000000e+00   0.00000000e+00   1.00000000e+00   2.67747775e-02   1.61747263e-04   4.71902478e+00   7.92630460e+00
 3.07000000e+00   0.00000000e+00   1.00000000e+00   2.54070313e-02   1.95667001e-04   4.70594935e+00   7.92151539e+00
 3.08000000e+00   0.00000000e+00   1.00000000e+00   2.41361304e-02   1.95439930e-04   4.68880179e+00   7.91508446e+00
 3.09000000e+00   0.00000000e+00   1.00000000e+00   2.30189605e-02   1.61044540e-04   4.66884946e+00   7.90810020e+00
 3.10000000e+00   0.00000000e+00   1.00000000e+00   2.21012258e-02   1.03801779e-04   4.64815871e+00   7.90164628e+00
 3.11000000e+00   0.00000000e+00   1.00000000e+00   2.14015700e-02   4.28271407e-05   4.62971453e+00   7.89730463e+00
 3.12000000e+00   0.00000000e+00   1.00000000e+00   2.09046633e-02  -1.59646560e-06   4.61604051e+00   7.89553343e+00
 3.13000000e+00   0.00000000e+00   1.00000000e+00   2.05678384e-02  -1.49561956e-05   4.60798330e+00   7.89620340e+00
 3.14000000e+00   0.00000000e+00   1.00000000e+00   2.03375283e-02   6.93096420e-06   4.60472754e+00   7.89864561e+00
 3.15000000e+00   0.00000000e+00   1.00000000e+00   2.01673799e-02   5.68565457e-05   4.60404747e+00   7.90164418e+00
 3.16000000e+00   0.00000000e+00   1.00000000e+00   2.00333888e-02   1.18502897e-04   4.60344525e+00   7.90390519e+00
 3.17000000e+00   0.00000000e+00   1.00000000e+00   1.99440079e-02   1.71495187e-04   4.60011397e+00   7.90471853e+00
 3.18000000e+00   0.00000000e+00   1.00000000e+00   1.99390898e-02   1.98139316e-04   4.59272680e+00   7.90401751e+00
 3.19000000e+00   0.00000000e+00   1.00000000e+00   2.00732838e-02   1.89599146e-04   4.58181381e+00   7.90230075e+00
 3.20000000e+00   0.00000000e+00   1.00000000e+00   2.03918134e-02   1.48846943e-04   4.56925243e+00   7.90001671e+00
 3.21000000e+00   0.00000000e+00   1.00000000e+00   2.09140634e-02   8.93822877e-05   4.55840336e+00   7.89793958e+00
 3.22000000e+00   0.00000000e+00   1.00000000e+00   2.16311203e-02   3.05914104e-05   4.55103546e+00   7.89698688e+00
 3.23000000e+00   0.00000000e+00   1.00000000e+00   2.25107908e-02  -8.37200867e-06   4.54894270e+00   7.89804090e+00
 3.24000000e+00   0.00000000e+00   1.00000000e+00   2.35041325e-02  -1.47007245e-05   4.55208086e+00   7.90117625e+00
 3.25000000e+00   0.00000000e+00   1.00000000e+00   2.45555516e-02   1.36803427e-05   4.55940754e+00   7.90570842e+00
 3.26000000e+00   0.00000000e+00   1.00000000e+00   2.56189017e-02   6.71812245e-05   4.56843642e+00   7.91023006e+00
 3.27000000e+00   0.00000000e+00   1.00000000e+00   2.66742082e-02   1.27825352e-04   4.57629108e+00   7.91347040e+00
 3.28000000e+00   0.00000000e+00   1.00000000e+00   2.77353456e-02   1.75499724e-04   4.58046672e+00   7.91485834e+00
 3.29000000e+00   0.00000000e+00   1.00000000e+00   2.88441405e-02   1.94537976e-04   4.58004103e+00   7.91455600e+00
 3.30000000e+00   0.00000000e+00   1.00000000e+00   3.00544984e-02   1.78616057e-04   4.57587633e+00   7.91328313e+00
 3.31000000e+00   0.00000000e+00   1.00000000e+00   3.14136063e-02   1.32737493e-04   4.57021453e+00   7.91187289e+00
 3.32000000e+00   0.00000000e+00   1.00000000e+00   3.29458051e-02   7.18574397e-05   4.56597942e+00   7.91165880e+00
 3.33000000e+00   0.00000000e+00   1.00000000e+00   3.46433545e-02   1.60182512e-05   4.56550966e+00   7.91320735e+00
 3.34000000e+00   0.00000000e+00   1.00000000e+00   3.64684352e-02  -1.64495020e-05   4.57047687e+00   7.91677215e+00
 3.35000000e+00   0.00000000e+00   1.00000000e+00   3.83677381e-02  -1.51421586e-05   4.58047240e+00   7.92219301e+00
 3.36000000e+00   0.00000000e+00   1.00000000e+00   4.02935655e-02   1.91834168e-05   4.59341223e+00   7.92882857e+00
 3.37000000e+00   0.00000000e+00   1.00000000e+00   4.22203591e-02   7.50630721e-05   4.60664498e+00   7.93588688e+00
 3.38000000e+00   0.00000000e+00   1.00000000e+00   4.41496930e-02   1.34027340e-04   4.61748095e+00   7.94254691e+00
 3.39000000e+00   0.00000000e+00   1.00000000e+00   4.61063179e-02   1.76455770e-04   4.62492517e+00   7.94784419e+00
 3.40000000e+00   0.00000000e+00   1.00000000e+00   4.81312995e-02   1.88084644e-04   4.62873242e+00   7.95162850e+00
 3.41000000e+00   0.00000000e+00   1.00000000e+00   5.02726031e-02   1.64927202e-04   4.63007189e+00   7.95443597e+00
 3.42000000e+00   0.00000000e+00   1.00000000e+00   5.25701221e-02   1.14592185e-04   4.63134768e+00   7.95751761e+00
 3.43000000e+00   0.00000000e+00   1.00000000e+00   5.50385739e-02   5.35497393e-05   4.63556273e+00   7.96185683e+00
 3.44000000e+00   0.00000000e+00   1.00000000e+00   5.76584325e-02   1.60927464e-06   4.64532470e+00   7.96797038e+00
 3.45000000e+00   0.00000000e+00   1.00000000e+00   6.03812030e-02  -2.44245730e-05   4.66137510e+00   7.97589848e+00
 3.46000000e+00   0.00000000e+00   1.00000000e+00   6.31455353e-02  -1.61521734e-05   4.68272115e+00   7.98506036e+00
 3.47000000e+00   0.00000000e+00   1.00000000e+00   6.58962637e-02   2.35298686e-05   4.70678265e+00   7.99446664e+00
 3.48000000e+00   0.00000000e+00   1.00000000e+00   6.86004575e-02   8.12309723e-05   4.73067130e+00   8.00330717e+00
 3.49000000e+00   0.00000000e+00   1.00000000e+00   7.12563705e-02   1.37592735e-04   4.75158388e+00   8.01090810e+00
 3.50000000e+00   0.00000000e+00   1.00000000e+00   7.38915675e-02   1.73850575e-04   4.76815992e+00   8.01683750e+00
 3.51000000e+00   0.00000000e+00   1.00000000e+00   7.65496258e-02   1.77978194e-04   4.78087971e+00   8.02114126e+00
 3.52000000e+00   0.00000000e+00   1.00000000e+00   7.92709395e-02   1.48444548e-04   4.79188826e+00   8.02424100e+00
 3.53000000e+00   0.00000000e+00   1.00000000e+00   8.20768532e-02   9.46957243e-05   4.80371406e+00   8.02684001e+00
 3.54000000e+00   0.00000000e+00   1.00000000e+00   8.49631355e-02   3.42199176e-05   4.81907280e+00   8.03014802e+00
 3.55000000e+00   0.00000000e+00   1.00000000e+00   8.79018845e-02  -1.31741400e-05   4.83893662e+00   8.03465144e+00
 3.56000000e+00   0.00000000e+00   1.00000000e+00   9.08478848e-02  -3.20404851e-05   4.86361989e+00   8.04092869e+00
 3.57000000e+00   0.00000000e+00   1.00000000e+00   9.37484096e-02  -1.64860534e-05   4.89168849e+00   8.04860771e+00
 3.58000000e+00   0.00000000e+00   1.00000000e+00   9.65577240e-02   2.80317055e-05   4.92053320e+00   8.05644514e+00
 3.59000000e+00   0.00000000e+00   1.00000000e+00   9.92535424e-02   8.66429070e-05   4.94693941e+00   8.06319842e+00
 3.60000000e+00   0.00000000e+00   1.00000000e+00   1.01846888e-01   1.39916402e-04   4.96862165e+00   8.06876282e+00
 3.61000000e+00   0.00000000e+00   1.00000000e+00   1.04378199e-01   1.70104549e-04   4.98480190e+00   8.07278554e+00
 3.62000000e+00   0.00000000e+00   1.00000000e+00   1.06901370e-01   1.67036974e-04   4.99676251e+00   8.07570939e+00
 3.63000000e+00   0.00000000e+00   1.00000000e+00   1.09464068e-01   1.31593508e-04   5.00708500e+00   8.07833567e+00
 3.64000000e+00   0.00000000e+00   1.00000000e+00   1.12091903e-01   7.54215479e-05   5.01916601e+00   8.08141573e+00
 3.65000000e+00   0.00000000e+00   1.00000000e+00   1.14780235e-01   1.69160837e-05   5.03526660e+00   8.08544728e+00
 3.66000000e+00   0.00000000e+00   1.00000000e+00   1.17495739e-01  -2.48939168e-05   5.05667488e+00   8.09097093e+00
 3.67000000e+00   0.00000000e+00   1.00000000e+00   1.20188150e-01  -3.64861936e-05   5.08284543e+00   8.09788058e+00
 3.68000000e+00   0.00000000e+00   1.00000000e+00   1.22808012e-01  -1.41963799e-05   5.11205018e+00   8.10591476e+00
 3.69000000e+00   0.00000000e+00   1.00000000e+00   1.25322361e-01   3.44815855e-05   5.14046417e+00   8.11467905e+00
 3.70000000e+00   0.00000000e+00   1.00000000e+00   1.27722385e-01   9.32711100e-05   5.16627639e+00   8.12261395e+00
 3.71000000e+00   0.00000000e+00   1.00000000e+00   1.30023191e-01   1.42545191e-04   5.18759979e+00   8.12895320e+00
 3.72000000e+00   0.00000000e+00   1.00000000e+00   1.32258457e-01   1.65945353e-04   5.20447176e+00   8.13337397e+00
 3.73000000e+00   0.00000000e+00   1.00000000e+00   1.34470638e-01   1.55723717e-04   5.21809873e+00   8.13627070e+00
 3.74000000e+00   0.00000000e+00   1.00000000e+00   1.36696399e-01   1.15156349e-04   5.23107950e+00   8.13832151e+00
 3.75000000e+00   0.00000000e+00   1.00000000e+00   1.38950487e-01   5.74300517e-05   5.24654031e+00   8.14102665e+00
 3.76000000e+00   0.00000000e+00   1.00000000e+00   1.41215767e-01   1.41269613e-06   5.26667608e+00   8.14437554e+00
 3.77000000e+00   0.00000000e+00   1.00000000e+00   1.43446142e-01  -3.45212862e-05   5.29199642e+00   8.14818897e+00
 3.78000000e+00   0.00000000e+00   1.00000000e+00   1.45581709e-01  -3.86679011e-05   5.32114652e+00   8.15319837e+00
 3.79000000e+00   0.00000000e+00   1.00000000e+00   1.47568526e-01  -9.89709435e-06   5.35116289e+00   8.15823836e+00
 3.80000000e+00   0.00000000e+00   1.00000000e+00   1.49374599e-01   4.20801522e-05   5.37897987e+00   8.16328186e+00
 3.81000000e+00   0.00000000e+00   1.00000000e+00   1.50997667e-01   1.00029701e-04   5.40172247e+00   8.16693387e+00
 3.82000000e+00   0.00000000e+00   1.00000000e+00   1.52463605e-01   1.44817749e-04   5.41834356e+00   8.16934822e+00
 3.83000000e+00   0.00000000e+00   1.00000000e+00   1.53815959e-01   1.61604391e-04   5.42947989e+00   8.16991354e+00
 3.84000000e+00   0.00000000e+00   1.00000000e+00   1.55099848e-01   1.44759736e-04   5.43701544e+00   8.16894988e+00
 3.85000000e+00   0.00000000e+00   1.00000000e+00   1.56346533e-01   9.98078950e-05   5.44390286e+00   8.16721130e+00
 3.86000000e+00   0.00000000e+00   1.00000000e+00   1.57564398e-01   4.15876212e-05   5.45278714e+00   8.16599254e+00
 3.87000000e+00   0.00000000e+00   1.00000000e+00   1.58737625e-01  -1.07554318e-05   5.46524072e+00   8.16584891e+00
 3.88000000e+00   0.00000000e+00   1.00000000e+00   1.59830861e-01  -4.00970813e-05   5.48150672e+00   8.16735850e+00
 3.89000000e+00   0.00000000e+00   1.00000000e+00   1.60798880e-01  -3.68787495e-05   5.50032792e+00   8.17046444e+00
 3.90000000e+00   0.00000000e+00   1.00000000e+00   1.61601063e-01  -2.18390189e-06   5.51893732e+00   8.17409365e+00
 3.91000000e+00   0.00000000e+00   1.00000000e+00   1.62217488e-01   5.25499472e-05   5.53441562e+00   8.17737850e+00
 3.92000000e+00   0.00000000e+00   1.00000000e+00   1.62659156e-01   1.09231605e-04   5.54435754e+00   8.17962365e+00
 3.93000000e+00   0.00000000e+00   1.00000000e+00   1.62965734e-01   1.49132850e-04   5.54818471e+00   8.18057632e+00
 3.94000000e+00   0.00000000e+00   1.00000000e+00   1.63191170e-01   1.59148306e-04   5.54724789e+00   8.18033242e+00
 3.95000000e+00   0.00000000e+00   1.00000000e+00   1.63385018e-01   1.36237154e-04   5.56277502e+00   8.18889560e+00
 3.96000000e+00   0.00000000e+00   1.00000000e+00   1.63575895e-01   8.77935113e-05   5.56327599e+00   8.18201466e+00
 3.97000000e+00   0.00000000e+00   1.00000000e+00   1.63763219e-01   2.98618368e-05   5.56021177e+00   8.17501563e+00
 3.98000000e+00   0.00000000e+00   1.00000000e+00   1.63919033e-01  -1.85026871e-05   5.55941811e+00   8.16906165e+00
 3.99000000e+00   0.00000000e+00   1.00000000e+00   1.63997644e-01  -4.12464125e-05   5.56054429e+00   8.16646208e+00
 4.00000000e+00   0.00000000e+00   1.00000000e+00   1.63950298e-01  -3.09332582e-05   5.56100044e+00   8.16476154e+00
 4.01000000e+00   0.00000000e+00   1.00000000e+00   1.63740304e-01   8.99498027e-06   5.55864703e+00   8.16460869e+00
 4.02000000e+00   0.00000000e+00   1.00000000e+00   1.63353230e-01   6.53125773e-05   5.55178568e+00   8.16428963e+00
 4.03000000e+00   0.00000000e+00   1.00000000e+00   1.62799935e-01   1.19548660e-04   5.54025199e+00   8.16199353e+00
 4.04000000e+00   0.00000000e+00   1.00000000e+00   1.62112728e-01   1.53924314e-04   5.52482106e+00   8.15694926e+00
 4.05000000e+00   0.00000000e+00   1.00000000e+00   1.61335737e-01   1.57111761e-04   5.50735930e+00   8.14889112e+00
 4.06000000e+00   0.00000000e+00   1.00000000e+00   1.60506421e-01   1.29725702e-04   5.55027213e+00   8.16635945e+00
 4.07000000e+00   0.00000000e+00   1.00000000e+00   1.59647014e-01   8.08772268e-05   5.56409411e+00   8.16409309e+00
 4.08000000e+00   0.00000000e+00   1.00000000e+00   1.58754977e-01   2.60779956e-05   5.56404676e+00   8.16332663e+00
 4.09000000e+00   0.00000000e+00   1.00000000e+00   1.57796134e-01  -1.77317723e-05   5.56548168e+00   8.16268392e+00
 4.10000000e+00   0.00000000e+00   1.00000000e+00   1.56721403e-01  -3.58581842e-05   5.56929508e+00   8.16252534e+00
 4.11000000e+00   0.00000000e+00   1.00000000e+00   1.55486364e-01  -2.21939331e-05   5.57322401e+00   8.16233830e+00
 4.12000000e+00   0.00000000e+00   1.00000000e+00   1.54065496e-01   1.94094137e-05   5.57454439e+00   8.16217112e+00
 4.13000000e+00   0.00000000e+00   1.00000000e+00   1.52457647e-01   7.49167608e-05   5.57142458e+00   8.16137195e+00
 4.14000000e+00   0.00000000e+00   1.00000000e+00   1.50685478e-01   1.25880334e-04   5.56212668e+00   8.15877947e+00
 4.15000000e+00   0.00000000e+00   1.00000000e+00   1.48794914e-01   1.55661129e-04   5.54684349e+00   8.15446215e+00
 4.16000000e+00   0.00000000e+00   1.00000000e+00   1.46846746e-01   1.55077942e-04   5.52700908e+00   8.14921380e+00
 4.17000000e+00   0.00000000e+00   1.00000000e+00   1.44893708e-01   1.24552411e-04   5.50583590e+00   8.14372209e+00
 4.18000000e+00   0.00000000e+00   1.00000000e+00   1.42957242e-01   7.39176303e-05   5.48651467e+00   8.13840879e+00
 4.19000000e+00   0.00000000e+00   1.00000000e+00   1.41027029e-01   1.99501884e-05   5.47087638e+00   8.13415203e+00
 4.20000000e+00   0.00000000e+00   1.00000000e+00   1.39075557e-01  -1.90734560e-05   5.45924748e+00   8.13104905e+00
 4.21000000e+00   0.00000000e+00   1.00000000e+00   1.37065367e-01  -2.98745816e-05   5.45095747e+00   8.12973687e+00
 4.22000000e+00   0.00000000e+00   1.00000000e+00   1.34956544e-01  -9.05609686e-06   5.44420889e+00   8.12961135e+00
 4.23000000e+00   0.00000000e+00   1.00000000e+00   1.32727238e-01   3.63493818e-05   5.43601710e+00   8.12965755e+00
 4.24000000e+00   0.00000000e+00   1.00000000e+00   1.30387670e-01   9.17353576e-05   5.42403315e+00   8.12932045e+00
 4.25000000e+00   0.00000000e+00   1.00000000e+00   1.27973511e-01   1.39388136e-04   5.40732840e+00   8.12847186e+00
 4.26000000e+00   0.00000000e+00   1.00000000e+00   1.25532734e-01   1.63686840e-04   5.38701929e+00   8.12558309e+00
 4.27000000e+00   0.00000000e+00   1.00000000e+00   1.23112672e-01   1.56503219e-04   5.36441065e+00   8.12165001e+00
 4.28000000e+00   0.00000000e+00   1.00000000e+00   1.20744893e-01   1.20426126e-04   5.34212297e+00   8.11682989e+00
 4.29000000e+00   0.00000000e+00   1.00000000e+00   1.18436559e-01   6.79313380e-05   5.32262010e+00   8.11197332e+00
 4.30000000e+00   0.00000000e+00   1.00000000e+00   1.16170058e-01   1.65891802e-05   5.30724201e+00   8.10772175e+00
 4.31000000e+00   0.00000000e+00   1.00000000e+00   1.13905252e-01  -1.67840670e-05   5.29642950e+00   8.10460706e+00
 4.32000000e+00   0.00000000e+00   1.00000000e+00   1.11589688e-01  -2.12421103e-05   5.28906681e+00   8.10245036e+00
 4.33000000e+00   0.00000000e+00   1.00000000e+00   1.09178835e-01   5.07962537e-06   5.28257191e+00   8.10067064e+00
 4.34000000e+00   0.00000000e+00   1.00000000e+00   1.06654346e-01   5.38918316e-05   5.27390034e+00   8.09842819e+00
 4.35000000e+00   0.00000000e+00   1.00000000e+00   1.04029919e-01   1.09109723e-04   5.26107370e+00   8.09541304e+00
 4.36000000e+00   0.00000000e+00   1.00000000e+00   1.01343193e-01   1.52431263e-04   5.24348847e+00   8.09097278e+00
 4.37000000e+00   0.00000000e+00   1.00000000e+00   9.86414527e-02   1.69905134e-04   5.22176069e+00   8.08474115e+00
 4.38000000e+00   0.00000000e+00   1.00000000e+00   9.59699535e-02   1.56331968e-04   5.19772312e+00   8.07714425e+00
 4.39000000e+00   0.00000000e+00   1.00000000e+00   9.33606037e-02   1.16424817e-04   5.17378237e+00   8.06907956e+00
 4.40000000e+00   0.00000000e+00   1.00000000e+00   9.08193265e-02   6.32766158e-05   5.15216298e+00   8.06135389e+00
 4.41000000e+00   0.00000000e+00   1.00000000e+00   8.83230541e-02   1.45445948e-05   5.13455481e+00   8.05438651e+00
 4.42000000e+00   0.00000000e+00   1.00000000e+00   8.58328293e-02  -1.32608858e-05   5.12040743e+00   8.04866570e+00
 4.43000000e+00   0.00000000e+00   1.00000000e+00   8.33122673e-02  -1.06731494e-05   5.10847751e+00   8.04437550e+00
 4.44000000e+00   0.00000000e+00   1.00000000e+00   8.07391940e-02   2.14116808e-05   5.09667173e+00   8.04120734e+00
 4.45000000e+00   0.00000000e+00   1.00000000e+00   7.81116363e-02   7.23945866e-05   5.08285516e+00   8.03819969e+00
 4.46000000e+00   0.00000000e+00   1.00000000e+00   7.54528020e-02   1.25820000e-04   5.06550101e+00   8.03435216e+00
 4.47000000e+00   0.00000000e+00   1.00000000e+00   7.28098775e-02   1.64545591e-04   5.04382251e+00   8.02958903e+00
 4.48000000e+00   0.00000000e+00   1.00000000e+00   7.02408394e-02   1.75973289e-04   5.01903388e+00   8.02410312e+00
 4.49000000e+00   0.00000000e+00   1.00000000e+00   6.77952089e-02   1.56328414e-04   4.99306254e+00   8.01791075e+00
 4.50000000e+00   0.00000000e+00   1.00000000e+00   6.54985173e-02   1.12308713e-04   4.96847633e+00   8.01173865e+00
 4.51000000e+00   0.00000000e+00   1.00000000e+00   6.33456921e-02   5.88531002e-05   4.94758004e+00   8.00613024e+00
 4.52000000e+00   0.00000000e+00   1.00000000e+00   6.13058158e-02   1.37869173e-05   4.93138926e+00   8.00159255e+00
 4.53000000e+00   0.00000000e+00   1.00000000e+00   5.93358082e-02  -8.14274181e-06   4.91955738e+00   7.99844952e+00
 4.54000000e+00   0.00000000e+00   1.00000000e+00   5.73950129e-02   2.82355945e-07   4.91056112e+00   7.99655538e+00
 4.55000000e+00   0.00000000e+00   1.00000000e+00   5.54565793e-02   3.65791755e-05   4.90228782e+00   7.99533726e+00
 4.56000000e+00   0.00000000e+00   1.00000000e+00   5.35169072e-02   8.90638975e-05   4.89254257e+00   7.99389837e+00
 4.57000000e+00   0.00000000e+00   1.00000000e+00   5.15994683e-02   1.40437406e-04   4.87976096e+00   7.99155055e+00
 4.58000000e+00   0.00000000e+00   1.00000000e+00   4.97462288e-02   1.73719519e-04   4.86360920e+00   7.98792105e+00
 4.59000000e+00   0.00000000e+00   1.00000000e+00   4.80002704e-02   1.78157547e-04   4.84517172e+00   7.98292693e+00
 4.60000000e+00   0.00000000e+00   1.00000000e+00   4.63911605e-02   1.52633656e-04   4.82642247e+00   7.97670934e+00
 4.61000000e+00   0.00000000e+00   1.00000000e+00   4.49277530e-02   1.05669592e-04   4.80937399e+00   7.97036164e+00
 4.62000000e+00   0.00000000e+00   1.00000000e+00   4.35953063e-02   5.26326097e-05   4.79574255e+00   7.96453240e+00
 4.63000000e+00   0.00000000e+00   1.00000000e+00   4.23568099e-02   1.10148668e-05   4.78632571e+00   7.95962687e+00
 4.64000000e+00   0.00000000e+00   1.00000000e+00   4.11630515e-02  -5.23540453e-06   4.78072751e+00   7.95580557e+00
 4.65000000e+00   0.00000000e+00   1.00000000e+00   3.99712199e-02   9.37178824e-06   4.77703288e+00   7.95286787e+00
 4.66000000e+00   0.00000000e+00   1.00000000e+00   3.87624259e-02   4.99116539e-05   4.77278295e+00   7.95026051e+00
 4.67000000e+00   0.00000000e+00   1.00000000e+00   3.75479190e-02   1.02958045e-04   4.76584157e+00   7.94765241e+00
 4.68000000e+00   0.00000000e+00   1.00000000e+00   3.63633220e-02   1.51217816e-04   4.75516088e+00   7.94448826e+00
 4.69000000e+00   0.00000000e+00   1.00000000e+00   3.52570352e-02   1.79039987e-04   4.74073435e+00   7.94045501e+00
 4.70000000e+00   0.00000000e+00   1.00000000e+00   3.42768037e-02   1.77283645e-04   4.72404363e+00   7.93564489e+00
 4.71000000e+00   0.00000000e+00   1.00000000e+00   3.34562602e-02   1.46446270e-04   4.70693407e+00   7.93049589e+00
 4.72000000e+00   0.00000000e+00   1.00000000e+00   3.28050739e-02   9.67562831e-05   4.69167867e+00   7.92569608e+00
 4.73000000e+00   0.00000000e+00   1.00000000e+00   3.23068391e-02   4.47852655e-05   4.68012318e+00   7.92195364e+00
 4.74000000e+00   0.00000000e+00   1.00000000e+00   3.19260671e-02   7.69262308e-06   4.67274567e+00   7.91983439e+00
 4.75000000e+00   0.00000000e+00   1.00000000e+00   3.16222545e-02  -2.49550247e-06   4.66886185e+00   7.91931832e+00
 4.76000000e+00   0.00000000e+00   1.00000000e+00   3.13652726e-02   1.74464678e-05   4.66658551e+00   7.92016243e+00
 4.77000000e+00   0.00000000e+00   1.00000000e+00   3.11457387e-02   6.10686319e-05   4.66411563e+00   7.92185991e+00
 4.78000000e+00   0.00000000e+00   1.00000000e+00   3.09777793e-02   1.14073906e-04   4.65954926e+00   7.92357812e+00
 4.79000000e+00   0.00000000e+00   1.00000000e+00   3.08966455e-02   1.58786881e-04   4.64890485e+00   7.92991362e+00
 4.80000000e+00   0.00000000e+00   1.00000000e+00   3.09484912e-02   1.80550242e-04   4.64133944e+00   7.92738417e+00
 4.81000000e+00   0.00000000e+00   1.00000000e+00   3.11742695e-02   1.71964804e-04   4.62988203e+00   7.92562535e+00
 4.82000000e+00   0.00000000e+00   1.00000000e+00   3.15935884e-02   1.36258389e-04   4.61975793e+00   7.92504997e+00
 4.83000000e+00   0.00000000e+00   1.00000000e+00   3.21960004e-02   8.49496530e-05   4.61318141e+00   7.92471844e+00
 4.84000000e+00   0.00000000e+00   1.00000000e+00   3.29460030e-02   3.48278203e-05   4.61129110e+00   7.92501112e+00
 4.85000000e+00   0.00000000e+00   1.00000000e+00   3.37952340e-02   2.18824522e-06   4.61415593e+00   7.92634997e+00
 4.86000000e+00   0.00000000e+00   1.00000000e+00   3.46954793e-02  -2.12946841e-06   4.62043133e+00   7.92889364e+00
 4.87000000e+00   0.00000000e+00   1.00000000e+00   3.56109526e-02   2.31463846e-05   4.62808554e+00   7.93219590e+00
 4.88000000e+00   0.00000000e+00   1.00000000e+00   3.65285693e-02   6.94337937e-05   4.63498325e+00   7.93564014e+00
 4.89000000e+00   0.00000000e+00   1.00000000e+00   3.74620089e-02   1.21307842e-04   4.63926782e+00   7.93852909e+00
 4.90000000e+00   0.00000000e+00   1.00000000e+00   3.84459305e-02   1.61643977e-04   4.64011826e+00   7.94059230e+00
 4.91000000e+00   0.00000000e+00   1.00000000e+00   3.95217343e-02   1.77115599e-04   4.63828098e+00   7.94170714e+00
 4.92000000e+00   0.00000000e+00   1.00000000e+00   4.07213689e-02   1.62430650e-04   4.63551246e+00   7.94193543e+00
 4.93000000e+00   0.00000000e+00   1.00000000e+00   4.20565132e-02   1.22307712e-04   4.63395139e+00   7.94169177e+00
 4.94000000e+00   0.00000000e+00   1.00000000e+00   4.35151857e-02   6.99083935e-05   4.63547238e+00   7.94153502e+00
 4.95000000e+00   0.00000000e+00   1.00000000e+00   4.50643813e-02   2.24373609e-05   4.64082863e+00   7.94237948e+00
 4.96000000e+00   0.00000000e+00   1.00000000e+00   4.66591573e-02  -4.59674172e-06   4.65006783e+00   7.94435420e+00
 4.97000000e+00   0.00000000e+00   1.00000000e+00   4.82580859e-02  -2.53310795e-06   4.66147484e+00   7.94752439e+00
 4.98000000e+00   0.00000000e+00   1.00000000e+00   4.98391824e-02   2.77401798e-05   4.67288577e+00   7.95161128e+00
 4.99000000e+00   0.00000000e+00   1.00000000e+00   5.14080840e-02   7.61455369e-05   4.68200342e+00   7.95625902e+00
 5.00000000e+00   0.00000000e+00   1.00000000e+00   5.29952292e-02   1.26636609e-04   4.68782251e+00   7.96099971e+00