  Time  Coordinate0  Coordinate1  Displacement0  Displacement1  Force0  Force1
 0.00000000e+00   0.00000000e+00   1.00000000e+00   0.00000000e+00   0.00000000e+00   0.00000000e+00   0.00000000e+00
 1.00000000e-02   0.00000000e+00   1.00000000e+00   5.32064160e-04   3.06856680e-06   1.23555909e+01   2.05912508e+01
 2.00000000e-02   0.00000000e+00   1.00000000e+00   1.69347519e-03   6.86276381e-05   7.95228532e+00   1.47177150e+01
 3.00000000e-02   0.00000000e+00   1.00000000e+00   3.08560929e-03   1.27875885e-04   6.80970036e+00   1.27612379e+01
 4.00000000e-02   0.00000000e+00   1.00000000e+00   4.61781724e-03   1.93555461e-04   6.22107081e+00   1.18742559e+01
 5.00000000e-02   0.00000000e+00   1.00000000e+00   6.23167103e-03   2.37637792e-04   5.82415390e+00   1.12837102e+01
 6.00000000e-02   0.00000000e+00   1.00000000e+00   7.82893313e-03   2.64927735e-04   5.54913544e+00   1.08642696e+01
 7.00000000e-02   0.00000000e+00   1.00000000e+00   9.43958436e-03   2.44336294e-04   5.32799925e+00   1.05191326e+01
 8.00000000e-02   0.00000000e+00   1.00000000e+00   1.13739877e-02   1.80229017e-04   5.13479164e+00   1.02289309e+01
 9.00000000e-02   0.00000000e+00   1.00000000e+00   1.42187010e-02   8.75582507e-05   4.96223536e+00   9.97429377e+00
 1.00000000e-01   0.00000000e+00   1.00000000e+00   1.82267817e-02   1.01521870e-05   4.84528289e+00   9.75885771e+00
 1.10000000e-01   0.00000000e+00   1.00000000e+00   2.28914138e-02  -2.30510484e-05   4.80951726e+00   9.58480314e+00
 1.20000000e-01   0.00000000e+00   1.00000000e+00   2.74917875e-02  -1.54852938e-05   4.82247138e+00   9.44095879e+00
 1.30000000e-01   0.00000000e+00   1.00000000e+00   3.19488661e-02   2.04966092e-05   4.83110986e+00   9.32062818e+00
 1.40000000e-01   0.00000000e+00   1.00000000e+00   3.65777477e-02   8.10280291e-05   4.83363512e+00   9.22648007e+00
 1.50000000e-01   0.00000000e+00   1.00000000e+00   4.12686644e-02   1.62088070e-04   4.85789463e+00   9.15510702e+00
 1.60000000e-01   0.00000000e+00   1.00000000e+00   4.56754554e-02   2.23898734e-04   4.89341792e+00   9.09682964e+00
 1.70000000e-01   0.00000000e+00   1.00000000e+00   4.98387686e-02   2.29252673e-04   4.91135278e+00   9.03814392e+00
 1.80000000e-01   0.00000000e+00   1.00000000e+00   5.39549378e-02   1.85116415e-04   4.91411739e+00   8.97126521e+00
 1.90000000e-01   0.00000000e+00   1.00000000e+00   5.80475190e-02   1.20775278e-04   4.91435281e+00   8.89396291e+00
 2.00000000e-01   0.00000000e+00   1.00000000e+00   6.21990593e-02   5.01400795e-05   4.91359117e+00   8.81958300e+00
 2.10000000e-01   0.00000000e+00   1.00000000e+00   6.65587049e-02  -1.69754796e-05   4.91849977e+00   8.75830271e+00
 2.20000000e-01   0.00000000e+00   1.00000000e+00   7.11215474e-02  -5.62832826e-05   4.93802107e+00   8.70481294e+00
 2.30000000e-01   0.00000000e+00   1.00000000e+00   7.57730594e-02  -4.65572463e-05   4.97465600e+00   8.65709698e+00
 2.40000000e-01   0.00000000e+00   1.00000000e+00   8.02396095e-02   1.22508454e-05   5.03297338e+00   8.62206877e+00
 2.50000000e-01   0.00000000e+00   1.00000000e+00   8.40593128e-02   9.37083702e-05   5.10050206e+00   8.59857356e+00
 2.60000000e-01   0.00000000e+00   1.00000000e+00   8.70566411e-02   1.61026956e-04   5.13905094e+00   8.57358254e+00
 2.70000000e-01   0.00000000e+00   1.00000000e+00   8.96369469e-02   1.97285764e-04   5.12845358e+00   8.54048871e+00
 2.80000000e-01   0.00000000e+00   1.00000000e+00   9.23488223e-02   2.03595152e-04   5.09069248e+00   8.50284122e+00
 2.90000000e-01   0.00000000e+00   1.00000000e+00   9.53810578e-02   1.72600434e-04   5.05943368e+00   8.46527667e+00
 3.00000000e-01   0.00000000e+00   1.00000000e+00   9.85843782e-02   9.98209551e-05   5.04433707e+00   8.42389077e+00
 3.10000000e-01   0.00000000e+00   1.00000000e+00   1.01874948e-01   1.30923291e-05   5.03079250e+00   8.37198360e+00
 3.20000000e-01   0.00000000e+00   1.00000000e+00   1.05459784e-01  -4.63038739e-05   5.01229303e+00   8.31806786e+00
 3.30000000e-01   0.00000000e+00   1.00000000e+00   1.09536310e-01  -6.09781494e-05   5.00626682e+00   8.27785206e+00
 3.40000000e-01   0.00000000e+00   1.00000000e+00   1.13958534e-01  -3.69531180e-05   5.03075557e+00   8.25649254e+00
 3.50000000e-01   0.00000000e+00   1.00000000e+00   1.18415471e-01   1.57833903e-05   5.07804644e+00   8.24766195e+00
 3.60000000e-01   0.00000000e+00   1.00000000e+00   1.22758613e-01   8.74396273e-05   5.12695261e+00   8.24232638e+00
 3.70000000e-01   0.00000000e+00   1.00000000e+00   1.26960186e-01   1.59188925e-04   5.16866872e+00   8.23561339e+00
 3.80000000e-01   0.00000000e+00   1.00000000e+00   1.30943513e-01   2.01507667e-04   5.20326673e+00   8.22624587e+00
 3.90000000e-01   0.00000000e+00   1.00000000e+00   1.34731037e-01   1.92455430e-04   5.22179052e+00   8.21242542e+00
 4.00000000e-01   0.00000000e+00   1.00000000e+00   1.38649200e-01   1.38152590e-04   5.21866250e+00   8.19218796e+00
 4.10000000e-01   0.00000000e+00   1.00000000e+00   1.43085116e-01   6.58398833e-05   5.21283199e+00   8.16651695e+00
 4.20000000e-01   0.00000000e+00   1.00000000e+00   1.48064227e-01  -2.19954533e-06   5.23551942e+00   8.14138955e+00
 4.30000000e-01   0.00000000e+00   1.00000000e+00   1.53229964e-01  -5.46606652e-05   5.29797319e+00   8.12291942e+00
 4.40000000e-01   0.00000000e+00   1.00000000e+00   1.58159359e-01  -7.55416448e-05   5.38441857e+00   8.11290884e+00
 4.50000000e-01   0.00000000e+00   1.00000000e+00   1.62636267e-01  -4.78565559e-05   5.46919089e+00   8.10890307e+00
 4.60000000e-01   0.00000000e+00   1.00000000e+00   1.66704975e-01   2.12118731e-05   5.53942689e+00   8.11196406e+00
 4.70000000e-01   0.00000000e+00   1.00000000e+00   1.70451172e-01   9.94549484e-05   5.60233586e+00   8.12489779e+00
 4.80000000e-01   0.00000000e+00   1.00000000e+00   1.73748068e-01   1.57029596e-04   5.66553413e+00   8.14305312e+00
 4.90000000e-01   0.00000000e+00   1.00000000e+00   1.76384749e-01   1.81302155e-04   5.71492419e+00   8.15364280e+00
 5.00000000e-01   0.00000000e+00   1.00000000e+00   1.78425410e-01   1.69380928e-04   5.72962167e+00   8.14934195e+00
 5.10000000e-01   0.00000000e+00   1.00000000e+00   1.80212433e-01   1.21302549e-04   5.71409389e+00   8.13525677e+00
 5.20000000e-01   0.00000000e+00   1.00000000e+00   1.82022702e-01   4.61246581e-05   5.69311266e+00   8.12038236e+00
 5.30000000e-01   0.00000000e+00   1.00000000e+00   1.83923788e-01  -2.99955066e-05   5.68372366e+00   8.10827879e+00
 5.40000000e-01   0.00000000e+00   1.00000000e+00   1.85903418e-01  -7.42122005e-05   5.68884675e+00   8.09954565e+00
 5.50000000e-01   0.00000000e+00   1.00000000e+00   1.87890684e-01  -7.13637553e-05   5.71047548e+00   8.09798957e+00
 5.60000000e-01   0.00000000e+00   1.00000000e+00   1.89650021e-01  -3.06242561e-05   5.74913577e+00   8.10596685e+00
 5.70000000e-01   0.00000000e+00   1.00000000e+00   1.90872625e-01   3.19270632e-05   5.79066603e+00   8.12153421e+00
 5.80000000e-01   0.00000000e+00   1.00000000e+00   1.91480905e-01   1.03007639e-04   5.80994602e+00   8.13838020e+00
 5.90000000e-01   0.00000000e+00   1.00000000e+00   1.91766117e-01   1.63024658e-04   5.79442280e+00   8.15254550e+00
 6.00000000e-01   0.00000000e+00   1.00000000e+00   1.92133408e-01   1.86231657e-04   5.75859174e+00   8.16237287e+00
 6.10000000e-01   0.00000000e+00   1.00000000e+00   1.92748081e-01   1.60013871e-04   5.72679602e+00   8.16637828e+00
 6.20000000e-01   0.00000000e+00   1.00000000e+00   1.93525142e-01   9.71428692e-05   5.70836611e+00   8.16298108e+00
 6.30000000e-01   0.00000000e+00   1.00000000e+00   1.94414527e-01   2.40886690e-05   5.69550210e+00   8.15258666e+00
 6.40000000e-01   0.00000000e+00   1.00000000e+00   1.95540127e-01  -3.69871145e-05   5.68458431e+00   8.14013053e+00
 6.50000000e-01   0.00000000e+00   1.00000000e+00   1.97029288e-01  -7.21661964e-05   5.68826280e+00   8.13459820e+00
 6.60000000e-01   0.00000000e+00   1.00000000e+00   1.98795560e-01  -7.02082898e-05   5.72217961e+00   8.14200204e+00
 6.70000000e-01   0.00000000e+00   1.00000000e+00   2.00527301e-01  -2.58043660e-05   5.78566684e+00   8.16164864e+00
 6.80000000e-01   0.00000000e+00   1.00000000e+00   2.01881207e-01   4.83277684e-05   5.85811368e+00   8.18607978e+00
 6.90000000e-01   0.00000000e+00   1.00000000e+00   2.02692310e-01   1.21919848e-04   5.91546326e+00   8.20913004e+00
 7.00000000e-01   0.00000000e+00   1.00000000e+00   2.03006438e-01   1.67072898e-04   5.94754202e+00   8.22788150e+00
 7.10000000e-01   0.00000000e+00   1.00000000e+00   2.02971612e-01   1.73815476e-04   5.95740999e+00   8.24117453e+00
 7.20000000e-01   0.00000000e+00   1.00000000e+00   2.02780887e-01   1.44603812e-04   5.95109057e+00   8.24777561e+00
 7.30000000e-01   0.00000000e+00   1.00000000e+00   2.02648809e-01   8.54897783e-05   5.93867477e+00   8.24719070e+00
 7.40000000e-01   0.00000000e+00   1.00000000e+00   2.02659710e-01   1.08036211e-05   5.93789485e+00   8.24282453e+00
 7.50000000e-01   0.00000000e+00   1.00000000e+00   2.02617625e-01  -5.27947852e-05   5.96172113e+00   8.24020655e+00
 7.60000000e-01   0.00000000e+00   1.00000000e+00   2.02188153e-01  -7.90211610e-05   6.00166907e+00   8.24341349e+00
 7.70000000e-01   0.00000000e+00   1.00000000e+00   2.01214407e-01  -5.95356661e-05   6.03624793e+00   8.25441372e+00
 7.80000000e-01   0.00000000e+00   1.00000000e+00   1.99778183e-01  -5.80480270e-06   6.05522746e+00   8.27310053e+00
 7.90000000e-01   0.00000000e+00   1.00000000e+00   1.97949192e-01   6.31170899e-05   6.06618829e+00   8.29901376e+00
 8.00000000e-01   0.00000000e+00   1.00000000e+00   1.95623734e-01   1.29177858e-04   6.07208479e+00   8.32614140e+00
 8.10000000e-01   0.00000000e+00   1.00000000e+00   1.92682997e-01   1.73610647e-04   6.06083264e+00   8.34792860e+00
 8.20000000e-01   0.00000000e+00   1.00000000e+00   1.89233619e-01   1.78268146e-04   6.01768582e+00   8.35784759e+00
 8.30000000e-01   0.00000000e+00   1.00000000e+00   1.85618085e-01   1.38114090e-04   5.94553673e+00   8.35549821e+00
 8.40000000e-01   0.00000000e+00   1.00000000e+00   1.82197556e-01   6.94978654e-05   5.86511125e+00   8.34657363e+00
 8.50000000e-01   0.00000000e+00   1.00000000e+00   1.79146658e-01  -1.80918981e-07   5.79956239e+00   8.33842121e+00
 8.60000000e-01   0.00000000e+00   1.00000000e+00   1.76422717e-01  -4.93246345e-05   5.75899420e+00   8.33467285e+00
 8.70000000e-01   0.00000000e+00   1.00000000e+00   1.73854668e-01  -6.61620276e-05   5.74147037e+00   8.33642342e+00
 8.80000000e-01   0.00000000e+00   1.00000000e+00   1.71230523e-01  -4.45958528e-05   5.73913537e+00   8.34399470e+00
 8.90000000e-01   0.00000000e+00   1.00000000e+00   1.68370948e-01   1.28635329e-05   5.74123641e+00   8.35870570e+00
 9.00000000e-01   0.00000000e+00   1.00000000e+00   1.65224679e-01   8.84026023e-05   5.73446156e+00   8.37857672e+00
 9.10000000e-01   0.00000000e+00   1.00000000e+00   1.61923858e-01   1.53544580e-04   5.70966083e+00   8.39808872e+00
 9.20000000e-01   0.00000000e+00   1.00000000e+00   1.58694542e-01   1.85081473e-04   5.67055408e+00   8.41102790e+00
 9.30000000e-01   0.00000000e+00   1.00000000e+00   1.55668996e-01   1.75968470e-04   5.63017851e+00   8.41495097e+00
 9.40000000e-01   0.00000000e+00   1.00000000e+00   1.52810995e-01   1.32417375e-04   5.59814709e+00   8.41056716e+00
 9.50000000e-01   0.00000000e+00   1.00000000e+00   1.50059363e-01   6.68778297e-05   5.57158753e+00   8.39961232e+00
 9.60000000e-01   0.00000000e+00   1.00000000e+00   1.47486267e-01  -2.35919593e-06   5.54646319e+00   8.38623079e+00
 9.70000000e-01   0.00000000e+00   1.00000000e+00   1.45207943e-01  -5.11324318e-05   5.53143647e+00   8.37714611e+00
 9.80000000e-01   0.00000000e+00   1.00000000e+00   1.43139069e-01  -5.95001818e-05   5.54127769e+00   8.37885697e+00
 9.90000000e-01   0.00000000e+00   1.00000000e+00   1.40938051e-01  -2.48023608e-05   5.57730518e+00   8.39252861e+00
 1.00000000e+00   0.00000000e+00   1.00000000e+00   1.38237287e-01   3.79395836e-05   5.61973860e+00   8.41283011e+00
 1.01000000e+00   0.00000000e+00   1.00000000e+00   1.34882389e-01   1.07410630e-04   5.64428670e+00   8.43185619e+00
 1.02000000e+00   0.00000000e+00   1.00000000e+00   1.30956475e-01   1.64199057e-04   5.63953919e+00   8.44503006e+00
 1.03000000e+00   0.00000000e+00   1.00000000e+00   1.26665560e-01   1.91518184e-04   5.60880299e+00   8.45193301e+00
 1.04000000e+00   0.00000000e+00   1.00000000e+00   1.22238523e-01   1.78123064e-04   5.56093167e+00   8.45197003e+00
 1.05000000e+00   0.00000000e+00   1.00000000e+00   1.17858798e-01   1.26574376e-04   5.50645119e+00   8.44350306e+00
 1.06000000e+00   0.00000000e+00   1.00000000e+00   1.13595624e-01   5.61152858e-05   5.45645284e+00   8.42733657e+00
 1.07000000e+00   0.00000000e+00   1.00000000e+00   1.09378089e-01  -6.97556265e-06   5.41864355e+00   8.40899936e+00
 1.08000000e+00   0.00000000e+00   1.00000000e+00   1.05070085e-01  -4.26354084e-05   5.39220266e+00   8.39551798e+00
 1.09000000e+00   0.00000000e+00   1.00000000e+00   1.00597109e-01  -4.17303255e-05   5.36904531e+00   8.39020484e+00
 1.10000000e+00   0.00000000e+00   1.00000000e+00   9.59882117e-02  -3.94682437e-06   5.34267181e+00   8.39246612e+00
 1.11000000e+00   0.00000000e+00   1.00000000e+00   9.12794545e-02   6.16263093e-05   5.31384369e+00   8.39985410e+00
 1.12000000e+00   0.00000000e+00   1.00000000e+00   8.64148202e-02   1.34325052e-04   5.28447149e+00   8.40846738e+00
 1.13000000e+00   0.00000000e+00   1.00000000e+00   8.13160831e-02   1.87904682e-04   5.24861971e+00   8.41203031e+00
 1.14000000e+00   0.00000000e+00   1.00000000e+00   7.60727995e-02   2.03953785e-04   5.19518411e+00   8.40401062e+00
 1.15000000e+00   0.00000000e+00   1.00000000e+00   7.10053477e-02   1.79946663e-04   5.12090589e+00   8.38403227e+00
 1.16000000e+00   0.00000000e+00   1.00000000e+00   6.64800245e-02   1.26079343e-04   5.03837489e+00   8.35775904e+00
 1.17000000e+00   0.00000000e+00   1.00000000e+00   6.26594984e-02   5.89377738e-05   4.96791798e+00   8.33193009e+00
 1.18000000e+00   0.00000000e+00   1.00000000e+00   5.94403220e-02  -1.15160798e-06   4.92298833e+00   8.30992560e+00
 1.19000000e+00   0.00000000e+00   1.00000000e+00   5.65865626e-02  -3.32540638e-05   4.90357023e+00   8.29297974e+00
 1.20000000e+00   0.00000000e+00   1.00000000e+00   5.38739796e-02  -2.43771398e-05   4.90091520e+00   8.28275908e+00
 1.21000000e+00   0.00000000e+00   1.00000000e+00   5.11445646e-02   2.24027112e-05   4.90581455e+00   8.28104901e+00
 1.22000000e+00   0.00000000e+00   1.00000000e+00   4.83259698e-02   8.94797558e-05   4.90947005e+00   8.28649821e+00
 1.23000000e+00   0.00000000e+00   1.00000000e+00   4.54476928e-02   1.54550262e-04   4.90480588e+00   8.29357704e+00
 1.24000000e+00   0.00000000e+00   1.00000000e+00   4.26004328e-02   1.98527428e-04   4.88988357e+00   8.29538887e+00
 1.25000000e+00   0.00000000e+00   1.00000000e+00   3.98447395e-02   2.08007345e-04   4.86924479e+00   8.28786506e+00
 1.26000000e+00   0.00000000e+00   1.00000000e+00   3.71801200e-02   1.78146709e-04   4.84740522e+00   8.27106959e+00
 1.27000000e+00   0.00000000e+00   1.00000000e+00   3.46192292e-02   1.17678287e-04   4.82476194e+00   8.24735219e+00
 1.28000000e+00   0.00000000e+00   1.00000000e+00   3.22484592e-02   4.82543150e-05   4.80067885e+00   8.22105806e+00
 1.29000000e+00   0.00000000e+00   1.00000000e+00   3.01509352e-02  -5.48597408e-06   4.78105788e+00   8.19814757e+00
 1.30000000e+00   0.00000000e+00   1.00000000e+00   2.82512005e-02  -2.68682522e-05   4.77659018e+00   8.18405231e+00
 1.31000000e+00   0.00000000e+00   1.00000000e+00   2.62726486e-02  -1.07357787e-05   4.79224751e+00   8.17972458e+00
 1.32000000e+00   0.00000000e+00   1.00000000e+00   2.38975864e-02   3.81321838e-05   4.81768474e+00   8.18067115e+00
 1.33000000e+00   0.00000000e+00   1.00000000e+00   2.09933493e-02   1.05715762e-04   4.83343386e+00   8.18078478e+00
 1.34000000e+00   0.00000000e+00   1.00000000e+00   1.76887717e-02   1.70040531e-04   4.82573604e+00   8.17627878e+00
 1.35000000e+00   0.00000000e+00   1.00000000e+00   1.42538198e-02   2.08343607e-04   4.79449370e+00   8.16646710e+00
 1.36000000e+00   0.00000000e+00   1.00000000e+00   1.09355121e-02   2.07807522e-04   4.74880585e+00   8.14978077e+00
 1.37000000e+00   0.00000000e+00   1.00000000e+00   7.89061724e-03   1.70786594e-04   4.69819841e+00   8.12457516e+00
 1.38000000e+00   0.00000000e+00   1.00000000e+00   5.19731366e-03   1.10981712e-04   4.64943713e+00   8.09175183e+00
 1.39000000e+00   0.00000000e+00   1.00000000e+00   2.86949765e-03   4.69853211e-05   4.60768541e+00   8.05649683e+00
 1.40000000e+00   0.00000000e+00   1.00000000e+00   8.71895293e-04  -1.42158316e-06   4.57578063e+00   8.02572745e+00
 1.41000000e+00   0.00000000e+00   1.00000000e+00  -8.39652570e-04  -1.72226884e-05   4.55296077e+00   8.00400095e+00
 1.42000000e+00   0.00000000e+00   1.00000000e+00  -2.29455466e-03   6.59159093e-06   4.53641935e+00   7.99208359e+00
 1.43000000e+00   0.00000000e+00   1.00000000e+00  -3.54361011e-03   6.17999729e-05   4.52528169e+00   7.98767321e+00
 1.44000000e+00   0.00000000e+00   1.00000000e+00  -4.69102385e-03   1.28468001e-04   4.51914185e+00   7.98596358e+00
 1.45000000e+00   0.00000000e+00   1.00000000e+00  -5.82345109e-03   1.84642288e-04   4.51252614e+00   7.98119773e+00
 1.46000000e+00   0.00000000e+00   1.00000000e+00  -6.87509605e-03   2.13556011e-04   4.49527586e+00   7.96907176e+00
 1.47000000e+00   0.00000000e+00   1.00000000e+00  -7.59580126e-03   2.06238119e-04   4.46068555e+00   7.94958310e+00
 1.48000000e+00   0.00000000e+00   1.00000000e+00  -7.70298909e-03   1.63628273e-04   4.41512912e+00   7.92561568e+00
 1.49000000e+00   0.00000000e+00   1.00000000e+00  -7.08925282e-03   9.87836755e-05   4.37637507e+00   7.90110046e+00
 1.50000000e+00   0.00000000e+00   1.00000000e+00  -5.89143910e-03   3.40589000e-05   4.35981371e+00   7.87933173e+00
 1.51000000e+00   0.00000000e+00   1.00000000e+00  -4.37964591e-03  -8.24991662e-06   4.36835435e+00   7.86254036e+00
 1.52000000e+00   0.00000000e+00   1.00000000e+00  -2.79824165e-03  -1.52965449e-05   4.39367787e+00   7.85263071e+00
 1.53000000e+00   0.00000000e+00   1.00000000e+00  -1.29363046e-03   1.35941825e-05   4.42533439e+00   7.85096878e+00
 1.54000000e+00   0.00000000e+00   1.00000000e+00   6.57402393e-05   6.90338348e-05   4.45624521e+00   7.85647073e+00
 1.55000000e+00   0.00000000e+00   1.00000000e+00   1.25469950e-03   1.33989919e-04   4.48226801e+00   7.86441497e+00
 1.56000000e+00   0.00000000e+00   1.00000000e+00   2.28277729e-03   1.86889087e-04   4.49975191e+00   7.86847816e+00
 1.57000000e+00   0.00000000e+00   1.00000000e+00   3.19284948e-03   2.08752404e-04   4.50688389e+00   7.86374771e+00
 1.58000000e+00   0.00000000e+00   1.00000000e+00   4.05632104e-03   1.91791218e-04   4.50437604e+00   7.84964220e+00
 1.59000000e+00   0.00000000e+00   1.00000000e+00   4.97835294e-03   1.42740540e-04   4.49414596e+00   7.82843336e+00
 1.60000000e+00   0.00000000e+00   1.00000000e+00   6.09176922e-03   7.84241641e-05   4.47917897e+00   7.80508893e+00
 1.61000000e+00   0.00000000e+00   1.00000000e+00   7.48934157e-03   1.89546941e-05   4.46668457e+00   7.78457536e+00
 1.62000000e+00   0.00000000e+00   1.00000000e+00   9.11828366e-03  -1.71701987e-05   4.46658143e+00   7.77055661e+00
 1.63000000e+00   0.00000000e+00   1.00000000e+00   1.07590887e-02  -1.75357597e-05   4.48394818e+00   7.76425853e+00
 1.64000000e+00   0.00000000e+00   1.00000000e+00   1.21613071e-02   1.89710769e-05   4.51144338e+00   7.76302505e+00
 1.65000000e+00   0.00000000e+00   1.00000000e+00   1.32338882e-02   7.98970483e-05   4.53268329e+00   7.76342794e+00
 1.66000000e+00   0.00000000e+00   1.00000000e+00   1.41117517e-02   1.43935310e-04   4.53502439e+00   7.76292827e+00
 1.67000000e+00   0.00000000e+00   1.00000000e+00   1.50503682e-02   1.89928942e-04   4.51734852e+00   7.75952009e+00
 1.68000000e+00   0.00000000e+00   1.00000000e+00   1.62722092e-02   2.03846791e-04   4.48798225e+00   7.75147335e+00
 1.69000000e+00   0.00000000e+00   1.00000000e+00   1.79003741e-02   1.81378848e-04   4.45625900e+00   7.73741183e+00
 1.70000000e+00   0.00000000e+00   1.00000000e+00   1.99868057e-02   1.28806596e-04   4.42813441e+00   7.71784825e+00
 1.71000000e+00   0.00000000e+00   1.00000000e+00   2.25526010e-02   6.26821224e-05   4.40707441e+00   7.69651757e+00
 1.72000000e+00   0.00000000e+00   1.00000000e+00   2.55891967e-02   5.39331138e-06   4.39674147e+00   7.67941948e+00
 1.73000000e+00   0.00000000e+00   1.00000000e+00   2.90384456e-02  -2.36475336e-05   4.40080940e+00   7.67165693e+00
 1.74000000e+00   0.00000000e+00   1.00000000e+00   3.27839434e-02  -1.57380068e-05   4.42010617e+00   7.67436903e+00
 1.75000000e+00   0.00000000e+00   1.00000000e+00   3.66627561e-02   2.52208575e-05   4.45264115e+00   7.68468488e+00
 1.76000000e+00   0.00000000e+00   1.00000000e+00   4.05037310e-02   8.56087038e-05   4.49248644e+00   7.69776988e+00
 1.77000000e+00   0.00000000e+00   1.00000000e+00   4.42018399e-02   1.46095416e-04   4.52994556e+00   7.70898500e+00
 1.78000000e+00   0.00000000e+00   1.00000000e+00   4.77976125e-02   1.86397493e-04   4.55534145e+00   7.71528556e+00
 1.79000000e+00   0.00000000e+00   1.00000000e+00   5.14792556e-02   1.91971059e-04   4.56522458e+00   7.71596346e+00
 1.80000000e+00   0.00000000e+00   1.00000000e+00   5.54611672e-02   1.60394739e-04   4.56730481e+00   7.71208844e+00
 1.81000000e+00   0.00000000e+00   1.00000000e+00   5.98179326e-02   1.02546792e-04   4.57678859e+00   7.70570383e+00
 1.82000000e+00   0.00000000e+00   1.00000000e+00   6.44215805e-02   3.75814950e-05   4.60543076e+00   7.69966359e+00
 1.83000000e+00   0.00000000e+00   1.00000000e+00   6.90346451e-02  -1.41518960e-05   4.65337112e+00   7.69688722e+00
 1.84000000e+00   0.00000000e+00   1.00000000e+00   7.34545564e-02  -3.66234502e-05   4.71132341e+00   7.69942366e+00
 1.85000000e+00   0.00000000e+00   1.00000000e+00   7.75758086e-02  -2.23201548e-05   4.77001505e+00   7.70859746e+00
 1.86000000e+00   0.00000000e+00   1.00000000e+00   8.13551299e-02   2.44808908e-05   4.82378691e+00   7.72381957e+00
 1.87000000e+00   0.00000000e+00   1.00000000e+00   8.47671330e-02   8.78090778e-05   4.86952146e+00   7.74163192e+00
 1.88000000e+00   0.00000000e+00   1.00000000e+00   8.78120170e-02   1.45687591e-04   4.90245214e+00   7.75637201e+00
 1.89000000e+00   0.00000000e+00   1.00000000e+00   9.05525600e-02   1.78802957e-04   4.91904806e+00   7.76355949e+00
 1.90000000e+00   0.00000000e+00   1.00000000e+00   9.31292871e-02   1.76835785e-04   4.91886488e+00   7.76209334e+00
 1.91000000e+00   0.00000000e+00   1.00000000e+00   9.57341694e-02   1.40536508e-04   4.90669030e+00   7.75469765e+00
 1.92000000e+00   0.00000000e+00   1.00000000e+00   9.85499274e-02   8.11004551e-05   4.89153993e+00   7.74572020e+00
 1.93000000e+00   0.00000000e+00   1.00000000e+00   1.01670499e-01   1.76584732e-05   4.88428837e+00   7.73887381e+00
 1.94000000e+00   0.00000000e+00   1.00000000e+00   1.05039960e-01  -2.84288187e-05   4.89406308e+00   7.73727294e+00
 1.95000000e+00   0.00000000e+00   1.00000000e+00   1.08468348e-01  -4.16823096e-05   4.92213888e+00   7.74222500e+00
 1.96000000e+00   0.00000000e+00   1.00000000e+00   1.11746038e-01  -1.84503777e-05   4.96005531e+00   7.75312478e+00
 1.97000000e+00   0.00000000e+00   1.00000000e+00   1.14786272e-01   3.27108831e-05   4.99323779e+00   7.76741584e+00
 1.98000000e+00   0.00000000e+00   1.00000000e+00   1.17678162e-01   9.49556732e-05   5.01208433e+00   7.78252906e+00
 1.99000000e+00   0.00000000e+00   1.00000000e+00   1.20607131e-01   1.48271650e-04   5.01724025e+00   7.79613248e+00
 2.00000000e+00   0.00000000e+00   1.00000000e+00   1.23727759e-01   1.74928136e-04   5.01658224e+00   7.80611093e+00
 2.01000000e+00   0.00000000e+00   1.00000000e+00   1.27107158e-01   1.65310576e-04   5.01795478e+00   7.81028225e+00
 2.02000000e+00   0.00000000e+00   1.00000000e+00   1.30759895e-01   1.22245122e-04   5.02518543e+00   7.80875791e+00
 2.03000000e+00   0.00000000e+00   1.00000000e+00   1.34693285e-01   6.02904088e-05   5.04126546e+00   7.80465612e+00
 2.04000000e+00   0.00000000e+00   1.00000000e+00   1.38894376e-01  -8.72527316e-08   5.07080621e+00   7.80340039e+00
 2.05000000e+00   0.00000000e+00   1.00000000e+00   1.43279681e-01  -3.97276177e-05   5.11848668e+00   7.80955378e+00
 2.06000000e+00   0.00000000e+00   1.00000000e+00   1.47674453e-01  -4.62225100e-05   5.18496212e+00   7.82419507e+00
 2.07000000e+00   0.00000000e+00   1.00000000e+00   1.51851717e-01  -1.74627314e-05   5.26351843e+00   7.84515894e+00
 2.08000000e+00   0.00000000e+00   1.00000000e+00   1.55611235e-01   3.70824377e-05   5.34191911e+00   7.86856401e+00
 2.09000000e+00   0.00000000e+00   1.00000000e+00   1.58860966e-01   9.88391371e-05   5.40684845e+00   7.89059507e+00
 2.10000000e+00   0.00000000e+00   1.00000000e+00   1.61661614e-01   1.46772966e-04   5.44983846e+00   7.90826182e+00
 2.11000000e+00   0.00000000e+00   1.00000000e+00   1.64196719e-01   1.65009044e-04   5.47183094e+00   7.92045529e+00
 2.12000000e+00   0.00000000e+00   1.00000000e+00   1.66663894e-01   1.47829327e-04   5.48244669e+00   7.92690248e+00
 2.13000000e+00   0.00000000e+00   1.00000000e+00   1.69151719e-01   1.00760948e-04   5.49535508e+00   7.92945486e+00
 2.14000000e+00   0.00000000e+00   1.00000000e+00   1.71597099e-01   3.87531966e-05   5.51916712e+00   7.93081226e+00
 2.15000000e+00   0.00000000e+00   1.00000000e+00   1.73853697e-01  -1.80439504e-05   5.55353189e+00   7.93386166e+00
 2.16000000e+00   0.00000000e+00   1.00000000e+00   1.75799319e-01  -5.06506332e-05   5.59177769e+00   7.94139047e+00
 2.17000000e+00   0.00000000e+00   1.00000000e+00   1.77383077e-01  -4.81088798e-05   5.62749205e+00   7.95525739e+00
 2.18000000e+00   0.00000000e+00   1.00000000e+00   1.78593241e-01  -1.15829275e-05   5.65741751e+00   7.97516286e+00
 2.19000000e+00   0.00000000e+00   1.00000000e+00   1.79417281e-01   4.64499583e-05   5.67891051e+00   7.99829192e+00
 2.20000000e+00   0.00000000e+00   1.00000000e+00   1.79859716e-01   1.06942422e-04   5.68700469e+00   8.01933309e+00
 2.21000000e+00   0.00000000e+00   1.00000000e+00   1.79999182e-01   1.50315905e-04   5.67721229e+00   8.03402883e+00
 2.22000000e+00   0.00000000e+00   1.00000000e+00   1.80013001e-01   1.62231849e-04   5.64994435e+00   8.04100394e+00
 2.23000000e+00   0.00000000e+00   1.00000000e+00   1.80130131e-01   1.38463764e-04   5.61287593e+00   8.04203922e+00
 2.24000000e+00   0.00000000e+00   1.00000000e+00   1.80538790e-01   8.69054235e-05   5.57909049e+00   8.04065225e+00
 2.25000000e+00   0.00000000e+00   1.00000000e+00   1.81303655e-01   2.49643421e-05   5.56107927e+00   8.04025928e+00
 2.26000000e+00   0.00000000e+00   1.00000000e+00   1.82336034e-01  -2.68084997e-05   5.56577753e+00   8.04383293e+00
 2.27000000e+00   0.00000000e+00   1.00000000e+00   1.83437046e-01  -5.16891201e-05   5.59158838e+00   8.05316106e+00
 2.28000000e+00   0.00000000e+00   1.00000000e+00   1.84400403e-01  -4.18211261e-05   5.62878574e+00   8.06868404e+00
 2.29000000e+00   0.00000000e+00   1.00000000e+00   1.85117588e-01  -2.73390876e-07   5.66430455e+00   8.08860856e+00
 2.30000000e+00   0.00000000e+00   1.00000000e+00   1.85612248e-01   5.95797592e-05   5.68941335e+00   8.11038409e+00
 2.31000000e+00   0.00000000e+00   1.00000000e+00   1.85982406e-01   1.17806217e-04   5.70349209e+00   8.13073845e+00
 2.32000000e+00   0.00000000e+00   1.00000000e+00   1.86311739e-01   1.54665200e-04   5.71095898e+00   8.14658738e+00
 2.33000000e+00   0.00000000e+00   1.00000000e+00   1.86632704e-01   1.57964733e-04   5.71633512e+00   8.15592094e+00
 2.34000000e+00   0.00000000e+00   1.00000000e+00   1.86955532e-01   1.27079116e-04   5.72212986e+00   8.15896535e+00
 2.35000000e+00   0.00000000e+00   1.00000000e+00   1.87299408e-01   7.23561395e-05   5.73094325e+00   8.15848512e+00
 2.36000000e+00   0.00000000e+00   1.00000000e+00   1.87668322e-01   1.15098915e-05   5.74812709e+00   8.15931904e+00
 2.37000000e+00   0.00000000e+00   1.00000000e+00   1.87990606e-01  -3.56745714e-05   5.77917117e+00   8.16587311e+00
 2.38000000e+00   0.00000000e+00   1.00000000e+00   1.88093829e-01  -5.34129437e-05   5.82406938e+00   8.17970957e+00
 2.39000000e+00   0.00000000e+00   1.00000000e+00   1.87756807e-01  -3.56083111e-05   5.87424484e+00   8.19982750e+00
 2.40000000e+00   0.00000000e+00   1.00000000e+00   1.86809481e-01   1.16617685e-05   5.91599788e+00   8.22283235e+00
 2.41000000e+00   0.00000000e+00   1.00000000e+00   1.85215516e-01   7.25125560e-05   5.93617798e+00   8.24480617e+00
 2.42000000e+00   0.00000000e+00   1.00000000e+00   1.83090392e-01   1.27044582e-04   5.92947108e+00   8.26301257e+00
 2.43000000e+00   0.00000000e+00   1.00000000e+00   1.80647463e-01   1.57834883e-04   5.89949035e+00   8.27502760e+00
 2.44000000e+00   0.00000000e+00   1.00000000e+00   1.78099949e-01   1.54992078e-04   5.85672457e+00   8.28074013e+00
 2.45000000e+00   0.00000000e+00   1.00000000e+00   1.75572093e-01   1.19351765e-04   5.81323576e+00   8.28093476e+00
 2.46000000e+00   0.00000000e+00   1.00000000e+00   1.73073139e-01   6.27748730e-05   5.77730139e+00   8.27820099e+00
 2.47000000e+00   0.00000000e+00   1.00000000e+00   1.70544820e-01   4.48497960e-06   5.75060114e+00   8.27615630e+00
 2.48000000e+00   0.00000000e+00   1.00000000e+00   1.67931583e-01  -3.58549920e-05   5.73068641e+00   8.27808237e+00
 2.49000000e+00   0.00000000e+00   1.00000000e+00   1.65208126e-01  -4.49868651e-05   5.71438014e+00   8.28629953e+00
 2.50000000e+00   0.00000000e+00   1.00000000e+00   1.62355046e-01  -1.99727931e-05   5.69956994e+00   8.30052592e+00
 2.51000000e+00   0.00000000e+00   1.00000000e+00   1.59337740e-01   3.13003146e-05   5.68344115e+00   8.31786180e+00
 2.52000000e+00   0.00000000e+00   1.00000000e+00   1.56137556e-01   9.24575053e-05   5.66055023e+00   8.33346209e+00
 2.53000000e+00   0.00000000e+00   1.00000000e+00   1.52814205e-01   1.43553931e-04   5.62538295e+00   8.34332678e+00
 2.54000000e+00   0.00000000e+00   1.00000000e+00   1.49529458e-01   1.67759672e-04   5.57736379e+00   8.34548191e+00
 2.55000000e+00   0.00000000e+00   1.00000000e+00   1.46491640e-01   1.57387790e-04   5.52327612e+00   8.34156220e+00
 2.56000000e+00   0.00000000e+00   1.00000000e+00   1.43852545e-01   1.16443992e-04   5.47517387e+00   8.33437767e+00
 2.57000000e+00   0.00000000e+00   1.00000000e+00   1.41627207e-01   5.87879879e-05   5.44445341e+00   8.32717585e+00
 2.58000000e+00   0.00000000e+00   1.00000000e+00   1.39684865e-01   3.32620120e-06   5.43614442e+00   8.32305136e+00
 2.59000000e+00   0.00000000e+00   1.00000000e+00   1.37810263e-01  -3.17170854e-05   5.44740903e+00   8.32439659e+00
 2.60000000e+00   0.00000000e+00   1.00000000e+00   1.35797033e-01  -3.44991718e-05   5.46912488e+00   8.33195685e+00
 2.61000000e+00   0.00000000e+00   1.00000000e+00   1.33522366e-01  -3.76299025e-06   5.49011525e+00   8.34465184e+00
 2.62000000e+00   0.00000000e+00   1.00000000e+00   1.30965161e-01   5.03529913e-05   5.50230659e+00   8.35976278e+00
 2.63000000e+00   0.00000000e+00   1.00000000e+00   1.28167467e-01   1.09886744e-04   5.50274179e+00   8.37340588e+00
 2.64000000e+00   0.00000000e+00   1.00000000e+00   1.25181497e-01   1.55427143e-04   5.49240206e+00   8.38200544e+00
 2.65000000e+00   0.00000000e+00   1.00000000e+00   1.22050693e-01   1.72477636e-04   5.47362188e+00   8.38317455e+00
 2.66000000e+00   0.00000000e+00   1.00000000e+00   1.18828197e-01   1.55791587e-04   5.44802273e+00   8.37707287e+00
 2.67000000e+00   0.00000000e+00   1.00000000e+00   1.15586415e-01   1.10991345e-04   5.41941804e+00   8.36650456e+00
 2.68000000e+00   0.00000000e+00   1.00000000e+00   1.12378877e-01   5.29908737e-05   5.39372244e+00   8.35587120e+00
 2.69000000e+00   0.00000000e+00   1.00000000e+00   1.09177346e-01   1.23477700e-06   5.37719568e+00   8.34930668e+00
 2.70000000e+00   0.00000000e+00   1.00000000e+00   1.05850607e-01  -2.69224652e-05   5.37171380e+00   8.34874313e+00
 2.71000000e+00   0.00000000e+00   1.00000000e+00   1.02222343e-01  -2.21095683e-05   5.37148635e+00   8.35310329e+00
 2.72000000e+00   0.00000000e+00   1.00000000e+00   9.81745197e-02   1.41916892e-05   5.36564469e+00   8.35944447e+00
 2.73000000e+00   0.00000000e+00   1.00000000e+00   9.37236598e-02   7.04364099e-05   5.34420848e+00   8.36435791e+00
 2.74000000e+00   0.00000000e+00   1.00000000e+00   8.90225766e-02   1.28681173e-04   5.30327749e+00   8.36517238e+00
 2.75000000e+00   0.00000000e+00   1.00000000e+00   8.42951185e-02   1.70156789e-04   5.24623210e+00   8.36018939e+00
 2.76000000e+00   0.00000000e+00   1.00000000e+00   7.97485963e-02   1.81460279e-04   5.18102339e+00   8.34855564e+00
 2.77000000e+00   0.00000000e+00   1.00000000e+00   7.55114405e-02   1.59271522e-04   5.11672720e+00   8.33094209e+00
 2.78000000e+00   0.00000000e+00   1.00000000e+00   7.16216236e-02   1.11445896e-04   5.06037899e+00   8.30977122e+00
 2.79000000e+00   0.00000000e+00   1.00000000e+00   6.80576710e-02   5.41507842e-05   5.01501384e+00   8.28917798e+00
 2.80000000e+00   0.00000000e+00   1.00000000e+00   6.47765390e-02   6.48025648e-06   4.98099051e+00   8.27302356e+00
 2.81000000e+00   0.00000000e+00   1.00000000e+00   6.17248670e-02  -1.56305765e-05   4.95713367e+00   8.26374006e+00
 2.82000000e+00   0.00000000e+00   1.00000000e+00   5.88267253e-02  -4.55638570e-06   4.94216850e+00   8.26112710e+00
 2.83000000e+00   0.00000000e+00   1.00000000e+00   5.59863434e-02   3.63338410e-05   4.93264931e+00   8.26242298e+00
 2.84000000e+00   0.00000000e+00   1.00000000e+00   5.31331595e-02   9.36482615e-05   4.92269182e+00   8.26324647e+00
 2.85000000e+00   0.00000000e+00   1.00000000e+00   5.02836436e-02   1.48561729e-04   4.90538075e+00   8.25982772e+00
 2.86000000e+00   0.00000000e+00   1.00000000e+00   4.75587748e-02   1.83194122e-04   4.87732897e+00   8.25040342e+00
 2.87000000e+00   0.00000000e+00   1.00000000e+00   4.51246335e-02   1.86433566e-04   4.84221525e+00   8.23590880e+00
 2.88000000e+00   0.00000000e+00   1.00000000e+00   4.30909427e-02   1.57346282e-04   4.80901857e+00   8.21844935e+00
 2.89000000e+00   0.00000000e+00   1.00000000e+00   4.14394117e-02   1.05476425e-04   4.78751450e+00   8.20071544e+00
 2.90000000e+00   0.00000000e+00   1.00000000e+00   4.00271818e-02   4.79062901e-05   4.78286016e+00   8.18517518e+00
 2.91000000e+00   0.00000000e+00   1.00000000e+00   3.86531602e-02   3.73364168e-06   4.79318438e+00   8.17405084e+00
 2.92000000e+00   0.00000000e+00   1.00000000e+00   3.71387206e-02  -1.24097992e-05   4.81169015e+00   8.16830866e+00
 2.93000000e+00   0.00000000e+00   1.00000000e+00   3.53787610e-02   4.74778285e-06   4.82985155e+00   8.16745810e+00
 2.94000000e+00   0.00000000e+00   1.00000000e+00   3.33478353e-02   4.95796128e-05   4.84117026e+00   8.16898740e+00
 2.95000000e+00   0.00000000e+00   1.00000000e+00   3.10758378e-02   1.07547644e-04   4.84198657e+00   8.16902563e+00
 2.96000000e+00   0.00000000e+00   1.00000000e+00   2.86230631e-02   1.59807222e-04   4.83138492e+00   8.16369734e+00
 2.97000000e+00   0.00000000e+00   1.00000000e+00   2.60752406e-02   1.89231621e-04   4.80986973e+00   8.15099666e+00
 2.98000000e+00   0.00000000e+00   1.00000000e+00   2.35495073e-02   1.86186541e-04   4.77900545e+00   8.13110263e+00
 2.99000000e+00   0.00000000e+00   1.00000000e+00   2.11798845e-02   1.51946752e-04   4.74241913e+00   8.10674367e+00
 3.00000000e+00   0.00000000e+00   1.00000000e+00   1.90658250e-02   9.81977036e-05   4.70659998e+00   8.08202830e+00
 3.01000000e+00   0.00000000e+00   1.00000000e+00   1.72124658e-02   4.29166388e-05   4.67876700e+00   8.06058403e+00
 3.02000000e+00   0.00000000e+00   1.00000000e+00   1.55179021e-02   4.37086237e-06   4.66303421e+00   8.04431122e+00
 3.03000000e+00   0.00000000e+00   1.00000000e+00   1.38337417e-02  -4.64297602e-06   4.65720425e+00   8.03281739e+00
 3.04000000e+00   0.00000000e+00   1.00000000e+00   1.20632324e-02   1.91326065e-05   4.65315339e+00   8.02431311e+00
 3.05000000e+00   0.00000000e+00   1.00000000e+00   1.02279013e-02   6.80957607e-05   4.64218116e+00   8.01644615e+00
 3.06000000e+00   0.00000000e+00   1.00000000e+00   8.46095747e-03   1.26209478e-04   4.61914898e+00   8.00717502e+00
 3.07000000e+00   0.00000000e+00   1.00000000e+00   6.94262790e-03   1.74356216e-04   4.58494990e+00   7.99482160e+00
 3.08000000e+00   0.00000000e+00   1.00000000e+00   5.82714456e-03   1.96885566e-04   4.54469825e+00   7.97810890e+00
 3.09000000e+00   0.00000000e+00   1.00000000e+00   5.20181414e-03   1.86632374e-04   4.50527741e+00   7.95728292e+00
 3.10000000e+00   0.00000000e+00   1.00000000e+00   5.08513201e-03   1.47094787e-04   4.47243672e+00   7.93414239e+00
 3.11000000e+00   0.00000000e+00   1.00000000e+00   5.44492404e-03   9.11511859e-05   4.44967945e+00   7.91241107e+00
 3.12000000e+00   0.00000000e+00   1.00000000e+00   6.21216290e-03   3.70847348e-05   4.43935567e+00   7.89598282e+00
 3.13000000e+00   0.00000000e+00   1.00000000e+00   7.28084484e-03   2.63285301e-06   4.44212783e+00   7.88680554e+00
 3.14000000e+00   0.00000000e+00   1.00000000e+00   8.50802431e-03  -1.02768589e-06   4.45718514e+00   7.88452107e+00
 3.15000000e+00   0.00000000e+00   1.00000000e+00   9.73896584e-03   2.68876120e-05   4.48046955e+00   7.88640836e+00
 3.16000000e+00   0.00000000e+00   1.00000000e+00   1.08638590e-02   7.68056686e-05   4.50446050e+00   7.88877915e+00
 3.17000000e+00   0.00000000e+00   1.00000000e+00   1.18745053e-02   1.32141763e-04   4.52095581e+00   7.88818592e+00
 3.18000000e+00   0.00000000e+00   1.00000000e+00   1.28715030e-02   1.74582271e-04   4.52539361e+00   7.88312887e+00
 3.19000000e+00   0.00000000e+00   1.00000000e+00   1.40025617e-02   1.89928661e-04   4.51970912e+00   7.87349064e+00
 3.20000000e+00   0.00000000e+00   1.00000000e+00   1.53685640e-02   1.72853762e-04   4.51157381e+00   7.86080392e+00
 3.21000000e+00   0.00000000e+00   1.00000000e+00   1.69619701e-02   1.28822396e-04   4.50982261e+00   7.84687771e+00
 3.22000000e+00   0.00000000e+00   1.00000000e+00   1.86750529e-02   7.22629044e-05   4.51925972e+00   7.83370446e+00
 3.23000000e+00   0.00000000e+00   1.00000000e+00   2.03605688e-02   2.16997560e-05   4.53891836e+00   7.82343375e+00
 3.24000000e+00   0.00000000e+00   1.00000000e+00   2.18960954e-02  -6.46302905e-06   4.56372769e+00   7.81773592e+00
 3.25000000e+00   0.00000000e+00   1.00000000e+00   2.32162173e-02  -3.14747702e-06   4.58758060e+00   7.81635930e+00
 3.26000000e+00   0.00000000e+00   1.00000000e+00   2.43115442e-02   3.05111189e-05   4.60559997e+00   7.81772960e+00
 3.27000000e+00   0.00000000e+00   1.00000000e+00   2.52165346e-02   8.34017116e-05   4.61431631e+00   7.81828762e+00
 3.28000000e+00   0.00000000e+00   1.00000000e+00   2.60054355e-02   1.37938549e-04   4.61211562e+00   7.81502098e+00
 3.29000000e+00   0.00000000e+00   1.00000000e+00   2.67964864e-02   1.75988018e-04   4.59817819e+00   7.80610793e+00
 3.30000000e+00   0.00000000e+00   1.00000000e+00   2.77464981e-02   1.85036688e-04   4.57431961e+00   7.79195271e+00
 3.31000000e+00   0.00000000e+00   1.00000000e+00   2.90165872e-02   1.62182301e-04   4.54543793e+00   7.77504383e+00
 3.32000000e+00   0.00000000e+00   1.00000000e+00   3.07117979e-02   1.14906765e-04   4.51919197e+00   7.75877506e+00
 3.33000000e+00   0.00000000e+00   1.00000000e+00   3.28284735e-02   5.86094266e-05   4.50384936e+00   7.74598233e+00
 3.34000000e+00   0.00000000e+00   1.00000000e+00   3.52528544e-02   1.17071257e-05   4.50418312e+00   7.73831633e+00
 3.35000000e+00   0.00000000e+00   1.00000000e+00   3.78237171e-02  -1.04503044e-05   4.51786360e+00   7.73594740e+00
 3.36000000e+00   0.00000000e+00   1.00000000e+00   4.04219664e-02  -7.52354644e-07   4.53751933e+00   7.73777588e+00
 3.37000000e+00   0.00000000e+00   1.00000000e+00   4.30273004e-02   3.72937362e-05   4.55459591e+00   7.74209861e+00
 3.38000000e+00   0.00000000e+00   1.00000000e+00   4.57095845e-02   9.08235421e-05   4.56440638e+00   7.74696845e+00
 3.39000000e+00   0.00000000e+00   1.00000000e+00   4.85737674e-02   1.41949916e-04   4.56750519e+00   7.75025826e+00
 3.40000000e+00   0.00000000e+00   1.00000000e+00   5.17045465e-02   1.73644490e-04   4.56807279e+00   7.75022428e+00
 3.41000000e+00   0.00000000e+00   1.00000000e+00   5.51415741e-02   1.75152775e-04   4.57088322e+00   7.74655765e+00
 3.42000000e+00   0.00000000e+00   1.00000000e+00   5.88815554e-02   1.45516665e-04   4.58023936e+00   7.74055517e+00
 3.43000000e+00   0.00000000e+00   1.00000000e+00   6.28844464e-02   9.42154346e-05   4.59930908e+00   7.73503389e+00
 3.44000000e+00   0.00000000e+00   1.00000000e+00   6.70691094e-02   3.79238018e-05   4.63087608e+00   7.73340965e+00
 3.45000000e+00   0.00000000e+00   1.00000000e+00   7.13056620e-02  -5.17922686e-06   4.67580701e+00   7.73758493e+00
 3.46000000e+00   0.00000000e+00   1.00000000e+00   7.54253651e-02  -2.14002194e-05   4.73143065e+00   7.74722532e+00
 3.47000000e+00   0.00000000e+00   1.00000000e+00   7.92621497e-02  -5.82509169e-06   4.79078128e+00   7.76011462e+00
 3.48000000e+00   0.00000000e+00   1.00000000e+00   8.27152369e-02   3.60968623e-05   4.84429918e+00   7.77316067e+00
 3.49000000e+00   0.00000000e+00   1.00000000e+00   8.57969907e-02   9.02635226e-05   4.88349032e+00   7.78363818e+00
 3.50000000e+00   0.00000000e+00   1.00000000e+00   8.86283302e-02   1.38492390e-04   4.90524966e+00   7.79004383e+00
 3.51000000e+00   0.00000000e+00   1.00000000e+00   9.13754729e-02   1.64632151e-04   4.91333599e+00   7.79230835e+00
 3.52000000e+00   0.00000000e+00   1.00000000e+00   9.41652428e-02   1.59939495e-04   4.91609011e+00   7.79094421e+00
 3.53000000e+00   0.00000000e+00   1.00000000e+00   9.70331783e-02   1.25906554e-04   4.92170778e+00   7.78750177e+00
 3.54000000e+00   0.00000000e+00   1.00000000e+00   9.99315547e-02   7.36198365e-05   4.93486633e+00   7.78408451e+00
 3.55000000e+00   0.00000000e+00   1.00000000e+00   1.02778016e-01   2.01135973e-05   4.95519916e+00   7.78308135e+00
 3.56000000e+00   0.00000000e+00   1.00000000e+00   1.05502248e-01  -1.71708405e-05   4.97936682e+00   7.78635127e+00
 3.57000000e+00   0.00000000e+00   1.00000000e+00   1.08064851e-01  -2.61301089e-05   5.00366957e+00   7.79427432e+00
 3.58000000e+00   0.00000000e+00   1.00000000e+00   1.10455664e-01  -4.03197904e-06   5.02455096e+00   7.80536394e+00
 3.59000000e+00   0.00000000e+00   1.00000000e+00   1.12694060e-01   4.16213567e-05   5.03870414e+00   7.81691349e+00
 3.60000000e+00   0.00000000e+00   1.00000000e+00   1.14840843e-01   9.56712783e-05   5.04340935e+00   7.82601670e+00
 3.61000000e+00   0.00000000e+00   1.00000000e+00   1.17008696e-01   1.40345454e-04   5.03823038e+00   7.83088977e+00
 3.62000000e+00   0.00000000e+00   1.00000000e+00   1.19348764e-01   1.60982366e-04   5.02598801e+00   7.83172512e+00
 3.63000000e+00   0.00000000e+00   1.00000000e+00   1.22003846e-01   1.50701058e-04   5.01379144e+00   7.83019179e+00
 3.64000000e+00   0.00000000e+00   1.00000000e+00   1.25045077e-01   1.12660468e-04   5.01060456e+00   7.82877686e+00
 3.65000000e+00   0.00000000e+00   1.00000000e+00   1.28429146e-01   5.91433044e-05   5.02444746e+00   7.82980658e+00
 3.66000000e+00   0.00000000e+00   1.00000000e+00   1.32008457e-01   7.60713374e-06   5.05761812e+00   7.83500368e+00
 3.67000000e+00   0.00000000e+00   1.00000000e+00   1.35594564e-01  -2.50459865e-05   5.10575810e+00   7.84491501e+00
 3.68000000e+00   0.00000000e+00   1.00000000e+00   1.39037665e-01  -2.81848523e-05   5.15994711e+00   7.85900605e+00
 3.69000000e+00   0.00000000e+00   1.00000000e+00   1.42273712e-01  -1.04149227e-06   5.21141015e+00   7.87570063e+00
 3.70000000e+00   0.00000000e+00   1.00000000e+00   1.45317431e-01   4.70251666e-05   5.25517883e+00   7.89282291e+00
 3.71000000e+00   0.00000000e+00   1.00000000e+00   1.48220558e-01   9.96104178e-05   5.29059904e+00   7.90814006e+00
 3.72000000e+00   0.00000000e+00   1.00000000e+00   1.51033239e-01   1.38908325e-04   5.31978344e+00   7.91958101e+00
 3.73000000e+00   0.00000000e+00   1.00000000e+00   1.53789381e-01   1.51730581e-04   5.34554239e+00   7.92657136e+00
 3.74000000e+00   0.00000000e+00   1.00000000e+00   1.56506432e-01   1.33839900e-04   5.37153857e+00   7.93006209e+00
 3.75000000e+00   0.00000000e+00   1.00000000e+00   1.59178478e-01   9.10603135e-05   5.40144035e+00   7.93311811e+00
 3.76000000e+00   0.00000000e+00   1.00000000e+00   1.61757581e-01   3.72787176e-05   5.43837761e+00   7.93843360e+00
 3.77000000e+00   0.00000000e+00   1.00000000e+00   1.64140887e-01  -1.00331961e-05   5.48357807e+00   7.94807842e+00
 3.78000000e+00   0.00000000e+00   1.00000000e+00   1.66186911e-01  -3.54142725e-05   5.53353440e+00   7.96219523e+00
 3.79000000e+00   0.00000000e+00   1.00000000e+00   1.67766117e-01  -3.05426557e-05   5.58008367e+00   7.97934097e+00
 3.80000000e+00   0.00000000e+00   1.00000000e+00   1.68823575e-01   2.92660637e-06   5.61404370e+00   7.99712228e+00
 3.81000000e+00   0.00000000e+00   1.00000000e+00   1.69416640e-01   5.39103645e-05   5.62845553e+00   8.01306274e+00
 3.82000000e+00   0.00000000e+00   1.00000000e+00   1.69700158e-01   1.05504498e-04   5.62306943e+00   8.02556438e+00
 3.83000000e+00   0.00000000e+00   1.00000000e+00   1.69863733e-01   1.40710692e-04   5.60368620e+00   8.03387845e+00
 3.84000000e+00   0.00000000e+00   1.00000000e+00   1.70057957e-01   1.48026152e-04   5.57935331e+00   8.03821955e+00
 3.85000000e+00   0.00000000e+00   1.00000000e+00   1.70352149e-01   1.25037337e-04   5.55860604e+00   8.03985213e+00
 3.86000000e+00   0.00000000e+00   1.00000000e+00   1.70740278e-01   7.93291665e-05   5.54643368e+00   8.04096745e+00
 3.87000000e+00   0.00000000e+00   1.00000000e+00   1.71176097e-01   2.61348771e-05   5.54371825e+00   8.04415729e+00
 3.88000000e+00   0.00000000e+00   1.00000000e+00   1.71604431e-01  -1.67810184e-05   5.54933069e+00   8.05142226e+00
 3.89000000e+00   0.00000000e+00   1.00000000e+00   1.71973008e-01  -3.52345204e-05   5.56047510e+00   8.06365470e+00
 3.90000000e+00   0.00000000e+00   1.00000000e+00   1.72235961e-01  -2.33019832e-05   5.57352855e+00   8.07955206e+00
 3.91000000e+00   0.00000000e+00   1.00000000e+00   1.72367510e-01   1.49676601e-05   5.58405300e+00   8.09635506e+00
 3.92000000e+00   0.00000000e+00   1.00000000e+00   1.72386336e-01   6.71234966e-05   5.59387645e+00   8.12220998e+00
 3.93000000e+00   0.00000000e+00   1.00000000e+00   1.72370643e-01   1.15514072e-04   5.59036333e+00   8.14540769e+00
 3.94000000e+00   0.00000000e+00   1.00000000e+00   1.72440171e-01   1.43789606e-04   5.57306958e+00   8.12791350e+00
 3.95000000e+00   0.00000000e+00   1.00000000e+00   1.72702943e-01   1.43416460e-04   5.56372792e+00   8.13278154e+00
 3.96000000e+00   0.00000000e+00   1.00000000e+00   1.73192610e-01   1.14661327e-04   5.56427144e+00   8.13469411e+00
 3.97000000e+00   0.00000000e+00   1.00000000e+00   1.73836524e-01   6.76453065e-05   5.58094722e+00   8.13822573e+00
 3.98000000e+00   0.00000000e+00   1.00000000e+00   1.74474535e-01   1.70030871e-05   5.61364247e+00   8.14504161e+00
 3.99000000e+00   0.00000000e+00   1.00000000e+00   1.74919290e-01  -2.12117225e-05   5.65671827e+00   8.15612070e+00
 4.00000000e+00   0.00000000e+00   1.00000000e+00   1.75024070e-01  -3.39850008e-05   5.70107786e+00   8.17100751e+00
 4.01000000e+00   0.00000000e+00   1.00000000e+00   1.74720658e-01  -1.62149557e-05   5.73809910e+00   8.18860711e+00
 4.02000000e+00   0.00000000e+00   1.00000000e+00   1.74013709e-01   2.58075507e-05   5.76279207e+00   8.20675171e+00
 4.03000000e+00   0.00000000e+00   1.00000000e+00   1.72950637e-01   7.72715586e-05   5.77348836e+00   8.22278027e+00
 4.04000000e+00   0.00000000e+00   1.00000000e+00   1.71596750e-01   1.21388946e-04   5.77144142e+00   8.23426931e+00
 4.05000000e+00   0.00000000e+00   1.00000000e+00   1.70026978e-01   1.44707396e-04   5.75899246e+00   8.24046164e+00
 4.06000000e+00   0.00000000e+00   1.00000000e+00   1.68318767e-01   1.39834673e-04   5.74037752e+00   8.24251808e+00
 4.07000000e+00   0.00000000e+00   1.00000000e+00   1.66529922e-01   1.07643904e-04   5.72114189e+00   8.24306182e+00
 4.08000000e+00   0.00000000e+00   1.00000000e+00   1.64668471e-01   5.86200288e-05   5.70640352e+00   8.24484095e+00
 4.09000000e+00   0.00000000e+00   1.00000000e+00   1.62678243e-01   9.87765299e-06   5.69868238e+00   8.24983203e+00
 4.10000000e+00   0.00000000e+00   1.00000000e+00   1.60459057e-01  -2.18558290e-05   5.69573314e+00   8.25878837e+00
 4.11000000e+00   0.00000000e+00   1.00000000e+00   1.57920367e-01  -2.65049335e-05   5.69131880e+00   8.27055584e+00
 4.12000000e+00   0.00000000e+00   1.00000000e+00   1.55041844e-01  -2.98748209e-06   5.67725992e+00   8.28290787e+00
 4.13000000e+00   0.00000000e+00   1.00000000e+00   1.51902560e-01   4.14772634e-05   5.64886355e+00   8.29355751e+00
 4.14000000e+00   0.00000000e+00   1.00000000e+00   1.48659454e-01   9.32030586e-05   5.60680441e+00   8.30073492e+00
 4.15000000e+00   0.00000000e+00   1.00000000e+00   1.45489446e-01   1.35341667e-04   5.55591625e+00   8.30357340e+00
 4.16000000e+00   0.00000000e+00   1.00000000e+00   1.42528925e-01   1.53528142e-04   5.50432347e+00   8.30211745e+00
 4.17000000e+00   0.00000000e+00   1.00000000e+00   1.39841229e-01   1.41964090e-04   5.45906562e+00   8.29756851e+00
 4.18000000e+00   0.00000000e+00   1.00000000e+00   1.37420883e-01   1.05495154e-04   5.42462640e+00   8.29200365e+00
 4.19000000e+00   0.00000000e+00   1.00000000e+00   1.35217241e-01   5.66549402e-05   5.40280757e+00   8.28825425e+00
 4.20000000e+00   0.00000000e+00   1.00000000e+00   1.33153912e-01   1.10578194e-05   5.39299267e+00   8.28888114e+00
 4.21000000e+00   0.00000000e+00   1.00000000e+00   1.31137727e-01  -1.65293739e-05   5.39298914e+00   8.29442141e+00
 4.22000000e+00   0.00000000e+00   1.00000000e+00   1.29070129e-01  -1.63688986e-05   5.39842683e+00   8.30350718e+00
 4.23000000e+00   0.00000000e+00   1.00000000e+00   1.26874012e-01   1.21174467e-05   5.40375731e+00   8.31355919e+00
 4.24000000e+00   0.00000000e+00   1.00000000e+00   1.24528447e-01   5.93196526e-05   5.40274163e+00   8.32191760e+00
 4.25000000e+00   0.00000000e+00   1.00000000e+00   1.22084523e-01   1.09216393e-04   5.39245143e+00   8.32650934e+00
 4.26000000e+00   0.00000000e+00   1.00000000e+00   1.19641993e-01   1.45650266e-04   5.37404200e+00   8.32673191e+00
 4.27000000e+00   0.00000000e+00   1.00000000e+00   1.17293766e-01   1.57451766e-04   5.35316766e+00   8.32324531e+00
 4.28000000e+00   0.00000000e+00   1.00000000e+00   1.15068561e-01   1.40985777e-04   5.33688101e+00   8.31809300e+00
 4.29000000e+00   0.00000000e+00   1.00000000e+00   1.12905212e-01   1.01219531e-04   5.33017438e+00   8.31324016e+00
 4.30000000e+00   0.00000000e+00   1.00000000e+00   1.10673603e-01   5.11787386e-05   5.33353497e+00   8.31057762e+00
 4.31000000e+00   0.00000000e+00   1.00000000e+00   1.08228668e-01   8.09452605e-06   5.34280712e+00   8.31116852e+00
 4.32000000e+00   0.00000000e+00   1.00000000e+00   1.05464854e-01  -1.32512633e-05   5.35112537e+00   8.31499924e+00
 4.33000000e+00   0.00000000e+00   1.00000000e+00   1.02343358e-01  -6.11772308e-06   5.35189098e+00   8.32064031e+00
 4.34000000e+00   0.00000000e+00   1.00000000e+00   9.88884099e-02   2.67822189e-05   5.34138035e+00   8.32602572e+00
 4.35000000e+00   0.00000000e+00   1.00000000e+00   9.51696248e-02   7.51083640e-05   5.31801371e+00   8.32821603e+00
 4.36000000e+00   0.00000000e+00   1.00000000e+00   9.12876950e-02   1.23813344e-04   5.28254009e+00   8.32518458e+00
 4.37000000e+00   0.00000000e+00   1.00000000e+00   8.73650911e-02   1.57147514e-04   5.23758298e+00   8.31653765e+00
 4.38000000e+00   0.00000000e+00   1.00000000e+00   8.35297868e-02   1.63936307e-04   5.18712909e+00   8.30350500e+00
 4.39000000e+00   0.00000000e+00   1.00000000e+00   7.98834767e-02   1.42199811e-04   5.13719199e+00   8.28853386e+00
 4.40000000e+00   0.00000000e+00   1.00000000e+00   7.64647500e-02   9.99690917e-05   5.09387712e+00   8.27437171e+00
 4.41000000e+00   0.00000000e+00   1.00000000e+00   7.32336382e-02   5.18051568e-05   5.06065540e+00   8.26313847e+00
 4.42000000e+00   0.00000000e+00   1.00000000e+00   7.00965644e-02   1.35058525e-05   5.03733781e+00   8.25563516e+00
 4.43000000e+00   0.00000000e+00   1.00000000e+00   6.69630333e-02  -2.39167149e-06   5.01914213e+00   8.25095130e+00
 4.44000000e+00   0.00000000e+00   1.00000000e+00   6.38014922e-02   9.85418274e-06   4.99974446e+00   8.24740155e+00
 4.45000000e+00   0.00000000e+00   1.00000000e+00   6.06621626e-02   4.68174122e-05   4.97428082e+00   8.24319127e+00
 4.46000000e+00   0.00000000e+00   1.00000000e+00   5.76563561e-02   9.63127527e-05   4.94122816e+00   8.23674726e+00
 4.47000000e+00   0.00000000e+00   1.00000000e+00   5.49078280e-02   1.41801874e-04   4.90349257e+00   8.22724164e+00
 4.48000000e+00   0.00000000e+00   1.00000000e+00   5.25054878e-02   1.68581037e-04   4.86569048e+00   8.21427310e+00
 4.49000000e+00   0.00000000e+00   1.00000000e+00   5.04799874e-02   1.68503372e-04   4.83310965e+00   8.19905983e+00
 4.50000000e+00   0.00000000e+00   1.00000000e+00   4.88058759e-02   1.41824878e-04   4.80965177e+00   8.18363594e+00
 4.51000000e+00   0.00000000e+00   1.00000000e+00   4.74144027e-02   9.70182095e-05   4.79728740e+00   8.17059147e+00
 4.52000000e+00   0.00000000e+00   1.00000000e+00   4.62034739e-02   4.86816233e-05   4.79644754e+00   8.16174844e+00
 4.53000000e+00   0.00000000e+00   1.00000000e+00   4.50465852e-02   1.30848292e-05   4.80535334e+00   8.15752752e+00
 4.54000000e+00   0.00000000e+00   1.00000000e+00   4.38131471e-02   2.23543838e-06   4.82013761e+00   8.15666627e+00
 4.55000000e+00   0.00000000e+00   1.00000000e+00   4.24048956e-02   1.94669455e-05   4.83461297e+00   8.15670986e+00
 4.56000000e+00   0.00000000e+00   1.00000000e+00   4.07936436e-02   5.87958003e-05   4.84245339e+00   8.15502322e+00
 4.57000000e+00   0.00000000e+00   1.00000000e+00   3.90345356e-02   1.07486365e-04   4.83941373e+00   8.14962825e+00
 4.58000000e+00   0.00000000e+00   1.00000000e+00   3.72391774e-02   1.49915994e-04   4.82555774e+00   8.14001059e+00
 4.59000000e+00   0.00000000e+00   1.00000000e+00   3.55190222e-02   1.72104955e-04   4.80508009e+00   8.12692997e+00
 4.60000000e+00   0.00000000e+00   1.00000000e+00   3.39309398e-02   1.66504709e-04   4.78437089e+00   8.11159126e+00
 4.61000000e+00   0.00000000e+00   1.00000000e+00   3.24558102e-02   1.35176836e-04   4.76850318e+00   8.09581621e+00
 4.62000000e+00   0.00000000e+00   1.00000000e+00   3.10181060e-02   8.90070232e-05   4.75951314e+00   8.08127263e+00
 4.63000000e+00   0.00000000e+00   1.00000000e+00   2.95291757e-02   4.34866591e-05   4.75567174e+00   8.06927608e+00
 4.64000000e+00   0.00000000e+00   1.00000000e+00   2.79274971e-02   1.33683331e-05   4.75310302e+00   8.06005617e+00
 4.65000000e+00   0.00000000e+00   1.00000000e+00   2.61986344e-02   8.47876137e-06   4.74776290e+00   8.05270110e+00
 4.66000000e+00   0.00000000e+00   1.00000000e+00   2.43754273e-02   3.08715820e-05   4.73621132e+00   8.04528335e+00
 4.67000000e+00   0.00000000e+00   1.00000000e+00   2.25305407e-02   7.37096376e-05   4.71685666e+00   8.03576532e+00
 4.68000000e+00   0.00000000e+00   1.00000000e+00   2.07702669e-02   1.22910724e-04   4.68906682e+00   8.02254159e+00
 4.69000000e+00   0.00000000e+00   1.00000000e+00   1.92254921e-02   1.62057887e-04   4.65393615e+00   8.00552899e+00
 4.70000000e+00   0.00000000e+00   1.00000000e+00   1.80284917e-02   1.78410331e-04   4.61498429e+00   7.98601594e+00
 4.71000000e+00   0.00000000e+00   1.00000000e+00   1.72737510e-02   1.67040375e-04   4.57732510e+00   7.96611248e+00
 4.72000000e+00   0.00000000e+00   1.00000000e+00   1.69799703e-02   1.31809074e-04   4.54726322e+00   7.94828835e+00
 4.73000000e+00   0.00000000e+00   1.00000000e+00   1.70791331e-02   8.39814168e-05   4.52969172e+00   7.93421929e+00
 4.74000000e+00   0.00000000e+00   1.00000000e+00   1.74457028e-02   3.90830330e-05   4.52505150e+00   7.92444430e+00
 4.75000000e+00   0.00000000e+00   1.00000000e+00   1.79531075e-02   1.20609931e-05   4.52978531e+00   7.91836560e+00
 4.76000000e+00   0.00000000e+00   1.00000000e+00   1.85261103e-02   1.19131980e-05   4.53773186e+00   7.91457688e+00
 4.77000000e+00   0.00000000e+00   1.00000000e+00   1.91611725e-02   3.83639561e-05   4.54335773e+00   7.91167183e+00
 4.78000000e+00   0.00000000e+00   1.00000000e+00   1.99090448e-02   8.23081983e-05   4.54402327e+00   7.90794475e+00
 4.79000000e+00   0.00000000e+00   1.00000000e+00   2.08367179e-02   1.29277649e-04   4.54028426e+00   7.90222810e+00
 4.80000000e+00   0.00000000e+00   1.00000000e+00   2.19929616e-02   1.63988940e-04   4.53534253e+00   7.89387239e+00
 4.81000000e+00   0.00000000e+00   1.00000000e+00   2.33910153e-02   1.74819137e-04   4.53265544e+00   7.88357478e+00
 4.82000000e+00   0.00000000e+00   1.00000000e+00   2.50058358e-02   1.57695991e-04   4.53540252e+00   7.87309707e+00
 4.83000000e+00   0.00000000e+00   1.00000000e+00   2.67758932e-02   1.17997653e-04   4.54593413e+00   7.86432409e+00
 4.84000000e+00   0.00000000e+00   1.00000000e+00   2.86052591e-02   6.88817474e-05   4.56485082e+00   7.85878475e+00
 4.85000000e+00   0.00000000e+00   1.00000000e+00   3.03726106e-02   2.64462128e-05   4.59145125e+00   7.85684751e+00
 4.86000000e+00   0.00000000e+00   1.00000000e+00   3.19568155e-02   4.21013135e-06   4.62147623e+00   7.85744387e+00
 4.87000000e+00   0.00000000e+00   1.00000000e+00   3.32776385e-02   9.12203994e-06   4.64909276e+00   7.85838619e+00
 4.88000000e+00   0.00000000e+00   1.00000000e+00   3.43328750e-02   3.95844007e-05   4.66763599e+00   7.85764951e+00
 4.89000000e+00   0.00000000e+00   1.00000000e+00   3.52067951e-02   8.56479703e-05   4.67353567e+00   7.85394299e+00
 4.90000000e+00   0.00000000e+00   1.00000000e+00   3.60390632e-02   1.31904973e-04   4.66690176e+00   7.84685468e+00
 4.91000000e+00   0.00000000e+00   1.00000000e+00   3.69687581e-02   1.62771056e-04   4.65216020e+00   7.83716113e+00
 4.92000000e+00   0.00000000e+00   1.00000000e+00   3.80842665e-02   1.68060334e-04   4.63573922e+00   7.82571026e+00
 4.93000000e+00   0.00000000e+00   1.00000000e+00   3.94040916e-02   1.46237478e-04   4.62305551e+00   7.81412325e+00
 4.94000000e+00   0.00000000e+00   1.00000000e+00   4.08919685e-02   1.04509858e-04   4.61706994e+00   7.80396196e+00
 4.95000000e+00   0.00000000e+00   1.00000000e+00   4.24897143e-02   5.63512280e-05   4.61759580e+00   7.79674053e+00
 4.96000000e+00   0.00000000e+00   1.00000000e+00   4.41468137e-02   1.74674370e-05   4.62244307e+00   7.79286105e+00
 4.97000000e+00   0.00000000e+00   1.00000000e+00   4.58364112e-02   7.58622523e-07   4.62858871e+00   7.79181805e+00
 4.98000000e+00   0.00000000e+00   1.00000000e+00   4.75612523e-02   1.17534263e-05   4.63334245e+00   7.79214974e+00
 4.99000000e+00   0.00000000e+00   1.00000000e+00   4.93573983e-02   4.65013547e-05   4.63400456e+00   7.79191790e+00
 5.00000000e+00   0.00000000e+00   1.00000000e+00   5.12962505e-02   9.31567411e-05   4.62951810e+00   7.78978575e+00