  Time  Coordinate0  Coordinate1  Displacement0  Displacement1  Force0  Force1
 0.00000000e+00   0.00000000e+00   1.00000000e+00   0.00000000e+00   0.00000000e+00   0.00000000e+00   0.00000000e+00
 1.00000000e-02   0.00000000e+00   1.00000000e+00   2.40464744e-04  -1.40633773e-06   1.38126157e+01  -9.36864687e+00
 2.00000000e-02   0.00000000e+00   1.00000000e+00   9.51300956e-04   3.69357838e-05   9.50967967e+00   1.98180802e+01
 3.00000000e-02   0.00000000e+00   1.00000000e+00   2.01594318e-03   1.00678487e-04   7.09535103e+00   1.47072297e+01
 4.00000000e-02   0.00000000e+00   1.00000000e+00   3.27340373e-03   1.70698162e-04   6.33155408e+00   1.28743889e+01
 5.00000000e-02   0.00000000e+00   1.00000000e+00   4.65517851e-03   2.30670540e-04   5.89117484e+00   1.19066575e+01
 6.00000000e-02   0.00000000e+00   1.00000000e+00   6.09589415e-03   2.69423328e-04   5.60437387e+00   1.12985976e+01
 7.00000000e-02   0.00000000e+00   1.00000000e+00   7.57145423e-03   2.70433949e-04   5.39244639e+00   1.08565011e+01
 8.00000000e-02   0.00000000e+00   1.00000000e+00   9.19872184e-03   2.22495463e-04   5.21753901e+00   1.05180052e+01
 9.00000000e-02   0.00000000e+00   1.00000000e+00   1.12844792e-02   1.33913848e-04   5.06518230e+00   1.02352714e+01
 1.00000000e-01   0.00000000e+00   1.00000000e+00   1.41047731e-02   3.86898776e-05   4.94372124e+00   9.99605533e+00
 1.10000000e-01   0.00000000e+00   1.00000000e+00   1.75718858e-02  -2.18686994e-05   4.87170481e+00   9.79001899e+00
 1.20000000e-01   0.00000000e+00   1.00000000e+00   2.12928640e-02  -3.34610334e-05   4.84627761e+00   9.61597534e+00
 1.30000000e-01   0.00000000e+00   1.00000000e+00   2.50235922e-02  -6.02474427e-06   4.84007099e+00   9.47163226e+00
 1.40000000e-01   0.00000000e+00   1.00000000e+00   2.88323051e-02   5.01150172e-05   4.83590868e+00   9.35147222e+00
 1.50000000e-01   0.00000000e+00   1.00000000e+00   3.27512298e-02   1.31019198e-04   4.84049706e+00   9.25328204e+00
 1.60000000e-01   0.00000000e+00   1.00000000e+00   3.66122487e-02   2.11256631e-04   4.85680313e+00   9.17441995e+00
 1.70000000e-01   0.00000000e+00   1.00000000e+00   4.03185560e-02   2.47851322e-04   4.87079898e+00   9.11138575e+00
 1.80000000e-01   0.00000000e+00   1.00000000e+00   4.39504281e-02   2.24503356e-04   4.87337590e+00   9.05237735e+00
 1.90000000e-01   0.00000000e+00   1.00000000e+00   4.75921128e-02   1.62158256e-04   4.86948113e+00   8.98651863e+00
 2.00000000e-01   0.00000000e+00   1.00000000e+00   5.13012827e-02   8.55694696e-05   4.86497603e+00   8.91275452e+00
 2.10000000e-01   0.00000000e+00   1.00000000e+00   5.51561466e-02   8.79214270e-06   4.86432579e+00   8.83867936e+00
 2.20000000e-01   0.00000000e+00   1.00000000e+00   5.91918219e-02  -4.90920113e-05   4.87246181e+00   8.77155982e+00
 2.30000000e-01   0.00000000e+00   1.00000000e+00   6.33696302e-02  -6.38334796e-05   4.89199868e+00   8.71283192e+00
 2.40000000e-01   0.00000000e+00   1.00000000e+00   6.75599442e-02  -2.37419083e-05   4.92600434e+00   8.66354183e+00
 2.50000000e-01   0.00000000e+00   1.00000000e+00   7.15034108e-02   5.65367391e-05   4.97261311e+00   8.62454780e+00
 2.60000000e-01   0.00000000e+00   1.00000000e+00   7.49794526e-02   1.40507474e-04   5.01490861e+00   8.59405306e+00
 2.70000000e-01   0.00000000e+00   1.00000000e+00   7.80617200e-02   1.97454729e-04   5.03268068e+00   8.56471512e+00
 2.80000000e-01   0.00000000e+00   1.00000000e+00   8.10534337e-02   2.19401843e-04   5.02489406e+00   8.53094732e+00
 2.90000000e-01   0.00000000e+00   1.00000000e+00   8.41826775e-02   2.03630213e-04   5.00859552e+00   8.49509784e+00
 3.00000000e-01   0.00000000e+00   1.00000000e+00   8.74634292e-02   1.43837413e-04   4.99708301e+00   8.45987208e+00
 3.10000000e-01   0.00000000e+00   1.00000000e+00   9.08408322e-02   5.37734434e-05   4.98991274e+00   8.42040847e+00
 3.20000000e-01   0.00000000e+00   1.00000000e+00   9.43783995e-02  -2.76474274e-05   4.98232427e+00   8.37201897e+00
 3.30000000e-01   0.00000000e+00   1.00000000e+00   9.82096269e-02  -6.76995852e-05   4.97923484e+00   8.32121092e+00
 3.40000000e-01   0.00000000e+00   1.00000000e+00   1.02333230e-01  -6.00238513e-05   4.99245287e+00   8.27984748e+00
 3.50000000e-01   0.00000000e+00   1.00000000e+00   1.06581074e-01  -1.44629196e-05   5.02467423e+00   8.25341088e+00
 3.60000000e-01   0.00000000e+00   1.00000000e+00   1.10791041e-01   5.66246397e-05   5.06589751e+00   8.23935109e+00
 3.70000000e-01   0.00000000e+00   1.00000000e+00   1.14898728e-01   1.36959988e-04   5.10528111e+00   8.23253097e+00
 3.80000000e-01   0.00000000e+00   1.00000000e+00   1.18867437e-01   1.99774384e-04   5.13911665e+00   8.22741844e+00
 3.90000000e-01   0.00000000e+00   1.00000000e+00   1.22681934e-01   2.16279894e-04   5.16428063e+00   8.21907903e+00
 4.00000000e-01   0.00000000e+00   1.00000000e+00   1.26462317e-01   1.77966105e-04   5.17606622e+00   8.20408969e+00
 4.10000000e-01   0.00000000e+00   1.00000000e+00   1.30446927e-01   1.04657308e-04   5.17866838e+00   8.18308497e+00
 4.20000000e-01   0.00000000e+00   1.00000000e+00   1.34775356e-01   2.52600495e-05   5.18851213e+00   8.16015415e+00
 4.30000000e-01   0.00000000e+00   1.00000000e+00   1.39346483e-01  -4.10779695e-05   5.22031562e+00   8.13990021e+00
 4.40000000e-01   0.00000000e+00   1.00000000e+00   1.43910410e-01  -7.94404784e-05   5.27426300e+00   8.12424910e+00
 4.50000000e-01   0.00000000e+00   1.00000000e+00   1.48257483e-01  -7.21448425e-05   5.33819931e+00   8.11274033e+00
 4.60000000e-01   0.00000000e+00   1.00000000e+00   1.52325396e-01  -1.47686349e-05   5.39943041e+00   8.10585023e+00
 4.70000000e-01   0.00000000e+00   1.00000000e+00   1.56139481e-01   6.98011303e-05   5.45495252e+00   8.10696500e+00
 4.80000000e-01   0.00000000e+00   1.00000000e+00   1.59660455e-01   1.46308008e-04   5.50832844e+00   8.11780074e+00
 4.90000000e-01   0.00000000e+00   1.00000000e+00   1.62765807e-01   1.90591356e-04   5.55651818e+00   8.13374915e+00
 5.00000000e-01   0.00000000e+00   1.00000000e+00   1.65421309e-01   1.94419873e-04   5.58703036e+00   8.14407047e+00
 5.10000000e-01   0.00000000e+00   1.00000000e+00   1.67779908e-01   1.57600821e-04   5.59462434e+00   8.14160281e+00
 5.20000000e-01   0.00000000e+00   1.00000000e+00   1.70050583e-01   8.62923770e-05   5.58924586e+00   8.12884802e+00
 5.30000000e-01   0.00000000e+00   1.00000000e+00   1.72343893e-01   4.68344054e-07   5.58574349e+00   8.11281984e+00
 5.40000000e-01   0.00000000e+00   1.00000000e+00   1.74676580e-01  -6.66035185e-05   5.59159870e+00   8.09826080e+00
 5.50000000e-01   0.00000000e+00   1.00000000e+00   1.77018077e-01  -8.78489752e-05   5.60875787e+00   8.08896025e+00
 5.60000000e-01   0.00000000e+00   1.00000000e+00   1.79259810e-01  -6.04594583e-05   5.63834514e+00   8.08861245e+00
 5.70000000e-01   0.00000000e+00   1.00000000e+00   1.81214047e-01   2.96286418e-07   5.67587403e+00   8.09738111e+00
 5.80000000e-01   0.00000000e+00   1.00000000e+00   1.82746114e-01   7.68662266e-05   5.70793575e+00   8.10988286e+00
 5.90000000e-01   0.00000000e+00   1.00000000e+00   1.83918061e-01   1.50175443e-04   5.72100101e+00   8.12096457e+00
 6.00000000e-01   0.00000000e+00   1.00000000e+00   1.84949999e-01   1.94887694e-04   5.71431430e+00   8.13026659e+00
 6.10000000e-01   0.00000000e+00   1.00000000e+00   1.86024477e-01   1.90126359e-04   5.69971030e+00   8.13888338e+00
 6.20000000e-01   0.00000000e+00   1.00000000e+00   1.87173412e-01   1.36877141e-04   5.68832398e+00   8.14455701e+00
 6.30000000e-01   0.00000000e+00   1.00000000e+00   1.88369307e-01   5.81094057e-05   5.68161224e+00   8.14331908e+00
 6.40000000e-01   0.00000000e+00   1.00000000e+00   1.89654902e-01  -1.80304145e-05   5.67697727e+00   8.13446683e+00
 6.50000000e-01   0.00000000e+00   1.00000000e+00   1.91119053e-01  -7.09267822e-05   5.67854342e+00   8.12298212e+00
 6.60000000e-01   0.00000000e+00   1.00000000e+00   1.92764032e-01  -8.68937947e-05   5.69657312e+00   8.11716548e+00
 6.70000000e-01   0.00000000e+00   1.00000000e+00   1.94439375e-01  -5.76029245e-05   5.73580682e+00   8.12340764e+00
 6.80000000e-01   0.00000000e+00   1.00000000e+00   1.95917414e-01   1.17686497e-05   5.78870326e+00   8.14234524e+00
 6.90000000e-01   0.00000000e+00   1.00000000e+00   1.97031909e-01   9.62514417e-05   5.83954731e+00   8.16808619e+00
 7.00000000e-01   0.00000000e+00   1.00000000e+00   1.97748670e-01   1.62637062e-04   5.87584484e+00   8.19230046e+00
 7.10000000e-01   0.00000000e+00   1.00000000e+00   1.98132071e-01   1.89659294e-04   5.89475793e+00   8.21010939e+00
 7.20000000e-01   0.00000000e+00   1.00000000e+00   1.98294925e-01   1.73758653e-04   5.89923060e+00   8.22088093e+00
 7.30000000e-01   0.00000000e+00   1.00000000e+00   1.98377946e-01   1.20823405e-04   5.89464910e+00   8.22588743e+00
 7.40000000e-01   0.00000000e+00   1.00000000e+00   1.98488203e-01   4.34532320e-05   5.89057121e+00   8.22702299e+00
 7.50000000e-01   0.00000000e+00   1.00000000e+00   1.98594720e-01  -3.46320744e-05   5.89812562e+00   8.22709080e+00
 7.60000000e-01   0.00000000e+00   1.00000000e+00   1.98527546e-01  -8.36793684e-05   5.92017545e+00   8.22868003e+00
 7.70000000e-01   0.00000000e+00   1.00000000e+00   1.98127988e-01  -8.47164342e-05   5.94749749e+00   8.23287315e+00
 7.80000000e-01   0.00000000e+00   1.00000000e+00   1.97365016e-01  -4.03335559e-05   5.96978564e+00   8.24123561e+00
 7.90000000e-01   0.00000000e+00   1.00000000e+00   1.96270405e-01   3.12174177e-05   5.98528092e+00   8.25649916e+00
 8.00000000e-01   0.00000000e+00   1.00000000e+00   1.94814215e-01   1.08112804e-04   5.99626621e+00   8.27949674e+00
 8.10000000e-01   0.00000000e+00   1.00000000e+00   1.92917686e-01   1.69241342e-04   5.99851969e+00   8.30568066e+00
 8.20000000e-01   0.00000000e+00   1.00000000e+00   1.90587382e-01   1.94114759e-04   5.98203256e+00   8.32669094e+00
 8.30000000e-01   0.00000000e+00   1.00000000e+00   1.87988393e-01   1.70513098e-04   5.94283363e+00   8.33568549e+00
 8.40000000e-01   0.00000000e+00   1.00000000e+00   1.85363426e-01   1.05894069e-04   5.88962913e+00   8.33234343e+00
 8.50000000e-01   0.00000000e+00   1.00000000e+00   1.82888691e-01   2.58609482e-05   5.83813516e+00   8.32263375e+00
 8.60000000e-01   0.00000000e+00   1.00000000e+00   1.80602506e-01  -4.13855631e-05   5.80040949e+00   8.31441733e+00
 8.70000000e-01   0.00000000e+00   1.00000000e+00   1.78432515e-01  -7.69550959e-05   5.77933751e+00   8.31223085e+00
 8.80000000e-01   0.00000000e+00   1.00000000e+00   1.76253188e-01  -7.13721484e-05   5.77168735e+00   8.31629002e+00
 8.90000000e-01   0.00000000e+00   1.00000000e+00   1.73932870e-01  -2.37258551e-05   5.77144952e+00   8.32520882e+00
 9.00000000e-01   0.00000000e+00   1.00000000e+00   1.71388208e-01   5.34006175e-05   5.77016483e+00   8.33811977e+00
 9.10000000e-01   0.00000000e+00   1.00000000e+00   1.68638528e-01   1.33149942e-04   5.75960774e+00   8.35425728e+00
 9.20000000e-01   0.00000000e+00   1.00000000e+00   1.65798522e-01   1.86149376e-04   5.73660206e+00   8.37079992e+00
 9.30000000e-01   0.00000000e+00   1.00000000e+00   1.62987922e-01   1.95733162e-04   5.70617987e+00   8.38438135e+00
 9.40000000e-01   0.00000000e+00   1.00000000e+00   1.60246896e-01   1.62371858e-04   5.67570281e+00   8.39234770e+00
 9.50000000e-01   0.00000000e+00   1.00000000e+00   1.57560203e-01   9.77479111e-05   5.64817188e+00   8.39310012e+00
 9.60000000e-01   0.00000000e+00   1.00000000e+00   1.54950291e-01   2.01919895e-05   5.62255770e+00   8.38601460e+00
 9.70000000e-01   0.00000000e+00   1.00000000e+00   1.52486956e-01  -4.58308588e-05   5.60163870e+00   8.37471726e+00
 9.80000000e-01   0.00000000e+00   1.00000000e+00   1.50171371e-01  -7.55975691e-05   5.59398932e+00   8.36674262e+00
 9.90000000e-01   0.00000000e+00   1.00000000e+00   1.47847098e-01  -5.72024091e-05   5.60459493e+00   8.36946154e+00
 1.00000000e+00   0.00000000e+00   1.00000000e+00   1.45272313e-01   1.17770693e-06   5.62683820e+00   8.38404413e+00
 1.01000000e+00   0.00000000e+00   1.00000000e+00   1.42278004e-01   7.79542310e-05   5.64469863e+00   8.40428052e+00
 1.02000000e+00   0.00000000e+00   1.00000000e+00   1.38847512e-01   1.49461373e-04   5.64609654e+00   8.42239695e+00
 1.03000000e+00   0.00000000e+00   1.00000000e+00   1.35079998e-01   1.95123647e-04   5.62814031e+00   8.43450825e+00
 1.04000000e+00   0.00000000e+00   1.00000000e+00   1.31120215e-01   1.99586365e-04   5.59443679e+00   8.44060248e+00
 1.05000000e+00   0.00000000e+00   1.00000000e+00   1.27107880e-01   1.58952714e-04   5.55137652e+00   8.44106335e+00
 1.06000000e+00   0.00000000e+00   1.00000000e+00   1.23134945e-01   8.67599443e-05   5.50655837e+00   8.43551946e+00
 1.07000000e+00   0.00000000e+00   1.00000000e+00   1.19211215e-01   9.76105198e-06   5.46688705e+00   8.42430026e+00
 1.08000000e+00   0.00000000e+00   1.00000000e+00   1.15274906e-01  -4.53773502e-05   5.43595580e+00   8.41004147e+00
 1.09000000e+00   0.00000000e+00   1.00000000e+00   1.11256045e-01  -6.24548984e-05   5.41151036e+00   8.39728938e+00
 1.10000000e+00   0.00000000e+00   1.00000000e+00   1.07131971e-01  -3.71149613e-05   5.38905805e+00   8.38960780e+00
 1.11000000e+00   0.00000000e+00   1.00000000e+00   1.02910982e-01   2.43997012e-05   5.36582962e+00   8.38898690e+00
 1.12000000e+00   0.00000000e+00   1.00000000e+00   9.85733992e-02   1.04143176e-04   5.34135892e+00   8.39508755e+00
 1.13000000e+00   0.00000000e+00   1.00000000e+00   9.40715149e-02   1.74960650e-04   5.31297160e+00   8.40427831e+00
 1.14000000e+00   0.00000000e+00   1.00000000e+00   8.94202920e-02   2.11662185e-04   5.27419626e+00   8.40950602e+00
 1.15000000e+00   0.00000000e+00   1.00000000e+00   8.47733079e-02   2.03186372e-04   5.22081863e+00   8.40471149e+00
 1.16000000e+00   0.00000000e+00   1.00000000e+00   8.03689022e-02   1.55091182e-04   5.15726353e+00   8.38947101e+00
 1.17000000e+00   0.00000000e+00   1.00000000e+00   7.63818047e-02   8.37096564e-05   5.09558720e+00   8.36849085e+00
 1.18000000e+00   0.00000000e+00   1.00000000e+00   7.28275111e-02   1.07285651e-05   5.04748160e+00   8.34722689e+00
 1.19000000e+00   0.00000000e+00   1.00000000e+00   6.95941371e-02  -4.01979673e-05   5.01720682e+00   8.32851566e+00
 1.20000000e+00   0.00000000e+00   1.00000000e+00   6.65333908e-02  -5.01591605e-05   5.00188792e+00   8.31348973e+00
 1.21000000e+00   0.00000000e+00   1.00000000e+00   6.35197056e-02  -1.45098252e-05   4.99594935e+00   8.30335448e+00
 1.22000000e+00   0.00000000e+00   1.00000000e+00   6.04720385e-02   5.36409852e-05   4.99288573e+00   8.29969356e+00
 1.23000000e+00   0.00000000e+00   1.00000000e+00   5.73696206e-02   1.30436012e-04   4.98676459e+00   8.30198922e+00
 1.24000000e+00   0.00000000e+00   1.00000000e+00   5.42496377e-02   1.91822840e-04   4.97334324e+00   8.30736253e+00
 1.25000000e+00   0.00000000e+00   1.00000000e+00   5.11669053e-02   2.19620198e-04   4.95263389e+00   8.31088087e+00
 1.26000000e+00   0.00000000e+00   1.00000000e+00   4.81536306e-02   2.04356744e-04   4.92780074e+00   8.30824436e+00
 1.27000000e+00   0.00000000e+00   1.00000000e+00   4.52306521e-02   1.49378803e-04   4.90117535e+00   8.29668687e+00
 1.28000000e+00   0.00000000e+00   1.00000000e+00   4.24453184e-02   7.30601563e-05   4.87421598e+00   8.27673984e+00
 1.29000000e+00   0.00000000e+00   1.00000000e+00   3.98583919e-02   2.61849890e-06   4.84980260e+00   8.25250833e+00
 1.30000000e+00   0.00000000e+00   1.00000000e+00   3.74647114e-02  -3.81112650e-05   4.83395804e+00   8.23020431e+00
 1.31000000e+00   0.00000000e+00   1.00000000e+00   3.51344115e-02  -3.72641294e-05   4.83131616e+00   8.21473178e+00
 1.32000000e+00   0.00000000e+00   1.00000000e+00   3.26630205e-02   4.07098564e-06   4.83922354e+00   8.20708186e+00
 1.33000000e+00   0.00000000e+00   1.00000000e+00   2.99042362e-02   7.37448902e-05   4.84714051e+00   8.20443550e+00
 1.34000000e+00   0.00000000e+00   1.00000000e+00   2.68641039e-02   1.50216422e-04   4.84371332e+00   8.20237681e+00
 1.35000000e+00   0.00000000e+00   1.00000000e+00   2.36778153e-02   2.07566382e-04   4.82415292e+00   8.19795316e+00
 1.36000000e+00   0.00000000e+00   1.00000000e+00   2.05151283e-02   2.25730025e-04   4.79107955e+00   8.18993115e+00
 1.37000000e+00   0.00000000e+00   1.00000000e+00   1.75108211e-02   1.99596664e-04   4.75032087e+00   8.17676238e+00
 1.38000000e+00   0.00000000e+00   1.00000000e+00   1.47503621e-02   1.39689163e-04   4.70771850e+00   8.15680202e+00
 1.39000000e+00   0.00000000e+00   1.00000000e+00   1.22743476e-02   6.59181460e-05   4.66828936e+00   8.13012290e+00
 1.40000000e+00   0.00000000e+00   1.00000000e+00   1.00810054e-02   1.21984403e-06   4.63593263e+00   8.09909095e+00
 1.41000000e+00   0.00000000e+00   1.00000000e+00   8.14091566e-03  -3.32448590e-05   4.61226253e+00   8.06859501e+00
 1.42000000e+00   0.00000000e+00   1.00000000e+00   6.41935905e-03  -2.45233840e-05   4.59599628e+00   8.04396890e+00
 1.43000000e+00   0.00000000e+00   1.00000000e+00   4.87642093e-03   2.53232527e-05   4.58497593e+00   8.02856038e+00
 1.44000000e+00   0.00000000e+00   1.00000000e+00   3.45080480e-03   9.87128754e-05   4.57696331e+00   8.02170410e+00
 1.45000000e+00   0.00000000e+00   1.00000000e+00   2.07909295e-03   1.70488314e-04   4.56935154e+00   8.01897198e+00
 1.46000000e+00   0.00000000e+00   1.00000000e+00   7.65223752e-04   2.17974515e-04   4.55612471e+00   8.01501295e+00
 1.47000000e+00   0.00000000e+00   1.00000000e+00  -3.70988542e-04   2.26899086e-04   4.53245162e+00   8.00620759e+00
 1.48000000e+00   0.00000000e+00   1.00000000e+00  -1.14355421e-03   1.93932713e-04   4.49916811e+00   7.99182613e+00
 1.49000000e+00   0.00000000e+00   1.00000000e+00  -1.42340165e-03   1.28636895e-04   4.46497576e+00   7.97279506e+00
 1.50000000e+00   0.00000000e+00   1.00000000e+00  -1.22471403e-03   5.25905895e-05   4.44130566e+00   7.95096208e+00
 1.51000000e+00   0.00000000e+00   1.00000000e+00  -6.83335839e-04  -7.92247784e-06   4.43435365e+00   7.92876723e+00
 1.52000000e+00   0.00000000e+00   1.00000000e+00   3.35310396e-05  -3.28512803e-05   4.44201928e+00   7.90932064e+00
 1.53000000e+00   0.00000000e+00   1.00000000e+00   7.97589302e-04  -1.54136373e-05   4.45878991e+00   7.89518136e+00
 1.54000000e+00   0.00000000e+00   1.00000000e+00   1.53203364e-03   3.78066420e-05   4.47831572e+00   7.88786697e+00
 1.55000000e+00   0.00000000e+00   1.00000000e+00   2.19689085e-03   1.10099737e-04   4.49650158e+00   7.88750470e+00
 1.56000000e+00   0.00000000e+00   1.00000000e+00   2.78283243e-03   1.78404552e-04   4.50916851e+00   7.89151336e+00
 1.57000000e+00   0.00000000e+00   1.00000000e+00   3.31245955e-03   2.19387186e-04   4.51381459e+00   7.89516896e+00
 1.58000000e+00   0.00000000e+00   1.00000000e+00   3.83604357e-03   2.18408362e-04   4.51043140e+00   7.89303507e+00
 1.59000000e+00   0.00000000e+00   1.00000000e+00   4.42572018e-03   1.76160695e-04   4.50058056e+00   7.88214020e+00
 1.60000000e+00   0.00000000e+00   1.00000000e+00   5.16900017e-03   1.07679824e-04   4.48730879e+00   7.86340936e+00
 1.61000000e+00   0.00000000e+00   1.00000000e+00   6.13972863e-03   3.53795619e-05   4.47474833e+00   7.84088681e+00
 1.62000000e+00   0.00000000e+00   1.00000000e+00   7.34045126e-03  -1.81575487e-05   4.46888938e+00   7.81936530e+00
 1.63000000e+00   0.00000000e+00   1.00000000e+00   8.66666039e-03  -3.56623553e-05   4.47465799e+00   7.80222679e+00
 1.64000000e+00   0.00000000e+00   1.00000000e+00   9.95369435e-03  -1.04909540e-05   4.49046887e+00   7.79077773e+00
 1.65000000e+00   0.00000000e+00   1.00000000e+00   1.10883895e-02   4.94255249e-05   4.50826206e+00   7.78454584e+00
 1.66000000e+00   0.00000000e+00   1.00000000e+00   1.20892287e-02   1.23376627e-04   4.51770359e+00   7.78182148e+00
 1.67000000e+00   0.00000000e+00   1.00000000e+00   1.30862804e-02   1.86185313e-04   4.51377981e+00   7.78038765e+00
 1.68000000e+00   0.00000000e+00   1.00000000e+00   1.42346530e-02   2.17723367e-04   4.49842793e+00   7.77816335e+00
 1.69000000e+00   0.00000000e+00   1.00000000e+00   1.56476145e-02   2.08430559e-04   4.47743082e+00   7.77293089e+00
 1.70000000e+00   0.00000000e+00   1.00000000e+00   1.73884467e-02   1.60933370e-04   4.45591914e+00   7.76267933e+00
 1.71000000e+00   0.00000000e+00   1.00000000e+00   1.94898293e-02   8.98127418e-05   4.43812868e+00   7.74681039e+00
 1.72000000e+00   0.00000000e+00   1.00000000e+00   2.19593980e-02   1.84376062e-05   4.42752813e+00   7.72708537e+00
 1.73000000e+00   0.00000000e+00   1.00000000e+00   2.47685976e-02  -2.89329222e-05   4.42745474e+00   7.70826589e+00
 1.74000000e+00   0.00000000e+00   1.00000000e+00   2.78456822e-02  -3.67851908e-05   4.43905295e+00   7.69583927e+00
 1.75000000e+00   0.00000000e+00   1.00000000e+00   3.10838213e-02  -3.71639525e-06   4.46108513e+00   7.69284993e+00
 1.76000000e+00   0.00000000e+00   1.00000000e+00   3.43643719e-02   5.86320711e-05   4.48973798e+00   7.69828245e+00
 1.77000000e+00   0.00000000e+00   1.00000000e+00   3.75974487e-02   1.30092369e-04   4.51907192e+00   7.70805132e+00
 1.78000000e+00   0.00000000e+00   1.00000000e+00   4.07714742e-02   1.87382822e-04   4.54258861e+00   7.71772575e+00
 1.79000000e+00   0.00000000e+00   1.00000000e+00   4.39742210e-02   2.10813609e-04   4.55594394e+00   7.72428301e+00
 1.80000000e+00   0.00000000e+00   1.00000000e+00   4.73458743e-02   1.91693313e-04   4.56084755e+00   7.72649768e+00
 1.81000000e+00   0.00000000e+00   1.00000000e+00   5.09808393e-02   1.36367781e-04   4.56550098e+00   7.72437699e+00
 1.82000000e+00   0.00000000e+00   1.00000000e+00   5.48561816e-02   6.35464629e-05   4.57922291e+00   7.71898701e+00
 1.83000000e+00   0.00000000e+00   1.00000000e+00   5.88480668e-02  -3.19074431e-06   4.60647436e+00   7.71255118e+00
 1.84000000e+00   0.00000000e+00   1.00000000e+00   6.28112826e-02  -4.29663173e-05   4.64490217e+00   7.70733879e+00
 1.85000000e+00   0.00000000e+00   1.00000000e+00   6.66421810e-02  -4.31370313e-05   4.68858421e+00   7.70573749e+00
 1.86000000e+00   0.00000000e+00   1.00000000e+00   7.02834103e-02  -3.26670233e-06   4.73253748e+00   7.70989437e+00
 1.87000000e+00   0.00000000e+00   1.00000000e+00   7.37009978e-02   6.34853344e-05   4.77313464e+00   7.72028800e+00
 1.88000000e+00   0.00000000e+00   1.00000000e+00   7.68805642e-02   1.34210459e-04   4.80649976e+00   7.73474917e+00
 1.89000000e+00   0.00000000e+00   1.00000000e+00   7.98471727e-02   1.84892764e-04   4.82904184e+00   7.74856889e+00
 1.90000000e+00   0.00000000e+00   1.00000000e+00   8.26797165e-02   1.99108603e-04   4.83929711e+00   7.75693632e+00
 1.91000000e+00   0.00000000e+00   1.00000000e+00   8.54993262e-02   1.72606816e-04   4.83950029e+00   7.75748277e+00
 1.92000000e+00   0.00000000e+00   1.00000000e+00   8.84336316e-02   1.13705920e-04   4.83506372e+00   7.75152523e+00
 1.93000000e+00   0.00000000e+00   1.00000000e+00   9.15680411e-02   4.10364204e-05   4.83323555e+00   7.74275087e+00
 1.94000000e+00   0.00000000e+00   1.00000000e+00   9.49018535e-02  -2.15389649e-05   4.84114971e+00   7.73523448e+00
 1.95000000e+00   0.00000000e+00   1.00000000e+00   9.83393165e-02  -5.29767254e-05   4.86203205e+00   7.73205023e+00
 1.96000000e+00   0.00000000e+00   1.00000000e+00   1.01738914e-01  -4.30727454e-05   4.89337825e+00   7.73447662e+00
 1.97000000e+00   0.00000000e+00   1.00000000e+00   1.05000482e-01   4.06388989e-06   4.92704618e+00   7.74185541e+00
 1.98000000e+00   0.00000000e+00   1.00000000e+00   1.08126285e-01   7.24039421e-05   4.95456485e+00   7.75278862e+00
 1.99000000e+00   0.00000000e+00   1.00000000e+00   1.11206906e-01   1.39684407e-04   4.97213827e+00   7.76557013e+00
 2.00000000e+00   0.00000000e+00   1.00000000e+00   1.14352123e-01   1.83881259e-04   4.98231213e+00   7.77867177e+00
 2.01000000e+00   0.00000000e+00   1.00000000e+00   1.17634810e-01   1.89857495e-04   4.98986967e+00   7.78999408e+00
 2.02000000e+00   0.00000000e+00   1.00000000e+00   1.21087529e-01   1.55001782e-04   4.99871645e+00   7.79684115e+00
 2.03000000e+00   0.00000000e+00   1.00000000e+00   1.24725778e-01   9.08454475e-05   5.01226043e+00   7.79799055e+00
 2.04000000e+00   0.00000000e+00   1.00000000e+00   1.28550401e-01   1.88200767e-05   5.03374666e+00   7.79539908e+00
 2.05000000e+00   0.00000000e+00   1.00000000e+00   1.32521632e-01  -3.76840466e-05   5.06736259e+00   7.79384354e+00
 2.06000000e+00   0.00000000e+00   1.00000000e+00   1.36538857e-01  -6.08626125e-05   5.11464740e+00   7.79817182e+00
 2.07000000e+00   0.00000000e+00   1.00000000e+00   1.40455272e-01  -4.34604713e-05   5.17294844e+00   7.81070354e+00
 2.08000000e+00   0.00000000e+00   1.00000000e+00   1.44124052e-01   8.94529315e-06   5.23539759e+00   7.83019865e+00
 2.09000000e+00   0.00000000e+00   1.00000000e+00   1.47452817e-01   7.89698830e-05   5.29256529e+00   7.85264395e+00
 2.10000000e+00   0.00000000e+00   1.00000000e+00   1.50441584e-01   1.42851319e-04   5.33709569e+00   7.87382093e+00
 2.11000000e+00   0.00000000e+00   1.00000000e+00   1.53181512e-01   1.79012045e-04   5.36619204e+00   7.89076939e+00
 2.12000000e+00   0.00000000e+00   1.00000000e+00   1.55803925e-01   1.75662879e-04   5.38364981e+00   7.90258654e+00
 2.13000000e+00   0.00000000e+00   1.00000000e+00   1.58402447e-01   1.34118486e-04   5.39771311e+00   7.91027068e+00
 2.14000000e+00   0.00000000e+00   1.00000000e+00   1.60981345e-01   6.77353131e-05   5.41621497e+00   7.91500350e+00
 2.15000000e+00   0.00000000e+00   1.00000000e+00   1.63468266e-01  -2.11976552e-06   5.44260896e+00   7.91819459e+00
 2.16000000e+00   0.00000000e+00   1.00000000e+00   1.65772875e-01  -5.24344404e-05   5.47484744e+00   7.92141583e+00
 2.17000000e+00   0.00000000e+00   1.00000000e+00   1.67833990e-01  -6.63413770e-05   5.50896935e+00   7.92711428e+00
 2.18000000e+00   0.00000000e+00   1.00000000e+00   1.69621524e-01  -3.94071688e-05   5.54148275e+00   7.93774996e+00
 2.19000000e+00   0.00000000e+00   1.00000000e+00   1.71116051e-01   1.89207809e-05   5.56978698e+00   7.95443271e+00
 2.20000000e+00   0.00000000e+00   1.00000000e+00   1.72309464e-01   8.91727688e-05   5.58999765e+00   7.97505971e+00
 2.21000000e+00   0.00000000e+00   1.00000000e+00   1.73234553e-01   1.48490584e-04   5.59824701e+00   7.99497333e+00
 2.22000000e+00   0.00000000e+00   1.00000000e+00   1.73988551e-01   1.77532353e-04   5.59282632e+00   8.00952035e+00
 2.23000000e+00   0.00000000e+00   1.00000000e+00   1.74716699e-01   1.66459846e-04   5.57700152e+00   8.01669593e+00
 2.24000000e+00   0.00000000e+00   1.00000000e+00   1.75558876e-01   1.18653826e-04   5.55888506e+00   8.01807809e+00
 2.25000000e+00   0.00000000e+00   1.00000000e+00   1.76590842e-01   5.00778203e-05   5.54758655e+00   8.01710842e+00
 2.26000000e+00   0.00000000e+00   1.00000000e+00   1.77791738e-01  -1.63385060e-05   5.54999556e+00   8.01761581e+00
 2.27000000e+00   0.00000000e+00   1.00000000e+00   1.79054708e-01  -5.88408238e-05   5.56796143e+00   8.02223969e+00
 2.28000000e+00   0.00000000e+00   1.00000000e+00   1.80239271e-01  -6.38431867e-05   5.59708761e+00   8.03190789e+00
 2.29000000e+00   0.00000000e+00   1.00000000e+00   1.81240469e-01  -2.97966930e-05   5.62955804e+00   8.04623107e+00
 2.30000000e+00   0.00000000e+00   1.00000000e+00   1.82032090e-01   3.23079429e-05   5.65745004e+00   8.06390199e+00
 2.31000000e+00   0.00000000e+00   1.00000000e+00   1.82655720e-01   1.01992540e-04   5.67706424e+00   8.08354130e+00
 2.32000000e+00   0.00000000e+00   1.00000000e+00   1.83172350e-01   1.55910546e-04   5.68933158e+00   8.10342798e+00
 2.33000000e+00   0.00000000e+00   1.00000000e+00   1.83624185e-01   1.76087270e-04   5.69692628e+00   8.12094712e+00
 2.34000000e+00   0.00000000e+00   1.00000000e+00   1.84034061e-01   1.56135871e-04   5.70244955e+00   8.13326880e+00
 2.35000000e+00   0.00000000e+00   1.00000000e+00   1.84421744e-01   1.02901556e-04   5.70820813e+00   8.13934541e+00
 2.36000000e+00   0.00000000e+00   1.00000000e+00   1.84798679e-01   3.37789094e-05   5.71816503e+00   8.14108894e+00
 2.37000000e+00   0.00000000e+00   1.00000000e+00   1.85135534e-01  -2.87298035e-05   5.73663320e+00   8.14306290e+00
 2.38000000e+00   0.00000000e+00   1.00000000e+00   1.85337656e-01  -6.39546482e-05   5.76545061e+00   8.14998533e+00
 2.39000000e+00   0.00000000e+00   1.00000000e+00   1.85263213e-01  -6.00241808e-05   5.80141220e+00   8.16410536e+00
 2.40000000e+00   0.00000000e+00   1.00000000e+00   1.84780632e-01  -1.82678476e-05   5.83597488e+00   8.18409563e+00
 2.41000000e+00   0.00000000e+00   1.00000000e+00   1.83829270e-01   4.72560974e-05   5.85964891e+00   8.20615125e+00
 2.42000000e+00   0.00000000e+00   1.00000000e+00   1.82447345e-01   1.14906948e-04   5.86593190e+00   8.22625965e+00
 2.43000000e+00   0.00000000e+00   1.00000000e+00   1.80753799e-01   1.62727299e-04   5.85395354e+00   8.24206479e+00
 2.44000000e+00   0.00000000e+00   1.00000000e+00   1.78894672e-01   1.75240953e-04   5.82887732e+00   8.25296407e+00
 2.45000000e+00   0.00000000e+00   1.00000000e+00   1.76981764e-01   1.48316393e-04   5.79870257e+00   8.25922795e+00
 2.46000000e+00   0.00000000e+00   1.00000000e+00   1.75057415e-01   9.08507439e-05   5.77052302e+00   8.26153299e+00
 2.47000000e+00   0.00000000e+00   1.00000000e+00   1.73103797e-01   2.21380313e-05   5.74822306e+00   8.26099051e+00
 2.48000000e+00   0.00000000e+00   1.00000000e+00   1.71081214e-01  -3.47434844e-05   5.73225553e+00   8.25957288e+00
 2.49000000e+00   0.00000000e+00   1.00000000e+00   1.68957713e-01  -6.09363132e-05   5.72081433e+00   8.26038522e+00
 2.50000000e+00   0.00000000e+00   1.00000000e+00   1.66709129e-01  -4.78956567e-05   5.71185456e+00   8.26622930e+00
 2.51000000e+00   0.00000000e+00   1.00000000e+00   1.64308026e-01   2.24192744e-07   5.70296742e+00   8.27811841e+00
 2.52000000e+00   0.00000000e+00   1.00000000e+00   1.61734198e-01   6.79466915e-05   5.69023681e+00   8.29402692e+00
 2.53000000e+00   0.00000000e+00   1.00000000e+00   1.59009488e-01   1.33190783e-04   5.66921695e+00   8.30956780e+00
 2.54000000e+00   0.00000000e+00   1.00000000e+00   1.56222221e-01   1.74462229e-04   5.63775077e+00   8.32049981e+00
 2.55000000e+00   0.00000000e+00   1.00000000e+00   1.53507332e-01   1.78298849e-04   5.59871900e+00   8.32462416e+00
 2.56000000e+00   0.00000000e+00   1.00000000e+00   1.50986799e-01   1.43876620e-04   5.55964084e+00   8.32322715e+00
 2.57000000e+00   0.00000000e+00   1.00000000e+00   1.48709174e-01   8.29530121e-05   5.52867630e+00   8.31921670e+00
 2.58000000e+00   0.00000000e+00   1.00000000e+00   1.46625939e-01   1.57001034e-05   5.51177837e+00   8.31556760e+00
 2.59000000e+00   0.00000000e+00   1.00000000e+00   1.44615027e-01  -3.57414952e-05   5.50938011e+00   8.31444159e+00
 2.60000000e+00   0.00000000e+00   1.00000000e+00   1.42534619e-01  -5.42324308e-05   5.51739147e+00   8.31713854e+00
 2.61000000e+00   0.00000000e+00   1.00000000e+00   1.40277616e-01  -3.33694727e-05   5.52856466e+00   8.32402661e+00
 2.62000000e+00   0.00000000e+00   1.00000000e+00   1.37799798e-01   2.00852666e-05   5.53598615e+00   8.33481724e+00
 2.63000000e+00   0.00000000e+00   1.00000000e+00   1.35111724e-01   8.84520805e-05   5.53575273e+00   8.34834106e+00
 2.64000000e+00   0.00000000e+00   1.00000000e+00   1.32249585e-01   1.49293325e-04   5.52643956e+00   8.36207448e+00
 2.65000000e+00   0.00000000e+00   1.00000000e+00   1.29253697e-01   1.82899166e-04   5.50906086e+00   8.37259513e+00
 2.66000000e+00   0.00000000e+00   1.00000000e+00   1.26168313e-01   1.78517478e-04   5.48539351e+00   8.37701395e+00
 2.67000000e+00   0.00000000e+00   1.00000000e+00   1.23046372e-01   1.37743410e-04   5.45800622e+00   8.37432336e+00
 2.68000000e+00   0.00000000e+00   1.00000000e+00   1.19933334e-01   7.41922211e-05   5.43098737e+00   8.36631175e+00
 2.69000000e+00   0.00000000e+00   1.00000000e+00   1.16830693e-01   9.17476477e-06   5.40958535e+00   8.35706287e+00
 2.70000000e+00   0.00000000e+00   1.00000000e+00   1.13672568e-01  -3.55002328e-05   5.39620031e+00   8.35074099e+00
 2.71000000e+00   0.00000000e+00   1.00000000e+00   1.10347059e-01  -4.49276507e-05   5.38913036e+00   8.34932411e+00
 2.72000000e+00   0.00000000e+00   1.00000000e+00   1.06756453e-01  -1.58956769e-05   5.38170467e+00   8.35213278e+00
 2.73000000e+00   0.00000000e+00   1.00000000e+00   1.02876186e-01   4.23101157e-05   5.36649872e+00   8.35658965e+00
 2.74000000e+00   0.00000000e+00   1.00000000e+00   9.87744934e-02   1.10931268e-04   5.33864407e+00   8.35998394e+00
 2.75000000e+00   0.00000000e+00   1.00000000e+00   9.45852411e-02   1.67677968e-04   5.29785595e+00   8.36068495e+00
 2.76000000e+00   0.00000000e+00   1.00000000e+00   9.04553094e-02   1.94056140e-04   5.24812488e+00   8.35776364e+00
 2.77000000e+00   0.00000000e+00   1.00000000e+00   8.64966419e-02   1.81696109e-04   5.19554680e+00   8.35035496e+00
 2.78000000e+00   0.00000000e+00   1.00000000e+00   8.27641243e-02   1.35180897e-04   5.14587816e+00   8.33793714e+00
 2.79000000e+00   0.00000000e+00   1.00000000e+00   7.92625206e-02   7.03012621e-05   5.10332752e+00   8.32127513e+00
 2.80000000e+00   0.00000000e+00   1.00000000e+00   7.59676248e-02   8.68397581e-06   5.06965129e+00   8.30323080e+00
 2.81000000e+00   0.00000000e+00   1.00000000e+00   7.28407160e-02  -2.91901962e-05   5.04480859e+00   8.28735781e+00
 2.82000000e+00   0.00000000e+00   1.00000000e+00   6.98292397e-02  -3.05510105e-05   5.02737108e+00   8.27694257e+00
 2.83000000e+00   0.00000000e+00   1.00000000e+00   6.68686869e-02   5.36302133e-06   5.01495101e+00   8.27284682e+00
 2.84000000e+00   0.00000000e+00   1.00000000e+00   6.39046900e-02   6.68755930e-05   5.00318750e+00   8.27328476e+00
 2.85000000e+00   0.00000000e+00   1.00000000e+00   6.09305906e-02   1.33782631e-04   4.98720413e+00   8.27471487e+00
 2.86000000e+00   0.00000000e+00   1.00000000e+00   5.80087886e-02   1.84222330e-04   4.96355895e+00   8.27348764e+00
 2.87000000e+00   0.00000000e+00   1.00000000e+00   5.52478151e-02   2.01887741e-04   4.93323303e+00   8.26784773e+00
 2.88000000e+00   0.00000000e+00   1.00000000e+00   5.27426714e-02   1.81194485e-04   4.90131459e+00   8.25772329e+00
 2.89000000e+00   0.00000000e+00   1.00000000e+00   5.05182764e-02   1.29049606e-04   4.87466555e+00   8.24431278e+00
 2.90000000e+00   0.00000000e+00   1.00000000e+00   4.85130898e-02   6.27453968e-05   4.85830416e+00   8.22943881e+00
 2.91000000e+00   0.00000000e+00   1.00000000e+00   4.66081204e-02   4.36497602e-06   4.85338039e+00   8.21484243e+00
 2.92000000e+00   0.00000000e+00   1.00000000e+00   4.46771709e-02  -2.66442741e-05   4.85702952e+00   8.20225362e+00
 2.93000000e+00   0.00000000e+00   1.00000000e+00   4.26284385e-02  -2.00292405e-05   4.86372532e+00   8.19332939e+00
 2.94000000e+00   0.00000000e+00   1.00000000e+00   4.04213562e-02   2.20052706e-05   4.86821582e+00   8.18869416e+00
 2.95000000e+00   0.00000000e+00   1.00000000e+00   3.80608366e-02   8.57242775e-05   4.86633932e+00   8.18731510e+00
 2.96000000e+00   0.00000000e+00   1.00000000e+00   3.55830826e-02   1.50361902e-04   4.85592189e+00   8.18655896e+00
 2.97000000e+00   0.00000000e+00   1.00000000e+00   3.30470189e-02   1.94791266e-04   4.83690201e+00   8.18281902e+00
 2.98000000e+00   0.00000000e+00   1.00000000e+00   3.05326166e-02   2.04475328e-04   4.81011146e+00   8.17348881e+00
 2.99000000e+00   0.00000000e+00   1.00000000e+00   2.81325433e-02   1.76420014e-04   4.77844468e+00   8.15757594e+00
 3.00000000e+00   0.00000000e+00   1.00000000e+00   2.59245046e-02   1.20192642e-04   4.74611578e+00   8.13655993e+00
 3.01000000e+00   0.00000000e+00   1.00000000e+00   2.39331252e-02   5.45941443e-05   4.71866685e+00   8.11360599e+00
 3.02000000e+00   0.00000000e+00   1.00000000e+00   2.21113352e-02   1.35938156e-06   4.69971520e+00   8.09197080e+00
 3.03000000e+00   0.00000000e+00   1.00000000e+00   2.03650482e-02  -2.18800982e-05   4.68915340e+00   8.07368002e+00
 3.04000000e+00   0.00000000e+00   1.00000000e+00   1.86115944e-02  -7.27719780e-06   4.68284133e+00   8.05935755e+00
 3.05000000e+00   0.00000000e+00   1.00000000e+00   1.68332366e-02   4.05617842e-05   4.67449790e+00   8.04827242e+00
 3.06000000e+00   0.00000000e+00   1.00000000e+00   1.50909262e-02   1.05951517e-04   4.65905807e+00   8.03945378e+00
 3.07000000e+00   0.00000000e+00   1.00000000e+00   1.34951351e-02   1.67346967e-04   4.63505104e+00   8.03137418e+00
 3.08000000e+00   0.00000000e+00   1.00000000e+00   1.21591403e-02   2.04611823e-04   4.60483489e+00   8.02238705e+00
 3.09000000e+00   0.00000000e+00   1.00000000e+00   1.11634521e-02   2.05657913e-04   4.57241713e+00   8.01052106e+00
 3.10000000e+00   0.00000000e+00   1.00000000e+00   1.05433447e-02   1.70261434e-04   4.54275450e+00   7.99464227e+00
 3.11000000e+00   0.00000000e+00   1.00000000e+00   1.02932764e-02   1.10075540e-04   4.51975287e+00   7.97504664e+00
 3.12000000e+00   0.00000000e+00   1.00000000e+00   1.03749724e-02   4.48948628e-05   4.50580600e+00   7.95430653e+00
 3.13000000e+00   0.00000000e+00   1.00000000e+00   1.07210891e-02  -3.79152370e-06   4.50202715e+00   7.93588866e+00
 3.14000000e+00   0.00000000e+00   1.00000000e+00   1.12381185e-02  -1.99763228e-05   4.50773541e+00   7.92277348e+00
 3.15000000e+00   0.00000000e+00   1.00000000e+00   1.18207000e-02   1.49850445e-06   4.52028041e+00   7.91583147e+00
 3.16000000e+00   0.00000000e+00   1.00000000e+00   1.23840419e-02   5.33339413e-05   4.53487774e+00   7.91377077e+00
 3.17000000e+00   0.00000000e+00   1.00000000e+00   1.29018236e-02   1.18316399e-04   4.54572506e+00   7.91380788e+00
 3.18000000e+00   0.00000000e+00   1.00000000e+00   1.34214914e-02   1.74955577e-04   4.54884054e+00   7.91305176e+00
 3.19000000e+00   0.00000000e+00   1.00000000e+00   1.40376845e-02   2.04451783e-04   4.54364861e+00   7.90951903e+00
 3.20000000e+00   0.00000000e+00   1.00000000e+00   1.48353782e-02   1.96909939e-04   4.53417467e+00   7.90253628e+00
 3.21000000e+00   0.00000000e+00   1.00000000e+00   1.58396775e-02   1.54725333e-04   4.52670769e+00   7.89197203e+00
 3.22000000e+00   0.00000000e+00   1.00000000e+00   1.70040159e-02   9.17985001e-05   4.52598983e+00   7.87864260e+00
 3.23000000e+00   0.00000000e+00   1.00000000e+00   1.82380581e-02   2.88116491e-05   4.53364807e+00   7.86407928e+00
 3.24000000e+00   0.00000000e+00   1.00000000e+00   1.94499537e-02  -1.36520770e-05   4.54754962e+00   7.85038279e+00
 3.25000000e+00   0.00000000e+00   1.00000000e+00   2.05762294e-02  -2.17799711e-05   4.56399236e+00   7.83971537e+00
 3.26000000e+00   0.00000000e+00   1.00000000e+00   2.15909123e-02   7.01317471e-06   4.57868736e+00   7.83330215e+00
 3.27000000e+00   0.00000000e+00   1.00000000e+00   2.25027547e-02   6.31718212e-05   4.58813911e+00   7.83073097e+00
 3.28000000e+00   0.00000000e+00   1.00000000e+00   2.33525244e-02   1.28051095e-04   4.59001884e+00   7.82975731e+00
 3.29000000e+00   0.00000000e+00   1.00000000e+00   2.42134550e-02   1.80114567e-04   4.58329410e+00   7.82744409e+00
 3.30000000e+00   0.00000000e+00   1.00000000e+00   2.51871516e-02   2.02149727e-04   4.56876865e+00   7.82122136e+00
 3.31000000e+00   0.00000000e+00   1.00000000e+00   2.63841324e-02   1.86914844e-04   4.54926575e+00   7.81056083e+00
 3.32000000e+00   0.00000000e+00   1.00000000e+00   2.78876351e-02   1.39387952e-04   4.53026693e+00   7.79642789e+00
 3.33000000e+00   0.00000000e+00   1.00000000e+00   2.97166847e-02   7.50996873e-05   4.51747493e+00   7.78119205e+00
 3.34000000e+00   0.00000000e+00   1.00000000e+00   3.18145042e-02   1.51144916e-05   4.51515308e+00   7.76730466e+00
 3.35000000e+00   0.00000000e+00   1.00000000e+00   3.40770331e-02  -2.08869475e-05   4.52362746e+00   7.75661839e+00
 3.36000000e+00   0.00000000e+00   1.00000000e+00   3.64080062e-02  -2.11968669e-05   4.53916186e+00   7.75007248e+00
 3.37000000e+00   0.00000000e+00   1.00000000e+00   3.87658119e-02   1.40068701e-05   4.55552584e+00   7.74793224e+00
 3.38000000e+00   0.00000000e+00   1.00000000e+00   4.11738780e-02   7.28127788e-05   4.56795992e+00   7.74942886e+00
 3.39000000e+00   0.00000000e+00   1.00000000e+00   4.36950380e-02   1.35608826e-04   4.57520291e+00   7.75332106e+00
 3.40000000e+00   0.00000000e+00   1.00000000e+00   4.63943144e-02   1.81503517e-04   4.57844290e+00   7.75759212e+00
 3.41000000e+00   0.00000000e+00   1.00000000e+00   4.93142184e-02   1.95116452e-04   4.58101625e+00   7.76004384e+00
 3.42000000e+00   0.00000000e+00   1.00000000e+00   5.24679266e-02   1.71673946e-04   4.58617399e+00   7.75895295e+00
 3.43000000e+00   0.00000000e+00   1.00000000e+00   5.58398864e-02   1.18665099e-04   4.59741574e+00   7.75441287e+00
 3.44000000e+00   0.00000000e+00   1.00000000e+00   5.93835911e-02   5.33628215e-05   4.61716497e+00   7.74858947e+00
 3.45000000e+00   0.00000000e+00   1.00000000e+00   6.30176894e-02  -2.97111101e-06   4.64697032e+00   7.74446640e+00
 3.46000000e+00   0.00000000e+00   1.00000000e+00   6.66311728e-02  -3.21160685e-05   4.68563466e+00   7.74466263e+00
 3.47000000e+00   0.00000000e+00   1.00000000e+00   7.01069923e-02  -2.48062922e-05   4.72918484e+00   7.74985414e+00
 3.48000000e+00   0.00000000e+00   1.00000000e+00   7.33608892e-02   1.62654808e-05   4.77183305e+00   7.75873460e+00
 3.49000000e+00   0.00000000e+00   1.00000000e+00   7.63767084e-02   7.72831112e-05   4.80688723e+00   7.76890366e+00
 3.50000000e+00   0.00000000e+00   1.00000000e+00   7.92141422e-02   1.37823126e-04   4.83058241e+00   7.77805033e+00
 3.51000000e+00   0.00000000e+00   1.00000000e+00   8.19784207e-02   1.77645266e-04   4.84349769e+00   7.78471234e+00
 3.52000000e+00   0.00000000e+00   1.00000000e+00   8.47672340e-02   1.83438218e-04   4.85024836e+00   7.78820074e+00
 3.53000000e+00   0.00000000e+00   1.00000000e+00   8.76272733e-02   1.53173488e-04   4.85662756e+00   7.78854411e+00
 3.54000000e+00   0.00000000e+00   1.00000000e+00   9.05448936e-02   9.66902356e-05   4.86742084e+00   7.78622040e+00
 3.55000000e+00   0.00000000e+00   1.00000000e+00   9.34688828e-02   3.24329458e-05   4.88428863e+00   7.78252945e+00
 3.56000000e+00   0.00000000e+00   1.00000000e+00   9.63424411e-02  -1.85918714e-05   4.90611929e+00   7.77937829e+00
 3.57000000e+00   0.00000000e+00   1.00000000e+00   9.91234261e-02  -3.97173713e-05   4.93034636e+00   7.77910602e+00
 3.58000000e+00   0.00000000e+00   1.00000000e+00   1.01790058e-01  -2.41706305e-05   4.95410255e+00   7.78299548e+00
 3.59000000e+00   0.00000000e+00   1.00000000e+00   1.04343083e-01   2.26772178e-05   4.97429595e+00   7.79086463e+00
 3.60000000e+00   0.00000000e+00   1.00000000e+00   1.06812652e-01   8.51501616e-05   4.98833124e+00   7.80082148e+00
 3.61000000e+00   0.00000000e+00   1.00000000e+00   1.09265163e-01   1.42483933e-04   4.99488617e+00   7.81006487e+00
 3.62000000e+00   0.00000000e+00   1.00000000e+00   1.11797200e-01   1.75633817e-04   4.99504094e+00   7.81652432e+00
 3.63000000e+00   0.00000000e+00   1.00000000e+00   1.14508771e-01   1.73510722e-04   4.99291967e+00   7.81947601e+00
 3.64000000e+00   0.00000000e+00   1.00000000e+00   1.17462943e-01   1.36645847e-04   4.99454693e+00   7.81986947e+00
 3.65000000e+00   0.00000000e+00   1.00000000e+00   1.20652695e-01   7.70472903e-05   5.00606336e+00   7.81975359e+00
 3.66000000e+00   0.00000000e+00   1.00000000e+00   1.23996945e-01   1.42174965e-05   5.03072660e+00   7.82114947e+00
 3.67000000e+00   0.00000000e+00   1.00000000e+00   1.27372325e-01  -3.13307302e-05   5.06732839e+00   7.82534492e+00
 3.68000000e+00   0.00000000e+00   1.00000000e+00   1.30663975e-01  -4.48505081e-05   5.11097443e+00   7.83327091e+00
 3.69000000e+00   0.00000000e+00   1.00000000e+00   1.33805566e-01  -2.21797715e-05   5.15517749e+00   7.84468954e+00
 3.70000000e+00   0.00000000e+00   1.00000000e+00   1.36787816e-01   2.89274885e-05   5.19524577e+00   7.85903786e+00
 3.71000000e+00   0.00000000e+00   1.00000000e+00   1.39638865e-01   9.13567422e-05   5.22906871e+00   7.87510252e+00
 3.72000000e+00   0.00000000e+00   1.00000000e+00   1.42397353e-01   1.44270623e-04   5.25691579e+00   7.89092809e+00
 3.73000000e+00   0.00000000e+00   1.00000000e+00   1.45095854e-01   1.70008867e-04   5.28075500e+00   7.90436862e+00
 3.74000000e+00   0.00000000e+00   1.00000000e+00   1.47755285e-01   1.59936538e-04   5.30311508e+00   7.91386917e+00
 3.75000000e+00   0.00000000e+00   1.00000000e+00   1.50379443e-01   1.17254555e-04   5.32693506e+00   7.91947480e+00
 3.76000000e+00   0.00000000e+00   1.00000000e+00   1.52943768e-01   5.58949733e-05   5.35545507e+00   7.92341079e+00
 3.77000000e+00   0.00000000e+00   1.00000000e+00   1.55386054e-01  -4.06704584e-06   5.39021314e+00   7.92843377e+00
 3.78000000e+00   0.00000000e+00   1.00000000e+00   1.57613181e-01  -4.30149232e-05   5.42991602e+00   7.93693275e+00
 3.79000000e+00   0.00000000e+00   1.00000000e+00   1.59530133e-01  -4.82622060e-05   5.47047419e+00   7.94913260e+00
 3.80000000e+00   0.00000000e+00   1.00000000e+00   1.61081068e-01  -1.82318230e-05   5.50502571e+00   7.96390407e+00
 3.81000000e+00   0.00000000e+00   1.00000000e+00   1.62280068e-01   3.70205297e-05   5.52784077e+00   7.97915432e+00
 3.82000000e+00   0.00000000e+00   1.00000000e+00   1.63211707e-01   9.91403251e-05   5.53670549e+00   7.99296361e+00
 3.83000000e+00   0.00000000e+00   1.00000000e+00   1.63998428e-01   1.47583504e-04   5.53369384e+00   8.00439595e+00
 3.84000000e+00   0.00000000e+00   1.00000000e+00   1.64752510e-01   1.66375144e-04   5.52419920e+00   8.01303719e+00
 3.85000000e+00   0.00000000e+00   1.00000000e+00   1.65539665e-01   1.49337854e-04   5.51452517e+00   8.01896358e+00
 3.86000000e+00   0.00000000e+00   1.00000000e+00   1.66371254e-01   1.02123637e-04   5.50945221e+00   8.02240900e+00
 3.87000000e+00   0.00000000e+00   1.00000000e+00   1.67220792e-01   4.03475551e-05   5.51115018e+00   8.02448104e+00
 3.88000000e+00   0.00000000e+00   1.00000000e+00   1.68046198e-01  -1.56047635e-05   5.51954280e+00   8.02713511e+00
 3.89000000e+00   0.00000000e+00   1.00000000e+00   1.68803530e-01  -4.73264520e-05   5.53298737e+00   8.03260369e+00
 3.90000000e+00   0.00000000e+00   1.00000000e+00   1.69453444e-01  -4.44197695e-05   5.54925456e+00   8.04242499e+00
 3.91000000e+00   0.00000000e+00   1.00000000e+00   1.69970383e-01  -7.90165914e-06   5.56439208e+00   8.05620140e+00
 3.92000000e+00   0.00000000e+00   1.00000000e+00   1.70357861e-01   5.01212381e-05   5.57526371e+00   8.07192196e+00
 3.93000000e+00   0.00000000e+00   1.00000000e+00   1.70659813e-01   1.10458738e-04   5.57935083e+00   8.08679395e+00
 3.94000000e+00   0.00000000e+00   1.00000000e+00   1.70953179e-01   1.53184640e-04   5.57739928e+00   8.09872578e+00
 3.95000000e+00   0.00000000e+00   1.00000000e+00   1.71317243e-01   1.64204691e-04   5.57355965e+00   8.10724248e+00
 3.96000000e+00   0.00000000e+00   1.00000000e+00   1.71792638e-01   1.39914789e-04   5.57368507e+00   8.11325432e+00
 3.97000000e+00   0.00000000e+00   1.00000000e+00   1.72353009e-01   8.83747692e-05   5.58303775e+00   8.11846049e+00
 3.98000000e+00   0.00000000e+00   1.00000000e+00   1.72907183e-01   2.65930493e-05   5.60346795e+00   8.12448609e+00
 3.99000000e+00   0.00000000e+00   1.00000000e+00   1.73331879e-01  -2.50954717e-05   5.63271566e+00   8.13260642e+00
 4.00000000e+00   0.00000000e+00   1.00000000e+00   1.73516560e-01  -4.97112233e-05   5.66561743e+00   8.14339301e+00
 4.01000000e+00   0.00000000e+00   1.00000000e+00   1.73396105e-01  -3.92109511e-05   5.69564482e+00   8.15696375e+00
 4.02000000e+00   0.00000000e+00   1.00000000e+00   1.72957805e-01   2.88349991e-06   5.71805745e+00   8.17274652e+00
 4.03000000e+00   0.00000000e+00   1.00000000e+00   1.72227845e-01   6.26727714e-05   5.73055639e+00   8.18959796e+00
 4.04000000e+00   0.00000000e+00   1.00000000e+00   1.71253280e-01   1.20478673e-04   5.73288673e+00   8.20545467e+00
 4.05000000e+00   0.00000000e+00   1.00000000e+00   1.70090308e-01   1.57326378e-04   5.72633039e+00   8.21814955e+00
 4.06000000e+00   0.00000000e+00   1.00000000e+00   1.68796274e-01   1.61185622e-04   5.71385056e+00   8.22627877e+00
 4.07000000e+00   0.00000000e+00   1.00000000e+00   1.67416639e-01   1.30925533e-04   5.69931470e+00   8.23016785e+00
 4.08000000e+00   0.00000000e+00   1.00000000e+00   1.65966078e-01   7.66806017e-05   5.68704268e+00   8.23173304e+00
 4.09000000e+00   0.00000000e+00   1.00000000e+00   1.64415700e-01   1.65076366e-05   5.67963931e+00   8.23377483e+00
 4.10000000e+00   0.00000000e+00   1.00000000e+00   1.62701233e-01  -2.95788938e-05   5.67696688e+00   8.23817947e+00
 4.11000000e+00   0.00000000e+00   1.00000000e+00   1.60754834e-01  -4.62338008e-05   5.67509421e+00   8.24563507e+00
 4.12000000e+00   0.00000000e+00   1.00000000e+00   1.58545661e-01  -2.78445742e-05   5.66881049e+00   8.25501420e+00
 4.13000000e+00   0.00000000e+00   1.00000000e+00   1.56105956e-01   1.96461374e-05   5.65355417e+00   8.26474963e+00
 4.14000000e+00   0.00000000e+00   1.00000000e+00   1.53526923e-01   8.07386408e-05   5.62772586e+00   8.27359938e+00
 4.15000000e+00   0.00000000e+00   1.00000000e+00   1.50926831e-01   1.35501228e-04   5.59373052e+00   8.28069794e+00
 4.16000000e+00   0.00000000e+00   1.00000000e+00   1.48409815e-01   1.66125844e-04   5.55631553e+00   8.28536086e+00
 4.17000000e+00   0.00000000e+00   1.00000000e+00   1.46036994e-01   1.62766953e-04   5.52080117e+00   8.28722582e+00
 4.18000000e+00   0.00000000e+00   1.00000000e+00   1.43820198e-01   1.26774449e-04   5.49135790e+00   8.28636980e+00
 4.19000000e+00   0.00000000e+00   1.00000000e+00   1.41732659e-01   7.02502700e-05   5.47039635e+00   8.28381394e+00
 4.20000000e+00   0.00000000e+00   1.00000000e+00   1.39723314e-01   1.20534265e-05   5.45819548e+00   8.28154146e+00
 4.21000000e+00   0.00000000e+00   1.00000000e+00   1.37727110e-01  -2.84483710e-05   5.45386811e+00   8.28196092e+00
 4.22000000e+00   0.00000000e+00   1.00000000e+00   1.35674961e-01  -3.77892444e-05   5.45442387e+00   8.28627517e+00
 4.23000000e+00   0.00000000e+00   1.00000000e+00   1.33510475e-01  -1.28290191e-05   5.45583362e+00   8.29430121e+00
 4.24000000e+00   0.00000000e+00   1.00000000e+00   1.31211783e-01   3.82718224e-05   5.45339909e+00   8.30407315e+00
 4.25000000e+00   0.00000000e+00   1.00000000e+00   1.28805042e-01   9.87792332e-05   5.44412025e+00   8.31299245e+00
 4.26000000e+00   0.00000000e+00   1.00000000e+00   1.26355272e-01   1.48900864e-04   5.42773223e+00   8.31924755e+00
 4.27000000e+00   0.00000000e+00   1.00000000e+00   1.23933641e-01   1.72293311e-04   5.40763684e+00   8.32221610e+00
 4.28000000e+00   0.00000000e+00   1.00000000e+00   1.21577510e-01   1.61438715e-04   5.38837569e+00   8.32237143e+00
 4.29000000e+00   0.00000000e+00   1.00000000e+00   1.19266242e-01   1.20122962e-04   5.37437512e+00   8.32071360e+00
 4.30000000e+00   0.00000000e+00   1.00000000e+00   1.16926441e-01   6.21886051e-05   5.36739640e+00   8.31829143e+00
 4.31000000e+00   0.00000000e+00   1.00000000e+00   1.14462200e-01   6.94580505e-06   5.36608594e+00   8.31639664e+00
 4.32000000e+00   0.00000000e+00   1.00000000e+00   1.11792228e-01  -2.72233249e-05   5.36629802e+00   8.31573622e+00
 4.33000000e+00   0.00000000e+00   1.00000000e+00   1.08875044e-01  -2.89043039e-05   5.36357656e+00   8.31689907e+00
 4.34000000e+00   0.00000000e+00   1.00000000e+00   1.05714645e-01   2.63820322e-06   5.35397197e+00   8.31974692e+00
 4.35000000e+00   0.00000000e+00   1.00000000e+00   1.02352479e-01   5.72275281e-05   5.33544242e+00   8.32317884e+00
 4.36000000e+00   0.00000000e+00   1.00000000e+00   9.88564761e-02   1.17099529e-04   5.30760319e+00   8.32535004e+00
 4.37000000e+00   0.00000000e+00   1.00000000e+00   9.53117849e-02   1.62765808e-04   5.27172715e+00   8.32429495e+00
 4.38000000e+00   0.00000000e+00   1.00000000e+00   9.18087823e-02   1.79482126e-04   5.23084386e+00   8.31881110e+00
 4.39000000e+00   0.00000000e+00   1.00000000e+00   8.84230015e-02   1.62107150e-04   5.18900561e+00   8.30924058e+00
 4.40000000e+00   0.00000000e+00   1.00000000e+00   8.51911126e-02   1.16743521e-04   5.15082355e+00   8.29718340e+00
 4.41000000e+00   0.00000000e+00   1.00000000e+00   8.20974045e-02   5.86855796e-05   5.11957814e+00   8.28482092e+00
 4.42000000e+00   0.00000000e+00   1.00000000e+00   7.90841899e-02   7.37145708e-06   5.09619081e+00   8.27393330e+00
 4.43000000e+00   0.00000000e+00   1.00000000e+00   7.60852956e-02  -2.00131140e-05   5.07795384e+00   8.26538285e+00
 4.44000000e+00   0.00000000e+00   1.00000000e+00   7.30652330e-02  -1.42181958e-05   5.06062132e+00   8.25897187e+00
 4.45000000e+00   0.00000000e+00   1.00000000e+00   7.00419041e-02   2.30183607e-05   5.04011480e+00   8.25413916e+00
 4.46000000e+00   0.00000000e+00   1.00000000e+00   6.70810159e-02   7.96242652e-05   5.01420584e+00   8.24998649e+00
 4.47000000e+00   0.00000000e+00   1.00000000e+00   6.42680406e-02   1.37138102e-04   4.98360922e+00   8.24552507e+00
 4.48000000e+00   0.00000000e+00   1.00000000e+00   6.16752558e-02   1.76811880e-04   4.95115999e+00   8.23995788e+00
 4.49000000e+00   0.00000000e+00   1.00000000e+00   5.93399965e-02   1.85787845e-04   4.92073062e+00   8.23205369e+00
 4.50000000e+00   0.00000000e+00   1.00000000e+00   5.72592829e-02   1.61314858e-04   4.89533467e+00   8.22156479e+00
 4.51000000e+00   0.00000000e+00   1.00000000e+00   5.53951414e-02   1.11635036e-04   4.87780333e+00   8.20936074e+00
 4.52000000e+00   0.00000000e+00   1.00000000e+00   5.36824281e-02   5.32608558e-05   4.86868467e+00   8.19722103e+00
 4.53000000e+00   0.00000000e+00   1.00000000e+00   5.20371985e-02   5.54397501e-06   4.86732407e+00   8.18718027e+00
 4.54000000e+00   0.00000000e+00   1.00000000e+00   5.03705221e-02  -1.56949660e-05   4.87118930e+00   8.18036814e+00
 4.55000000e+00   0.00000000e+00   1.00000000e+00   4.86112609e-02  -3.40192524e-06   4.87609385e+00   8.17655992e+00
 4.56000000e+00   0.00000000e+00   1.00000000e+00   4.67314324e-02   3.83892410e-05   4.87743938e+00   8.17423070e+00
 4.57000000e+00   0.00000000e+00   1.00000000e+00   4.47590396e-02   9.59281484e-05   4.87161171e+00   8.17151426e+00
 4.58000000e+00   0.00000000e+00   1.00000000e+00   4.27661206e-02   1.50319590e-04   4.85768594e+00   8.16698416e+00
 4.59000000e+00   0.00000000e+00   1.00000000e+00   4.08346209e-02   1.83752833e-04   4.83775077e+00   8.15986632e+00
 4.60000000e+00   0.00000000e+00   1.00000000e+00   3.90180075e-02   1.85362564e-04   4.81617406e+00   8.14989289e+00
 4.61000000e+00   0.00000000e+00   1.00000000e+00   3.73198041e-02   1.54800582e-04   4.79689700e+00   8.13736797e+00
 4.62000000e+00   0.00000000e+00   1.00000000e+00   3.56989197e-02   1.02337452e-04   4.78270696e+00   8.12292030e+00
 4.63000000e+00   0.00000000e+00   1.00000000e+00   3.40949619e-02   4.54487681e-05   4.77349805e+00   8.10774080e+00
 4.64000000e+00   0.00000000e+00   1.00000000e+00   3.24571219e-02   3.02576119e-06   4.76715986e+00   8.09317556e+00
 4.65000000e+00   0.00000000e+00   1.00000000e+00   3.07629582e-02  -1.08422949e-05   4.76060708e+00   8.08036891e+00
 4.66000000e+00   0.00000000e+00   1.00000000e+00   2.90238828e-02   8.51960337e-06   4.75102046e+00   8.06974725e+00
 4.67000000e+00   0.00000000e+00   1.00000000e+00   2.72826873e-02   5.48477522e-05   4.73613025e+00   8.06054240e+00
 4.68000000e+00   0.00000000e+00   1.00000000e+00   2.56087618e-02   1.12989570e-04   4.71493533e+00   8.05157105e+00
 4.69000000e+00   0.00000000e+00   1.00000000e+00   2.40905672e-02   1.63889509e-04   4.68787410e+00   8.04116778e+00
 4.70000000e+00   0.00000000e+00   1.00000000e+00   2.28202888e-02   1.90886679e-04   4.65731725e+00   8.02840759e+00
 4.71000000e+00   0.00000000e+00   1.00000000e+00   2.18690549e-02   1.85218127e-04   4.62676695e+00   8.01338999e+00
 4.72000000e+00   0.00000000e+00   1.00000000e+00   2.12610532e-02   1.48892808e-04   4.60081060e+00   7.99701567e+00
 4.73000000e+00   0.00000000e+00   1.00000000e+00   2.09619261e-02   9.39875484e-05   4.58340998e+00   7.98074440e+00
 4.74000000e+00   0.00000000e+00   1.00000000e+00   2.08923012e-02   3.86438230e-05   4.57545895e+00   7.96593172e+00
 4.75000000e+00   0.00000000e+00   1.00000000e+00   2.09623447e-02   1.09163206e-06   4.57549173e+00   7.95351034e+00
 4.76000000e+00   0.00000000e+00   1.00000000e+00   2.11091792e-02  -6.35488429e-06   4.57932443e+00   7.94388731e+00
 4.77000000e+00   0.00000000e+00   1.00000000e+00   2.13172960e-02   1.86446661e-05   4.58275035e+00   7.93700157e+00
 4.78000000e+00   0.00000000e+00   1.00000000e+00   2.16138326e-02   6.77032096e-05   4.58272916e+00   7.93232946e+00
 4.79000000e+00   0.00000000e+00   1.00000000e+00   2.20460842e-02   1.24502575e-04   4.57893214e+00   7.92881306e+00
 4.80000000e+00   0.00000000e+00   1.00000000e+00   2.26563668e-02   1.70199491e-04   4.57257106e+00   7.92497693e+00
 4.81000000e+00   0.00000000e+00   1.00000000e+00   2.34655250e-02   1.89633395e-04   4.56655900e+00   7.91951425e+00
 4.82000000e+00   0.00000000e+00   1.00000000e+00   2.44667605e-02   1.76303261e-04   4.56350460e+00   7.91174909e+00
 4.83000000e+00   0.00000000e+00   1.00000000e+00   2.56250972e-02   1.34498406e-04   4.56566885e+00   7.90222392e+00
 4.84000000e+00   0.00000000e+00   1.00000000e+00   2.68791556e-02   7.78972462e-05   4.57430224e+00   7.89237562e+00
 4.85000000e+00   0.00000000e+00   1.00000000e+00   2.81477049e-02   2.50484958e-05   4.58910056e+00   7.88374141e+00
 4.86000000e+00   0.00000000e+00   1.00000000e+00   2.93461234e-02  -6.75540285e-06   4.60783538e+00   7.87729572e+00
 4.87000000e+00   0.00000000e+00   1.00000000e+00   3.04125519e-02  -7.19177639e-06   4.62651276e+00   7.87299644e+00
 4.88000000e+00   0.00000000e+00   1.00000000e+00   3.13336699e-02   2.37035963e-05   4.64065547e+00   7.86988659e+00
 4.89000000e+00   0.00000000e+00   1.00000000e+00   3.21547224e-02   7.55876306e-05   4.64668875e+00   7.86680764e+00
 4.90000000e+00   0.00000000e+00   1.00000000e+00   3.29644861e-02   1.31243076e-04   4.64394482e+00   7.86291361e+00
 4.91000000e+00   0.00000000e+00   1.00000000e+00   3.38606624e-02   1.72246799e-04   4.63432688e+00   7.85745746e+00
 4.92000000e+00   0.00000000e+00   1.00000000e+00   3.49137122e-02   1.85039351e-04   4.62220373e+00   7.85024752e+00
 4.93000000e+00   0.00000000e+00   1.00000000e+00   3.61474907e-02   1.65391013e-04   4.61184777e+00   7.84112849e+00
 4.94000000e+00   0.00000000e+00   1.00000000e+00   3.75432380e-02   1.19770470e-04   4.60628249e+00   7.83055067e+00
 4.95000000e+00   0.00000000e+00   1.00000000e+00   3.90593191e-02   6.31723623e-05   4.60619176e+00   7.81952491e+00
 4.96000000e+00   0.00000000e+00   1.00000000e+00   4.06530971e-02   1.41611757e-05   4.61085730e+00   7.80953658e+00
 4.97000000e+00   0.00000000e+00   1.00000000e+00   4.22958507e-02  -1.12301781e-05   4.61782698e+00   7.80196023e+00
 4.98000000e+00   0.00000000e+00   1.00000000e+00   4.39802176e-02  -4.76966268e-06   4.62481358e+00   7.79724949e+00
 4.99000000e+00   0.00000000e+00   1.00000000e+00   4.57239638e-02   3.12549053e-05   4.62948633e+00   7.79514050e+00
 5.00000000e+00   0.00000000e+00   1.00000000e+00   4.75711571e-02   8.47766082e-05   4.63026635e+00   7.79430904e+00