  Time  Coordinate0  Coordinate1  Displacement0  Displacement1  Force0  Force1
 0.00000000e+00   0.00000000e+00   1.00000000e+00   0.00000000e+00   0.00000000e+00   0.00000000e+00   0.00000000e+00
 1.00000000e-02   0.00000000e+00   1.00000000e+00   2.88673569e-04   4.77996805e-05   1.19960637e+01   1.50579821e+01
 2.00000000e-02   0.00000000e+00   1.00000000e+00   9.34846951e-04   1.08368665e-04   9.22149371e+00   1.34432340e+01
 3.00000000e-02   0.00000000e+00   1.00000000e+00   1.75979691e-03   1.72218542e-04   8.02097314e+00   1.25512597e+01
 4.00000000e-02   0.00000000e+00   1.00000000e+00   2.71591963e-03   2.25579767e-04   7.33023772e+00   1.19359170e+01
 5.00000000e-02   0.00000000e+00   1.00000000e+00   3.79107877e-03   2.63037805e-04   6.87351979e+00   1.14665563e+01
 6.00000000e-02   0.00000000e+00   1.00000000e+00   4.95356299e-03   2.61046061e-04   6.55426029e+00   1.10881889e+01
 7.00000000e-02   0.00000000e+00   1.00000000e+00   6.20084772e-03   2.09947666e-04   6.31682859e+00   1.07690570e+01
 8.00000000e-02   0.00000000e+00   1.00000000e+00   7.55441838e-03   1.19609814e-04   6.13104599e+00   1.04962696e+01
 9.00000000e-02   0.00000000e+00   1.00000000e+00   9.09233160e-03   3.30818901e-05   5.97896025e+00   1.02658642e+01
 1.00000000e-01   0.00000000e+00   1.00000000e+00   1.08877739e-02  -1.30523192e-05   5.85632967e+00   1.00734453e+01
 1.10000000e-01   0.00000000e+00   1.00000000e+00   1.29410624e-02  -1.68323681e-05   5.76063831e+00   9.91020374e+00
 1.20000000e-01   0.00000000e+00   1.00000000e+00   1.51955424e-02   6.55808375e-06   5.68967190e+00   9.77069246e+00
 1.30000000e-01   0.00000000e+00   1.00000000e+00   1.76155620e-02   5.91235672e-05   5.63618870e+00   9.65193483e+00
 1.40000000e-01   0.00000000e+00   1.00000000e+00   2.01932484e-02   1.42035549e-04   5.59551388e+00   9.55066306e+00
 1.50000000e-01   0.00000000e+00   1.00000000e+00   2.28711724e-02   2.17702802e-04   5.56899947e+00   9.45921331e+00
 1.60000000e-01   0.00000000e+00   1.00000000e+00   2.55509456e-02   2.40398458e-04   5.55344511e+00   9.36985797e+00
 1.70000000e-01   0.00000000e+00   1.00000000e+00   2.82031046e-02   2.08907688e-04   5.53876777e+00   9.28361713e+00
 1.80000000e-01   0.00000000e+00   1.00000000e+00   3.09041900e-02   1.51904623e-04   5.51849906e+00   9.20725789e+00
 1.90000000e-01   0.00000000e+00   1.00000000e+00   3.37596100e-02   8.37056303e-05   5.49545114e+00   9.14361704e+00
 2.00000000e-01   0.00000000e+00   1.00000000e+00   3.68167115e-02   1.15066665e-05   5.47608988e+00   9.08866297e+00
 2.10000000e-01   0.00000000e+00   1.00000000e+00   4.00466213e-02  -4.22205559e-05   5.46505278e+00   9.03750693e+00
 2.20000000e-01   0.00000000e+00   1.00000000e+00   4.34122834e-02  -5.05824831e-05   5.46066921e+00   8.99033118e+00
 2.30000000e-01   0.00000000e+00   1.00000000e+00   4.69220157e-02  -4.29221755e-06   5.46072520e+00   8.95033374e+00
 2.40000000e-01   0.00000000e+00   1.00000000e+00   5.05644584e-02   7.50719850e-05   5.46781812e+00   8.91509262e+00
 2.50000000e-01   0.00000000e+00   1.00000000e+00   5.42424532e-02   1.47707333e-04   5.48486330e+00   8.87649103e+00
 2.60000000e-01   0.00000000e+00   1.00000000e+00   5.78566767e-02   1.93024896e-04   5.50601395e+00   8.83219267e+00
 2.70000000e-01   0.00000000e+00   1.00000000e+00   6.14016363e-02   2.12603709e-04   5.52272927e+00   8.78652637e+00
 2.80000000e-01   0.00000000e+00   1.00000000e+00   6.49173046e-02   1.96767937e-04   5.53387568e+00   8.74197688e+00
 2.90000000e-01   0.00000000e+00   1.00000000e+00   6.84196594e-02   1.33148489e-04   5.54236617e+00   8.69696225e+00
 3.00000000e-01   0.00000000e+00   1.00000000e+00   7.19272419e-02   4.38277526e-05   5.54792830e+00   8.65392855e+00
 3.10000000e-01   0.00000000e+00   1.00000000e+00   7.54962489e-02  -2.72485629e-05   5.55064310e+00   8.61834473e+00
 3.20000000e-01   0.00000000e+00   1.00000000e+00   7.91895247e-02  -5.56918581e-05   5.55348418e+00   8.59193787e+00
 3.30000000e-01   0.00000000e+00   1.00000000e+00   8.30218051e-02  -4.39039628e-05   5.56222030e+00   8.57174260e+00
 3.40000000e-01   0.00000000e+00   1.00000000e+00   8.69324550e-02  -1.13049336e-06   5.58056026e+00   8.55314940e+00
 3.50000000e-01   0.00000000e+00   1.00000000e+00   9.08157777e-02   6.60862013e-05   5.60723085e+00   8.53217624e+00
 3.60000000e-01   0.00000000e+00   1.00000000e+00   9.46038592e-02   1.43485186e-04   5.63579910e+00   8.50926490e+00
 3.70000000e-01   0.00000000e+00   1.00000000e+00   9.83064186e-02   2.00537113e-04   5.66063672e+00   8.48701244e+00
 3.80000000e-01   0.00000000e+00   1.00000000e+00   1.01947975e-01   2.07610880e-04   5.68207253e+00   8.46516417e+00
 3.90000000e-01   0.00000000e+00   1.00000000e+00   1.05517359e-01   1.63682322e-04   5.70160482e+00   8.44117441e+00
 4.00000000e-01   0.00000000e+00   1.00000000e+00   1.09018308e-01   9.48372414e-05   5.71743463e+00   8.41675612e+00
 4.10000000e-01   0.00000000e+00   1.00000000e+00   1.12514934e-01   2.48414260e-05   5.72809109e+00   8.39742493e+00
 4.20000000e-01   0.00000000e+00   1.00000000e+00   1.16083804e-01  -3.56574154e-05   5.73730220e+00   8.38560458e+00
 4.30000000e-01   0.00000000e+00   1.00000000e+00   1.19745898e-01  -7.06027283e-05   5.75112185e+00   8.37933679e+00
 4.40000000e-01   0.00000000e+00   1.00000000e+00   1.23461733e-01  -5.75731458e-05   5.77325330e+00   8.37668632e+00
 4.50000000e-01   0.00000000e+00   1.00000000e+00   1.27177122e-01   3.96922859e-06   5.80212756e+00   8.37592151e+00
 4.60000000e-01   0.00000000e+00   1.00000000e+00   1.30851740e-01   8.44779829e-05   5.83588488e+00   8.37521870e+00
 4.70000000e-01   0.00000000e+00   1.00000000e+00   1.34435939e-01   1.50743871e-04   5.87151307e+00   8.37076696e+00
 4.80000000e-01   0.00000000e+00   1.00000000e+00   1.37858339e-01   1.86380144e-04   5.90772631e+00   8.36006564e+00
 4.90000000e-01   0.00000000e+00   1.00000000e+00   1.41082569e-01   1.87032225e-04   5.94021962e+00   8.34641672e+00
 5.00000000e-01   0.00000000e+00   1.00000000e+00   1.44157521e-01   1.50101093e-04   5.96387356e+00   8.33254442e+00
 5.10000000e-01   0.00000000e+00   1.00000000e+00   1.47172092e-01   7.89420246e-05   5.98078987e+00   8.32349691e+00
 5.20000000e-01   0.00000000e+00   1.00000000e+00   1.50173637e-01  -4.02692052e-06   5.99701205e+00   8.31752713e+00
 5.30000000e-01   0.00000000e+00   1.00000000e+00   1.53153917e-01  -6.26063426e-05   6.01670349e+00   8.31403578e+00
 5.40000000e-01   0.00000000e+00   1.00000000e+00   1.56092390e-01  -7.44925288e-05   6.04033466e+00   8.31313437e+00
 5.50000000e-01   0.00000000e+00   1.00000000e+00   1.58980179e-01  -4.46698726e-05   6.06783741e+00   8.31647132e+00
 5.60000000e-01   0.00000000e+00   1.00000000e+00   1.61798689e-01   1.18054929e-05   6.09912523e+00   8.32160780e+00
 5.70000000e-01   0.00000000e+00   1.00000000e+00   1.64492406e-01   8.34685705e-05   6.13472968e+00   8.32521802e+00
 5.80000000e-01   0.00000000e+00   1.00000000e+00   1.66984185e-01   1.52715882e-04   6.17179401e+00   8.32371518e+00
 5.90000000e-01   0.00000000e+00   1.00000000e+00   1.69230560e-01   1.91237213e-04   6.20471056e+00   8.31705199e+00
 6.00000000e-01   0.00000000e+00   1.00000000e+00   1.71253398e-01   1.79290904e-04   6.22921973e+00   8.30741930e+00
 6.10000000e-01   0.00000000e+00   1.00000000e+00   1.73107208e-01   1.23680140e-04   6.24591413e+00   8.29809161e+00
 6.20000000e-01   0.00000000e+00   1.00000000e+00   1.74836188e-01   4.98764774e-05   6.25829961e+00   8.29105217e+00
 6.30000000e-01   0.00000000e+00   1.00000000e+00   1.76481171e-01  -1.82850293e-05   6.26879175e+00   8.28811053e+00
 6.40000000e-01   0.00000000e+00   1.00000000e+00   1.78093981e-01  -6.55289086e-05   6.27902226e+00   8.29081405e+00
 6.50000000e-01   0.00000000e+00   1.00000000e+00   1.79700462e-01  -7.83887880e-05   6.29321050e+00   8.29850163e+00
 6.60000000e-01   0.00000000e+00   1.00000000e+00   1.81258222e-01  -4.62347645e-05   6.31452677e+00   8.30755314e+00
 6.70000000e-01   0.00000000e+00   1.00000000e+00   1.82682156e-01   2.41760633e-05   6.34203245e+00   8.31373068e+00
 6.80000000e-01   0.00000000e+00   1.00000000e+00   1.83912140e-01   1.03969741e-04   6.37044601e+00   8.31725389e+00
 6.90000000e-01   0.00000000e+00   1.00000000e+00   1.84940853e-01   1.61376960e-04   6.39491159e+00   8.31854149e+00
 7.00000000e-01   0.00000000e+00   1.00000000e+00   1.85782134e-01   1.81766570e-04   6.41413799e+00   8.31769753e+00
 7.10000000e-01   0.00000000e+00   1.00000000e+00   1.86439221e-01   1.64584700e-04   6.42903657e+00   8.31382002e+00
 7.20000000e-01   0.00000000e+00   1.00000000e+00   1.86921060e-01   1.12861352e-04   6.43907261e+00   8.30778632e+00
 7.30000000e-01   0.00000000e+00   1.00000000e+00   1.87274336e-01   3.72772060e-05   6.44370247e+00   8.30294233e+00
 7.40000000e-01   0.00000000e+00   1.00000000e+00   1.87569339e-01  -3.63141511e-05   6.46927988e+00   8.30117936e+00
 7.50000000e-01   0.00000000e+00   1.00000000e+00   1.87845904e-01  -7.77135571e-05   6.47197623e+00   8.29929852e+00
 7.60000000e-01   0.00000000e+00   1.00000000e+00   1.88085037e-01  -7.21667470e-05   6.47547905e+00   8.30222596e+00
 7.70000000e-01   0.00000000e+00   1.00000000e+00   1.88232412e-01  -2.70354489e-05   6.48103821e+00   8.30632009e+00
 7.80000000e-01   0.00000000e+00   1.00000000e+00   1.88232063e-01   4.00024910e-05   6.48567222e+00   8.30978686e+00
 7.90000000e-01   0.00000000e+00   1.00000000e+00   1.88034952e-01   1.11299310e-04   6.48729329e+00   8.31149314e+00
 8.00000000e-01   0.00000000e+00   1.00000000e+00   1.87598143e-01   1.67549361e-04   6.48426679e+00   8.31124418e+00
 8.10000000e-01   0.00000000e+00   1.00000000e+00   1.86902550e-01   1.86867946e-04   6.47434340e+00   8.30772397e+00
 8.20000000e-01   0.00000000e+00   1.00000000e+00   1.85978735e-01   1.57938595e-04   6.45672709e+00   8.30019198e+00
 8.30000000e-01   0.00000000e+00   1.00000000e+00   1.84899110e-01   9.26020184e-05   6.51210482e+00   8.28845009e+00
 8.40000000e-01   0.00000000e+00   1.00000000e+00   1.83730550e-01   1.80718271e-05   6.51964577e+00   8.28889146e+00
 8.50000000e-01   0.00000000e+00   1.00000000e+00   1.82494245e-01  -4.20152167e-05   6.51792960e+00   8.29447548e+00
 8.60000000e-01   0.00000000e+00   1.00000000e+00   1.81181620e-01  -7.28807286e-05   6.51716302e+00   8.30089339e+00
 8.70000000e-01   0.00000000e+00   1.00000000e+00   1.79789692e-01  -6.49881138e-05   6.51744599e+00   8.30865771e+00
 8.80000000e-01   0.00000000e+00   1.00000000e+00   1.78312686e-01  -1.60783262e-05   6.52006665e+00   8.31855738e+00
 8.90000000e-01   0.00000000e+00   1.00000000e+00   1.76711029e-01   5.98248483e-05   6.52582789e+00   8.32736199e+00
 9.00000000e-01   0.00000000e+00   1.00000000e+00   1.74920586e-01   1.33883583e-04   6.53234736e+00   8.33044271e+00
 9.10000000e-01   0.00000000e+00   1.00000000e+00   1.72901964e-01   1.78788309e-04   6.53550665e+00   8.32815747e+00
 9.20000000e-01   0.00000000e+00   1.00000000e+00   1.70672724e-01   1.82818839e-04   6.53096091e+00   8.32250702e+00
 9.30000000e-01   0.00000000e+00   1.00000000e+00   1.68290886e-01   1.48791141e-04   6.51823662e+00   8.31588630e+00
 9.40000000e-01   0.00000000e+00   1.00000000e+00   1.65819577e-01   8.63489296e-05   6.49997304e+00   8.31090350e+00
 9.50000000e-01   0.00000000e+00   1.00000000e+00   1.63311537e-01   1.20130627e-05   6.47927282e+00   8.30813005e+00
 9.60000000e-01   0.00000000e+00   1.00000000e+00   1.60808350e-01  -4.89220405e-05   6.45857035e+00   8.30912597e+00
 9.70000000e-01   0.00000000e+00   1.00000000e+00   1.58328410e-01  -7.18100839e-05   6.44075147e+00   8.31401286e+00
 9.80000000e-01   0.00000000e+00   1.00000000e+00   1.55847712e-01  -4.83998970e-05   6.42851548e+00   8.32052693e+00
 9.90000000e-01   0.00000000e+00   1.00000000e+00   1.53306012e-01   9.67484954e-06   6.42241640e+00   8.32653120e+00
 1.00000000e+00   0.00000000e+00   1.00000000e+00   1.50645408e-01   8.19024251e-05   6.41932895e+00   8.33005947e+00
 1.01000000e+00   0.00000000e+00   1.00000000e+00   1.47842620e-01   1.48137542e-04   6.41488263e+00   8.33121487e+00
 1.02000000e+00   0.00000000e+00   1.00000000e+00   1.44903140e-01   1.89214759e-04   6.40675454e+00   8.32998840e+00
 1.03000000e+00   0.00000000e+00   1.00000000e+00   1.41838149e-01   1.89268724e-04   6.39435718e+00   8.32445275e+00
 1.04000000e+00   0.00000000e+00   1.00000000e+00   1.38664249e-01   1.45458187e-04   6.37768118e+00   8.31668596e+00
 1.05000000e+00   0.00000000e+00   1.00000000e+00   1.35423730e-01   7.41564074e-05   6.35586217e+00   8.30805384e+00
 1.06000000e+00   0.00000000e+00   1.00000000e+00   1.32183224e-01   2.62732931e-06   6.32955950e+00   8.30257967e+00
 1.07000000e+00   0.00000000e+00   1.00000000e+00   1.28993889e-01  -4.59228060e-05   6.30463357e+00   8.30273386e+00
 1.08000000e+00   0.00000000e+00   1.00000000e+00   1.25853627e-01  -5.88503162e-05   6.28366150e+00   8.30510784e+00
 1.09000000e+00   0.00000000e+00   1.00000000e+00   1.22714479e-01  -3.20463788e-05   6.26894037e+00   8.30808433e+00
 1.10000000e+00   0.00000000e+00   1.00000000e+00   1.19520227e-01   2.92433613e-05   6.25879461e+00   8.31006398e+00
 1.11000000e+00   0.00000000e+00   1.00000000e+00   1.16229168e-01   1.06321224e-04   6.25033800e+00   8.30970511e+00
 1.12000000e+00   0.00000000e+00   1.00000000e+00   1.12814738e-01   1.71073268e-04   6.24116363e+00   8.30576191e+00
 1.13000000e+00   0.00000000e+00   1.00000000e+00   1.09271561e-01   2.00456701e-04   6.22871179e+00   8.29799928e+00
 1.14000000e+00   0.00000000e+00   1.00000000e+00   1.05630663e-01   1.87405771e-04   6.21042267e+00   8.28778685e+00
 1.15000000e+00   0.00000000e+00   1.00000000e+00   1.01955931e-01   1.39099176e-04   6.18562593e+00   8.27759875e+00
 1.16000000e+00   0.00000000e+00   1.00000000e+00   9.83132837e-02   7.02900457e-05   6.15627260e+00   8.26853700e+00
 1.17000000e+00   0.00000000e+00   1.00000000e+00   9.47419529e-02   1.10508313e-06   6.12594056e+00   8.26136787e+00
 1.18000000e+00   0.00000000e+00   1.00000000e+00   9.12539047e-02  -4.47168105e-05   6.09757873e+00   8.25654798e+00
 1.19000000e+00   0.00000000e+00   1.00000000e+00   8.78492392e-02  -4.88691574e-05   6.07209097e+00   8.25506825e+00
 1.20000000e+00   0.00000000e+00   1.00000000e+00   8.45182101e-02  -9.52118463e-06   6.05068440e+00   8.25681553e+00
 1.21000000e+00   0.00000000e+00   1.00000000e+00   8.12281413e-02   5.77681707e-05   6.03346317e+00   8.25819437e+00
 1.22000000e+00   0.00000000e+00   1.00000000e+00   7.79254438e-02   1.30073243e-04   6.02047785e+00   8.25649546e+00
 1.23000000e+00   0.00000000e+00   1.00000000e+00   7.45686004e-02   1.86292713e-04   6.00815475e+00   8.24961783e+00
 1.24000000e+00   0.00000000e+00   1.00000000e+00   7.11633534e-02   2.09822306e-04   5.99238028e+00   8.23951041e+00
 1.25000000e+00   0.00000000e+00   1.00000000e+00   6.77619063e-02   1.91246256e-04   5.97054476e+00   8.22806397e+00
 1.26000000e+00   0.00000000e+00   1.00000000e+00   6.44301210e-02   1.34901559e-04   5.94336170e+00   8.21639206e+00
 1.27000000e+00   0.00000000e+00   1.00000000e+00   6.12194775e-02   6.09821044e-05   5.91316916e+00   8.20616246e+00
 1.28000000e+00   0.00000000e+00   1.00000000e+00   5.81611965e-02  -3.49352923e-06   5.88277984e+00   8.19837281e+00
 1.29000000e+00   0.00000000e+00   1.00000000e+00   5.52657563e-02  -3.76643075e-05   5.85439796e+00   8.19328805e+00
 1.30000000e+00   0.00000000e+00   1.00000000e+00   5.25147814e-02  -3.25569880e-05   5.83068382e+00   8.19019663e+00
 1.31000000e+00   0.00000000e+00   1.00000000e+00   4.98605984e-02   1.02187658e-05   5.81313118e+00   8.18752000e+00
 1.32000000e+00   0.00000000e+00   1.00000000e+00   4.72482266e-02   7.90623907e-05   5.80039683e+00   8.18378186e+00
 1.33000000e+00   0.00000000e+00   1.00000000e+00   4.46429907e-02   1.52180388e-04   5.78986025e+00   8.17811836e+00
 1.34000000e+00   0.00000000e+00   1.00000000e+00   4.20371655e-02   2.03584460e-04   5.77839072e+00   8.16947245e+00
 1.35000000e+00   0.00000000e+00   1.00000000e+00   3.94390381e-02   2.15237231e-04   5.76441642e+00   8.15722349e+00
 1.36000000e+00   0.00000000e+00   1.00000000e+00   3.68698149e-02   1.85173170e-04   5.74675490e+00   8.14193740e+00
 1.37000000e+00   0.00000000e+00   1.00000000e+00   3.43726290e-02   1.25227554e-04   5.72450336e+00   8.12638602e+00
 1.38000000e+00   0.00000000e+00   1.00000000e+00   3.20089005e-02   5.42355627e-05   5.69789903e+00   8.11341403e+00
 1.39000000e+00   0.00000000e+00   1.00000000e+00   2.98287988e-02  -6.19654363e-06   5.66955947e+00   8.10461995e+00
 1.40000000e+00   0.00000000e+00   1.00000000e+00   2.78392400e-02  -3.54591942e-05   5.64354407e+00   8.09939572e+00
 1.41000000e+00   0.00000000e+00   1.00000000e+00   2.60018220e-02  -2.17661228e-05   5.62336427e+00   8.09572627e+00
 1.42000000e+00   0.00000000e+00   1.00000000e+00   2.42610087e-02   3.04556518e-05   5.60918146e+00   8.09200548e+00
 1.43000000e+00   0.00000000e+00   1.00000000e+00   2.25731605e-02   1.02088182e-04   5.59880277e+00   8.08709901e+00
 1.44000000e+00   0.00000000e+00   1.00000000e+00   2.09163921e-02   1.69030720e-04   5.58960568e+00   8.08043834e+00
 1.45000000e+00   0.00000000e+00   1.00000000e+00   1.92897437e-02   2.11079991e-04   5.57909587e+00   8.07152960e+00
 1.46000000e+00   0.00000000e+00   1.00000000e+00   1.77159636e-02   2.15516510e-04   5.56521070e+00   8.06073017e+00
 1.47000000e+00   0.00000000e+00   1.00000000e+00   1.62424146e-02   1.79614598e-04   5.54635640e+00   8.04906865e+00
 1.48000000e+00   0.00000000e+00   1.00000000e+00   1.49262990e-02   1.13957074e-04   5.52278904e+00   8.03811933e+00
 1.49000000e+00   0.00000000e+00   1.00000000e+00   1.38107415e-02   4.12826216e-05   5.49667553e+00   8.02932433e+00
 1.50000000e+00   0.00000000e+00   1.00000000e+00   1.29131468e-02  -1.27911929e-05   5.47134462e+00   8.02364483e+00
 1.51000000e+00   0.00000000e+00   1.00000000e+00   1.22298873e-02  -3.09368635e-05   5.44889603e+00   8.02145082e+00
 1.52000000e+00   0.00000000e+00   1.00000000e+00   1.17405235e-02  -8.88715252e-06   5.43094165e+00   8.02196956e+00
 1.53000000e+00   0.00000000e+00   1.00000000e+00   1.14039446e-02   4.60610000e-05   5.41833362e+00   8.02327895e+00
 1.54000000e+00   0.00000000e+00   1.00000000e+00   1.11630018e-02   1.17374357e-04   5.41119079e+00   8.02272970e+00
 1.55000000e+00   0.00000000e+00   1.00000000e+00   1.09703479e-02   1.81904155e-04   5.40710676e+00   8.01854817e+00
 1.56000000e+00   0.00000000e+00   1.00000000e+00   1.08182786e-02   2.16886114e-04   5.40192601e+00   8.01131669e+00
 1.57000000e+00   0.00000000e+00   1.00000000e+00   1.07429868e-02   2.09973182e-04   5.39207947e+00   8.00271106e+00
 1.58000000e+00   0.00000000e+00   1.00000000e+00   1.07993579e-02   1.64640866e-04   5.37716634e+00   7.99460520e+00
 1.59000000e+00   0.00000000e+00   1.00000000e+00   1.10320649e-02   9.69327364e-05   5.35910201e+00   7.98783719e+00
 1.60000000e+00   0.00000000e+00   1.00000000e+00   1.14640934e-02   2.82646492e-05   5.34061473e+00   7.98288440e+00
 1.61000000e+00   0.00000000e+00   1.00000000e+00   1.20975776e-02  -2.01285531e-05   5.32413476e+00   7.98022556e+00
 1.62000000e+00   0.00000000e+00   1.00000000e+00   1.29132567e-02  -3.19552550e-05   5.31152259e+00   7.97998185e+00
 1.63000000e+00   0.00000000e+00   1.00000000e+00   1.38700313e-02  -2.10439375e-06   5.30490276e+00   7.98158789e+00
 1.64000000e+00   0.00000000e+00   1.00000000e+00   1.49153851e-02   5.93299985e-05   5.30384508e+00   7.98345614e+00
 1.65000000e+00   0.00000000e+00   1.00000000e+00   1.60052623e-02   1.30557648e-04   5.30628970e+00   7.98394844e+00
 1.66000000e+00   0.00000000e+00   1.00000000e+00   1.71183753e-02   1.87659265e-04   5.30941109e+00   7.98209583e+00
 1.67000000e+00   0.00000000e+00   1.00000000e+00   1.82572506e-02   2.12909273e-04   5.31061881e+00   7.97769630e+00
 1.68000000e+00   0.00000000e+00   1.00000000e+00   1.94446721e-02   1.98537872e-04   5.30801724e+00   7.97137143e+00
 1.69000000e+00   0.00000000e+00   1.00000000e+00   2.07227697e-02   1.48151005e-04   5.30120570e+00   7.96508848e+00
 1.70000000e+00   0.00000000e+00   1.00000000e+00   2.21461348e-02   7.73844109e-05   5.29032815e+00   7.96112469e+00
 1.71000000e+00   0.00000000e+00   1.00000000e+00   2.37592218e-02   1.01779971e-05   5.27802207e+00   7.96103648e+00
 1.72000000e+00   0.00000000e+00   1.00000000e+00   2.55696887e-02  -3.04278556e-05   5.26816942e+00   7.96455648e+00
 1.73000000e+00   0.00000000e+00   1.00000000e+00   2.75426447e-02  -3.17014834e-05   5.26441454e+00   7.97004996e+00
 1.74000000e+00   0.00000000e+00   1.00000000e+00   2.96223158e-02   5.41091152e-06   5.26720293e+00   7.97591104e+00
 1.75000000e+00   0.00000000e+00   1.00000000e+00   3.17602674e-02   6.85425146e-05   5.27461645e+00   7.98140300e+00
 1.76000000e+00   0.00000000e+00   1.00000000e+00   3.39286207e-02   1.37793899e-04   5.28398660e+00   7.98604202e+00
 1.77000000e+00   0.00000000e+00   1.00000000e+00   3.61193896e-02   1.90345298e-04   5.29304238e+00   7.98912785e+00
 1.78000000e+00   0.00000000e+00   1.00000000e+00   3.83434131e-02   2.07678018e-04   5.29962427e+00   7.99020657e+00
 1.79000000e+00   0.00000000e+00   1.00000000e+00   4.06310701e-02   1.83449583e-04   5.30248582e+00   7.98983774e+00
 1.80000000e+00   0.00000000e+00   1.00000000e+00   4.30251643e-02   1.26357444e-04   5.30192791e+00   7.98965244e+00
 1.81000000e+00   0.00000000e+00   1.00000000e+00   4.55637388e-02   5.57372757e-05   5.29959449e+00   7.99123642e+00
 1.82000000e+00   0.00000000e+00   1.00000000e+00   4.82642011e-02  -5.99083276e-06   5.29877746e+00   7.99548794e+00
 1.83000000e+00   0.00000000e+00   1.00000000e+00   5.11182554e-02  -3.95818412e-05   5.30199269e+00   8.00258067e+00
 1.84000000e+00   0.00000000e+00   1.00000000e+00   5.40942433e-02  -3.38471779e-05   5.31101119e+00   8.01192968e+00
 1.85000000e+00   0.00000000e+00   1.00000000e+00   5.71411052e-02   9.95750589e-06   5.32635764e+00   8.02171738e+00
 1.86000000e+00   0.00000000e+00   1.00000000e+00   6.01978862e-02   7.69720449e-05   5.34723256e+00   8.03021245e+00
 1.87000000e+00   0.00000000e+00   1.00000000e+00   6.32145164e-02   1.43890162e-04   5.37039229e+00   8.03541317e+00
 1.88000000e+00   0.00000000e+00   1.00000000e+00   6.61749156e-02   1.88289820e-04   5.39197517e+00   8.03769031e+00
 1.89000000e+00   0.00000000e+00   1.00000000e+00   6.91030134e-02   1.96171728e-04   5.40923355e+00   8.03848869e+00
 1.90000000e+00   0.00000000e+00   1.00000000e+00   7.20445872e-02   1.65119900e-04   5.42167353e+00   8.03923081e+00
 1.91000000e+00   0.00000000e+00   1.00000000e+00   7.50407387e-02   1.04440524e-04   5.43127624e+00   8.04076897e+00
 1.92000000e+00   0.00000000e+00   1.00000000e+00   7.81133229e-02   3.33851719e-05   5.44069692e+00   8.04310246e+00
 1.93000000e+00   0.00000000e+00   1.00000000e+00   8.12645925e-02  -2.42976284e-05   5.45227083e+00   8.04711516e+00
 1.94000000e+00   0.00000000e+00   1.00000000e+00   8.44791493e-02  -4.91661140e-05   5.46797612e+00   8.05408140e+00
 1.95000000e+00   0.00000000e+00   1.00000000e+00   8.77232848e-02  -3.36580102e-05   5.48870760e+00   8.06290579e+00
 1.96000000e+00   0.00000000e+00   1.00000000e+00   9.09495619e-02   1.60684351e-05   5.51457133e+00   8.07264649e+00
 1.97000000e+00   0.00000000e+00   1.00000000e+00   9.41116883e-02   8.34851204e-05   5.54298265e+00   8.08085198e+00
 1.98000000e+00   0.00000000e+00   1.00000000e+00   9.71815742e-02   1.46907659e-04   5.57135134e+00   8.08692931e+00
 1.99000000e+00   0.00000000e+00   1.00000000e+00   1.00157722e-01   1.85283879e-04   5.59650223e+00   8.09048692e+00
 2.00000000e+00   0.00000000e+00   1.00000000e+00   1.03063944e-01   1.85073689e-04   5.61695312e+00   8.09222274e+00
 2.01000000e+00   0.00000000e+00   1.00000000e+00   1.05943137e-01   1.45911682e-04   5.63265691e+00   8.09367385e+00
 2.02000000e+00   0.00000000e+00   1.00000000e+00   1.08845772e-01   8.11914275e-05   5.64501210e+00   8.09661007e+00
 2.03000000e+00   0.00000000e+00   1.00000000e+00   1.11810492e-01   1.24997120e-05   5.65705244e+00   8.10240270e+00
 2.04000000e+00   0.00000000e+00   1.00000000e+00   1.14843891e-01  -3.81865839e-05   5.67238212e+00   8.11090312e+00
 2.05000000e+00   0.00000000e+00   1.00000000e+00   1.17914968e-01  -5.49399274e-05   5.69347625e+00   8.12095522e+00
 2.06000000e+00   0.00000000e+00   1.00000000e+00   1.20970663e-01  -3.21591615e-05   5.72054568e+00   8.13141633e+00
 2.07000000e+00   0.00000000e+00   1.00000000e+00   1.23960073e-01   2.30225674e-05   5.75138257e+00   8.14172808e+00
 2.08000000e+00   0.00000000e+00   1.00000000e+00   1.26849516e-01   9.20563353e-05   5.78344249e+00   8.15098413e+00
 2.09000000e+00   0.00000000e+00   1.00000000e+00   1.29624414e-01   1.51336500e-04   5.81431799e+00   8.15779764e+00
 2.10000000e+00   0.00000000e+00   1.00000000e+00   1.32287526e-01   1.81110932e-04   5.84164390e+00   8.16200742e+00
 2.11000000e+00   0.00000000e+00   1.00000000e+00   1.34859564e-01   1.72026901e-04   5.86384729e+00   8.16432503e+00
 2.12000000e+00   0.00000000e+00   1.00000000e+00   1.37376078e-01   1.27160091e-04   5.88211927e+00   8.16539916e+00
 2.13000000e+00   0.00000000e+00   1.00000000e+00   1.39874483e-01   6.06374822e-05   5.89817685e+00   8.16749833e+00
 2.14000000e+00   0.00000000e+00   1.00000000e+00   1.42376492e-01  -6.09665971e-06   5.91511874e+00   8.17241103e+00
 2.15000000e+00   0.00000000e+00   1.00000000e+00   1.44877060e-01  -5.07822857e-05   5.93541213e+00   8.17857693e+00
 2.16000000e+00   0.00000000e+00   1.00000000e+00   1.47344422e-01  -5.84331722e-05   5.96070303e+00   8.18689024e+00
 2.17000000e+00   0.00000000e+00   1.00000000e+00   1.49728075e-01  -2.70058208e-05   5.99085237e+00   8.19534998e+00
 2.18000000e+00   0.00000000e+00   1.00000000e+00   1.51972055e-01   3.24452663e-05   6.02383963e+00   8.20277168e+00
 2.19000000e+00   0.00000000e+00   1.00000000e+00   1.54033205e-01   1.00278405e-04   6.05658680e+00   8.20761189e+00
 2.20000000e+00   0.00000000e+00   1.00000000e+00   1.55898709e-01   1.54528100e-04   6.08551802e+00   8.21031196e+00
 2.21000000e+00   0.00000000e+00   1.00000000e+00   1.57591027e-01   1.77228737e-04   6.10844884e+00   8.21093908e+00
 2.22000000e+00   0.00000000e+00   1.00000000e+00   1.59154720e-01   1.60325835e-04   6.12504301e+00   8.21102973e+00
 2.23000000e+00   0.00000000e+00   1.00000000e+00   1.60634564e-01   1.09159303e-04   6.13746627e+00   8.21100744e+00
 2.24000000e+00   0.00000000e+00   1.00000000e+00   1.62060535e-01   4.10108305e-05   6.14831677e+00   8.21168073e+00
 2.25000000e+00   0.00000000e+00   1.00000000e+00   1.63444409e-01  -2.14494611e-05   6.16002304e+00   8.21427059e+00
 2.26000000e+00   0.00000000e+00   1.00000000e+00   1.64780611e-01  -5.80670385e-05   6.17454108e+00   8.21912752e+00
 2.27000000e+00   0.00000000e+00   1.00000000e+00   1.66045686e-01  -5.72405899e-05   6.19302683e+00   8.22632874e+00
 2.28000000e+00   0.00000000e+00   1.00000000e+00   1.67200649e-01  -1.90942070e-05   6.21506944e+00   8.23437263e+00
 2.29000000e+00   0.00000000e+00   1.00000000e+00   1.68202661e-01   4.41369137e-05   6.23888927e+00   8.24182845e+00
 2.30000000e+00   0.00000000e+00   1.00000000e+00   1.69022817e-01   1.11415039e-04   6.26140335e+00   8.24720582e+00
 2.31000000e+00   0.00000000e+00   1.00000000e+00   1.69659082e-01   1.60087944e-04   6.27972455e+00   8.25027930e+00
 2.32000000e+00   0.00000000e+00   1.00000000e+00   1.70137334e-01   1.74109152e-04   6.29205428e+00   8.25121913e+00
 2.33000000e+00   0.00000000e+00   1.00000000e+00   1.70502603e-01   1.49317260e-04   6.29894419e+00   8.25138311e+00
 2.34000000e+00   0.00000000e+00   1.00000000e+00   1.70804412e-01   9.40213762e-05   6.30191331e+00   8.25212272e+00
 2.35000000e+00   0.00000000e+00   1.00000000e+00   1.71079445e-01   2.62267159e-05   6.32596181e+00   8.25322881e+00
 2.36000000e+00   0.00000000e+00   1.00000000e+00   1.71336433e-01  -3.20685059e-05   6.33087876e+00   8.25267552e+00
 2.37000000e+00   0.00000000e+00   1.00000000e+00   1.71551442e-01  -6.12792280e-05   6.33488637e+00   8.25531186e+00
 2.38000000e+00   0.00000000e+00   1.00000000e+00   1.71678996e-01  -5.15450227e-05   6.33967010e+00   8.25883633e+00
 2.39000000e+00   0.00000000e+00   1.00000000e+00   1.71671804e-01  -6.28293554e-06   6.34360849e+00   8.26271754e+00
 2.40000000e+00   0.00000000e+00   1.00000000e+00   1.71495605e-01   5.91557965e-05   6.34460485e+00   8.26597587e+00
 2.41000000e+00   0.00000000e+00   1.00000000e+00   1.71134050e-01   1.23339641e-04   6.34142165e+00   8.26776192e+00
 2.42000000e+00   0.00000000e+00   1.00000000e+00   1.70588878e-01   1.65506317e-04   6.33342267e+00   8.26640326e+00
 2.43000000e+00   0.00000000e+00   1.00000000e+00   1.69880722e-01   1.71805416e-04   6.32118734e+00   8.26230458e+00
 2.44000000e+00   0.00000000e+00   1.00000000e+00   1.69047208e-01   1.39860149e-04   6.30565026e+00   8.25540992e+00
 2.45000000e+00   0.00000000e+00   1.00000000e+00   1.68132166e-01   8.04044455e-05   6.35934199e+00   8.25246453e+00
 2.46000000e+00   0.00000000e+00   1.00000000e+00   1.67168914e-01   1.33553872e-05   6.36877728e+00   8.25463719e+00
 2.47000000e+00   0.00000000e+00   1.00000000e+00   1.66165386e-01  -3.89645602e-05   6.37048440e+00   8.26162013e+00
 2.48000000e+00   0.00000000e+00   1.00000000e+00   1.65099417e-01  -5.94322609e-05   6.37443636e+00   8.26969252e+00
 2.49000000e+00   0.00000000e+00   1.00000000e+00   1.63928738e-01  -4.13843410e-05   6.38117343e+00   8.27713784e+00
 2.50000000e+00   0.00000000e+00   1.00000000e+00   1.62607910e-01   9.38968411e-06   6.38941027e+00   8.28317681e+00
 2.51000000e+00   0.00000000e+00   1.00000000e+00   1.61104990e-01   7.65296845e-05   6.39645150e+00   8.28706404e+00
 2.52000000e+00   0.00000000e+00   1.00000000e+00   1.59415130e-01   1.37895491e-04   6.39945830e+00   8.28872166e+00
 2.53000000e+00   0.00000000e+00   1.00000000e+00   1.57564210e-01   1.73189352e-04   6.39666956e+00   8.28831199e+00
 2.54000000e+00   0.00000000e+00   1.00000000e+00   1.55599034e-01   1.70992059e-04   6.38752177e+00   8.28650312e+00
 2.55000000e+00   0.00000000e+00   1.00000000e+00   1.53569687e-01   1.32460390e-04   6.37353444e+00   8.28330507e+00
 2.56000000e+00   0.00000000e+00   1.00000000e+00   1.51514739e-01   7.05023927e-05   6.35722162e+00   8.28047223e+00
 2.57000000e+00   0.00000000e+00   1.00000000e+00   1.49455532e-01   5.55318611e-06   6.34102453e+00   8.27871200e+00
 2.58000000e+00   0.00000000e+00   1.00000000e+00   1.47395202e-01  -4.08421072e-05   6.32718414e+00   8.27954167e+00
 2.59000000e+00   0.00000000e+00   1.00000000e+00   1.45317480e-01  -5.31145280e-05   6.31703617e+00   8.28222311e+00
 2.60000000e+00   0.00000000e+00   1.00000000e+00   1.43188329e-01  -2.69629765e-05   6.31102624e+00   8.28644784e+00
 2.61000000e+00   0.00000000e+00   1.00000000e+00   1.40966315e-01   2.90616331e-05   6.30778369e+00   8.29068487e+00
 2.62000000e+00   0.00000000e+00   1.00000000e+00   1.38620611e-01   9.64851405e-05   6.30513909e+00   8.29385028e+00
 2.63000000e+00   0.00000000e+00   1.00000000e+00   1.36146593e-01   1.53294786e-04   6.29948712e+00   8.29420481e+00
 2.64000000e+00   0.00000000e+00   1.00000000e+00   1.33569748e-01   1.81171884e-04   6.28896426e+00   8.29201313e+00
 2.65000000e+00   0.00000000e+00   1.00000000e+00   1.30936291e-01   1.71159412e-04   6.27268042e+00   8.28857833e+00
 2.66000000e+00   0.00000000e+00   1.00000000e+00   1.28295887e-01   1.26608306e-04   6.25378117e+00   8.28503174e+00
 2.67000000e+00   0.00000000e+00   1.00000000e+00   1.25684377e-01   6.24398032e-05   6.23274269e+00   8.28078817e+00
 2.68000000e+00   0.00000000e+00   1.00000000e+00   1.23112414e-01   2.18094355e-07   6.21328571e+00   8.27847713e+00
 2.69000000e+00   0.00000000e+00   1.00000000e+00   1.20563179e-01  -3.93240718e-05   6.19730299e+00   8.27679610e+00
 2.70000000e+00   0.00000000e+00   1.00000000e+00   1.18000645e-01  -4.30720389e-05   6.18559009e+00   8.27633925e+00
 2.71000000e+00   0.00000000e+00   1.00000000e+00   1.15384205e-01  -9.73607592e-06   6.17752863e+00   8.27666778e+00
 2.72000000e+00   0.00000000e+00   1.00000000e+00   1.12682274e-01   4.99825598e-05   6.17098066e+00   8.27698259e+00
 2.73000000e+00   0.00000000e+00   1.00000000e+00   1.09879894e-01   1.16674125e-04   6.16384035e+00   8.27605909e+00
 2.74000000e+00   0.00000000e+00   1.00000000e+00   1.06981166e-01   1.68535510e-04   6.15390842e+00   8.27280063e+00
 2.75000000e+00   0.00000000e+00   1.00000000e+00   1.04010449e-01   1.88565154e-04   6.13953295e+00   8.26670924e+00
 2.76000000e+00   0.00000000e+00   1.00000000e+00   1.01010726e-01   1.70432247e-04   6.12015125e+00   8.25869017e+00
 2.77000000e+00   0.00000000e+00   1.00000000e+00   9.80331936e-02   1.20542899e-04   6.09674935e+00   8.25048390e+00
 2.78000000e+00   0.00000000e+00   1.00000000e+00   9.51190299e-02   5.56422272e-05   6.07164746e+00   8.24347003e+00
 2.79000000e+00   0.00000000e+00   1.00000000e+00   9.22832681e-02  -2.76543574e-06   6.04775798e+00   8.23818208e+00
 2.80000000e+00   0.00000000e+00   1.00000000e+00   8.95108079e-02  -3.52603812e-05   6.02738884e+00   8.23496762e+00
 2.81000000e+00   0.00000000e+00   1.00000000e+00   8.67660147e-02  -3.07971442e-05   6.01161479e+00   8.23289542e+00
 2.82000000e+00   0.00000000e+00   1.00000000e+00   8.40096161e-02   9.40241562e-06   5.99928520e+00   8.23135136e+00
 2.83000000e+00   0.00000000e+00   1.00000000e+00   8.12151628e-02   7.21734954e-05   5.98839941e+00   8.22930849e+00
 2.84000000e+00   0.00000000e+00   1.00000000e+00   7.83795308e-02   1.36928892e-04   5.97657875e+00   8.22636019e+00
 2.85000000e+00   0.00000000e+00   1.00000000e+00   7.55246862e-02   1.82599917e-04   5.96149626e+00   8.22163263e+00
 2.86000000e+00   0.00000000e+00   1.00000000e+00   7.26907607e-02   1.94480899e-04   5.94231491e+00   8.21542778e+00
 2.87000000e+00   0.00000000e+00   1.00000000e+00   6.99235714e-02   1.68893760e-04   5.91936250e+00   8.20789886e+00
 2.88000000e+00   0.00000000e+00   1.00000000e+00   6.72621411e-02   1.14426618e-04   5.89361514e+00   8.19922854e+00
 2.89000000e+00   0.00000000e+00   1.00000000e+00   6.47302443e-02   4.92542242e-05   5.86781489e+00   8.19113371e+00
 2.90000000e+00   0.00000000e+00   1.00000000e+00   6.23319055e-02  -4.81174940e-06   5.84368936e+00   8.18490104e+00
 2.91000000e+00   0.00000000e+00   1.00000000e+00   6.00497126e-02  -2.97198476e-05   5.82338717e+00   8.18080654e+00
 2.92000000e+00   0.00000000e+00   1.00000000e+00   5.78475367e-02  -1.72207307e-05   5.80779324e+00   8.17818748e+00
 2.93000000e+00   0.00000000e+00   1.00000000e+00   5.56810538e-02   2.85984324e-05   5.79654517e+00   8.17572274e+00
 2.94000000e+00   0.00000000e+00   1.00000000e+00   5.35153458e-02   9.28392122e-05   5.78743333e+00   8.17192158e+00
 2.95000000e+00   0.00000000e+00   1.00000000e+00   5.13411245e-02   1.54530615e-04   5.77786190e+00   8.16632312e+00
 2.96000000e+00   0.00000000e+00   1.00000000e+00   4.91792811e-02   1.93420255e-04   5.76514884e+00   8.15887488e+00
 2.97000000e+00   0.00000000e+00   1.00000000e+00   4.70713388e-02   1.96762502e-04   5.74821505e+00   8.15011077e+00
 2.98000000e+00   0.00000000e+00   1.00000000e+00   4.50625255e-02   1.63664431e-04   5.72766894e+00   8.14038674e+00
 2.99000000e+00   0.00000000e+00   1.00000000e+00   4.31861346e-02   1.05308222e-04   5.70493692e+00   8.13054200e+00
 3.00000000e+00   0.00000000e+00   1.00000000e+00   4.14540126e-02   4.10851477e-05   5.68260328e+00   8.12133818e+00
 3.01000000e+00   0.00000000e+00   1.00000000e+00   3.98547007e-02  -7.80884562e-06   5.66302064e+00   8.11330996e+00
 3.02000000e+00   0.00000000e+00   1.00000000e+00   3.83588839e-02  -2.52114259e-05   5.64725126e+00   8.10709643e+00
 3.03000000e+00   0.00000000e+00   1.00000000e+00   3.69301957e-02  -5.23876963e-06   5.63565871e+00   8.10256269e+00
 3.04000000e+00   0.00000000e+00   1.00000000e+00   3.55368446e-02   4.56241875e-05   5.62683937e+00   8.09887310e+00
 3.05000000e+00   0.00000000e+00   1.00000000e+00   3.41606369e-02   1.10577853e-04   5.61954774e+00   8.09489919e+00
 3.06000000e+00   0.00000000e+00   1.00000000e+00   3.28028176e-02   1.68192397e-04   5.61091331e+00   8.08951317e+00
 3.07000000e+00   0.00000000e+00   1.00000000e+00   3.14865650e-02   1.99611838e-04   5.59920149e+00   8.08229054e+00
 3.08000000e+00   0.00000000e+00   1.00000000e+00   3.02538158e-02   1.94665920e-04   5.58330531e+00   8.07385970e+00
 3.09000000e+00   0.00000000e+00   1.00000000e+00   2.91540188e-02   1.55083545e-04   5.56360024e+00   8.06545494e+00
 3.10000000e+00   0.00000000e+00   1.00000000e+00   2.82267797e-02   9.39248951e-05   5.54174801e+00   8.05814311e+00
 3.11000000e+00   0.00000000e+00   1.00000000e+00   2.74862502e-02   3.14459847e-05   5.52038139e+00   8.05245891e+00
 3.12000000e+00   0.00000000e+00   1.00000000e+00   2.69165817e-02  -1.16360491e-05   5.50238387e+00   8.04846699e+00
 3.13000000e+00   0.00000000e+00   1.00000000e+00   2.64809117e-02  -2.11009110e-05   5.48907833e+00   8.04588622e+00
 3.14000000e+00   0.00000000e+00   1.00000000e+00   2.61378254e-02   6.05305664e-06   5.48027543e+00   8.04441573e+00
 3.15000000e+00   0.00000000e+00   1.00000000e+00   2.58565074e-02   6.07664319e-05   5.47435054e+00   8.04345718e+00
 3.16000000e+00   0.00000000e+00   1.00000000e+00   2.56255970e-02   1.24997144e-04   5.46912150e+00   8.04231763e+00
 3.17000000e+00   0.00000000e+00   1.00000000e+00   2.54550233e-02   1.77592137e-04   5.46250703e+00   8.04031911e+00
 3.18000000e+00   0.00000000e+00   1.00000000e+00   2.53718201e-02   2.01108258e-04   5.44748175e+00   8.04177332e+00
 3.19000000e+00   0.00000000e+00   1.00000000e+00   2.54112453e-02   1.87917897e-04   5.43933350e+00   8.03326580e+00
 3.20000000e+00   0.00000000e+00   1.00000000e+00   2.56058776e-02   1.42127775e-04   5.42427174e+00   8.02620407e+00
 3.21000000e+00   0.00000000e+00   1.00000000e+00   2.59757164e-02   7.91157057e-05   5.40880120e+00   8.02071949e+00
 3.22000000e+00   0.00000000e+00   1.00000000e+00   2.65212044e-02   1.94754422e-05   5.39510061e+00   8.01711710e+00
 3.23000000e+00   0.00000000e+00   1.00000000e+00   2.72201906e-02  -1.72275672e-05   5.38535323e+00   8.01550898e+00
 3.24000000e+00   0.00000000e+00   1.00000000e+00   2.80314866e-02  -1.91235596e-05   5.38053373e+00   8.01549079e+00
 3.25000000e+00   0.00000000e+00   1.00000000e+00   2.89064540e-02   1.43544215e-05   5.38078349e+00   8.01604280e+00
 3.26000000e+00   0.00000000e+00   1.00000000e+00   2.98061529e-02   7.20256052e-05   5.38390180e+00   8.01630462e+00
 3.27000000e+00   0.00000000e+00   1.00000000e+00   3.07163652e-02   1.34706181e-04   5.38730163e+00   8.01575424e+00
 3.28000000e+00   0.00000000e+00   1.00000000e+00   3.16518151e-02   1.81582810e-04   5.38848926e+00   8.01445291e+00
 3.29000000e+00   0.00000000e+00   1.00000000e+00   3.26477898e-02   1.97133950e-04   5.38595744e+00   8.01242062e+00
 3.30000000e+00   0.00000000e+00   1.00000000e+00   3.37446888e-02   1.76211055e-04   5.37992646e+00   8.00983934e+00
 3.31000000e+00   0.00000000e+00   1.00000000e+00   3.49731490e-02   1.25618046e-04   5.37213921e+00   8.00716102e+00
 3.32000000e+00   0.00000000e+00   1.00000000e+00   3.63453574e-02   6.19214738e-05   5.36455682e+00   8.00495687e+00
 3.33000000e+00   0.00000000e+00   1.00000000e+00   3.78530446e-02   5.96176917e-06   5.35941343e+00   8.00404010e+00
 3.34000000e+00   0.00000000e+00   1.00000000e+00   3.94705444e-02  -2.39344259e-05   5.35801427e+00   8.00497352e+00
 3.35000000e+00   0.00000000e+00   1.00000000e+00   4.11621021e-02  -1.80495632e-05   5.36097327e+00   8.00770709e+00
 3.36000000e+00   0.00000000e+00   1.00000000e+00   4.28922146e-02   2.14457098e-05   5.36752931e+00   8.01170379e+00
 3.37000000e+00   0.00000000e+00   1.00000000e+00   4.46364066e-02   8.12826143e-05   5.37591566e+00   8.01574082e+00
 3.38000000e+00   0.00000000e+00   1.00000000e+00   4.63893813e-02   1.41590751e-04   5.38375988e+00   8.01910885e+00
 3.39000000e+00   0.00000000e+00   1.00000000e+00   4.81682305e-02   1.82386382e-04   5.38934411e+00   8.02131867e+00
 3.40000000e+00   0.00000000e+00   1.00000000e+00   5.00086691e-02   1.90059682e-04   5.39128904e+00   8.02274824e+00
 3.41000000e+00   0.00000000e+00   1.00000000e+00   5.19532157e-02   1.61923982e-04   5.39009899e+00   8.02404791e+00
 3.42000000e+00   0.00000000e+00   1.00000000e+00   5.40343745e-02   1.07142968e-04   5.38786633e+00   8.02582742e+00
 3.43000000e+00   0.00000000e+00   1.00000000e+00   5.62604048e-02   4.36583769e-05   5.38704004e+00   8.02849749e+00
 3.44000000e+00   0.00000000e+00   1.00000000e+00   5.86112493e-02  -7.77532347e-06   5.39005619e+00   8.03216397e+00
 3.45000000e+00   0.00000000e+00   1.00000000e+00   6.10464923e-02  -3.04382608e-05   5.39838093e+00   8.03683120e+00
 3.46000000e+00   0.00000000e+00   1.00000000e+00   6.35201384e-02  -1.71175048e-05   5.41144414e+00   8.04226904e+00
 3.47000000e+00   0.00000000e+00   1.00000000e+00   6.59945759e-02   2.75670495e-05   5.42772398e+00   8.04840036e+00
 3.48000000e+00   0.00000000e+00   1.00000000e+00   6.84491821e-02   8.86891661e-05   5.44508728e+00   8.05447389e+00
 3.49000000e+00   0.00000000e+00   1.00000000e+00   7.08830503e-02   1.45867675e-04   5.46141802e+00   8.05971837e+00
 3.50000000e+00   0.00000000e+00   1.00000000e+00   7.33128334e-02   1.80017199e-04   5.47511930e+00   8.06381088e+00
 3.51000000e+00   0.00000000e+00   1.00000000e+00   7.57663896e-02   1.79723368e-04   5.48582169e+00   8.06610820e+00
 3.52000000e+00   0.00000000e+00   1.00000000e+00   7.82730221e-02   1.44972165e-04   5.49437953e+00   8.06763562e+00
 3.53000000e+00   0.00000000e+00   1.00000000e+00   8.08523143e-02   8.70484594e-05   5.50240365e+00   8.06887250e+00
 3.54000000e+00   0.00000000e+00   1.00000000e+00   8.35048685e-02   2.48243185e-05   5.51233768e+00   8.07136915e+00
 3.55000000e+00   0.00000000e+00   1.00000000e+00   8.62085471e-02  -2.13910752e-05   5.52600634e+00   8.07494486e+00
 3.56000000e+00   0.00000000e+00   1.00000000e+00   8.89226625e-02  -3.65557315e-05   5.54419656e+00   8.07981693e+00
 3.57000000e+00   0.00000000e+00   1.00000000e+00   9.16000029e-02  -1.59061894e-05   5.56645617e+00   8.08531033e+00
 3.58000000e+00   0.00000000e+00   1.00000000e+00   9.42030426e-02   3.34870823e-05   5.59042946e+00   8.09063568e+00
 3.59000000e+00   0.00000000e+00   1.00000000e+00   9.67174261e-02   9.50991939e-05   5.61392821e+00   8.09591072e+00
 3.60000000e+00   0.00000000e+00   1.00000000e+00   9.91558876e-02   1.48442874e-04   5.63424578e+00   8.10074009e+00
 3.61000000e+00   0.00000000e+00   1.00000000e+00   1.01550846e-01   1.75801481e-04   5.65052790e+00   8.10486144e+00
 3.62000000e+00   0.00000000e+00   1.00000000e+00   1.03940537e-01   1.68012317e-04   5.66353242e+00   8.10829400e+00
 3.63000000e+00   0.00000000e+00   1.00000000e+00   1.06355742e-01   1.27481349e-04   5.67436602e+00   8.11124446e+00
 3.64000000e+00   0.00000000e+00   1.00000000e+00   1.08811279e-01   6.74438836e-05   5.68545013e+00   8.11404930e+00
 3.65000000e+00   0.00000000e+00   1.00000000e+00   1.11302738e-01   7.58289778e-06   5.69868640e+00   8.11773525e+00
 3.66000000e+00   0.00000000e+00   1.00000000e+00   1.13807686e-01  -3.25359520e-05   5.71550818e+00   8.12292046e+00
 3.67000000e+00   0.00000000e+00   1.00000000e+00   1.16291134e-01  -3.99095799e-05   5.73641612e+00   8.12962283e+00
 3.68000000e+00   0.00000000e+00   1.00000000e+00   1.18715097e-01  -1.23159218e-05   5.76046350e+00   8.13719700e+00
 3.69000000e+00   0.00000000e+00   1.00000000e+00   1.21050282e-01   4.09770904e-05   5.78568531e+00   8.14508857e+00
 3.70000000e+00   0.00000000e+00   1.00000000e+00   1.23286105e-01   1.02230568e-04   5.80982086e+00   8.15231143e+00
 3.71000000e+00   0.00000000e+00   1.00000000e+00   1.25434888e-01   1.51080576e-04   5.83092314e+00   8.15817874e+00
 3.72000000e+00   0.00000000e+00   1.00000000e+00   1.27527626e-01   1.71276186e-04   5.84786974e+00   8.16303022e+00
 3.73000000e+00   0.00000000e+00   1.00000000e+00   1.29601877e-01   1.56071150e-04   5.86187539e+00   8.16674327e+00
 3.74000000e+00   0.00000000e+00   1.00000000e+00   1.31685972e-01   1.10402220e-04   5.87471285e+00   8.17011678e+00
 3.75000000e+00   0.00000000e+00   1.00000000e+00   1.33786377e-01   4.92167742e-05   5.88867325e+00   8.17364551e+00
 3.76000000e+00   0.00000000e+00   1.00000000e+00   1.35884086e-01  -7.45915788e-06   5.90517682e+00   8.17719430e+00
 3.77000000e+00   0.00000000e+00   1.00000000e+00   1.37941283e-01  -4.10929917e-05   5.92598793e+00   8.18099980e+00
 3.78000000e+00   0.00000000e+00   1.00000000e+00   1.39914163e-01  -4.07304655e-05   5.95047015e+00   8.18578174e+00
 3.79000000e+00   0.00000000e+00   1.00000000e+00   1.41765628e-01  -6.65076653e-06   5.97693585e+00   8.19194541e+00
 3.80000000e+00   0.00000000e+00   1.00000000e+00   1.43473819e-01   4.97373993e-05   6.00274242e+00   8.19701420e+00
 3.81000000e+00   0.00000000e+00   1.00000000e+00   1.45035875e-01   1.09697273e-04   6.02614484e+00   8.20216679e+00
 3.82000000e+00   0.00000000e+00   1.00000000e+00   1.46467558e-01   1.53378683e-04   6.04559258e+00   8.20583222e+00
 3.83000000e+00   0.00000000e+00   1.00000000e+00   1.47798542e-01   1.66325042e-04   6.06062518e+00   8.20786992e+00
 3.84000000e+00   0.00000000e+00   1.00000000e+00   1.49062988e-01   1.44207476e-04   6.07215764e+00   8.20880042e+00
 3.85000000e+00   0.00000000e+00   1.00000000e+00   1.50287314e-01   9.42699547e-05   6.08184986e+00   8.20943653e+00
 3.86000000e+00   0.00000000e+00   1.00000000e+00   1.51479585e-01   3.29405828e-05   6.09219747e+00   8.21039140e+00
 3.87000000e+00   0.00000000e+00   1.00000000e+00   1.52625064e-01  -1.96021755e-05   6.10511095e+00   8.21228370e+00
 3.88000000e+00   0.00000000e+00   1.00000000e+00   1.53690443e-01  -4.61113011e-05   6.12131060e+00   8.21526219e+00
 3.89000000e+00   0.00000000e+00   1.00000000e+00   1.54635882e-01  -3.79476882e-05   6.14014571e+00   8.21914060e+00
 3.90000000e+00   0.00000000e+00   1.00000000e+00   1.55430289e-01   2.11171936e-06   6.15958727e+00   8.22389174e+00
 3.91000000e+00   0.00000000e+00   1.00000000e+00   1.56063348e-01   6.08091678e-05   6.17741790e+00   8.22880942e+00
 3.92000000e+00   0.00000000e+00   1.00000000e+00   1.56548949e-01   1.18767852e-04   6.19155218e+00   8.23361994e+00
 3.93000000e+00   0.00000000e+00   1.00000000e+00   1.56919154e-01   1.56861736e-04   6.20123332e+00   8.23767829e+00
 3.94000000e+00   0.00000000e+00   1.00000000e+00   1.57212511e-01   1.62544870e-04   6.20673009e+00   8.24057486e+00
 3.95000000e+00   0.00000000e+00   1.00000000e+00   1.57462425e-01   1.34082935e-04   6.23215287e+00   8.24400440e+00
 3.96000000e+00   0.00000000e+00   1.00000000e+00   1.57688456e-01   8.07643906e-05   6.23624464e+00   8.24477449e+00
 3.97000000e+00   0.00000000e+00   1.00000000e+00   1.57891457e-01   2.02804683e-05   6.23751923e+00   8.24582687e+00
 3.98000000e+00   0.00000000e+00   1.00000000e+00   1.58053284e-01  -2.74718463e-05   6.23951132e+00   8.24653356e+00
 3.99000000e+00   0.00000000e+00   1.00000000e+00   1.58141263e-01  -4.67225668e-05   6.24209604e+00   8.24787309e+00
 4.00000000e+00   0.00000000e+00   1.00000000e+00   1.58117544e-01  -3.11989216e-05   6.24384970e+00   8.24955201e+00
 4.01000000e+00   0.00000000e+00   1.00000000e+00   1.57951661e-01   1.40016830e-05   6.24361447e+00   8.25149818e+00
 4.02000000e+00   0.00000000e+00   1.00000000e+00   1.57631647e-01   7.39658810e-05   6.24005126e+00   8.25270760e+00
 4.03000000e+00   0.00000000e+00   1.00000000e+00   1.57168805e-01   1.28934236e-04   6.23265379e+00   8.25227443e+00
 4.04000000e+00   0.00000000e+00   1.00000000e+00   1.56593572e-01   1.60809496e-04   6.22213180e+00   8.24943606e+00
 4.05000000e+00   0.00000000e+00   1.00000000e+00   1.55943822e-01   1.59122451e-04   6.20979724e+00   8.24400512e+00
 4.06000000e+00   0.00000000e+00   1.00000000e+00   1.55250179e-01   1.24499645e-04   6.19767855e+00   8.23665828e+00
 4.07000000e+00   0.00000000e+00   1.00000000e+00   1.54524253e-01   6.84250707e-05   6.18657226e+00   8.22831632e+00
 4.08000000e+00   0.00000000e+00   1.00000000e+00   1.53755030e-01   9.53938133e-06   6.24318416e+00   8.23434665e+00
 4.09000000e+00   0.00000000e+00   1.00000000e+00   1.52915287e-01  -3.25018929e-05   6.25948458e+00   8.23816992e+00
 4.10000000e+00   0.00000000e+00   1.00000000e+00   1.51970987e-01  -4.40247455e-05   6.26908642e+00   8.24492676e+00
 4.11000000e+00   0.00000000e+00   1.00000000e+00   1.50891222e-01  -2.09707033e-05   6.27815128e+00   8.25200558e+00
 4.12000000e+00   0.00000000e+00   1.00000000e+00   1.49658466e-01   2.90574922e-05   6.28565982e+00   8.25837221e+00
 4.13000000e+00   0.00000000e+00   1.00000000e+00   1.48274171e-01   8.96995928e-05   6.28986012e+00   8.26320388e+00
 4.14000000e+00   0.00000000e+00   1.00000000e+00   1.46758991e-01   1.40990353e-04   6.28928284e+00   8.26640715e+00
 4.15000000e+00   0.00000000e+00   1.00000000e+00   1.45148892e-01   1.66216822e-04   6.28398355e+00   8.26750881e+00
 4.16000000e+00   0.00000000e+00   1.00000000e+00   1.43485756e-01   1.57219504e-04   6.27400545e+00   8.26652168e+00
 4.17000000e+00   0.00000000e+00   1.00000000e+00   1.41804562e-01   1.17136361e-04   6.26161069e+00   8.26427362e+00
 4.18000000e+00   0.00000000e+00   1.00000000e+00   1.40121776e-01   5.93645244e-05   6.24917831e+00   8.26269985e+00
 4.19000000e+00   0.00000000e+00   1.00000000e+00   1.38430189e-01   3.11557277e-06   6.23869669e+00   8.26111243e+00
 4.20000000e+00   0.00000000e+00   1.00000000e+00   1.36703323e-01  -3.29120405e-05   6.23123198e+00   8.26041617e+00
 4.21000000e+00   0.00000000e+00   1.00000000e+00   1.34907399e-01  -3.67147596e-05   6.22663831e+00   8.26091086e+00
 4.22000000e+00   0.00000000e+00   1.00000000e+00   1.33015491e-01  -6.91914954e-06   6.22348045e+00   8.26259115e+00
 4.23000000e+00   0.00000000e+00   1.00000000e+00   1.31018313e-01   4.67597587e-05   6.21926302e+00   8.26510743e+00
 4.24000000e+00   0.00000000e+00   1.00000000e+00   1.28927839e-01   1.06747752e-04   6.21356832e+00   8.26785317e+00
 4.25000000e+00   0.00000000e+00   1.00000000e+00   1.26773282e-01   1.53460666e-04   6.20403700e+00   8.26927974e+00
 4.26000000e+00   0.00000000e+00   1.00000000e+00   1.24591663e-01   1.71673892e-04   6.19062123e+00   8.26876450e+00
 4.27000000e+00   0.00000000e+00   1.00000000e+00   1.22417311e-01   1.55579855e-04   6.17492751e+00   8.26731978e+00
 4.28000000e+00   0.00000000e+00   1.00000000e+00   1.20272857e-01   1.10703901e-04   6.15798645e+00   8.26428523e+00
 4.29000000e+00   0.00000000e+00   1.00000000e+00   1.18162929e-01   5.20882222e-05   6.14201894e+00   8.26047816e+00
 4.30000000e+00   0.00000000e+00   1.00000000e+00   1.16072465e-01  -7.74015208e-07   6.12875635e+00   8.25732797e+00
 4.31000000e+00   0.00000000e+00   1.00000000e+00   1.13971051e-01  -3.02927035e-05   6.11871413e+00   8.25516013e+00
 4.32000000e+00   0.00000000e+00   1.00000000e+00   1.11822546e-01  -2.65973463e-05   6.11166563e+00   8.25400557e+00
 4.33000000e+00   0.00000000e+00   1.00000000e+00   1.09597654e-01   9.22849230e-06   6.10645763e+00   8.25356288e+00
 4.34000000e+00   0.00000000e+00   1.00000000e+00   1.07285467e-01   6.55084318e-05   6.10042456e+00   8.25315071e+00
 4.35000000e+00   0.00000000e+00   1.00000000e+00   1.04898881e-01   1.23834891e-04   6.09189994e+00   8.25224822e+00
 4.36000000e+00   0.00000000e+00   1.00000000e+00   1.02470495e-01   1.65152816e-04   6.07959381e+00   8.25012623e+00
 4.37000000e+00   0.00000000e+00   1.00000000e+00   1.00040652e-01   1.76044699e-04   6.06370333e+00   8.24653904e+00
 4.38000000e+00   0.00000000e+00   1.00000000e+00   9.76435735e-02   1.53164591e-04   6.04508647e+00   8.24132594e+00
 4.39000000e+00   0.00000000e+00   1.00000000e+00   9.52971896e-02   1.04288347e-04   6.02582903e+00   8.23485723e+00
 4.40000000e+00   0.00000000e+00   1.00000000e+00   9.29994303e-02   4.57355437e-05   6.00790409e+00   8.22813384e+00
 4.41000000e+00   0.00000000e+00   1.00000000e+00   9.07313259e-02  -2.99387175e-06   5.99239120e+00   8.22183403e+00
 4.42000000e+00   0.00000000e+00   1.00000000e+00   8.84652721e-02  -2.56421140e-05   5.97978307e+00   8.21705247e+00
 4.43000000e+00   0.00000000e+00   1.00000000e+00   8.61751208e-02  -1.46041677e-05   5.96941226e+00   8.21387982e+00
 4.44000000e+00   0.00000000e+00   1.00000000e+00   8.38452662e-02   2.66063650e-05   5.95993177e+00   8.21193088e+00
 4.45000000e+00   0.00000000e+00   1.00000000e+00   8.14772128e-02   8.45445029e-05   5.94960106e+00   8.21015625e+00
 4.46000000e+00   0.00000000e+00   1.00000000e+00   7.90918818e-02   1.40281001e-04   5.93678725e+00   8.20803287e+00
 4.47000000e+00   0.00000000e+00   1.00000000e+00   7.67258060e-02   1.75629292e-04   5.92042322e+00   8.20455668e+00
 4.48000000e+00   0.00000000e+00   1.00000000e+00   7.44214531e-02   1.79153403e-04   5.90089952e+00   8.20005341e+00
 4.49000000e+00   0.00000000e+00   1.00000000e+00   7.22143215e-02   1.49913051e-04   5.87927916e+00   8.19438386e+00
 4.50000000e+00   0.00000000e+00   1.00000000e+00   7.01214534e-02   9.77601485e-05   5.85757608e+00   8.18818158e+00
 4.51000000e+00   0.00000000e+00   1.00000000e+00   6.81364472e-02   4.00909119e-05   5.83775281e+00   8.18156805e+00
 4.52000000e+00   0.00000000e+00   1.00000000e+00   6.62333780e-02  -3.92141665e-06   5.82126009e+00   8.17560136e+00
 4.53000000e+00   0.00000000e+00   1.00000000e+00   6.43780272e-02  -1.96509596e-05   5.80835614e+00   8.17073292e+00
 4.54000000e+00   0.00000000e+00   1.00000000e+00   6.25413655e-02  -1.83112853e-06   5.79793252e+00   8.16722272e+00
 4.55000000e+00   0.00000000e+00   1.00000000e+00   6.07097488e-02   4.37638930e-05   5.78866376e+00   8.16472929e+00
 4.56000000e+00   0.00000000e+00   1.00000000e+00   5.88886426e-02   1.02191090e-04   5.77863945e+00   8.16261285e+00
 4.57000000e+00   0.00000000e+00   1.00000000e+00   5.71000002e-02   1.54288239e-04   5.76645327e+00   8.15991883e+00
 4.58000000e+00   0.00000000e+00   1.00000000e+00   5.53752981e-02   1.83008211e-04   5.75135918e+00   8.15566145e+00
 4.59000000e+00   0.00000000e+00   1.00000000e+00   5.37460889e-02   1.79030294e-04   5.73396226e+00   8.14975631e+00
 4.60000000e+00   0.00000000e+00   1.00000000e+00   5.22343974e-02   1.43815962e-04   5.71545571e+00   8.14237367e+00
 4.61000000e+00   0.00000000e+00   1.00000000e+00   5.08455888e-02   8.91188380e-05   5.69733943e+00   8.13439013e+00
 4.62000000e+00   0.00000000e+00   1.00000000e+00   4.95658201e-02   3.30835289e-05   5.68148870e+00   8.12651694e+00
 4.63000000e+00   0.00000000e+00   1.00000000e+00   4.83654747e-02  -5.74687390e-06   5.66896461e+00   8.11953733e+00
 4.64000000e+00   0.00000000e+00   1.00000000e+00   4.72086172e-02  -1.45260465e-05   5.65972349e+00   8.11377468e+00
 4.65000000e+00   0.00000000e+00   1.00000000e+00   4.60659568e-02   9.67380852e-06   5.65299421e+00   8.10913310e+00
 4.66000000e+00   0.00000000e+00   1.00000000e+00   4.49262626e-02   5.88935728e-05   5.64666239e+00   8.10547522e+00
 4.67000000e+00   0.00000000e+00   1.00000000e+00   4.38011250e-02   1.16917593e-04   5.63890544e+00   8.10221945e+00
 4.68000000e+00   0.00000000e+00   1.00000000e+00   4.27210101e-02   1.64669046e-04   5.62825859e+00   8.09879261e+00
 4.69000000e+00   0.00000000e+00   1.00000000e+00   4.17245422e-02   1.86490041e-04   5.61479242e+00   8.09467625e+00
 4.70000000e+00   0.00000000e+00   1.00000000e+00   4.08456362e-02   1.75276506e-04   5.59881240e+00   8.08943941e+00
 4.71000000e+00   0.00000000e+00   1.00000000e+00   4.01034961e-02   1.34813647e-04   5.58193275e+00   8.08323007e+00
 4.72000000e+00   0.00000000e+00   1.00000000e+00   3.94985210e-02   7.85146854e-05   5.56602569e+00   8.07661878e+00
 4.73000000e+00   0.00000000e+00   1.00000000e+00   3.90141872e-02   2.49948288e-05   5.55245144e+00   8.07050628e+00
 4.74000000e+00   0.00000000e+00   1.00000000e+00   3.86233549e-02  -8.07856031e-06   5.54206220e+00   8.06575285e+00
 4.75000000e+00   0.00000000e+00   1.00000000e+00   3.82972775e-02  -9.83018454e-06   5.53452933e+00   8.06267333e+00
 4.76000000e+00   0.00000000e+00   1.00000000e+00   3.80152375e-02   2.02763723e-05   5.52913534e+00   8.06125071e+00
 4.77000000e+00   0.00000000e+00   1.00000000e+00   3.77722464e-02   7.22571007e-05   5.52400287e+00   8.06075673e+00
 4.78000000e+00   0.00000000e+00   1.00000000e+00   3.75821732e-02   1.28865867e-04   5.50430919e+00   8.06584363e+00
 4.79000000e+00   0.00000000e+00   1.00000000e+00   3.74742543e-02   1.71527628e-04   5.49882083e+00   8.06546227e+00
 4.80000000e+00   0.00000000e+00   1.00000000e+00   3.74840987e-02   1.86128466e-04   5.49597308e+00   8.06240849e+00
 4.81000000e+00   0.00000000e+00   1.00000000e+00   3.76411645e-02   1.67904946e-04   5.49506488e+00   8.05942440e+00
 4.82000000e+00   0.00000000e+00   1.00000000e+00   3.79567875e-02   1.22794145e-04   5.47073204e+00   8.05174226e+00
 4.83000000e+00   0.00000000e+00   1.00000000e+00   3.84197510e-02   6.56623595e-05   5.45854055e+00   8.04823530e+00
 4.84000000e+00   0.00000000e+00   1.00000000e+00   3.90002298e-02   1.52955203e-05   5.45132774e+00   8.04446016e+00
 4.85000000e+00   0.00000000e+00   1.00000000e+00   3.96601198e-02  -1.17890165e-05   5.44804697e+00   8.04151709e+00
 4.86000000e+00   0.00000000e+00   1.00000000e+00   4.03654145e-02  -6.78720362e-06   5.44807071e+00   8.04022395e+00
 4.87000000e+00   0.00000000e+00   1.00000000e+00   4.10957313e-02   2.84975213e-05   5.44973294e+00   8.04046054e+00
 4.88000000e+00   0.00000000e+00   1.00000000e+00   4.18487741e-02   8.23135326e-05   5.45143561e+00   8.04192908e+00
 4.89000000e+00   0.00000000e+00   1.00000000e+00   4.26391724e-02   1.36811736e-04   5.45183448e+00   8.04356618e+00
 4.90000000e+00   0.00000000e+00   1.00000000e+00   4.34927042e-02   1.73919208e-04   5.44996257e+00   8.04465915e+00
 4.91000000e+00   0.00000000e+00   1.00000000e+00   4.44377575e-02   1.81295288e-04   5.44614530e+00   8.04461482e+00
 4.92000000e+00   0.00000000e+00   1.00000000e+00   4.54956156e-02   1.56467944e-04   5.44113340e+00   8.04351210e+00
 4.93000000e+00   0.00000000e+00   1.00000000e+00   4.66722197e-02   1.07590488e-04   5.43658802e+00   8.04172531e+00
 4.94000000e+00   0.00000000e+00   1.00000000e+00   4.79544978e-02   5.06866572e-05   5.43408900e+00   8.03978567e+00
 4.95000000e+00   0.00000000e+00   1.00000000e+00   4.93132525e-02   4.39508160e-06   5.43481917e+00   8.03833350e+00
 4.96000000e+00   0.00000000e+00   1.00000000e+00   5.07124770e-02  -1.61525723e-05   5.43889909e+00   8.03783640e+00
 4.97000000e+00   0.00000000e+00   1.00000000e+00   5.21220075e-02  -4.32198361e-06   5.44542536e+00   8.03866444e+00
 4.98000000e+00   0.00000000e+00   1.00000000e+00   5.35284842e-02   3.58019249e-05   5.45271598e+00   8.04086387e+00
 4.99000000e+00   0.00000000e+00   1.00000000e+00   5.49399155e-02   9.08164234e-05   5.45885035e+00   8.04421623e+00
 5.00000000e+00   0.00000000e+00   1.00000000e+00   5.63820143e-02   1.42417423e-04   5.46270410e+00   8.04811970e+00