  Time  Coordinate0  Coordinate1  Displacement0  Displacement1  Force0  Force1
 0.00000000e+00   0.00000000e+00   1.00000000e+00   0.00000000e+00   0.00000000e+00   0.00000000e+00   0.00000000e+00
 1.00000000e-02   0.00000000e+00   1.00000000e+00   2.89014165e-04   4.83565647e-05   1.00442059e+01   1.48315011e+01
 2.00000000e-02   0.00000000e+00   1.00000000e+00   9.34862454e-04   1.08432675e-04   7.77177295e+00   1.32021080e+01
 3.00000000e-02   0.00000000e+00   1.00000000e+00   1.75963409e-03   1.72616469e-04   6.78313640e+00   1.23091270e+01
 4.00000000e-02   0.00000000e+00   1.00000000e+00   2.71598427e-03   2.25758340e-04   6.21078926e+00   1.16959035e+01
 5.00000000e-02   0.00000000e+00   1.00000000e+00   3.79078559e-03   2.63387284e-04   5.83237267e+00   1.12305718e+01
 6.00000000e-02   0.00000000e+00   1.00000000e+00   4.95352557e-03   2.61256884e-04   5.56709514e+00   1.08567510e+01
 7.00000000e-02   0.00000000e+00   1.00000000e+00   6.20065766e-03   2.10259551e-04   5.36921674e+00   1.05419183e+01
 8.00000000e-02   0.00000000e+00   1.00000000e+00   7.55397833e-03   1.19883863e-04   5.21372310e+00   1.02732332e+01
 9.00000000e-02   0.00000000e+00   1.00000000e+00   9.09124838e-03   3.33543116e-05   5.08679278e+00   1.00473084e+01
 1.00000000e-01   0.00000000e+00   1.00000000e+00   1.08856089e-02  -1.28920272e-05   4.98616231e+00   9.85967244e+00
 1.10000000e-01   0.00000000e+00   1.00000000e+00   1.29383302e-02  -1.66846998e-05   4.90880628e+00   9.70159807e+00
 1.20000000e-01   0.00000000e+00   1.00000000e+00   1.51923238e-02   6.70076094e-06   4.85302662e+00   9.56704269e+00
 1.30000000e-01   0.00000000e+00   1.00000000e+00   1.76120503e-02   5.92239214e-05   4.81233469e+00   9.45302502e+00
 1.40000000e-01   0.00000000e+00   1.00000000e+00   2.01893153e-02   1.42110627e-04   4.78302634e+00   9.35632212e+00
 1.50000000e-01   0.00000000e+00   1.00000000e+00   2.28677814e-02   2.17822580e-04   4.76545208e+00   9.26943169e+00
 1.60000000e-01   0.00000000e+00   1.00000000e+00   2.55488945e-02   2.40627040e-04   4.75621579e+00   9.18379003e+00
 1.70000000e-01   0.00000000e+00   1.00000000e+00   2.82021841e-02   2.09218110e-04   4.74641123e+00   9.10034415e+00
 1.80000000e-01   0.00000000e+00   1.00000000e+00   3.09033011e-02   1.52229230e-04   4.73159467e+00   9.02653689e+00
 1.90000000e-01   0.00000000e+00   1.00000000e+00   3.37577654e-02   8.40009865e-05   4.71486452e+00   8.96562237e+00
 2.00000000e-01   0.00000000e+00   1.00000000e+00   3.68138731e-02   1.17830125e-05   4.70255154e+00   8.91377298e+00
 2.10000000e-01   0.00000000e+00   1.00000000e+00   4.00433479e-02  -4.19944925e-05   4.69782879e+00   8.86590766e+00
 2.20000000e-01   0.00000000e+00   1.00000000e+00   4.34087636e-02  -5.04838077e-05   4.69924364e+00   8.82202957e+00
 2.30000000e-01   0.00000000e+00   1.00000000e+00   4.69178448e-02  -4.32306813e-06   4.70514872e+00   8.78548163e+00
 2.40000000e-01   0.00000000e+00   1.00000000e+00   5.05603006e-02   7.50183254e-05   4.71772457e+00   8.75376572e+00
 2.50000000e-01   0.00000000e+00   1.00000000e+00   5.42401220e-02   1.47734347e-04   4.73854718e+00   8.71864726e+00
 2.60000000e-01   0.00000000e+00   1.00000000e+00   5.78569732e-02   1.93136452e-04   4.76182517e+00   8.67731880e+00
 2.70000000e-01   0.00000000e+00   1.00000000e+00   6.14038641e-02   2.12778429e-04   4.78050672e+00   8.63411952e+00
 2.80000000e-01   0.00000000e+00   1.00000000e+00   6.49209873e-02   1.97049814e-04   4.79376926e+00   8.59189182e+00
 2.90000000e-01   0.00000000e+00   1.00000000e+00   6.84248404e-02   1.33557387e-04   4.80463346e+00   8.54901352e+00
 3.00000000e-01   0.00000000e+00   1.00000000e+00   7.19333247e-02   4.42660455e-05   4.81265599e+00   8.50794014e+00
 3.10000000e-01   0.00000000e+00   1.00000000e+00   7.55019316e-02  -2.69267281e-05   4.81881925e+00   8.47435810e+00
 3.20000000e-01   0.00000000e+00   1.00000000e+00   7.91938338e-02  -5.55468950e-05   4.82614526e+00   8.45023358e+00
 3.30000000e-01   0.00000000e+00   1.00000000e+00   8.30250448e-02  -4.38913803e-05   4.83933398e+00   8.43279646e+00
 3.40000000e-01   0.00000000e+00   1.00000000e+00   8.69364759e-02  -1.19341433e-06   4.86144678e+00   8.41721178e+00
 3.50000000e-01   0.00000000e+00   1.00000000e+00   9.08227305e-02   6.59561280e-05   4.89058605e+00   8.39905301e+00
 3.60000000e-01   0.00000000e+00   1.00000000e+00   9.46142558e-02   1.43344968e-04   4.92032748e+00   8.37868013e+00
 3.70000000e-01   0.00000000e+00   1.00000000e+00   9.83194175e-02   2.00530438e-04   4.94621916e+00   8.35838909e+00
 3.80000000e-01   0.00000000e+00   1.00000000e+00   1.01963498e-01   2.07839606e-04   4.96871867e+00   8.33840983e+00
 3.90000000e-01   0.00000000e+00   1.00000000e+00   1.05536004e-01   1.64096052e-04   4.98926095e+00   8.31628648e+00
 4.00000000e-01   0.00000000e+00   1.00000000e+00   1.09039352e-01   9.52982009e-05   5.00597521e+00   8.29343038e+00
 4.10000000e-01   0.00000000e+00   1.00000000e+00   1.12536353e-01   2.52623951e-05   5.01855161e+00   8.27558167e+00
 4.20000000e-01   0.00000000e+00   1.00000000e+00   1.16104263e-01  -3.53057579e-05   5.03073900e+00   8.26539324e+00
 4.30000000e-01   0.00000000e+00   1.00000000e+00   1.19765797e-01  -7.03984732e-05   5.04812106e+00   8.26124881e+00
 4.40000000e-01   0.00000000e+00   1.00000000e+00   1.23482506e-01  -5.76132110e-05   5.07298662e+00   8.26090753e+00
 4.50000000e-01   0.00000000e+00   1.00000000e+00   1.27199926e-01   3.72141939e-06   5.10430400e+00   8.26258817e+00
 4.60000000e-01   0.00000000e+00   1.00000000e+00   1.30877394e-01   8.42014355e-05   5.13976038e+00   8.26425809e+00
 4.70000000e-01   0.00000000e+00   1.00000000e+00   1.34466156e-01   1.50600711e-04   5.17631894e+00   8.26212561e+00
 4.80000000e-01   0.00000000e+00   1.00000000e+00   1.37895246e-01   1.86416693e-04   5.21236148e+00   8.25353111e+00
 4.90000000e-01   0.00000000e+00   1.00000000e+00   1.41126173e-01   1.87244000e-04   5.24404523e+00   8.24147765e+00
 5.00000000e-01   0.00000000e+00   1.00000000e+00   1.44205269e-01   1.50505442e-04   5.26729132e+00   8.22885171e+00
 5.10000000e-01   0.00000000e+00   1.00000000e+00   1.47221553e-01   7.95154590e-05   5.28498522e+00   8.22083820e+00
 5.20000000e-01   0.00000000e+00   1.00000000e+00   1.50224431e-01  -3.45270244e-06   5.30263757e+00   8.21628130e+00
 5.30000000e-01   0.00000000e+00   1.00000000e+00   1.53206853e-01  -6.22468606e-05   5.32381010e+00   8.21438822e+00
 5.40000000e-01   0.00000000e+00   1.00000000e+00   1.56147954e-01  -7.44227101e-05   5.34897848e+00   8.21519916e+00
 5.50000000e-01   0.00000000e+00   1.00000000e+00   1.59038522e-01  -4.48056168e-05   5.37761412e+00   8.22017812e+00
 5.60000000e-01   0.00000000e+00   1.00000000e+00   1.61860789e-01   1.15513382e-05   5.40982189e+00   8.22699374e+00
 5.70000000e-01   0.00000000e+00   1.00000000e+00   1.64560596e-01   8.31434406e-05   5.44539977e+00   8.23237167e+00
 5.80000000e-01   0.00000000e+00   1.00000000e+00   1.67060880e-01   1.52439654e-04   5.48130732e+00   8.23244469e+00
 5.90000000e-01   0.00000000e+00   1.00000000e+00   1.69316162e-01   1.91206919e-04   5.51228869e+00   8.22696765e+00
 6.00000000e-01   0.00000000e+00   1.00000000e+00   1.71346170e-01   1.79618658e-04   5.53488359e+00   8.21806715e+00
 6.10000000e-01   0.00000000e+00   1.00000000e+00   1.73205328e-01   1.24259188e-04   5.54998511e+00   8.20923418e+00
 6.20000000e-01   0.00000000e+00   1.00000000e+00   1.74938564e-01   5.04931950e-05   5.56144988e+00   8.20271581e+00
 6.30000000e-01   0.00000000e+00   1.00000000e+00   1.76586130e-01  -1.77728484e-05   5.57146007e+00   8.20006326e+00
 6.40000000e-01   0.00000000e+00   1.00000000e+00   1.78199492e-01  -6.51886352e-05   5.58210951e+00   8.20332715e+00
 6.50000000e-01   0.00000000e+00   1.00000000e+00   1.79806630e-01  -7.83118483e-05   5.59702499e+00   8.21179239e+00
 6.60000000e-01   0.00000000e+00   1.00000000e+00   1.81368064e-01  -4.65026759e-05   5.61876900e+00   8.22193134e+00
 6.70000000e-01   0.00000000e+00   1.00000000e+00   1.82799145e-01   2.36811266e-05   5.64553768e+00   8.22924986e+00
 6.80000000e-01   0.00000000e+00   1.00000000e+00   1.84037595e-01   1.03504792e-04   5.67214467e+00   8.23363608e+00
 6.90000000e-01   0.00000000e+00   1.00000000e+00   1.85074158e-01   1.61173184e-04   5.69450100e+00   8.23540627e+00
 7.00000000e-01   0.00000000e+00   1.00000000e+00   1.85922770e-01   1.81862329e-04   5.71154815e+00   8.23490617e+00
 7.10000000e-01   0.00000000e+00   1.00000000e+00   1.86587377e-01   1.64940702e-04   5.72409481e+00   8.23122298e+00
 7.20000000e-01   0.00000000e+00   1.00000000e+00   1.87075947e-01   1.13429947e-04   5.73198092e+00   8.22523148e+00
 7.30000000e-01   0.00000000e+00   1.00000000e+00   1.87433225e-01   3.79660250e-05   5.73501194e+00   8.22000969e+00
 7.40000000e-01   0.00000000e+00   1.00000000e+00   1.87729406e-01  -3.57273255e-05   5.75674619e+00   8.21912757e+00
 7.50000000e-01   0.00000000e+00   1.00000000e+00   1.88006667e-01  -7.74810644e-05   5.75849613e+00   8.21730459e+00
 7.60000000e-01   0.00000000e+00   1.00000000e+00   1.88248420e-01  -7.23377340e-05   5.76177530e+00   8.22017932e+00
 7.70000000e-01   0.00000000e+00   1.00000000e+00   1.88400990e-01  -2.74643993e-05   5.76785642e+00   8.22431376e+00
 7.80000000e-01   0.00000000e+00   1.00000000e+00   1.88408051e-01   3.94996623e-05   5.77317768e+00   8.22781366e+00
 7.90000000e-01   0.00000000e+00   1.00000000e+00   1.88220441e-01   1.10849190e-04   5.77588112e+00   8.22950475e+00
 8.00000000e-01   0.00000000e+00   1.00000000e+00   1.87794949e-01   1.67306936e-04   5.77404437e+00   8.22902484e+00
 8.10000000e-01   0.00000000e+00   1.00000000e+00   1.87110763e-01   1.87004553e-04   5.76531452e+00   8.22502195e+00
 8.20000000e-01   0.00000000e+00   1.00000000e+00   1.86195643e-01   1.58494544e-04   5.74864426e+00   8.21674519e+00
 8.30000000e-01   0.00000000e+00   1.00000000e+00   1.85121004e-01   9.35213671e-05   5.78863680e+00   8.20452690e+00
 8.40000000e-01   0.00000000e+00   1.00000000e+00   1.83955636e-01   1.89913725e-05   5.79220061e+00   8.20434553e+00
 8.50000000e-01   0.00000000e+00   1.00000000e+00   1.82722796e-01  -4.13119151e-05   5.78834676e+00   8.20918283e+00
 8.60000000e-01   0.00000000e+00   1.00000000e+00   1.81413967e-01  -7.24896797e-05   5.78542023e+00   8.21473321e+00
 8.70000000e-01   0.00000000e+00   1.00000000e+00   1.80025453e-01  -6.49763720e-05   5.78396466e+00   8.22180335e+00
 8.80000000e-01   0.00000000e+00   1.00000000e+00   1.78552600e-01  -1.65036842e-05   5.78464213e+00   8.23097796e+00
 8.90000000e-01   0.00000000e+00   1.00000000e+00   1.76958198e-01   5.90798594e-05   5.78772505e+00   8.23904285e+00
 9.00000000e-01   0.00000000e+00   1.00000000e+00   1.75178343e-01   1.33149337e-04   5.79114256e+00   8.24157210e+00
 9.10000000e-01   0.00000000e+00   1.00000000e+00   1.73170739e-01   1.78394995e-04   5.79020835e+00   8.23825085e+00
 9.20000000e-01   0.00000000e+00   1.00000000e+00   1.70949710e-01   1.82906171e-04   5.78148797e+00   8.23094518e+00
 9.30000000e-01   0.00000000e+00   1.00000000e+00   1.68572242e-01   1.49288617e-04   5.76528488e+00   8.22235529e+00
 9.40000000e-01   0.00000000e+00   1.00000000e+00   1.66102263e-01   8.71467477e-05   5.74409819e+00   8.21526812e+00
 9.50000000e-01   0.00000000e+00   1.00000000e+00   1.63593234e-01   1.29384318e-05   5.72130746e+00   8.21065251e+00
 9.60000000e-01   0.00000000e+00   1.00000000e+00   1.61087180e-01  -4.81411693e-05   5.69920476e+00   8.20980329e+00
 9.70000000e-01   0.00000000e+00   1.00000000e+00   1.58604141e-01  -7.14920276e-05   5.68037498e+00   8.21327452e+00
 9.80000000e-01   0.00000000e+00   1.00000000e+00   1.56122837e-01  -4.86737576e-05   5.66708685e+00   8.21867561e+00
 9.90000000e-01   0.00000000e+00   1.00000000e+00   1.53584444e-01   8.98932352e-06   5.65903639e+00   8.22367806e+00
 1.00000000e+00   0.00000000e+00   1.00000000e+00   1.50929799e-01   8.10966516e-05   5.65312551e+00   8.22598218e+00
 1.01000000e+00   0.00000000e+00   1.00000000e+00   1.48133420e-01   1.47442943e-04   5.64538149e+00   8.22548155e+00
 1.02000000e+00   0.00000000e+00   1.00000000e+00   1.45199998e-01   1.88834642e-04   5.63391006e+00   8.22252598e+00
 1.03000000e+00   0.00000000e+00   1.00000000e+00   1.42140841e-01   1.89409139e-04   5.61810295e+00   8.21495189e+00
 1.04000000e+00   0.00000000e+00   1.00000000e+00   1.38971493e-01   1.46178429e-04   5.59802127e+00   8.20499753e+00
 1.05000000e+00   0.00000000e+00   1.00000000e+00   1.35732037e-01   7.52295345e-05   5.57346463e+00   8.19401215e+00
 1.06000000e+00   0.00000000e+00   1.00000000e+00   1.32488457e-01   3.66239903e-06   5.54558439e+00   8.18599346e+00
 1.07000000e+00   0.00000000e+00   1.00000000e+00   1.29294513e-01  -4.52504748e-05   5.51961763e+00   8.18406960e+00
 1.08000000e+00   0.00000000e+00   1.00000000e+00   1.26151888e-01  -5.86701665e-05   5.49786082e+00   8.18471789e+00
 1.09000000e+00   0.00000000e+00   1.00000000e+00   1.23014304e-01  -3.23619988e-05   5.48163263e+00   8.18605843e+00
 1.10000000e+00   0.00000000e+00   1.00000000e+00   1.19824754e-01   2.84966009e-05   5.46939399e+00   8.18665935e+00
 1.11000000e+00   0.00000000e+00   1.00000000e+00   1.16540285e-01   1.05355946e-04   5.45821906e+00   8.18460232e+00
 1.12000000e+00   0.00000000e+00   1.00000000e+00   1.13133507e-01   1.70299463e-04   5.44555094e+00   8.17865806e+00
 1.13000000e+00   0.00000000e+00   1.00000000e+00   1.09597462e-01   2.00221845e-04   5.42927122e+00   8.16840356e+00
 1.14000000e+00   0.00000000e+00   1.00000000e+00   1.05960535e-01   1.87777462e-04   5.40744557e+00   8.15527203e+00
 1.15000000e+00   0.00000000e+00   1.00000000e+00   1.02284897e-01   1.39908317e-04   5.37986460e+00   8.14193163e+00
 1.16000000e+00   0.00000000e+00   1.00000000e+00   9.86373475e-02   7.13259315e-05   5.34882991e+00   8.12988891e+00
 1.17000000e+00   0.00000000e+00   1.00000000e+00   9.50593556e-02   2.11385432e-06   5.31737101e+00   8.12004114e+00
 1.18000000e+00   0.00000000e+00   1.00000000e+00   9.15641764e-02  -4.40452181e-05   5.28818636e+00   8.11273782e+00
 1.19000000e+00   0.00000000e+00   1.00000000e+00   8.81522620e-02  -4.88028946e-05   5.26228874e+00   8.10909128e+00
 1.20000000e+00   0.00000000e+00   1.00000000e+00   8.48151151e-02  -1.00843033e-05   5.24003332e+00   8.10885018e+00
 1.21000000e+00   0.00000000e+00   1.00000000e+00   8.15222633e-02   5.68441933e-05   5.22178784e+00   8.10838124e+00
 1.22000000e+00   0.00000000e+00   1.00000000e+00   7.82208036e-02   1.29174004e-04   5.20666547e+00   8.10489385e+00
 1.23000000e+00   0.00000000e+00   1.00000000e+00   7.48666765e-02   1.85714946e-04   5.19170456e+00   8.09578944e+00
 1.24000000e+00   0.00000000e+00   1.00000000e+00   7.14615800e-02   2.09743849e-04   5.17336088e+00   8.08301801e+00
 1.25000000e+00   0.00000000e+00   1.00000000e+00   6.80555143e-02   1.91765512e-04   5.14957069e+00   8.06849245e+00
 1.26000000e+00   0.00000000e+00   1.00000000e+00   6.47149615e-02   1.35965758e-04   5.12106121e+00   8.05389631e+00
 1.27000000e+00   0.00000000e+00   1.00000000e+00   6.14929787e-02   6.22830023e-05   5.09079618e+00   8.04107102e+00
 1.28000000e+00   0.00000000e+00   1.00000000e+00   5.84219514e-02  -2.41360576e-06   5.06105566e+00   8.03124795e+00
 1.29000000e+00   0.00000000e+00   1.00000000e+00   5.55138459e-02  -3.71364173e-05   5.03380502e+00   8.02446035e+00
 1.30000000e+00   0.00000000e+00   1.00000000e+00   5.27527495e-02  -3.26727675e-05   5.01103917e+00   8.02022810e+00
 1.31000000e+00   0.00000000e+00   1.00000000e+00   5.00929546e-02   9.54409710e-06   4.99364332e+00   8.01657618e+00
 1.32000000e+00   0.00000000e+00   1.00000000e+00   4.74790513e-02   7.80342374e-05   4.98042412e+00   8.01182358e+00
 1.33000000e+00   0.00000000e+00   1.00000000e+00   4.48740971e-02   1.51141448e-04   4.96899643e+00   8.00476824e+00
 1.34000000e+00   0.00000000e+00   1.00000000e+00   4.22684815e-02   2.02940860e-04   4.95626208e+00   7.99446993e+00
 1.35000000e+00   0.00000000e+00   1.00000000e+00   3.96695805e-02   2.15291940e-04   4.94097801e+00   7.98033111e+00
 1.36000000e+00   0.00000000e+00   1.00000000e+00   3.70972467e-02   1.85929358e-04   4.92240099e+00   7.96296213e+00
 1.37000000e+00   0.00000000e+00   1.00000000e+00   3.45925397e-02   1.26440752e-04   4.90006273e+00   7.94513847e+00
 1.38000000e+00   0.00000000e+00   1.00000000e+00   3.22161944e-02   5.55457837e-05   4.87426362e+00   7.93013011e+00
 1.39000000e+00   0.00000000e+00   1.00000000e+00   3.00207820e-02  -5.13451573e-06   4.84750748e+00   7.91983994e+00
 1.40000000e+00   0.00000000e+00   1.00000000e+00   2.80174458e-02  -3.49700013e-05   4.82354951e+00   7.91374195e+00
 1.41000000e+00   0.00000000e+00   1.00000000e+00   2.61705591e-02  -2.20189683e-05   4.80498204e+00   7.90972243e+00
 1.42000000e+00   0.00000000e+00   1.00000000e+00   2.44243154e-02   2.95525001e-05   4.79163530e+00   7.90559696e+00
 1.43000000e+00   0.00000000e+00   1.00000000e+00   2.27332786e-02   1.00915674e-04   4.78134772e+00   7.90004016e+00
 1.44000000e+00   0.00000000e+00   1.00000000e+00   2.10740133e-02   1.68048880e-04   4.77174530e+00   7.89242569e+00
 1.45000000e+00   0.00000000e+00   1.00000000e+00   1.94440771e-02   2.10631244e-04   4.76078868e+00   7.88227424e+00
 1.46000000e+00   0.00000000e+00   1.00000000e+00   1.78640814e-02   2.15781514e-04   4.74665333e+00   7.86996135e+00
 1.47000000e+00   0.00000000e+00   1.00000000e+00   1.63794111e-02   1.80593671e-04   4.72835309e+00   7.85670861e+00
 1.48000000e+00   0.00000000e+00   1.00000000e+00   1.50472694e-02   1.15435103e-04   4.70620689e+00   7.84434178e+00
 1.49000000e+00   0.00000000e+00   1.00000000e+00   1.39128956e-02   4.28105100e-05   4.68250032e+00   7.83472676e+00
 1.50000000e+00   0.00000000e+00   1.00000000e+00   1.29960195e-02  -1.17023054e-05   4.65991841e+00   7.82873387e+00
 1.51000000e+00   0.00000000e+00   1.00000000e+00   1.22945545e-02  -3.05967270e-05   4.64038882e+00   7.82666685e+00
 1.52000000e+00   0.00000000e+00   1.00000000e+00   1.17896186e-02  -9.32511809e-06   4.62516759e+00   7.82775374e+00
 1.53000000e+00   0.00000000e+00   1.00000000e+00   1.14420931e-02   4.50524614e-05   4.61474965e+00   7.82984097e+00
 1.54000000e+00   0.00000000e+00   1.00000000e+00   1.11955025e-02   1.16144716e-04   4.60908294e+00   7.83012881e+00
 1.55000000e+00   0.00000000e+00   1.00000000e+00   1.10001309e-02   1.80909325e-04   4.60569759e+00   7.82643185e+00
 1.56000000e+00   0.00000000e+00   1.00000000e+00   1.08439326e-02   2.16546298e-04   4.60112912e+00   7.81915952e+00
 1.57000000e+00   0.00000000e+00   1.00000000e+00   1.07599405e-02   2.10499490e-04   4.59251379e+00   7.81020308e+00
 1.58000000e+00   0.00000000e+00   1.00000000e+00   1.08029519e-02   1.65910892e-04   4.57951931e+00   7.80187168e+00
 1.59000000e+00   0.00000000e+00   1.00000000e+00   1.10195113e-02   9.85642516e-05   4.56410645e+00   7.79528221e+00
 1.60000000e+00   0.00000000e+00   1.00000000e+00   1.14344361e-02   2.97946288e-05   4.54895645e+00   7.79100904e+00
 1.61000000e+00   0.00000000e+00   1.00000000e+00   1.20513975e-02  -1.91094645e-05   4.53591032e+00   7.78950227e+00
 1.62000000e+00   0.00000000e+00   1.00000000e+00   1.28531394e-02  -3.17392966e-05   4.52682788e+00   7.79078460e+00
 1.63000000e+00   0.00000000e+00   1.00000000e+00   1.38005930e-02  -2.73977178e-06   4.52293257e+00   7.79406288e+00
 1.64000000e+00   0.00000000e+00   1.00000000e+00   1.48416861e-02   5.81185375e-05   4.52394136e+00   7.79759420e+00
 1.65000000e+00   0.00000000e+00   1.00000000e+00   1.59306114e-02   1.29267754e-04   4.52779189e+00   7.79953507e+00
 1.66000000e+00   0.00000000e+00   1.00000000e+00   1.70434284e-02   1.86795452e-04   4.53197404e+00   7.79875765e+00
 1.67000000e+00   0.00000000e+00   1.00000000e+00   1.81805105e-02   2.12809991e-04   4.53399915e+00   7.79508220e+00
 1.68000000e+00   0.00000000e+00   1.00000000e+00   1.93628219e-02   1.99287635e-04   4.53275952e+00   7.78929061e+00
 1.69000000e+00   0.00000000e+00   1.00000000e+00   2.06307017e-02   1.49607884e-04   4.52772611e+00   7.78337009e+00
 1.70000000e+00   0.00000000e+00   1.00000000e+00   2.20383022e-02   7.91636456e-05   4.51976791e+00   7.77985495e+00
 1.71000000e+00   0.00000000e+00   1.00000000e+00   2.36325383e-02   1.17433453e-05   4.51075512e+00   7.78077730e+00
 1.72000000e+00   0.00000000e+00   1.00000000e+00   2.54255851e-02  -2.95593661e-05   4.50465942e+00   7.78600528e+00
 1.73000000e+00   0.00000000e+00   1.00000000e+00   2.73860427e-02  -3.17405406e-05   4.50410915e+00   7.79359898e+00
 1.74000000e+00   0.00000000e+00   1.00000000e+00   2.94585780e-02   4.56654727e-06   4.50937718e+00   7.80175264e+00
 1.75000000e+00   0.00000000e+00   1.00000000e+00   3.15930302e-02   6.72261653e-05   4.51878513e+00   7.80923638e+00
 1.76000000e+00   0.00000000e+00   1.00000000e+00   3.37595521e-02   1.36475049e-04   4.52958407e+00   7.81550221e+00
 1.77000000e+00   0.00000000e+00   1.00000000e+00   3.59485124e-02   1.89526791e-04   4.53967177e+00   7.81999109e+00
 1.78000000e+00   0.00000000e+00   1.00000000e+00   3.81688252e-02   2.07731958e-04   4.54769476e+00   7.82222423e+00
 1.79000000e+00   0.00000000e+00   1.00000000e+00   4.04488210e-02   1.84440411e-04   4.55249303e+00   7.82301657e+00
 1.80000000e+00   0.00000000e+00   1.00000000e+00   4.28305616e-02   1.28008233e-04   4.55429313e+00   7.82394817e+00
 1.81000000e+00   0.00000000e+00   1.00000000e+00   4.53535844e-02   5.75573702e-05   4.55500565e+00   7.82696667e+00
 1.82000000e+00   0.00000000e+00   1.00000000e+00   4.80381555e-02  -4.51052624e-06   4.55761234e+00   7.83306308e+00
 1.83000000e+00   0.00000000e+00   1.00000000e+00   5.08787039e-02  -3.88350421e-05   4.56422818e+00   7.84249215e+00
 1.84000000e+00   0.00000000e+00   1.00000000e+00   5.38457523e-02  -3.40328024e-05   4.57649194e+00   7.85442801e+00
 1.85000000e+00   0.00000000e+00   1.00000000e+00   5.68899161e-02   8.93907367e-06   4.59436275e+00   7.86708091e+00
 1.86000000e+00   0.00000000e+00   1.00000000e+00   5.99504728e-02   7.55202850e-05   4.61678134e+00   7.87832356e+00
 1.87000000e+00   0.00000000e+00   1.00000000e+00   6.29748790e-02   1.42587199e-04   4.64096394e+00   7.88586242e+00
 1.88000000e+00   0.00000000e+00   1.00000000e+00   6.59425339e-02   1.87633541e-04   4.66346076e+00   7.88995392e+00
 1.89000000e+00   0.00000000e+00   1.00000000e+00   6.88735855e-02   1.96433055e-04   4.68170491e+00   7.89211074e+00
 1.90000000e+00   0.00000000e+00   1.00000000e+00   7.18129831e-02   1.66278918e-04   4.69561802e+00   7.89413813e+00
 1.91000000e+00   0.00000000e+00   1.00000000e+00   7.48034562e-02   1.06212246e-04   4.70712130e+00   7.89711646e+00
 1.92000000e+00   0.00000000e+00   1.00000000e+00   7.78689794e-02   3.52731026e-05   4.71898260e+00   7.90120154e+00
 1.93000000e+00   0.00000000e+00   1.00000000e+00   8.10135800e-02  -2.28707452e-05   4.73306811e+00   7.90722366e+00
 1.94000000e+00   0.00000000e+00   1.00000000e+00   8.42238442e-02  -4.86319746e-05   4.75114525e+00   7.91638362e+00
 1.95000000e+00   0.00000000e+00   1.00000000e+00   8.74682664e-02  -3.41261120e-05   4.77375876e+00   7.92755158e+00
 1.96000000e+00   0.00000000e+00   1.00000000e+00   9.07004899e-02   1.48385349e-05   4.80076124e+00   7.93966580e+00
 1.97000000e+00   0.00000000e+00   1.00000000e+00   9.38730544e-02   8.19499344e-05   4.83007556e+00   7.95017082e+00
 1.98000000e+00   0.00000000e+00   1.00000000e+00   9.69549751e-02   1.45605655e-04   4.85855177e+00   7.95801358e+00
 1.99000000e+00   0.00000000e+00   1.00000000e+00   9.99415446e-02   1.84705165e-04   4.88383599e+00   7.96304735e+00
 2.00000000e+00   0.00000000e+00   1.00000000e+00   1.02853997e-01   1.85506921e-04   4.90463609e+00   7.96584909e+00
 2.01000000e+00   0.00000000e+00   1.00000000e+00   1.05733653e-01   1.47291347e-04   4.92110985e+00   7.96820297e+00
 2.02000000e+00   0.00000000e+00   1.00000000e+00   1.08631064e-01   8.31114684e-05   4.93465059e+00   7.97202428e+00
 2.03000000e+00   0.00000000e+00   1.00000000e+00   1.11587454e-01   1.43748251e-05   4.94858074e+00   7.97904666e+00
 2.04000000e+00   0.00000000e+00   1.00000000e+00   1.14613942e-01  -3.69017228e-05   4.96583336e+00   7.98929483e+00
 2.05000000e+00   0.00000000e+00   1.00000000e+00   1.17683526e-01  -5.45936715e-05   4.98849874e+00   8.00150617e+00
 2.06000000e+00   0.00000000e+00   1.00000000e+00   1.20744378e-01  -3.28327878e-05   5.01674516e+00   8.01413205e+00
 2.07000000e+00   0.00000000e+00   1.00000000e+00   1.23744177e-01   2.15776389e-05   5.04813893e+00   8.02653626e+00
 2.08000000e+00   0.00000000e+00   1.00000000e+00   1.26646978e-01   9.03574483e-05   5.08032482e+00   8.03752548e+00
 2.09000000e+00   0.00000000e+00   1.00000000e+00   1.29436245e-01   1.50018303e-04   5.11090916e+00   8.04594799e+00
 2.10000000e+00   0.00000000e+00   1.00000000e+00   1.32112690e-01   1.80658025e-04   5.13807834e+00   8.05151845e+00
 2.11000000e+00   0.00000000e+00   1.00000000e+00   1.34694640e-01   1.72613671e-04   5.16032699e+00   8.05493519e+00
 2.12000000e+00   0.00000000e+00   1.00000000e+00   1.37216167e-01   1.28640574e-04   5.17894248e+00   8.05689106e+00
 2.13000000e+00   0.00000000e+00   1.00000000e+00   1.39715525e-01   6.25934290e-05   5.19583319e+00   8.05983989e+00
 2.14000000e+00   0.00000000e+00   1.00000000e+00   1.42217389e-01  -4.25592523e-06   5.21386254e+00   8.06581595e+00
 2.15000000e+00   0.00000000e+00   1.00000000e+00   1.44720297e-01  -4.96366243e-05   5.23514953e+00   8.07360865e+00
 2.16000000e+00   0.00000000e+00   1.00000000e+00   1.47195380e-01  -5.83405975e-05   5.26113403e+00   8.08374801e+00
 2.17000000e+00   0.00000000e+00   1.00000000e+00   1.49593703e-01  -2.79507486e-05   5.29152435e+00   8.09412978e+00
 2.18000000e+00   0.00000000e+00   1.00000000e+00   1.51858965e-01   3.08197887e-05   5.32411478e+00   8.10343669e+00
 2.19000000e+00   0.00000000e+00   1.00000000e+00   1.53945256e-01   9.85349018e-05   5.35574173e+00   8.10967565e+00
 2.20000000e+00   0.00000000e+00   1.00000000e+00   1.55835247e-01   1.53259979e-04   5.38347612e+00   8.11322753e+00
 2.21000000e+00   0.00000000e+00   1.00000000e+00   1.57547358e-01   1.76889480e-04   5.40494260e+00   8.11425517e+00
 2.22000000e+00   0.00000000e+00   1.00000000e+00   1.59124611e-01   1.61086037e-04   5.42072027e+00   8.11457012e+00
 2.23000000e+00   0.00000000e+00   1.00000000e+00   1.60612904e-01   1.10826787e-04   5.43245394e+00   8.11481106e+00
 2.24000000e+00   0.00000000e+00   1.00000000e+00   1.62044482e-01   4.30600140e-05   5.44308498e+00   8.11588442e+00
 2.25000000e+00   0.00000000e+00   1.00000000e+00   1.63433291e-01  -1.96640068e-05   5.45478143e+00   8.11895129e+00
 2.26000000e+00   0.00000000e+00   1.00000000e+00   1.64776001e-01  -5.70761489e-05   5.46912433e+00   8.12450537e+00
 2.27000000e+00   0.00000000e+00   1.00000000e+00   1.66051647e-01  -5.73240330e-05   5.48716549e+00   8.13260841e+00
 2.28000000e+00   0.00000000e+00   1.00000000e+00   1.67222977e-01  -2.01996211e-05   5.50832917e+00   8.14167045e+00
 2.29000000e+00   0.00000000e+00   1.00000000e+00   1.68246652e-01   4.23844970e-05   5.53074882e+00   8.15004393e+00
 2.30000000e+00   0.00000000e+00   1.00000000e+00   1.69090771e-01   1.09634313e-04   5.55148299e+00   8.15598852e+00
 2.31000000e+00   0.00000000e+00   1.00000000e+00   1.69749267e-01   1.58909671e-04   5.56774385e+00   8.15916591e+00
 2.32000000e+00   0.00000000e+00   1.00000000e+00   1.70244818e-01   1.73959758e-04   5.57840549e+00   8.15985083e+00
 2.33000000e+00   0.00000000e+00   1.00000000e+00   1.70620803e-01   1.50260758e-04   5.58375389e+00   8.15954151e+00
 2.34000000e+00   0.00000000e+00   1.00000000e+00   1.70927159e-01   9.57918572e-05   5.58577908e+00   8.15979482e+00
 2.35000000e+00   0.00000000e+00   1.00000000e+00   1.71203414e-01   2.82876773e-05   5.60651016e+00   8.16219656e+00
 2.36000000e+00   0.00000000e+00   1.00000000e+00   1.71462734e-01  -3.03583358e-05   5.61033604e+00   8.16182664e+00
 2.37000000e+00   0.00000000e+00   1.00000000e+00   1.71685252e-01  -6.04696433e-05   5.61408459e+00   8.16453826e+00
 2.38000000e+00   0.00000000e+00   1.00000000e+00   1.71827246e-01  -5.18883675e-05   5.61936067e+00   8.16821811e+00
 2.39000000e+00   0.00000000e+00   1.00000000e+00   1.71840511e-01  -7.63190635e-06   5.62413647e+00   8.17218522e+00
 2.40000000e+00   0.00000000e+00   1.00000000e+00   1.71688519e-01   5.72843992e-05   5.62624412e+00   8.17539652e+00
 2.41000000e+00   0.00000000e+00   1.00000000e+00   1.71352500e-01   1.21586138e-04   5.62421090e+00   8.17705202e+00
 2.42000000e+00   0.00000000e+00   1.00000000e+00   1.70831637e-01   1.64466415e-04   5.61727634e+00   8.17544674e+00
 2.43000000e+00   0.00000000e+00   1.00000000e+00   1.70143749e-01   1.71867749e-04   5.60589040e+00   8.17074341e+00
 2.44000000e+00   0.00000000e+00   1.00000000e+00   1.69324324e-01   1.41059998e-04   5.59088089e+00   8.16318953e+00
 2.45000000e+00   0.00000000e+00   1.00000000e+00   1.68417858e-01   8.23447264e-05   5.63106352e+00   8.15938609e+00
 2.46000000e+00   0.00000000e+00   1.00000000e+00   1.67460950e-01   1.53941057e-05   5.63699874e+00   8.16131096e+00
 2.47000000e+00   0.00000000e+00   1.00000000e+00   1.66464909e-01  -3.75047221e-05   5.63695553e+00   8.16753006e+00
 2.48000000e+00   0.00000000e+00   1.00000000e+00   1.65410921e-01  -5.89048999e-05   5.63885936e+00   8.17512331e+00
 2.49000000e+00   0.00000000e+00   1.00000000e+00   1.64258808e-01  -4.19880455e-05   5.64361358e+00   8.18235774e+00
 2.50000000e+00   0.00000000e+00   1.00000000e+00   1.62962457e-01   7.83978982e-06   5.64920935e+00   8.18792248e+00
 2.51000000e+00   0.00000000e+00   1.00000000e+00   1.61486898e-01   7.45549198e-05   5.65331415e+00   8.19106471e+00
 2.52000000e+00   0.00000000e+00   1.00000000e+00   1.59822846e-01   1.36202932e-04   5.65326922e+00   8.19141676e+00
 2.53000000e+00   0.00000000e+00   1.00000000e+00   1.57991939e-01   1.72334992e-04   5.64748446e+00   8.18947499e+00
 2.54000000e+00   0.00000000e+00   1.00000000e+00   1.56038828e-01   1.71232351e-04   5.63573108e+00   8.18577763e+00
 2.55000000e+00   0.00000000e+00   1.00000000e+00   1.54014130e-01   1.33730270e-04   5.61946167e+00   8.18078538e+00
 2.56000000e+00   0.00000000e+00   1.00000000e+00   1.51958854e-01   7.24211358e-05   5.60156342e+00   8.17621397e+00
 2.57000000e+00   0.00000000e+00   1.00000000e+00   1.49897323e-01   7.51874002e-06   5.58377198e+00   8.17289797e+00
 2.58000000e+00   0.00000000e+00   1.00000000e+00   1.47835589e-01  -3.94975373e-05   5.56872434e+00   8.17259468e+00
 2.59000000e+00   0.00000000e+00   1.00000000e+00   1.45760293e-01  -5.28333208e-05   5.55718522e+00   8.17434635e+00
 2.60000000e+00   0.00000000e+00   1.00000000e+00   1.43639476e-01  -2.78253202e-05   5.54958109e+00   8.17808490e+00
 2.61000000e+00   0.00000000e+00   1.00000000e+00   1.41431576e-01   2.73556867e-05   5.54382845e+00   8.18113315e+00
 2.62000000e+00   0.00000000e+00   1.00000000e+00   1.39103114e-01   9.45023144e-05   5.53845570e+00   8.18311066e+00
 2.63000000e+00   0.00000000e+00   1.00000000e+00   1.36645462e-01   1.51668440e-04   5.52998691e+00   8.18185155e+00
 2.64000000e+00   0.00000000e+00   1.00000000e+00   1.34080266e-01   1.80442242e-04   5.51684263e+00   8.17771972e+00
 2.65000000e+00   0.00000000e+00   1.00000000e+00   1.31451336e-01   1.71608690e-04   5.49836350e+00   8.17178355e+00
 2.66000000e+00   0.00000000e+00   1.00000000e+00   1.28808502e-01   1.28113544e-04   5.47773975e+00   8.16614825e+00
 2.67000000e+00   0.00000000e+00   1.00000000e+00   1.26190631e-01   6.44828353e-05   5.45562193e+00   8.16014869e+00
 2.68000000e+00   0.00000000e+00   1.00000000e+00   1.23613037e-01   2.12981274e-06   5.43518388e+00   8.15628868e+00
 2.69000000e+00   0.00000000e+00   1.00000000e+00   1.21063112e-01  -3.81247951e-05   5.41811122e+00   8.15386207e+00
 2.70000000e+00   0.00000000e+00   1.00000000e+00   1.18506662e-01  -4.29762782e-05   5.40504833e+00   8.15258611e+00
 2.71000000e+00   0.00000000e+00   1.00000000e+00   1.15902426e-01  -1.07692873e-05   5.39513535e+00   8.15169679e+00
 2.72000000e+00   0.00000000e+00   1.00000000e+00   1.13216620e-01   4.81393194e-05   5.38658814e+00   8.15077998e+00
 2.73000000e+00   0.00000000e+00   1.00000000e+00   1.10431217e-01   1.14636019e-04   5.37682974e+00   8.14822699e+00
 2.74000000e+00   0.00000000e+00   1.00000000e+00   1.07547051e-01   1.66988114e-04   5.36420191e+00   8.14304872e+00
 2.75000000e+00   0.00000000e+00   1.00000000e+00   1.04585421e-01   1.88029887e-04   5.34741035e+00   8.13466888e+00
 2.76000000e+00   0.00000000e+00   1.00000000e+00   1.01587006e-01   1.71080255e-04   5.32607735e+00   8.12416735e+00
 2.77000000e+00   0.00000000e+00   1.00000000e+00   9.86027956e-02   1.22173289e-04   5.30128286e+00   8.11333766e+00
 2.78000000e+00   0.00000000e+00   1.00000000e+00   9.56766102e-02   5.77555956e-05   5.27541724e+00   8.10390978e+00
 2.79000000e+00   0.00000000e+00   1.00000000e+00   9.28280665e-02  -8.45921880e-07   5.25091783e+00   8.09689532e+00
 2.80000000e+00   0.00000000e+00   1.00000000e+00   9.00464937e-02  -3.41788158e-05   5.22978269e+00   8.09203654e+00
 2.81000000e+00   0.00000000e+00   1.00000000e+00   8.72987091e-02  -3.09297405e-05   5.21290517e+00   8.08866851e+00
 2.82000000e+00   0.00000000e+00   1.00000000e+00   8.45451503e-02   8.11257672e-06   5.19907570e+00   8.08572662e+00
 2.83000000e+00   0.00000000e+00   1.00000000e+00   8.17563897e-02   7.01616268e-05   5.18634900e+00   8.08203915e+00
 2.84000000e+00   0.00000000e+00   1.00000000e+00   7.89247414e-02   1.34846670e-04   5.17249441e+00   8.07685110e+00
 2.85000000e+00   0.00000000e+00   1.00000000e+00   7.60681432e-02   1.81125695e-04   5.15556455e+00   8.06977533e+00
 2.86000000e+00   0.00000000e+00   1.00000000e+00   7.32248713e-02   1.94118527e-04   5.13500059e+00   8.06092902e+00
 2.87000000e+00   0.00000000e+00   1.00000000e+00   7.04412469e-02   1.69801215e-04   5.11115244e+00   8.05083879e+00
 2.88000000e+00   0.00000000e+00   1.00000000e+00   6.77583718e-02   1.16335278e-04   5.08531674e+00   8.04011179e+00
 2.89000000e+00   0.00000000e+00   1.00000000e+00   6.52028895e-02   5.15578304e-05   5.05973397e+00   8.03032670e+00
 2.90000000e+00   0.00000000e+00   1.00000000e+00   6.27822334e-02  -2.85713718e-06   5.03616811e+00   8.02274816e+00
 2.91000000e+00   0.00000000e+00   1.00000000e+00   6.04825275e-02  -2.87302771e-05   5.01620586e+00   8.01759423e+00
 2.92000000e+00   0.00000000e+00   1.00000000e+00   5.82701063e-02  -1.75042588e-05   5.00071569e+00   8.01440593e+00
 2.93000000e+00   0.00000000e+00   1.00000000e+00   5.61007412e-02   2.71427178e-05   4.98895319e+00   8.01126611e+00
 2.94000000e+00   0.00000000e+00   1.00000000e+00   5.39367584e-02   9.06952394e-05   4.97915501e+00   8.00656457e+00
 2.95000000e+00   0.00000000e+00   1.00000000e+00   5.17640561e-02   1.52441193e-04   4.96847538e+00   7.99961654e+00
 2.96000000e+00   0.00000000e+00   1.00000000e+00   4.95986655e-02   1.92122561e-04   4.95510722e+00   7.99040046e+00
 2.97000000e+00   0.00000000e+00   1.00000000e+00   4.74793578e-02   1.96723537e-04   4.93798235e+00   7.97967373e+00
 2.98000000e+00   0.00000000e+00   1.00000000e+00   4.54517167e-02   1.64934828e-04   4.91773697e+00   7.96815884e+00
 2.99000000e+00   0.00000000e+00   1.00000000e+00   4.35520906e-02   1.07519292e-04   4.89601848e+00   7.95697013e+00
 3.00000000e+00   0.00000000e+00   1.00000000e+00   4.17967007e-02   4.35776962e-05   4.87490754e+00   7.94685043e+00
 3.01000000e+00   0.00000000e+00   1.00000000e+00   4.01779049e-02  -5.80274808e-06   4.85646371e+00   7.93843660e+00
 3.02000000e+00   0.00000000e+00   1.00000000e+00   3.86685066e-02  -2.43114724e-05   4.84161427e+00   7.93192628e+00
 3.03000000e+00   0.00000000e+00   1.00000000e+00   3.72320247e-02  -5.72430514e-06   4.83053433e+00   7.92715861e+00
 3.04000000e+00   0.00000000e+00   1.00000000e+00   3.58347718e-02   4.39416896e-05   4.82194742e+00   7.92294226e+00
 3.05000000e+00   0.00000000e+00   1.00000000e+00   3.44558268e-02   1.08294168e-04   4.81414640e+00   7.91819526e+00
 3.06000000e+00   0.00000000e+00   1.00000000e+00   3.30931144e-02   1.66093534e-04   4.80529578e+00   7.91174326e+00
 3.07000000e+00   0.00000000e+00   1.00000000e+00   3.17661246e-02   1.98417573e-04   4.79361145e+00   7.90316130e+00
 3.08000000e+00   0.00000000e+00   1.00000000e+00   3.05141088e-02   1.94817711e-04   4.77828028e+00   7.89324286e+00
 3.09000000e+00   0.00000000e+00   1.00000000e+00   2.93864315e-02   1.56588468e-04   4.75977262e+00   7.88345628e+00
 3.10000000e+00   0.00000000e+00   1.00000000e+00   2.84257225e-02   9.63361781e-05   4.73964703e+00   7.87519584e+00
 3.11000000e+00   0.00000000e+00   1.00000000e+00   2.76513363e-02   3.39922683e-05   4.72046186e+00   7.86925748e+00
 3.12000000e+00   0.00000000e+00   1.00000000e+00   2.70525881e-02  -9.77745071e-06   4.70440453e+00   7.86547605e+00
 3.13000000e+00   0.00000000e+00   1.00000000e+00   2.65954985e-02  -2.05140221e-05   4.69273736e+00   7.86346361e+00
 3.14000000e+00   0.00000000e+00   1.00000000e+00   2.62382806e-02   5.21392863e-06   4.68511122e+00   7.86251794e+00
 3.15000000e+00   0.00000000e+00   1.00000000e+00   2.59470568e-02   5.88183449e-05   4.68010780e+00   7.86193099e+00
 3.16000000e+00   0.00000000e+00   1.00000000e+00   2.57062301e-02   1.22630335e-04   4.67565479e+00   7.86074617e+00
 3.17000000e+00   0.00000000e+00   1.00000000e+00   2.55220255e-02   1.75665023e-04   4.67000203e+00   7.85848124e+00
 3.18000000e+00   0.00000000e+00   1.00000000e+00   2.54194486e-02   2.00319527e-04   4.65622121e+00   7.85976802e+00
 3.19000000e+00   0.00000000e+00   1.00000000e+00   2.54335777e-02   1.88558272e-04   4.64938188e+00   7.85104333e+00
 3.20000000e+00   0.00000000e+00   1.00000000e+00   2.55984296e-02   1.44145994e-04   4.63689894e+00   7.84370360e+00
 3.21000000e+00   0.00000000e+00   1.00000000e+00   2.59366703e-02   8.18655222e-05   4.62401489e+00   7.83872593e+00
 3.22000000e+00   0.00000000e+00   1.00000000e+00   2.64522108e-02   2.21283816e-05   4.61305872e+00   7.83605661e+00
 3.23000000e+00   0.00000000e+00   1.00000000e+00   2.71268426e-02  -1.54657240e-05   4.60588300e+00   7.83580176e+00
 3.24000000e+00   0.00000000e+00   1.00000000e+00   2.79223257e-02  -1.87199572e-05   4.60309291e+00   7.83742667e+00
 3.25000000e+00   0.00000000e+00   1.00000000e+00   2.87902992e-02   1.33573707e-05   4.60481117e+00   7.83964580e+00
 3.26000000e+00   0.00000000e+00   1.00000000e+00   2.96887393e-02   7.00667424e-05   4.60906848e+00   7.84127863e+00
 3.27000000e+00   0.00000000e+00   1.00000000e+00   3.05980043e-02   1.32509828e-04   4.61341576e+00   7.84160832e+00
 3.28000000e+00   0.00000000e+00   1.00000000e+00   3.15275737e-02   1.79945031e-04   4.61556057e+00   7.84061036e+00
 3.29000000e+00   0.00000000e+00   1.00000000e+00   3.25098943e-02   1.96686393e-04   4.61456905e+00   7.83868194e+00
 3.30000000e+00   0.00000000e+00   1.00000000e+00   3.35856376e-02   1.77195899e-04   4.61053425e+00   7.83637182e+00
 3.31000000e+00   0.00000000e+00   1.00000000e+00   3.47883464e-02   1.27770908e-04   4.60492287e+00   7.83432724e+00
 3.32000000e+00   0.00000000e+00   1.00000000e+00   3.61342684e-02   6.45858774e-05   4.59975738e+00   7.83318320e+00
 3.33000000e+00   0.00000000e+00   1.00000000e+00   3.76187900e-02   8.35972477e-06   4.59705063e+00   7.83368998e+00
 3.34000000e+00   0.00000000e+00   1.00000000e+00   3.92186529e-02  -2.25003350e-05   4.59795627e+00   7.83622868e+00
 3.35000000e+00   0.00000000e+00   1.00000000e+00   4.08989442e-02  -1.80054143e-05   4.60275179e+00   7.84068389e+00
 3.36000000e+00   0.00000000e+00   1.00000000e+00   4.26233360e-02   2.01371624e-05   4.61072477e+00   7.84617730e+00
 3.37000000e+00   0.00000000e+00   1.00000000e+00   4.43648868e-02   7.91348609e-05   4.62012599e+00   7.85166746e+00
 3.38000000e+00   0.00000000e+00   1.00000000e+00   4.61145269e-02   1.39392331e-04   4.62910489e+00   7.85602827e+00
 3.39000000e+00   0.00000000e+00   1.00000000e+00   4.78851320e-02   1.80935058e-04   4.63568333e+00   7.85894804e+00
 3.40000000e+00   0.00000000e+00   1.00000000e+00   4.97093326e-02   1.89915038e-04   4.63939674e+00   7.86089334e+00
 3.41000000e+00   0.00000000e+00   1.00000000e+00   5.16294567e-02   1.63216459e-04   4.64029395e+00   7.86271127e+00
 3.42000000e+00   0.00000000e+00   1.00000000e+00   5.36813645e-02   1.09544578e-04   4.64044059e+00   7.86550204e+00
 3.43000000e+00   0.00000000e+00   1.00000000e+00   5.58789646e-02   4.64855512e-05   4.64225502e+00   7.86971619e+00
 3.44000000e+00   0.00000000e+00   1.00000000e+00   5.82076401e-02  -5.37767220e-06   4.64770267e+00   7.87540228e+00
 3.45000000e+00   0.00000000e+00   1.00000000e+00   6.06299702e-02  -2.92117345e-05   4.65808472e+00   7.88255532e+00
 3.46000000e+00   0.00000000e+00   1.00000000e+00   6.30997139e-02  -1.74061493e-05   4.67289572e+00   7.89032480e+00
 3.47000000e+00   0.00000000e+00   1.00000000e+00   6.55764979e-02   2.59381400e-05   4.69042239e+00   7.89852167e+00
 3.48000000e+00   0.00000000e+00   1.00000000e+00   6.80358098e-02   8.63004298e-05   4.70895391e+00   7.90638115e+00
 3.49000000e+00   0.00000000e+00   1.00000000e+00   7.04729964e-02   1.43547529e-04   4.72614786e+00   7.91298630e+00
 3.50000000e+00   0.00000000e+00   1.00000000e+00   7.29019535e-02   1.78603274e-04   4.74113614e+00   7.91825643e+00
 3.51000000e+00   0.00000000e+00   1.00000000e+00   7.53492852e-02   1.79766641e-04   4.75329778e+00   7.92179220e+00
 3.52000000e+00   0.00000000e+00   1.00000000e+00   7.78448270e-02   1.46527551e-04   4.76354592e+00   7.92443748e+00
 3.53000000e+00   0.00000000e+00   1.00000000e+00   8.04105639e-02   8.96658158e-05   4.77356621e+00   7.92717365e+00
 3.54000000e+00   0.00000000e+00   1.00000000e+00   8.30510935e-02   2.77154562e-05   4.78533326e+00   7.93129445e+00
 3.55000000e+00   0.00000000e+00   1.00000000e+00   8.57488179e-02  -1.90916254e-05   4.80073446e+00   7.93707759e+00
 3.56000000e+00   0.00000000e+00   1.00000000e+00   8.84662695e-02  -3.55315519e-05   4.82029211e+00   7.94413894e+00
 3.57000000e+00   0.00000000e+00   1.00000000e+00   9.11563760e-02  -1.64315432e-05   4.84346135e+00   7.95204465e+00
 3.58000000e+00   0.00000000e+00   1.00000000e+00   9.37781812e-02   3.16421082e-05   4.86812911e+00   7.95932051e+00
 3.59000000e+00   0.00000000e+00   1.00000000e+00   9.63116389e-02   9.26223128e-05   4.89181815e+00   7.96589002e+00
 3.60000000e+00   0.00000000e+00   1.00000000e+00   9.87640229e-02   1.46239752e-04   4.91257642e+00   7.97159857e+00
 3.61000000e+00   0.00000000e+00   1.00000000e+00   1.01164771e-01   1.74675958e-04   4.92953860e+00   7.97633741e+00
 3.62000000e+00   0.00000000e+00   1.00000000e+00   1.03552354e-01   1.68403308e-04   4.94323079e+00   7.98040007e+00
 3.63000000e+00   0.00000000e+00   1.00000000e+00   1.05960239e-01   1.29350486e-04   4.95520632e+00   7.98422070e+00
 3.64000000e+00   0.00000000e+00   1.00000000e+00   1.08407048e-01   7.02839959e-05   4.96749145e+00   7.98827094e+00
 3.65000000e+00   0.00000000e+00   1.00000000e+00   1.10892205e-01   1.05667449e-05   4.98190018e+00   7.99343444e+00
 3.66000000e+00   0.00000000e+00   1.00000000e+00   1.13396382e-01  -3.02768476e-05   4.99976172e+00   8.00027721e+00
 3.67000000e+00   0.00000000e+00   1.00000000e+00   1.15886318e-01  -3.89794989e-05   5.02128906e+00   8.00881657e+00
 3.68000000e+00   0.00000000e+00   1.00000000e+00   1.18323845e-01  -1.28591278e-05   5.04565311e+00   8.01815465e+00
 3.69000000e+00   0.00000000e+00   1.00000000e+00   1.20677354e-01   3.92935990e-05   5.07096348e+00   8.02759732e+00
 3.70000000e+00   0.00000000e+00   1.00000000e+00   1.22932311e-01   1.00007871e-04   5.09506958e+00   8.03602986e+00
 3.71000000e+00   0.00000000e+00   1.00000000e+00   1.25096317e-01   1.49101476e-04   5.11607116e+00   8.04287845e+00
 3.72000000e+00   0.00000000e+00   1.00000000e+00   1.27196848e-01   1.70262819e-04   5.13341424e+00   8.04806566e+00
 3.73000000e+00   0.00000000e+00   1.00000000e+00   1.29271207e-01   1.56409314e-04   5.14782885e+00   8.05274370e+00
 3.74000000e+00   0.00000000e+00   1.00000000e+00   1.31351127e-01   1.12006012e-04   5.16119940e+00   8.05673848e+00
 3.75000000e+00   0.00000000e+00   1.00000000e+00   1.33448628e-01   5.16020346e-05   5.17606246e+00   8.06108285e+00
 3.76000000e+00   0.00000000e+00   1.00000000e+00   1.35549921e-01  -4.97247642e-06   5.19329233e+00   8.06626924e+00
 3.77000000e+00   0.00000000e+00   1.00000000e+00   1.37620097e-01  -3.92138947e-05   5.21440902e+00   8.07192142e+00
 3.78000000e+00   0.00000000e+00   1.00000000e+00   1.39615294e-01  -3.99990554e-05   5.23875388e+00   8.07831420e+00
 3.79000000e+00   0.00000000e+00   1.00000000e+00   1.41495929e-01  -7.28282719e-06   5.26504511e+00   8.08627964e+00
 3.80000000e+00   0.00000000e+00   1.00000000e+00   1.43236378e-01   4.80201354e-05   5.29032330e+00   8.09262911e+00
 3.81000000e+00   0.00000000e+00   1.00000000e+00   1.44829740e-01   1.07545030e-04   5.31302855e+00   8.09839864e+00
 3.82000000e+00   0.00000000e+00   1.00000000e+00   1.46288224e-01   1.51572063e-04   5.33180759e+00   8.10249663e+00
 3.83000000e+00   0.00000000e+00   1.00000000e+00   1.47639217e-01   1.65471776e-04   5.34646630e+00   8.10481134e+00
 3.84000000e+00   0.00000000e+00   1.00000000e+00   1.48916620e-01   1.44632868e-04   5.35756248e+00   8.10590676e+00
 3.85000000e+00   0.00000000e+00   1.00000000e+00   1.50149086e-01   9.59180767e-05   5.36719443e+00   8.10673826e+00
 3.86000000e+00   0.00000000e+00   1.00000000e+00   1.51349038e-01   3.53476022e-05   5.37738722e+00   8.10825467e+00
 3.87000000e+00   0.00000000e+00   1.00000000e+00   1.52506809e-01  -1.72057783e-05   5.39001678e+00   8.11103476e+00
 3.88000000e+00   0.00000000e+00   1.00000000e+00   1.53592782e-01  -4.44869330e-05   5.40558897e+00   8.11509687e+00
 3.89000000e+00   0.00000000e+00   1.00000000e+00   1.54567529e-01  -3.75635761e-05   5.42342874e+00   8.12005159e+00
 3.90000000e+00   0.00000000e+00   1.00000000e+00   1.55396645e-01   1.19047901e-06   5.44177014e+00   8.12545728e+00
 3.91000000e+00   0.00000000e+00   1.00000000e+00   1.56064289e-01   5.89155053e-05   5.45833047e+00   8.13062134e+00
 3.92000000e+00   0.00000000e+00   1.00000000e+00   1.56579111e-01   1.16530874e-04   5.47109918e+00   8.13506042e+00
 3.93000000e+00   0.00000000e+00   1.00000000e+00   1.56970222e-01   1.55040398e-04   5.47951749e+00   8.13861923e+00
 3.94000000e+00   0.00000000e+00   1.00000000e+00   1.57276058e-01   1.61800781e-04   5.48394755e+00   8.14104846e+00
 3.95000000e+00   0.00000000e+00   1.00000000e+00   1.57532146e-01   1.34710728e-04   5.50616868e+00   8.14539951e+00
 3.96000000e+00   0.00000000e+00   1.00000000e+00   1.57761722e-01   8.25785172e-05   5.50915857e+00   8.14650262e+00
 3.97000000e+00   0.00000000e+00   1.00000000e+00   1.57969913e-01   2.27005586e-05   5.51003361e+00   8.14777461e+00
 3.98000000e+00   0.00000000e+00   1.00000000e+00   1.58142409e-01  -2.51853327e-05   5.51186473e+00   8.14858428e+00
 3.99000000e+00   0.00000000e+00   1.00000000e+00   1.58249158e-01  -4.52725572e-05   5.51485570e+00   8.15003771e+00
 4.00000000e+00   0.00000000e+00   1.00000000e+00   1.58252769e-01  -3.10568043e-05   5.51744631e+00   8.15173864e+00
 4.01000000e+00   0.00000000e+00   1.00000000e+00   1.58120423e-01   1.27926910e-05   5.51826151e+00   8.15363385e+00
 4.02000000e+00   0.00000000e+00   1.00000000e+00   1.57835388e-01   7.18439149e-05   5.51598492e+00   8.15473377e+00
 4.03000000e+00   0.00000000e+00   1.00000000e+00   1.57403455e-01   1.26659082e-04   5.50979025e+00   8.15398769e+00
 4.04000000e+00   0.00000000e+00   1.00000000e+00   1.56851078e-01   1.59168146e-04   5.49997414e+00   8.15070342e+00
 4.05000000e+00   0.00000000e+00   1.00000000e+00   1.56215489e-01   1.58676160e-04   5.48795230e+00   8.14475196e+00
 4.06000000e+00   0.00000000e+00   1.00000000e+00   1.55530357e-01   1.25428048e-04   5.47551747e+00   8.13673629e+00
 4.07000000e+00   0.00000000e+00   1.00000000e+00   1.54812615e-01   7.04782749e-05   5.46439666e+00   8.12781923e+00
 4.08000000e+00   0.00000000e+00   1.00000000e+00   1.54056476e-01   1.22760762e-05   5.50900037e+00   8.13357782e+00
 4.09000000e+00   0.00000000e+00   1.00000000e+00   1.53237552e-01  -3.02350656e-05   5.52177810e+00   8.13746979e+00
 4.10000000e+00   0.00000000e+00   1.00000000e+00   1.52322136e-01  -4.28807279e-05   5.52895204e+00   8.14411006e+00
 4.11000000e+00   0.00000000e+00   1.00000000e+00   1.51277468e-01  -2.13229567e-05   5.53557292e+00   8.15073335e+00
 4.12000000e+00   0.00000000e+00   1.00000000e+00   1.50082319e-01   2.74740085e-05   5.54068258e+00   8.15631722e+00
 4.13000000e+00   0.00000000e+00   1.00000000e+00   1.48733613e-01   8.72959549e-05   5.54255282e+00   8.16006946e+00
 4.14000000e+00   0.00000000e+00   1.00000000e+00   1.47247812e-01   1.38571064e-04   5.53991382e+00   8.16173709e+00
 4.15000000e+00   0.00000000e+00   1.00000000e+00   1.45657757e-01   1.64536813e-04   5.53245391e+00   8.16121564e+00
 4.16000000e+00   0.00000000e+00   1.00000000e+00   1.44004472e-01   1.56909583e-04   5.52083145e+00   8.15843638e+00
 4.17000000e+00   0.00000000e+00   1.00000000e+00   1.42325286e-01   1.18359430e-04   5.50697590e+00   8.15462003e+00
 4.18000000e+00   0.00000000e+00   1.00000000e+00   1.40641923e-01   6.16657482e-05   5.49331897e+00   8.15183184e+00
 4.19000000e+00   0.00000000e+00   1.00000000e+00   1.38953286e-01   5.64504522e-06   5.48139005e+00   8.14943451e+00
 4.20000000e+00   0.00000000e+00   1.00000000e+00   1.37237097e-01  -3.09575682e-05   5.47238153e+00   8.14816458e+00
 4.21000000e+00   0.00000000e+00   1.00000000e+00   1.35460166e-01  -3.58607497e-05   5.46595150e+00   8.14816317e+00
 4.22000000e+00   0.00000000e+00   1.00000000e+00   1.33592583e-01  -7.51207964e-06   5.46078730e+00   8.14889236e+00
 4.23000000e+00   0.00000000e+00   1.00000000e+00   1.31619898e-01   4.47902465e-05   5.45461456e+00   8.15001117e+00
 4.24000000e+00   0.00000000e+00   1.00000000e+00   1.29548876e-01   1.04109622e-04   5.44642122e+00   8.15088448e+00
 4.25000000e+00   0.00000000e+00   1.00000000e+00   1.27405404e-01   1.51141077e-04   5.43559890e+00   8.15103007e+00
 4.26000000e+00   0.00000000e+00   1.00000000e+00   1.25226007e-01   1.70438447e-04   5.42073146e+00   8.14870538e+00
 4.27000000e+00   0.00000000e+00   1.00000000e+00   1.23046807e-01   1.55787332e-04   5.40351283e+00   8.14561010e+00
 4.28000000e+00   0.00000000e+00   1.00000000e+00   1.20893789e-01   1.12316711e-04   5.38556739e+00   8.14097359e+00
 4.29000000e+00   0.00000000e+00   1.00000000e+00   1.18776059e-01   5.46216118e-05   5.36865160e+00   8.13618874e+00
 4.30000000e+00   0.00000000e+00   1.00000000e+00   1.16683056e-01   1.89141090e-06   5.35425061e+00   8.13213206e+00
 4.31000000e+00   0.00000000e+00   1.00000000e+00   1.14587511e-01  -2.83953751e-05   5.34301712e+00   8.12925052e+00
 4.32000000e+00   0.00000000e+00   1.00000000e+00   1.12454061e-01  -2.61743054e-05   5.33457972e+00   8.12740836e+00
 4.33000000e+00   0.00000000e+00   1.00000000e+00   1.10251009e-01   8.03312781e-06   5.32727043e+00   8.12601717e+00
 4.34000000e+00   0.00000000e+00   1.00000000e+00   1.07962080e-01   6.31811700e-05   5.31950346e+00   8.12437901e+00
 4.35000000e+00   0.00000000e+00   1.00000000e+00   1.05593750e-01   1.21145314e-04   5.30925990e+00   8.12161628e+00
 4.36000000e+00   0.00000000e+00   1.00000000e+00   1.03173968e-01   1.62905294e-04   5.29545542e+00   8.11731183e+00
 4.37000000e+00   0.00000000e+00   1.00000000e+00   1.00742223e-01   1.74996590e-04   5.27828379e+00   8.11158047e+00
 4.38000000e+00   0.00000000e+00   1.00000000e+00   9.83356771e-02   1.53753050e-04   5.25871097e+00   8.10449741e+00
 4.39000000e+00   0.00000000e+00   1.00000000e+00   9.59773177e-02   1.06330147e-04   5.23868400e+00   8.09648035e+00
 4.40000000e+00   0.00000000e+00   1.00000000e+00   9.36701552e-02   4.85035886e-05   5.21988339e+00   8.08857422e+00
 4.41000000e+00   0.00000000e+00   1.00000000e+00   9.13986628e-02  -4.51358061e-07   5.20346029e+00   8.08129623e+00
 4.42000000e+00   0.00000000e+00   1.00000000e+00   8.91361203e-02  -2.41657921e-05   5.18987108e+00   8.07556476e+00
 4.43000000e+00   0.00000000e+00   1.00000000e+00   8.68548555e-02  -1.46696464e-05   5.17819993e+00   8.07119874e+00
 4.44000000e+00   0.00000000e+00   1.00000000e+00   8.45360242e-02   2.49900453e-05   5.16730913e+00   8.06786906e+00
 4.45000000e+00   0.00000000e+00   1.00000000e+00   8.21768242e-02   8.18456174e-05   5.15544962e+00   8.06442136e+00
 4.46000000e+00   0.00000000e+00   1.00000000e+00   7.97935098e-02   1.37382940e-04   5.14140013e+00   8.06000468e+00
 4.47000000e+00   0.00000000e+00   1.00000000e+00   7.74190413e-02   1.73562368e-04   5.12415797e+00   8.05446337e+00
 4.48000000e+00   0.00000000e+00   1.00000000e+00   7.50949903e-02   1.78632285e-04   5.10404109e+00   8.04751826e+00
 4.49000000e+00   0.00000000e+00   1.00000000e+00   7.28595037e-02   1.51060464e-04   5.08243398e+00   8.03987429e+00
 4.50000000e+00   0.00000000e+00   1.00000000e+00   7.07352893e-02   1.00183789e-04   5.06070968e+00   8.03230626e+00
 4.51000000e+00   0.00000000e+00   1.00000000e+00   6.87225352e-02   4.30542516e-05   5.04086607e+00   8.02481596e+00
 4.52000000e+00   0.00000000e+00   1.00000000e+00   6.68001453e-02  -1.36505367e-06   5.02430148e+00   8.01830091e+00
 4.53000000e+00   0.00000000e+00   1.00000000e+00   6.49349500e-02  -1.83924979e-05   5.01100958e+00   8.01300967e+00
 4.54000000e+00   0.00000000e+00   1.00000000e+00   6.30951065e-02  -2.31144833e-06   5.00015811e+00   8.00874654e+00
 4.55000000e+00   0.00000000e+00   1.00000000e+00   6.12619921e-02   4.17203778e-05   4.99034788e+00   8.00528022e+00
 4.56000000e+00   0.00000000e+00   1.00000000e+00   5.94360705e-02   9.93086228e-05   4.97978529e+00   8.00175540e+00
 4.57000000e+00   0.00000000e+00   1.00000000e+00   5.76357975e-02   1.51544509e-04   4.96733978e+00   7.99746809e+00
 4.58000000e+00   0.00000000e+00   1.00000000e+00   5.58913057e-02   1.81307208e-04   4.95247442e+00   7.99176411e+00
 4.59000000e+00   0.00000000e+00   1.00000000e+00   5.42351186e-02   1.78964540e-04   4.93558015e+00   7.98442623e+00
 4.60000000e+00   0.00000000e+00   1.00000000e+00   5.26923172e-02   1.45493842e-04   4.91776288e+00   7.97607627e+00
 4.61000000e+00   0.00000000e+00   1.00000000e+00   5.12727056e-02   9.20438535e-05   4.90046444e+00   7.96740241e+00
 4.62000000e+00   0.00000000e+00   1.00000000e+00   4.99672959e-02   3.62818183e-05   4.88522299e+00   7.95937232e+00
 4.63000000e+00   0.00000000e+00   1.00000000e+00   4.87502834e-02  -3.34108138e-06   4.87315876e+00   7.95239525e+00
 4.64000000e+00   0.00000000e+00   1.00000000e+00   4.75867428e-02  -1.36600482e-05   4.86403157e+00   7.94677843e+00
 4.65000000e+00   0.00000000e+00   1.00000000e+00   4.64446272e-02   8.74908303e-06   4.85721478e+00   7.94197293e+00
 4.66000000e+00   0.00000000e+00   1.00000000e+00   4.53068550e-02   5.64678895e-05   4.85086021e+00   7.93771242e+00
 4.67000000e+00   0.00000000e+00   1.00000000e+00   4.41782949e-02   1.13778770e-04   4.84331110e+00   7.93336130e+00
 4.68000000e+00   0.00000000e+00   1.00000000e+00   4.30845522e-02   1.61897619e-04   4.83322090e+00   7.92854551e+00
 4.69000000e+00   0.00000000e+00   1.00000000e+00   4.20630970e-02   1.85086697e-04   4.82039321e+00   7.92307573e+00
 4.70000000e+00   0.00000000e+00   1.00000000e+00   4.11505487e-02   1.75762401e-04   4.80543723e+00   7.91677315e+00
 4.71000000e+00   0.00000000e+00   1.00000000e+00   4.03712116e-02   1.37051734e-04   4.78984859e+00   7.90998966e+00
 4.72000000e+00   0.00000000e+00   1.00000000e+00   3.97307561e-02   8.18019123e-05   4.77518650e+00   7.90328841e+00
 4.73000000e+00   0.00000000e+00   1.00000000e+00   3.92165026e-02   2.83168292e-05   4.76282455e+00   7.89736136e+00
 4.74000000e+00   0.00000000e+00   1.00000000e+00   3.88030787e-02  -5.76816900e-06   4.75329193e+00   7.89291998e+00
 4.75000000e+00   0.00000000e+00   1.00000000e+00   3.84612090e-02  -9.28819903e-06   4.74673971e+00   7.89019077e+00
 4.76000000e+00   0.00000000e+00   1.00000000e+00   3.81674229e-02   1.88703016e-05   4.74183759e+00   7.88879202e+00
 4.77000000e+00   0.00000000e+00   1.00000000e+00   3.79122449e-02   6.94438622e-05   4.73751035e+00   7.88815752e+00
 4.78000000e+00   0.00000000e+00   1.00000000e+00   3.77045924e-02   1.25655456e-04   4.71978087e+00   7.89283876e+00
 4.79000000e+00   0.00000000e+00   1.00000000e+00   3.75698197e-02   1.69021740e-04   4.71444237e+00   7.89185232e+00
 4.80000000e+00   0.00000000e+00   1.00000000e+00   3.75424627e-02   1.85180739e-04   4.71097736e+00   7.88846701e+00
 4.81000000e+00   0.00000000e+00   1.00000000e+00   3.76548102e-02   1.68895757e-04   4.70918379e+00   7.88523598e+00
 4.82000000e+00   0.00000000e+00   1.00000000e+00   3.79239649e-02   1.25550791e-04   4.69097946e+00   7.87677426e+00
 4.83000000e+00   0.00000000e+00   1.00000000e+00   3.83457902e-02   6.93634756e-05   4.68120466e+00   7.87449182e+00
 4.84000000e+00   0.00000000e+00   1.00000000e+00   3.88957113e-02   1.87554754e-05   4.67559237e+00   7.87226635e+00
 4.85000000e+00   0.00000000e+00   1.00000000e+00   3.95367518e-02  -9.64991042e-06   4.67380130e+00   7.87101194e+00
 4.86000000e+00   0.00000000e+00   1.00000000e+00   4.02321676e-02  -6.55189045e-06   4.67491380e+00   7.87114944e+00
 4.87000000e+00   0.00000000e+00   1.00000000e+00   4.09566248e-02   2.68474154e-05   4.67769700e+00   7.87238041e+00
 4.88000000e+00   0.00000000e+00   1.00000000e+00   4.17025069e-02   7.93628585e-05   4.68068031e+00   7.87443329e+00
 4.89000000e+00   0.00000000e+00   1.00000000e+00   4.24803884e-02   1.33575475e-04   4.68216442e+00   7.87640340e+00
 4.90000000e+00   0.00000000e+00   1.00000000e+00   4.33139733e-02   1.71592959e-04   4.68190290e+00   7.87769382e+00
 4.91000000e+00   0.00000000e+00   1.00000000e+00   4.42318534e-02   1.80804400e-04   4.67962570e+00   7.87805689e+00
 4.92000000e+00   0.00000000e+00   1.00000000e+00   4.52578546e-02   1.58061095e-04   4.67652908e+00   7.87750791e+00
 4.93000000e+00   0.00000000e+00   1.00000000e+00   4.64024094e-02   1.10774476e-04   4.67377638e+00   7.87662084e+00
 4.94000000e+00   0.00000000e+00   1.00000000e+00   4.76577491e-02   5.44932451e-05   4.67298167e+00   7.87603426e+00
 4.95000000e+00   0.00000000e+00   1.00000000e+00   4.89988839e-02   7.70009686e-06   4.67503947e+00   7.87613926e+00
 4.96000000e+00   0.00000000e+00   1.00000000e+00   5.03910227e-02  -1.43607354e-05   4.68023182e+00   7.87730944e+00
 4.97000000e+00   0.00000000e+00   1.00000000e+00   5.18012900e-02  -4.62991768e-06   4.68762564e+00   7.87956595e+00
 4.98000000e+00   0.00000000e+00   1.00000000e+00   5.32103602e-02   3.35437289e-05   4.69603455e+00   7.88272963e+00
 4.99000000e+00   0.00000000e+00   1.00000000e+00   5.46193131e-02   8.74694628e-05   4.70346264e+00   7.88648244e+00
 5.00000000e+00   0.00000000e+00   1.00000000e+00   5.60488822e-02   1.39211065e-04   4.70865887e+00   7.89046993e+00