  Time  Coordinate0  Coordinate1  Displacement0  Displacement1  Force0  Force1
 0.00000000e+00   0.00000000e+00   1.00000000e+00   0.00000000e+00   0.00000000e+00   0.00000000e+00   0.00000000e+00
 1.00000000e-02   0.00000000e+00   1.00000000e+00   2.86862030e-04   4.84880671e-05   9.49401213e+00   1.47878012e+01
 2.00000000e-02   0.00000000e+00   1.00000000e+00   9.30447206e-04   1.08024483e-04   7.35915554e+00   1.31604472e+01
 3.00000000e-02   0.00000000e+00   1.00000000e+00   1.75612538e-03   1.72640615e-04   6.43488904e+00   1.22719277e+01
 4.00000000e-02   0.00000000e+00   1.00000000e+00   2.71327931e-03   2.25698934e-04   5.89890963e+00   1.16618017e+01
 5.00000000e-02   0.00000000e+00   1.00000000e+00   3.78912125e-03   2.63658327e-04   5.54617472e+00   1.12040314e+01
 6.00000000e-02   0.00000000e+00   1.00000000e+00   4.95353454e-03   2.61662025e-04   5.29862054e+00   1.08311389e+01
 7.00000000e-02   0.00000000e+00   1.00000000e+00   6.20233738e-03   2.11157657e-04   5.11331548e+00   1.05178079e+01
 8.00000000e-02   0.00000000e+00   1.00000000e+00   7.55739542e-03   1.21203951e-04   4.96716138e+00   1.02492597e+01
 9.00000000e-02   0.00000000e+00   1.00000000e+00   9.09614583e-03   3.47821022e-05   4.84755349e+00   1.00218171e+01
 1.00000000e-01   0.00000000e+00   1.00000000e+00   1.08917998e-02  -1.18406155e-05   4.75256523e+00   9.83549844e+00
 1.10000000e-01   0.00000000e+00   1.00000000e+00   1.29460039e-02  -1.60223147e-05   4.68058118e+00   9.67734791e+00
 1.20000000e-01   0.00000000e+00   1.00000000e+00   1.52013644e-02   7.17379908e-06   4.62943370e+00   9.54303102e+00
 1.30000000e-01   0.00000000e+00   1.00000000e+00   1.76217089e-02   5.94667487e-05   4.59266288e+00   9.42882760e+00
 1.40000000e-01   0.00000000e+00   1.00000000e+00   2.01986470e-02   1.42026459e-04   4.56666172e+00   9.33182554e+00
 1.50000000e-01   0.00000000e+00   1.00000000e+00   2.28773394e-02   2.17670623e-04   4.55165532e+00   9.24459563e+00
 1.60000000e-01   0.00000000e+00   1.00000000e+00   2.55611932e-02   2.40923596e-04   4.54384673e+00   9.15846632e+00
 1.70000000e-01   0.00000000e+00   1.00000000e+00   2.82205145e-02   2.10107614e-04   4.53500315e+00   9.07488569e+00
 1.80000000e-01   0.00000000e+00   1.00000000e+00   3.09288250e-02   1.53398209e-04   4.52128695e+00   9.00059838e+00
 1.90000000e-01   0.00000000e+00   1.00000000e+00   3.37883270e-02   8.52161890e-05   4.50617661e+00   8.93826208e+00
 2.00000000e-01   0.00000000e+00   1.00000000e+00   3.68462015e-02   1.30363862e-05   4.49535728e+00   8.88459691e+00
 2.10000000e-01   0.00000000e+00   1.00000000e+00   4.00762850e-02  -4.08296449e-05   4.49222985e+00   8.83540568e+00
 2.20000000e-01   0.00000000e+00   1.00000000e+00   4.34426800e-02  -4.97120533e-05   4.49528746e+00   8.79079378e+00
 2.30000000e-01   0.00000000e+00   1.00000000e+00   4.69518571e-02  -4.13555741e-06   4.50288072e+00   8.75349327e+00
 2.40000000e-01   0.00000000e+00   1.00000000e+00   5.05926562e-02   7.47997856e-05   4.51727131e+00   8.72101901e+00
 2.50000000e-01   0.00000000e+00   1.00000000e+00   5.42704464e-02   1.47575228e-04   4.53930860e+00   8.68567411e+00
 2.60000000e-01   0.00000000e+00   1.00000000e+00   5.78856462e-02   1.93288172e-04   4.56324354e+00   8.64440889e+00
 2.70000000e-01   0.00000000e+00   1.00000000e+00   6.14299988e-02   2.13171554e-04   4.58244823e+00   8.60143864e+00
 2.80000000e-01   0.00000000e+00   1.00000000e+00   6.49434398e-02   1.97749377e-04   4.59644136e+00   8.55904166e+00
 2.90000000e-01   0.00000000e+00   1.00000000e+00   6.84440475e-02   1.34761332e-04   4.60760405e+00   8.51578810e+00
 3.00000000e-01   0.00000000e+00   1.00000000e+00   7.19497668e-02   4.58320501e-05   4.61621003e+00   8.47441443e+00
 3.10000000e-01   0.00000000e+00   1.00000000e+00   7.55137267e-02  -2.54716662e-05   4.62315834e+00   8.44040718e+00
 3.20000000e-01   0.00000000e+00   1.00000000e+00   7.91975274e-02  -5.45525926e-05   4.63170433e+00   8.41516375e+00
 3.30000000e-01   0.00000000e+00   1.00000000e+00   8.30179192e-02  -4.33529137e-05   4.64644671e+00   8.39678535e+00
 3.40000000e-01   0.00000000e+00   1.00000000e+00   8.69179296e-02  -9.55966378e-07   4.66989728e+00   8.38059826e+00
 3.50000000e-01   0.00000000e+00   1.00000000e+00   9.07945514e-02   6.59512714e-05   4.69986254e+00   8.36284738e+00
 3.60000000e-01   0.00000000e+00   1.00000000e+00   9.45790288e-02   1.43166726e-04   4.73031855e+00   8.34314511e+00
 3.70000000e-01   0.00000000e+00   1.00000000e+00   9.82781350e-02   2.00489253e-04   4.75688109e+00   8.32337309e+00
 3.80000000e-01   0.00000000e+00   1.00000000e+00   1.01915688e-01   2.08334552e-04   4.78008511e+00   8.30324768e+00
 3.90000000e-01   0.00000000e+00   1.00000000e+00   1.05481744e-01   1.65211688e-04   4.80083986e+00   8.28131177e+00
 4.00000000e-01   0.00000000e+00   1.00000000e+00   1.08979439e-01   9.67318561e-05   4.81801451e+00   8.25876704e+00
 4.10000000e-01   0.00000000e+00   1.00000000e+00   1.12471030e-01   2.67127000e-05   4.83122546e+00   8.24086364e+00
 4.20000000e-01   0.00000000e+00   1.00000000e+00   1.16032944e-01  -3.39354814e-05   4.84433362e+00   8.23001937e+00
 4.30000000e-01   0.00000000e+00   1.00000000e+00   1.19687904e-01  -6.92394511e-05   4.86297093e+00   8.22558336e+00
 4.40000000e-01   0.00000000e+00   1.00000000e+00   1.23397948e-01  -5.69470166e-05   4.88925868e+00   8.22446253e+00
 4.50000000e-01   0.00000000e+00   1.00000000e+00   1.27108594e-01   3.78907397e-06   4.92211654e+00   8.22566400e+00
 4.60000000e-01   0.00000000e+00   1.00000000e+00   1.30778985e-01   8.39676670e-05   4.95883054e+00   8.22791750e+00
 4.70000000e-01   0.00000000e+00   1.00000000e+00   1.34361591e-01   1.50494558e-04   4.99615590e+00   8.22637674e+00
 4.80000000e-01   0.00000000e+00   1.00000000e+00   1.37787333e-01   1.86654660e-04   5.03297954e+00   8.21936707e+00
 4.90000000e-01   0.00000000e+00   1.00000000e+00   1.41017253e-01   1.87857721e-04   5.06491571e+00   8.20864553e+00
 5.00000000e-01   0.00000000e+00   1.00000000e+00   1.44094606e-01   1.51516016e-04   5.08870870e+00   8.19644125e+00
 5.10000000e-01   0.00000000e+00   1.00000000e+00   1.47106162e-01   8.09509475e-05   5.10708658e+00   8.18812811e+00
 5.20000000e-01   0.00000000e+00   1.00000000e+00   1.50101820e-01  -1.78368496e-06   5.12535805e+00   8.18329072e+00
 5.30000000e-01   0.00000000e+00   1.00000000e+00   1.53076076e-01  -6.07907228e-05   5.14752129e+00   8.18145222e+00
 5.40000000e-01   0.00000000e+00   1.00000000e+00   1.56008822e-01  -7.35162950e-05   5.17373403e+00   8.18272966e+00
 5.50000000e-01   0.00000000e+00   1.00000000e+00   1.58890810e-01  -4.44206428e-05   5.20327755e+00   8.18741809e+00
 5.60000000e-01   0.00000000e+00   1.00000000e+00   1.61704102e-01   1.16050747e-05   5.23639624e+00   8.19426197e+00
 5.70000000e-01   0.00000000e+00   1.00000000e+00   1.64394901e-01   8.29946012e-05   5.27263730e+00   8.19996411e+00
 5.80000000e-01   0.00000000e+00   1.00000000e+00   1.66887025e-01   1.52246861e-04   5.30914289e+00   8.20125404e+00
 5.90000000e-01   0.00000000e+00   1.00000000e+00   1.69135429e-01   1.91289424e-04   5.34006034e+00   8.19674775e+00
 6.00000000e-01   0.00000000e+00   1.00000000e+00   1.71159404e-01   1.80288429e-04   5.36250193e+00   8.18908527e+00
 6.10000000e-01   0.00000000e+00   1.00000000e+00   1.73012882e-01   1.25508451e-04   5.37751447e+00   8.18090407e+00
 6.20000000e-01   0.00000000e+00   1.00000000e+00   1.74740508e-01   5.20235672e-05   5.38887254e+00   8.17459408e+00
 6.30000000e-01   0.00000000e+00   1.00000000e+00   1.76381723e-01  -1.62625339e-05   5.39892928e+00   8.17202585e+00
 6.40000000e-01   0.00000000e+00   1.00000000e+00   1.77986899e-01  -6.38746658e-05   5.40979310e+00   8.17468397e+00
 6.50000000e-01   0.00000000e+00   1.00000000e+00   1.79584581e-01  -7.73525719e-05   5.42503348e+00   8.18254210e+00
 6.60000000e-01   0.00000000e+00   1.00000000e+00   1.81138033e-01  -4.60732086e-05   5.44723042e+00   8.19210428e+00
 6.70000000e-01   0.00000000e+00   1.00000000e+00   1.82564906e-01   2.35637777e-05   5.47421296e+00   8.20045755e+00
 6.80000000e-01   0.00000000e+00   1.00000000e+00   1.83802597e-01   1.03158561e-04   5.50114117e+00   8.20617489e+00
 6.90000000e-01   0.00000000e+00   1.00000000e+00   1.84839915e-01   1.61013756e-04   5.52339793e+00   8.20865329e+00
 7.00000000e-01   0.00000000e+00   1.00000000e+00   1.85689736e-01   1.82095690e-04   5.54026711e+00   8.20863326e+00
 7.10000000e-01   0.00000000e+00   1.00000000e+00   1.86356462e-01   1.65617208e-04   5.55261730e+00   8.20574891e+00
 7.20000000e-01   0.00000000e+00   1.00000000e+00   1.86848371e-01   1.14558210e-04   5.56005257e+00   8.20025907e+00
 7.30000000e-01   0.00000000e+00   1.00000000e+00   1.87209292e-01   3.94686514e-05   5.56239850e+00   8.19512690e+00
 7.40000000e-01   0.00000000e+00   1.00000000e+00   1.87508323e-01  -3.41357872e-05   5.58292550e+00   8.19540912e+00
 7.50000000e-01   0.00000000e+00   1.00000000e+00   1.87787539e-01  -7.61862131e-05   5.58410981e+00   8.19259528e+00
 7.60000000e-01   0.00000000e+00   1.00000000e+00   1.88030956e-01  -7.15875340e-05   5.58724592e+00   8.19492748e+00
 7.70000000e-01   0.00000000e+00   1.00000000e+00   1.88185542e-01  -2.72318733e-05   5.59362605e+00   8.19926829e+00
 7.80000000e-01   0.00000000e+00   1.00000000e+00   1.88195719e-01   3.94033097e-05   5.59976991e+00   8.20300921e+00
 7.90000000e-01   0.00000000e+00   1.00000000e+00   1.88013266e-01   1.10618942e-04   5.60295370e+00   8.20482064e+00
 8.00000000e-01   0.00000000e+00   1.00000000e+00   1.87595415e-01   1.67172833e-04   5.60128496e+00   8.20401928e+00
 8.10000000e-01   0.00000000e+00   1.00000000e+00   1.86920384e-01   1.87270542e-04   5.59271755e+00   8.19969688e+00
 8.20000000e-01   0.00000000e+00   1.00000000e+00   1.86013665e-01   1.59374661e-04   5.57600725e+00   8.19109884e+00
 8.30000000e-01   0.00000000e+00   1.00000000e+00   1.84944628e-01   9.48020750e-05   5.61192272e+00   8.17960300e+00
 8.40000000e-01   0.00000000e+00   1.00000000e+00   1.83782151e-01   2.03965829e-05   5.61348083e+00   8.17746189e+00
 8.50000000e-01   0.00000000e+00   1.00000000e+00   1.82551566e-01  -4.01255941e-05   5.60869620e+00   8.18136581e+00
 8.60000000e-01   0.00000000e+00   1.00000000e+00   1.81245925e-01  -7.16905734e-05   5.60511623e+00   8.18680456e+00
 8.70000000e-01   0.00000000e+00   1.00000000e+00   1.79861128e-01  -6.47232873e-05   5.60343270e+00   8.19450154e+00
 8.80000000e-01   0.00000000e+00   1.00000000e+00   1.78392029e-01  -1.67509680e-05   5.60394588e+00   8.20387107e+00
 8.90000000e-01   0.00000000e+00   1.00000000e+00   1.76802360e-01   5.85002539e-05   5.60693675e+00   8.21280145e+00
 9.00000000e-01   0.00000000e+00   1.00000000e+00   1.75029658e-01   1.32631608e-04   5.60980680e+00   8.21713750e+00
 9.10000000e-01   0.00000000e+00   1.00000000e+00   1.73031999e-01   1.78264042e-04   5.60793079e+00   8.21513725e+00
 9.20000000e-01   0.00000000e+00   1.00000000e+00   1.70822807e-01   1.83295759e-04   5.59839868e+00   8.20926726e+00
 9.30000000e-01   0.00000000e+00   1.00000000e+00   1.68457899e-01   1.50187804e-04   5.58118678e+00   8.20129477e+00
 9.40000000e-01   0.00000000e+00   1.00000000e+00   1.66000258e-01   8.84459536e-05   5.55939382e+00   8.19456905e+00
 9.50000000e-01   0.00000000e+00   1.00000000e+00   1.63502416e-01   1.43823107e-05   5.53559504e+00   8.18957218e+00
 9.60000000e-01   0.00000000e+00   1.00000000e+00   1.61006056e-01  -4.69324851e-05   5.51284452e+00   8.18846556e+00
 9.70000000e-01   0.00000000e+00   1.00000000e+00   1.58532424e-01  -7.08131432e-05   5.49382004e+00   8.19151145e+00
 9.80000000e-01   0.00000000e+00   1.00000000e+00   1.56062622e-01  -4.85874927e-05   5.48032533e+00   8.19697454e+00
 9.90000000e-01   0.00000000e+00   1.00000000e+00   1.53539474e-01   8.60456502e-06   5.47200526e+00   8.20227035e+00
 1.00000000e+00   0.00000000e+00   1.00000000e+00   1.50903318e-01   8.04828706e-05   5.46552743e+00   8.20516056e+00
 1.01000000e+00   0.00000000e+00   1.00000000e+00   1.48126779e-01   1.46893675e-04   5.45723601e+00   8.20526969e+00
 1.02000000e+00   0.00000000e+00   1.00000000e+00   1.45213243e-01   1.88643398e-04   5.44487729e+00   8.20260952e+00
 1.03000000e+00   0.00000000e+00   1.00000000e+00   1.42174066e-01   1.89773748e-04   5.42806883e+00   8.19563772e+00
 1.04000000e+00   0.00000000e+00   1.00000000e+00   1.39025059e-01   1.47126819e-04   5.40673149e+00   8.18531159e+00
 1.05000000e+00   0.00000000e+00   1.00000000e+00   1.35805470e-01   7.65430557e-05   5.38124785e+00   8.17500159e+00
 1.06000000e+00   0.00000000e+00   1.00000000e+00   1.32579698e-01   4.97724709e-06   5.35290556e+00   8.16687674e+00
 1.07000000e+00   0.00000000e+00   1.00000000e+00   1.29400990e-01  -4.42150612e-05   5.32558043e+00   8.16379539e+00
 1.08000000e+00   0.00000000e+00   1.00000000e+00   1.26272300e-01  -5.81203214e-05   5.30369992e+00   8.16380130e+00
 1.09000000e+00   0.00000000e+00   1.00000000e+00   1.23149104e-01  -3.24066959e-05   5.28726452e+00   8.16507151e+00
 1.10000000e+00   0.00000000e+00   1.00000000e+00   1.19975425e-01   2.79467533e-05   5.27442085e+00   8.16579888e+00
 1.11000000e+00   0.00000000e+00   1.00000000e+00   1.16708823e-01   1.04619779e-04   5.26244674e+00   8.16417819e+00
 1.12000000e+00   0.00000000e+00   1.00000000e+00   1.13321950e-01   1.69754947e-04   5.24885089e+00   8.15904081e+00
 1.13000000e+00   0.00000000e+00   1.00000000e+00   1.09806665e-01   2.00150528e-04   5.23134922e+00   8.14959790e+00
 1.14000000e+00   0.00000000e+00   1.00000000e+00   1.06189112e-01   1.88312255e-04   5.20818785e+00   8.13665857e+00
 1.15000000e+00   0.00000000e+00   1.00000000e+00   1.02529928e-01   1.40990169e-04   5.17931688e+00   8.12307353e+00
 1.16000000e+00   0.00000000e+00   1.00000000e+00   9.88963622e-02   7.27343485e-05   5.14716604e+00   8.11043210e+00
 1.17000000e+00   0.00000000e+00   1.00000000e+00   9.53315721e-02   3.51420584e-06   5.11480098e+00   8.09979586e+00
 1.18000000e+00   0.00000000e+00   1.00000000e+00   9.18500042e-02  -4.30273807e-05   5.08477810e+00   8.09182549e+00
 1.19000000e+00   0.00000000e+00   1.00000000e+00   8.84521150e-02  -4.84286060e-05   5.05849164e+00   8.08815954e+00
 1.20000000e+00   0.00000000e+00   1.00000000e+00   8.51292536e-02  -1.03595503e-05   5.03594444e+00   8.08736922e+00
 1.21000000e+00   0.00000000e+00   1.00000000e+00   8.18518372e-02   5.61248707e-05   5.01734719e+00   8.08728552e+00
 1.22000000e+00   0.00000000e+00   1.00000000e+00   7.85683920e-02   1.28308532e-04   5.00159142e+00   8.08418190e+00
 1.23000000e+00   0.00000000e+00   1.00000000e+00   7.52351578e-02   1.85052267e-04   4.98563703e+00   8.07631397e+00
 1.24000000e+00   0.00000000e+00   1.00000000e+00   7.18523101e-02   2.09616258e-04   4.96629031e+00   8.06391732e+00
 1.25000000e+00   0.00000000e+00   1.00000000e+00   6.84676250e-02   1.92355540e-04   4.94160057e+00   8.05001621e+00
 1.26000000e+00   0.00000000e+00   1.00000000e+00   6.51461374e-02   1.37161685e-04   4.91260587e+00   8.03524718e+00
 1.27000000e+00   0.00000000e+00   1.00000000e+00   6.19406143e-02   6.37497826e-05   4.88174377e+00   8.02195737e+00
 1.28000000e+00   0.00000000e+00   1.00000000e+00   5.88838832e-02  -1.09088819e-06   4.85169869e+00   8.01143710e+00
 1.29000000e+00   0.00000000e+00   1.00000000e+00   5.59890471e-02  -3.62838687e-05   4.82451365e+00   8.00428741e+00
 1.30000000e+00   0.00000000e+00   1.00000000e+00   5.32419573e-02  -3.24796576e-05   4.80181200e+00   7.99994819e+00
 1.31000000e+00   0.00000000e+00   1.00000000e+00   5.05982583e-02   9.07786371e-06   4.78450354e+00   7.99670103e+00
 1.32000000e+00   0.00000000e+00   1.00000000e+00   4.80022570e-02   7.71131253e-05   4.77149102e+00   7.99263109e+00
 1.33000000e+00   0.00000000e+00   1.00000000e+00   4.54154385e-02   1.50187471e-04   4.75961014e+00   7.98629186e+00
 1.34000000e+00   0.00000000e+00   1.00000000e+00   4.28269608e-02   2.02416336e-04   4.74666336e+00   7.97667201e+00
 1.35000000e+00   0.00000000e+00   1.00000000e+00   4.02440552e-02   2.15462376e-04   4.73076337e+00   7.96296353e+00
 1.36000000e+00   0.00000000e+00   1.00000000e+00   3.76865042e-02   1.86812841e-04   4.71143086e+00   7.94598731e+00
 1.37000000e+00   0.00000000e+00   1.00000000e+00   3.51943045e-02   1.27863021e-04   4.68847433e+00   7.92792935e+00
 1.38000000e+00   0.00000000e+00   1.00000000e+00   3.28267891e-02   5.71874383e-05   4.66247217e+00   7.91248693e+00
 1.39000000e+00   0.00000000e+00   1.00000000e+00   3.06364240e-02  -3.71087694e-06   4.63585730e+00   7.90148001e+00
 1.40000000e+00   0.00000000e+00   1.00000000e+00   2.86360336e-02  -3.41551536e-05   4.61218809e+00   7.89483292e+00
 1.41000000e+00   0.00000000e+00   1.00000000e+00   2.67923507e-02  -2.19977319e-05   4.59382134e+00   7.89066784e+00
 1.42000000e+00   0.00000000e+00   1.00000000e+00   2.50510742e-02   2.88950022e-05   4.58054397e+00   7.88693541e+00
 1.43000000e+00   0.00000000e+00   1.00000000e+00   2.33668688e-02   9.99159920e-05   4.57031961e+00   7.88216020e+00
 1.44000000e+00   0.00000000e+00   1.00000000e+00   2.17155223e-02   1.67142356e-04   4.56055702e+00   7.87524022e+00
 1.45000000e+00   0.00000000e+00   1.00000000e+00   2.00933245e-02   2.10197582e-04   4.54910790e+00   7.86567921e+00
 1.46000000e+00   0.00000000e+00   1.00000000e+00   1.85192714e-02   2.16082750e-04   4.53472434e+00   7.85355943e+00
 1.47000000e+00   0.00000000e+00   1.00000000e+00   1.70374936e-02   1.81679213e-04   4.51610983e+00   7.84022503e+00
 1.48000000e+00   0.00000000e+00   1.00000000e+00   1.57052340e-02   1.17065979e-04   4.49392970e+00   7.82742734e+00
 1.49000000e+00   0.00000000e+00   1.00000000e+00   1.45689471e-02   4.45324486e-05   4.47045474e+00   7.81710851e+00
 1.50000000e+00   0.00000000e+00   1.00000000e+00   1.36494789e-02  -1.03674908e-05   4.44820726e+00   7.81056011e+00
 1.51000000e+00   0.00000000e+00   1.00000000e+00   1.29450039e-02  -2.99565256e-05   4.42937793e+00   7.80802476e+00
 1.52000000e+00   0.00000000e+00   1.00000000e+00   1.24368767e-02  -9.47416556e-06   4.41491082e+00   7.80893396e+00
 1.53000000e+00   0.00000000e+00   1.00000000e+00   1.20870739e-02   4.42466016e-05   4.40521239e+00   7.81117563e+00
 1.54000000e+00   0.00000000e+00   1.00000000e+00   1.18403713e-02   1.15042378e-04   4.39999502e+00   7.81193173e+00
 1.55000000e+00   0.00000000e+00   1.00000000e+00   1.16469930e-02   1.80028694e-04   4.39676830e+00   7.80906225e+00
 1.56000000e+00   0.00000000e+00   1.00000000e+00   1.14929191e-02   2.16321174e-04   4.39217718e+00   7.80235843e+00
 1.57000000e+00   0.00000000e+00   1.00000000e+00   1.14085810e-02   2.11151597e-04   4.38372318e+00   7.79342016e+00
 1.58000000e+00   0.00000000e+00   1.00000000e+00   1.14472956e-02   1.67341021e-04   4.37101759e+00   7.78454299e+00
 1.59000000e+00   0.00000000e+00   1.00000000e+00   1.16556646e-02   1.00441995e-04   4.35613412e+00   7.77712306e+00
 1.60000000e+00   0.00000000e+00   1.00000000e+00   1.20594369e-02   3.16542523e-05   4.34156946e+00   7.77194826e+00
 1.61000000e+00   0.00000000e+00   1.00000000e+00   1.26635815e-02  -1.77367980e-05   4.32939753e+00   7.76958747e+00
 1.62000000e+00   0.00000000e+00   1.00000000e+00   1.34523040e-02  -3.11949200e-05   4.32113679e+00   7.77042935e+00
 1.63000000e+00   0.00000000e+00   1.00000000e+00   1.43876437e-02  -3.09170412e-06   4.31797180e+00   7.77352843e+00
 1.64000000e+00   0.00000000e+00   1.00000000e+00   1.54176263e-02   5.71221644e-05   4.31962262e+00   7.77725958e+00
 1.65000000e+00   0.00000000e+00   1.00000000e+00   1.64955805e-02   1.28121013e-04   4.32408267e+00   7.77947540e+00
 1.66000000e+00   0.00000000e+00   1.00000000e+00   1.75965851e-02   1.86008965e-04   4.32849340e+00   7.77894745e+00
 1.67000000e+00   0.00000000e+00   1.00000000e+00   1.87205097e-02   2.12772883e-04   4.33071897e+00   7.77537935e+00
 1.68000000e+00   0.00000000e+00   1.00000000e+00   1.98878129e-02   2.00160414e-04   4.32957941e+00   7.76940762e+00
 1.69000000e+00   0.00000000e+00   1.00000000e+00   2.11377297e-02   1.51288527e-04   4.32475924e+00   7.76279215e+00
 1.70000000e+00   0.00000000e+00   1.00000000e+00   2.25232694e-02   8.12574130e-05   4.31706281e+00   7.75829516e+00
 1.71000000e+00   0.00000000e+00   1.00000000e+00   2.40915692e-02   1.36879855e-05   4.30880516e+00   7.75789739e+00
 1.72000000e+00   0.00000000e+00   1.00000000e+00   2.58569036e-02  -2.82619475e-05   4.30344990e+00   7.76194480e+00
 1.73000000e+00   0.00000000e+00   1.00000000e+00   2.77906126e-02  -3.13422374e-05   4.30367221e+00   7.76883445e+00
 1.74000000e+00   0.00000000e+00   1.00000000e+00   2.98389777e-02   4.10243551e-06   4.30966448e+00   7.77672420e+00
 1.75000000e+00   0.00000000e+00   1.00000000e+00   3.19517482e-02   6.62025231e-05   4.31949629e+00   7.78434550e+00
 1.76000000e+00   0.00000000e+00   1.00000000e+00   3.40979725e-02   1.35372409e-04   4.33078188e+00   7.79088241e+00
 1.77000000e+00   0.00000000e+00   1.00000000e+00   3.62666760e-02   1.88887529e-04   4.34141691e+00   7.79558334e+00
 1.78000000e+00   0.00000000e+00   1.00000000e+00   3.84654777e-02   2.07967943e-04   4.34962187e+00   7.79777072e+00
 1.79000000e+00   0.00000000e+00   1.00000000e+00   4.07216973e-02   1.85654749e-04   4.35478671e+00   7.79810465e+00
 1.80000000e+00   0.00000000e+00   1.00000000e+00   4.30770867e-02   1.29961952e-04   4.35714569e+00   7.79822377e+00
 1.81000000e+00   0.00000000e+00   1.00000000e+00   4.55717187e-02   5.97926037e-05   4.35848134e+00   7.80020768e+00
 1.82000000e+00   0.00000000e+00   1.00000000e+00   4.82267699e-02  -2.51831680e-06   4.36173700e+00   7.80518737e+00
 1.83000000e+00   0.00000000e+00   1.00000000e+00   5.10374590e-02  -3.75508660e-05   4.36929934e+00   7.81364885e+00
 1.84000000e+00   0.00000000e+00   1.00000000e+00   5.39751431e-02  -3.37022115e-05   4.38240689e+00   7.82495822e+00
 1.85000000e+00   0.00000000e+00   1.00000000e+00   5.69916831e-02   8.37474869e-06   4.40118871e+00   7.83738884e+00
 1.86000000e+00   0.00000000e+00   1.00000000e+00   6.00274605e-02   7.44643394e-05   4.42429907e+00   7.84869168e+00
 1.87000000e+00   0.00000000e+00   1.00000000e+00   6.30296188e-02   1.41596824e-04   4.44906496e+00   7.85684599e+00
 1.88000000e+00   0.00000000e+00   1.00000000e+00   6.59754434e-02   1.87247393e-04   4.47184364e+00   7.86140794e+00
 1.89000000e+00   0.00000000e+00   1.00000000e+00   6.88823551e-02   1.96971002e-04   4.49050242e+00   7.86358545e+00
 1.90000000e+00   0.00000000e+00   1.00000000e+00   7.17937014e-02   1.67802524e-04   4.50489223e+00   7.86523518e+00
 1.91000000e+00   0.00000000e+00   1.00000000e+00   7.47524364e-02   1.08454660e-04   4.51701577e+00   7.86754414e+00
 1.92000000e+00   0.00000000e+00   1.00000000e+00   7.77838981e-02   3.77170497e-05   4.52921797e+00   7.87067363e+00
 1.93000000e+00   0.00000000e+00   1.00000000e+00   8.08936199e-02  -2.08385489e-05   4.54376534e+00   7.87572864e+00
 1.94000000e+00   0.00000000e+00   1.00000000e+00   8.40694982e-02  -4.74637183e-05   4.56223534e+00   7.88410025e+00
 1.95000000e+00   0.00000000e+00   1.00000000e+00   8.72811487e-02  -3.39676812e-05   4.58559848e+00   7.89489383e+00
 1.96000000e+00   0.00000000e+00   1.00000000e+00   9.04828562e-02   1.41597229e-05   4.61310925e+00   7.90690447e+00
 1.97000000e+00   0.00000000e+00   1.00000000e+00   9.36269951e-02   8.08729778e-05   4.64266076e+00   7.91793690e+00
 1.98000000e+00   0.00000000e+00   1.00000000e+00   9.66818112e-02   1.44707391e-04   4.67148912e+00   7.92625549e+00
 1.99000000e+00   0.00000000e+00   1.00000000e+00   9.96416679e-02   1.84550319e-04   4.69706968e+00   7.93175226e+00
 2.00000000e+00   0.00000000e+00   1.00000000e+00   1.02526771e-01   1.86403685e-04   4.71794353e+00   7.93462969e+00
 2.01000000e+00   0.00000000e+00   1.00000000e+00   1.05377195e-01   1.49187928e-04   4.73445428e+00   7.93672796e+00
 2.02000000e+00   0.00000000e+00   1.00000000e+00   1.08242590e-01   8.56061231e-05   4.74842719e+00   7.93997639e+00
 2.03000000e+00   0.00000000e+00   1.00000000e+00   1.11164690e-01   1.69173917e-05   4.76256645e+00   7.94601722e+00
 2.04000000e+00   0.00000000e+00   1.00000000e+00   1.14156857e-01  -3.48811672e-05   4.78013583e+00   7.95532106e+00
 2.05000000e+00   0.00000000e+00   1.00000000e+00   1.17194936e-01  -5.35159406e-05   4.80326852e+00   7.96725716e+00
 2.06000000e+00   0.00000000e+00   1.00000000e+00   1.20228821e-01  -3.28344215e-05   4.83176367e+00   7.97951862e+00
 2.07000000e+00   0.00000000e+00   1.00000000e+00   1.23206000e-01   2.07494008e-05   4.86367969e+00   7.99222767e+00
 2.08000000e+00   0.00000000e+00   1.00000000e+00   1.26089172e-01   8.92512277e-05   4.89643197e+00   8.00349595e+00
 2.09000000e+00   0.00000000e+00   1.00000000e+00   1.28860295e-01   1.49275261e-04   4.92767791e+00   8.01320558e+00
 2.10000000e+00   0.00000000e+00   1.00000000e+00   1.31518894e-01   1.80774221e-04   4.95450245e+00   8.01958588e+00
 2.11000000e+00   0.00000000e+00   1.00000000e+00   1.34082260e-01   1.73831431e-04   4.97727123e+00   8.02337962e+00
 2.12000000e+00   0.00000000e+00   1.00000000e+00   1.36583707e-01   1.30847379e-04   4.99630339e+00   8.02535453e+00
 2.13000000e+00   0.00000000e+00   1.00000000e+00   1.39061457e-01   6.53630960e-05   5.01344666e+00   8.02797929e+00
 2.14000000e+00   0.00000000e+00   1.00000000e+00   1.41540982e-01  -1.57785535e-06   5.03156437e+00   8.03314319e+00
 2.15000000e+00   0.00000000e+00   1.00000000e+00   1.44022103e-01  -4.76936275e-05   5.05333716e+00   8.04088687e+00
 2.16000000e+00   0.00000000e+00   1.00000000e+00   1.46477435e-01  -5.75092064e-05   5.07956866e+00   8.05023033e+00
 2.17000000e+00   0.00000000e+00   1.00000000e+00   1.48859471e-01  -2.82232022e-05   5.11046571e+00   8.06127486e+00
 2.18000000e+00   0.00000000e+00   1.00000000e+00   1.51112775e-01   2.97805565e-05   5.14347499e+00   8.07137670e+00
 2.19000000e+00   0.00000000e+00   1.00000000e+00   1.53190929e-01   9.73103347e-05   5.17556268e+00   8.07886428e+00
 2.20000000e+00   0.00000000e+00   1.00000000e+00   1.55074446e-01   1.52502389e-04   5.20330324e+00   8.08328604e+00
 2.21000000e+00   0.00000000e+00   1.00000000e+00   1.56778949e-01   1.77147331e-04   5.22483231e+00   8.08503221e+00
 2.22000000e+00   0.00000000e+00   1.00000000e+00   1.58345839e-01   1.62549605e-04   5.24050580e+00   8.08543154e+00
 2.23000000e+00   0.00000000e+00   1.00000000e+00   1.59821322e-01   1.13269781e-04   5.25196626e+00   8.08503167e+00
 2.24000000e+00   0.00000000e+00   1.00000000e+00   1.61239103e-01   4.59281031e-05   5.26234270e+00   8.08578011e+00
 2.25000000e+00   0.00000000e+00   1.00000000e+00   1.62614738e-01  -1.70409598e-05   5.27368490e+00   8.08833495e+00
 2.26000000e+00   0.00000000e+00   1.00000000e+00   1.63946203e-01  -5.53061742e-05   5.28796422e+00   8.09379608e+00
 2.27000000e+00   0.00000000e+00   1.00000000e+00   1.65213687e-01  -5.67472296e-05   5.30604924e+00   8.10207816e+00
 2.28000000e+00   0.00000000e+00   1.00000000e+00   1.66380923e-01  -2.07784031e-05   5.32730967e+00   8.11206914e+00
 2.29000000e+00   0.00000000e+00   1.00000000e+00   1.67404850e-01   4.10862878e-05   5.35010825e+00   8.12134439e+00
 2.30000000e+00   0.00000000e+00   1.00000000e+00   1.68252863e-01   1.08315903e-04   5.37068544e+00   8.12821287e+00
 2.31000000e+00   0.00000000e+00   1.00000000e+00   1.68917487e-01   1.58261405e-04   5.38682597e+00   8.13209471e+00
 2.32000000e+00   0.00000000e+00   1.00000000e+00   1.69419732e-01   1.74428162e-04   5.39710276e+00   8.13295537e+00
 2.33000000e+00   0.00000000e+00   1.00000000e+00   1.69801488e-01   1.51925597e-04   5.40207617e+00   8.13276881e+00
 2.34000000e+00   0.00000000e+00   1.00000000e+00   1.70111939e-01   9.83744826e-05   5.40380832e+00   8.13272953e+00
 2.35000000e+00   0.00000000e+00   1.00000000e+00   1.70390937e-01   3.12014941e-05   5.42379169e+00   8.13673499e+00
 2.36000000e+00   0.00000000e+00   1.00000000e+00   1.70653703e-01  -2.78268386e-05   5.42702240e+00   8.13538396e+00
 2.37000000e+00   0.00000000e+00   1.00000000e+00   1.70883212e-01  -5.89387244e-05   5.43045654e+00   8.13756389e+00
 2.38000000e+00   0.00000000e+00   1.00000000e+00   1.71037419e-01  -5.16120561e-05   5.43578588e+00   8.14098254e+00
 2.39000000e+00   0.00000000e+00   1.00000000e+00   1.71067902e-01  -8.42784315e-06   5.44095309e+00   8.14484894e+00
 2.40000000e+00   0.00000000e+00   1.00000000e+00   1.70936653e-01   5.59333998e-05   5.44376647e+00   8.14819381e+00
 2.41000000e+00   0.00000000e+00   1.00000000e+00   1.70623219e-01   1.20357910e-04   5.44277020e+00   8.15004423e+00
 2.42000000e+00   0.00000000e+00   1.00000000e+00   1.70125479e-01   1.64002615e-04   5.43675008e+00   8.14906468e+00
 2.43000000e+00   0.00000000e+00   1.00000000e+00   1.69460092e-01   1.72590018e-04   5.42572477e+00   8.14462161e+00
 2.44000000e+00   0.00000000e+00   1.00000000e+00   1.68661493e-01   1.43006336e-04   5.41083468e+00   8.13688342e+00
 2.45000000e+00   0.00000000e+00   1.00000000e+00   1.67772953e-01   8.51256700e-05   5.44593443e+00   8.13246873e+00
 2.46000000e+00   0.00000000e+00   1.00000000e+00   1.66831946e-01   1.84389322e-05   5.45030852e+00   8.13273940e+00
 2.47000000e+00   0.00000000e+00   1.00000000e+00   1.65852119e-01  -3.50010048e-05   5.44950653e+00   8.13796900e+00
 2.48000000e+00   0.00000000e+00   1.00000000e+00   1.64816529e-01  -5.75785734e-05   5.45074517e+00   8.14491316e+00
 2.49000000e+00   0.00000000e+00   1.00000000e+00   1.63686549e-01  -4.20624620e-05   5.45508699e+00   8.15262367e+00
 2.50000000e+00   0.00000000e+00   1.00000000e+00   1.62417085e-01   6.58132396e-06   5.46046358e+00   8.15957328e+00
 2.51000000e+00   0.00000000e+00   1.00000000e+00   1.60972584e-01   7.26962105e-05   5.46440663e+00   8.16424341e+00
 2.52000000e+00   0.00000000e+00   1.00000000e+00   1.59341641e-01   1.34538175e-04   5.46410407e+00   8.16626003e+00
 2.53000000e+00   0.00000000e+00   1.00000000e+00   1.57543198e-01   1.71614863e-04   5.45807514e+00   8.16535413e+00
 2.54000000e+00   0.00000000e+00   1.00000000e+00   1.55620254e-01   1.71861368e-04   5.44603697e+00   8.16230786e+00
 2.55000000e+00   0.00000000e+00   1.00000000e+00   1.53623443e-01   1.35680196e-04   5.42936159e+00   8.15779862e+00
 2.56000000e+00   0.00000000e+00   1.00000000e+00   1.51594776e-01   7.52397558e-05   5.41071764e+00   8.15303601e+00
 2.57000000e+00   0.00000000e+00   1.00000000e+00   1.49559872e-01   1.04692193e-05   5.39268519e+00   8.14949663e+00
 2.58000000e+00   0.00000000e+00   1.00000000e+00   1.47526163e-01  -3.72303401e-05   5.37708155e+00   8.14841971e+00
 2.59000000e+00   0.00000000e+00   1.00000000e+00   1.45481738e-01  -5.18599316e-05   5.36532415e+00   8.15017196e+00
 2.60000000e+00   0.00000000e+00   1.00000000e+00   1.43395903e-01  -2.83125345e-05   5.35722290e+00   8.15408954e+00
 2.61000000e+00   0.00000000e+00   1.00000000e+00   1.41227609e-01   2.57344501e-05   5.35137031e+00   8.15755469e+00
 2.62000000e+00   0.00000000e+00   1.00000000e+00   1.38942380e-01   9.24131392e-05   5.34557712e+00   8.16029520e+00
 2.63000000e+00   0.00000000e+00   1.00000000e+00   1.36529190e-01   1.49932444e-04   5.33671776e+00   8.15992302e+00
 2.64000000e+00   0.00000000e+00   1.00000000e+00   1.34007205e-01   1.79774875e-04   5.32306772e+00   8.15657191e+00
 2.65000000e+00   0.00000000e+00   1.00000000e+00   1.31418662e-01   1.72379924e-04   5.30461801e+00   8.15105297e+00
 2.66000000e+00   0.00000000e+00   1.00000000e+00   1.28812745e-01   1.30216548e-04   5.28257252e+00   8.14462196e+00
 2.67000000e+00   0.00000000e+00   1.00000000e+00   1.26228752e-01   6.73571775e-05   5.26039486e+00   8.13836244e+00
 2.68000000e+00   0.00000000e+00   1.00000000e+00   1.23683862e-01   4.94042101e-06   5.23953517e+00   8.13363890e+00
 2.69000000e+00   0.00000000e+00   1.00000000e+00   1.21168166e-01  -3.61741086e-05   5.22202585e+00   8.13051726e+00
 2.70000000e+00   0.00000000e+00   1.00000000e+00   1.18649309e-01  -4.24041496e-05   5.20862486e+00   8.12923523e+00
 2.71000000e+00   0.00000000e+00   1.00000000e+00   1.16085985e-01  -1.16757500e-05   5.19841552e+00   8.12904491e+00
 2.72000000e+00   0.00000000e+00   1.00000000e+00   1.13443279e-01   4.61425902e-05   5.18945232e+00   8.12848351e+00
 2.73000000e+00   0.00000000e+00   1.00000000e+00   1.10701952e-01   1.12314629e-04   5.17930545e+00   8.12691134e+00
 2.74000000e+00   0.00000000e+00   1.00000000e+00   1.07861420e-01   1.65223881e-04   5.16620708e+00   8.12238172e+00
 2.75000000e+00   0.00000000e+00   1.00000000e+00   1.04941163e-01   1.87506206e-04   5.14871306e+00   8.11447824e+00
 2.76000000e+00   0.00000000e+00   1.00000000e+00   1.01980290e-01   1.72070740e-04   5.12671316e+00   8.10420781e+00
 2.77000000e+00   0.00000000e+00   1.00000000e+00   9.90292822e-02   1.24454648e-04   5.10135002e+00   8.09296217e+00
 2.78000000e+00   0.00000000e+00   1.00000000e+00   9.61329162e-02   6.06888127e-05   5.07477216e+00   8.08284591e+00
 2.79000000e+00   0.00000000e+00   1.00000000e+00   9.33130464e-02   1.87954130e-06   5.04979104e+00   8.07512587e+00
 2.80000000e+00   0.00000000e+00   1.00000000e+00   9.05615670e-02  -3.24709712e-05   5.02812209e+00   8.06979612e+00
 2.81000000e+00   0.00000000e+00   1.00000000e+00   8.78470318e-02  -3.07222451e-05   5.01078287e+00   8.06664038e+00
 2.82000000e+00   0.00000000e+00   1.00000000e+00   8.51302823e-02   6.85230918e-06   4.99646614e+00   8.06405807e+00
 2.83000000e+00   0.00000000e+00   1.00000000e+00   8.23810599e-02   6.79394465e-05   4.98335327e+00   8.06105964e+00
 2.84000000e+00   0.00000000e+00   1.00000000e+00   7.95897747e-02   1.32463332e-04   4.96897993e+00   8.05663764e+00
 2.85000000e+00   0.00000000e+00   1.00000000e+00   7.67718115e-02   1.79435324e-04   4.95165362e+00   8.05050198e+00
 2.86000000e+00   0.00000000e+00   1.00000000e+00   7.39633589e-02   1.93761325e-04   4.93066640e+00   8.04163130e+00
 2.87000000e+00   0.00000000e+00   1.00000000e+00   7.12101797e-02   1.70991866e-04   4.90650440e+00   8.03150237e+00
 2.88000000e+00   0.00000000e+00   1.00000000e+00   6.85542094e-02   1.18752211e-04   4.88042515e+00   8.02063237e+00
 2.89000000e+00   0.00000000e+00   1.00000000e+00   6.60234209e-02   5.44764419e-05   4.85453439e+00   8.01023178e+00
 2.90000000e+00   0.00000000e+00   1.00000000e+00   6.36266004e-02  -3.31683144e-07   4.83093886e+00   8.00208710e+00
 2.91000000e+00   0.00000000e+00   1.00000000e+00   6.13514999e-02  -2.73386131e-05   4.81097748e+00   7.99675783e+00
 2.92000000e+00   0.00000000e+00   1.00000000e+00   5.91661100e-02  -1.76464726e-05   4.79545509e+00   7.99356431e+00
 2.93000000e+00   0.00000000e+00   1.00000000e+00   5.70268158e-02   2.55691984e-05   4.78363454e+00   7.99091594e+00
 2.94000000e+00   0.00000000e+00   1.00000000e+00   5.48947616e-02   8.82419884e-05   4.77369381e+00   7.98721675e+00
 2.95000000e+00   0.00000000e+00   1.00000000e+00   5.27533600e-02   1.49979212e-04   4.76305459e+00   7.98124773e+00
 2.96000000e+00   0.00000000e+00   1.00000000e+00   5.06159893e-02   1.90530724e-04   4.74950081e+00   7.97272962e+00
 2.97000000e+00   0.00000000e+00   1.00000000e+00   4.85195110e-02   1.96587558e-04   4.73226268e+00   7.96225220e+00
 2.98000000e+00   0.00000000e+00   1.00000000e+00   4.65088970e-02   1.66346283e-04   4.71205231e+00   7.95064212e+00
 2.99000000e+00   0.00000000e+00   1.00000000e+00   4.46213118e-02   1.10081133e-04   4.69041350e+00   7.93892816e+00
 3.00000000e+00   0.00000000e+00   1.00000000e+00   4.28748831e-02   4.65208266e-05   4.66935133e+00   7.92823490e+00
 3.01000000e+00   0.00000000e+00   1.00000000e+00   4.12644373e-02  -3.37731889e-06   4.65093398e+00   7.91947345e+00
 3.02000000e+00   0.00000000e+00   1.00000000e+00   3.97647777e-02  -2.31446215e-05   4.63615356e+00   7.91286676e+00
 3.03000000e+00   0.00000000e+00   1.00000000e+00   3.83401753e-02  -6.14398950e-06   4.62498148e+00   7.90833262e+00
 3.04000000e+00   0.00000000e+00   1.00000000e+00   3.69563896e-02   4.21476664e-05   4.61645005e+00   7.90479897e+00
 3.05000000e+00   0.00000000e+00   1.00000000e+00   3.55910101e-02   1.05782072e-04   4.60872558e+00   7.90081473e+00
 3.06000000e+00   0.00000000e+00   1.00000000e+00   3.42402136e-02   1.63754933e-04   4.59982737e+00   7.89514119e+00
 3.07000000e+00   0.00000000e+00   1.00000000e+00   3.29216968e-02   1.97076984e-04   4.58802730e+00   7.88705429e+00
 3.08000000e+00   0.00000000e+00   1.00000000e+00   3.16729759e-02   1.95003453e-04   4.57271785e+00   7.87716413e+00
 3.09000000e+00   0.00000000e+00   1.00000000e+00   3.05426685e-02   1.58337666e-04   4.55432118e+00   7.86696586e+00
 3.10000000e+00   0.00000000e+00   1.00000000e+00   2.95744652e-02   9.91570086e-05   4.53438218e+00   7.85793808e+00
 3.11000000e+00   0.00000000e+00   1.00000000e+00   2.87902574e-02   3.70351517e-05   4.51536605e+00   7.85107352e+00
 3.12000000e+00   0.00000000e+00   1.00000000e+00   2.81821287e-02  -7.43531205e-06   4.49969991e+00   7.84684068e+00
 3.13000000e+00   0.00000000e+00   1.00000000e+00   2.77179851e-02  -1.95471849e-05   4.48828971e+00   7.84469082e+00
 3.14000000e+00   0.00000000e+00   1.00000000e+00   2.73566014e-02   4.56824718e-06   4.48089678e+00   7.84399419e+00
 3.15000000e+00   0.00000000e+00   1.00000000e+00   2.70633189e-02   5.68451204e-05   4.47612533e+00   7.84389119e+00
 3.16000000e+00   0.00000000e+00   1.00000000e+00   2.68205512e-02   1.20044534e-04   4.47204849e+00   7.84333962e+00
 3.17000000e+00   0.00000000e+00   1.00000000e+00   2.66319398e-02   1.73408695e-04   4.46673322e+00   7.84143544e+00
 3.18000000e+00   0.00000000e+00   1.00000000e+00   2.65203290e-02   1.99234839e-04   4.45324902e+00   7.84093870e+00
 3.19000000e+00   0.00000000e+00   1.00000000e+00   2.65198694e-02   1.89027904e-04   4.44861167e+00   7.83865527e+00
 3.20000000e+00   0.00000000e+00   1.00000000e+00   2.66649807e-02   1.46150219e-04   4.43514079e+00   7.82697614e+00
 3.21000000e+00   0.00000000e+00   1.00000000e+00   2.69797787e-02   8.47862396e-05   4.42270441e+00   7.82119424e+00
 3.22000000e+00   0.00000000e+00   1.00000000e+00   2.74701545e-02   2.51619823e-05   4.41220315e+00   7.81749777e+00
 3.23000000e+00   0.00000000e+00   1.00000000e+00   2.81199921e-02  -1.32591368e-05   4.40542538e+00   7.81641529e+00
 3.24000000e+00   0.00000000e+00   1.00000000e+00   2.88927391e-02  -1.79209412e-05   4.40327277e+00   7.81754483e+00
 3.25000000e+00   0.00000000e+00   1.00000000e+00   2.97406654e-02   1.25999739e-05   4.40529601e+00   7.81975841e+00
 3.26000000e+00   0.00000000e+00   1.00000000e+00   3.06208142e-02   6.81367983e-05   4.40985487e+00   7.82174256e+00
 3.27000000e+00   0.00000000e+00   1.00000000e+00   3.15111383e-02   1.30158584e-04   4.41450579e+00   7.82246133e+00
 3.28000000e+00   0.00000000e+00   1.00000000e+00   3.24182214e-02   1.78053568e-04   4.41702029e+00   7.82173200e+00
 3.29000000e+00   0.00000000e+00   1.00000000e+00   3.33723890e-02   1.96005064e-04   4.41634777e+00   7.81968040e+00
 3.30000000e+00   0.00000000e+00   1.00000000e+00   3.44137227e-02   1.78106633e-04   4.41271876e+00   7.81681602e+00
 3.31000000e+00   0.00000000e+00   1.00000000e+00   3.55768054e-02   1.30134213e-04   4.40754769e+00   7.81386278e+00
 3.32000000e+00   0.00000000e+00   1.00000000e+00   3.68800948e-02   6.77372856e-05   4.40278275e+00   7.81179646e+00
 3.33000000e+00   0.00000000e+00   1.00000000e+00   3.83216204e-02   1.14238019e-05   4.40032485e+00   7.81149353e+00
 3.34000000e+00   0.00000000e+00   1.00000000e+00   3.98804003e-02  -2.03406969e-05   4.40161236e+00   7.81351157e+00
 3.35000000e+00   0.00000000e+00   1.00000000e+00   4.15226990e-02  -1.72982641e-05   4.40669289e+00   7.81766184e+00
 3.36000000e+00   0.00000000e+00   1.00000000e+00   4.32119277e-02   1.92876624e-05   4.41507198e+00   7.82331128e+00
 3.37000000e+00   0.00000000e+00   1.00000000e+00   4.49197224e-02   7.71576477e-05   4.42481460e+00   7.82906885e+00
 3.38000000e+00   0.00000000e+00   1.00000000e+00   4.66350146e-02   1.37100927e-04   4.43410695e+00   7.83377830e+00
 3.39000000e+00   0.00000000e+00   1.00000000e+00   4.83685885e-02   1.79245482e-04   4.44114850e+00   7.83679269e+00
 3.40000000e+00   0.00000000e+00   1.00000000e+00   5.01513419e-02   1.89539021e-04   4.44517174e+00   7.83840708e+00
 3.41000000e+00   0.00000000e+00   1.00000000e+00   5.20249498e-02   1.64438641e-04   4.44659282e+00   7.83952051e+00
 3.42000000e+00   0.00000000e+00   1.00000000e+00   5.40262625e-02   1.12143075e-04   4.44705664e+00   7.84122980e+00
 3.43000000e+00   0.00000000e+00   1.00000000e+00   5.61716522e-02   4.98216794e-05   4.44926175e+00   7.84426869e+00
 3.44000000e+00   0.00000000e+00   1.00000000e+00   5.84495198e-02  -2.18304113e-06   4.45509018e+00   7.84904280e+00
 3.45000000e+00   0.00000000e+00   1.00000000e+00   6.08247667e-02  -2.70071552e-05   4.46581547e+00   7.85538407e+00
 3.46000000e+00   0.00000000e+00   1.00000000e+00   6.32519164e-02  -1.66911803e-05   4.48089238e+00   7.86304982e+00
 3.47000000e+00   0.00000000e+00   1.00000000e+00   6.56897140e-02   2.51713693e-05   4.49893252e+00   7.87144107e+00
 3.48000000e+00   0.00000000e+00   1.00000000e+00   6.81115820e-02   8.45357836e-05   4.51777280e+00   7.87943343e+00
 3.49000000e+00   0.00000000e+00   1.00000000e+00   7.05102970e-02   1.41568732e-04   4.53561915e+00   7.88646828e+00
 3.50000000e+00   0.00000000e+00   1.00000000e+00   7.28975033e-02   1.77273095e-04   4.55085587e+00   7.89163215e+00
 3.51000000e+00   0.00000000e+00   1.00000000e+00   7.52986072e-02   1.79765011e-04   4.56357604e+00   7.89497572e+00
 3.52000000e+00   0.00000000e+00   1.00000000e+00   7.77436699e-02   1.48103732e-04   4.57401592e+00   7.89684328e+00
 3.53000000e+00   0.00000000e+00   1.00000000e+00   8.02561784e-02   9.25494124e-05   4.58435153e+00   7.89876176e+00
 3.54000000e+00   0.00000000e+00   1.00000000e+00   8.28429943e-02   3.11978335e-05   4.59629686e+00   7.90183382e+00
 3.55000000e+00   0.00000000e+00   1.00000000e+00   8.54889512e-02  -1.59047753e-05   4.61181021e+00   7.90678647e+00
 3.56000000e+00   0.00000000e+00   1.00000000e+00   8.81585746e-02  -3.34159872e-05   4.63144278e+00   7.91347616e+00
 3.57000000e+00   0.00000000e+00   1.00000000e+00   9.08056657e-02  -1.58135543e-05   4.65468762e+00   7.92127565e+00
 3.58000000e+00   0.00000000e+00   1.00000000e+00   9.33884937e-02   3.07985455e-05   4.67948443e+00   7.92921307e+00
 3.59000000e+00   0.00000000e+00   1.00000000e+00   9.58846908e-02   9.08281792e-05   4.70347403e+00   7.93611001e+00
 3.60000000e+00   0.00000000e+00   1.00000000e+00   9.82985967e-02   1.44341754e-04   4.72450062e+00   7.94214212e+00
 3.61000000e+00   0.00000000e+00   1.00000000e+00   1.00657392e-01   1.73552999e-04   4.74167631e+00   7.94690713e+00
 3.62000000e+00   0.00000000e+00   1.00000000e+00   1.02998847e-01   1.68661201e-04   4.75544448e+00   7.95047508e+00
 3.63000000e+00   0.00000000e+00   1.00000000e+00   1.05357400e-01   1.31137817e-04   4.76738385e+00   7.95366833e+00
 3.64000000e+00   0.00000000e+00   1.00000000e+00   1.07753922e-01   7.32604247e-05   4.77959228e+00   7.95696675e+00
 3.65000000e+00   0.00000000e+00   1.00000000e+00   1.10190631e-01   1.40005406e-05   4.79377640e+00   7.96142182e+00
 3.66000000e+00   0.00000000e+00   1.00000000e+00   1.12650694e-01  -2.73007445e-05   4.81148975e+00   7.96770371e+00
 3.67000000e+00   0.00000000e+00   1.00000000e+00   1.15102352e-01  -3.72524796e-05   4.83306763e+00   7.97598859e+00
 3.68000000e+00   0.00000000e+00   1.00000000e+00   1.17507508e-01  -1.27797960e-05   4.85746032e+00   7.98602746e+00
 3.69000000e+00   0.00000000e+00   1.00000000e+00   1.19833176e-01   3.78942195e-05   4.88285140e+00   7.99539388e+00
 3.70000000e+00   0.00000000e+00   1.00000000e+00   1.22062294e-01   9.78776345e-05   4.90729535e+00   8.00429034e+00
 3.71000000e+00   0.00000000e+00   1.00000000e+00   1.24199876e-01   1.47210112e-04   4.92867634e+00   8.01138824e+00
 3.72000000e+00   0.00000000e+00   1.00000000e+00   1.26271474e-01   1.69493634e-04   4.94627432e+00   8.01703730e+00
 3.73000000e+00   0.00000000e+00   1.00000000e+00   1.28313592e-01   1.57320997e-04   4.96109062e+00   8.02123478e+00
 3.74000000e+00   0.00000000e+00   1.00000000e+00   1.30358839e-01   1.14646075e-04   4.97469428e+00   8.02523022e+00
 3.75000000e+00   0.00000000e+00   1.00000000e+00   1.32421766e-01   5.54080156e-05   4.98867587e+00   8.02917374e+00
 3.76000000e+00   0.00000000e+00   1.00000000e+00   1.34491789e-01  -1.00528057e-06   5.00598422e+00   8.03373623e+00
 3.77000000e+00   0.00000000e+00   1.00000000e+00   1.36536474e-01  -3.61245071e-05   5.02723588e+00   8.03932133e+00
 3.78000000e+00   0.00000000e+00   1.00000000e+00   1.38512799e-01  -3.85077441e-05   5.05165418e+00   8.04604534e+00
 3.79000000e+00   0.00000000e+00   1.00000000e+00   1.40380297e-01  -7.55004854e-06   5.07786421e+00   8.05425387e+00
 3.80000000e+00   0.00000000e+00   1.00000000e+00   1.42111194e-01   4.63434469e-05   5.10340283e+00   8.06129865e+00
 3.81000000e+00   0.00000000e+00   1.00000000e+00   1.43695934e-01   1.05262140e-04   5.12645085e+00   8.06791341e+00
 3.82000000e+00   0.00000000e+00   1.00000000e+00   1.45144359e-01   1.49710429e-04   5.14544445e+00   8.07258966e+00
 3.83000000e+00   0.00000000e+00   1.00000000e+00   1.46482392e-01   1.64977041e-04   5.16017059e+00   8.07518459e+00
 3.84000000e+00   0.00000000e+00   1.00000000e+00   1.47743903e-01   1.45947639e-04   5.17131012e+00   8.07617156e+00
 3.85000000e+00   0.00000000e+00   1.00000000e+00   1.48959041e-01   9.88498199e-05   5.18062964e+00   8.07676637e+00
 3.86000000e+00   0.00000000e+00   1.00000000e+00   1.50142755e-01   3.91832045e-05   5.19041058e+00   8.07770521e+00
 3.87000000e+00   0.00000000e+00   1.00000000e+00   1.51288120e-01  -1.34099216e-05   5.20268606e+00   8.08016138e+00
 3.88000000e+00   0.00000000e+00   1.00000000e+00   1.52367658e-01  -4.17003849e-05   5.21782623e+00   8.08419357e+00
 3.89000000e+00   0.00000000e+00   1.00000000e+00   1.53342789e-01  -3.64705055e-05   5.23548516e+00   8.08950813e+00
 3.90000000e+00   0.00000000e+00   1.00000000e+00   1.54178340e-01   4.65723675e-07   5.25378510e+00   8.09541673e+00
 3.91000000e+00   0.00000000e+00   1.00000000e+00   1.54856062e-01   5.68888983e-05   5.27026458e+00   8.10145955e+00
 3.92000000e+00   0.00000000e+00   1.00000000e+00   1.55381468e-01   1.14153830e-04   5.28326606e+00   8.10665793e+00
 3.93000000e+00   0.00000000e+00   1.00000000e+00   1.55781167e-01   1.53358772e-04   5.29159800e+00   8.11069204e+00
 3.94000000e+00   0.00000000e+00   1.00000000e+00   1.56092738e-01   1.61589798e-04   5.29603011e+00   8.11325719e+00
 3.95000000e+00   0.00000000e+00   1.00000000e+00   1.56352397e-01   1.36196360e-04   5.29780393e+00   8.11439390e+00
 3.96000000e+00   0.00000000e+00   1.00000000e+00   1.56585088e-01   8.57050243e-05   5.31538884e+00   8.11876465e+00
 3.97000000e+00   0.00000000e+00   1.00000000e+00   1.56798651e-01   2.66566040e-05   5.31833707e+00   8.11737925e+00
 3.98000000e+00   0.00000000e+00   1.00000000e+00   1.56981553e-01  -2.14413952e-05   5.32036079e+00   8.11807436e+00
 3.99000000e+00   0.00000000e+00   1.00000000e+00   1.57105347e-01  -4.27639137e-05   5.32360644e+00   8.11943387e+00
 4.00000000e+00   0.00000000e+00   1.00000000e+00   1.57132736e-01  -3.02373522e-05   5.32691163e+00   8.12165850e+00
 4.01000000e+00   0.00000000e+00   1.00000000e+00   1.57029462e-01   1.19227120e-05   5.32858508e+00   8.12406831e+00
 4.02000000e+00   0.00000000e+00   1.00000000e+00   1.56776324e-01   6.98086884e-05   5.32709336e+00   8.12568082e+00
 4.03000000e+00   0.00000000e+00   1.00000000e+00   1.56376340e-01   1.24347068e-04   5.32179281e+00   8.12532522e+00
 4.04000000e+00   0.00000000e+00   1.00000000e+00   1.55853722e-01   1.57633885e-04   5.31289702e+00   8.12257033e+00
 4.05000000e+00   0.00000000e+00   1.00000000e+00   1.55244637e-01   1.58748391e-04   5.30159079e+00   8.11727742e+00
 4.06000000e+00   0.00000000e+00   1.00000000e+00   1.54583276e-01   1.27345322e-04   5.28951236e+00   8.10983060e+00
 4.07000000e+00   0.00000000e+00   1.00000000e+00   1.53888787e-01   7.38245970e-05   5.27851938e+00   8.10135821e+00
 4.08000000e+00   0.00000000e+00   1.00000000e+00   1.53157852e-01   1.60010385e-05   5.31767365e+00   8.10593385e+00
 4.09000000e+00   0.00000000e+00   1.00000000e+00   1.52369433e-01  -2.68586847e-05   5.32900501e+00   8.10869802e+00
 4.10000000e+00   0.00000000e+00   1.00000000e+00   1.51491175e-01  -4.08385750e-05   5.33538577e+00   8.11510420e+00
 4.11000000e+00   0.00000000e+00   1.00000000e+00   1.50489277e-01  -2.11252497e-05   5.34168573e+00   8.12192116e+00
 4.12000000e+00   0.00000000e+00   1.00000000e+00   1.49340463e-01   2.58150174e-05   5.34668822e+00   8.12844333e+00
 4.13000000e+00   0.00000000e+00   1.00000000e+00   1.48038774e-01   8.46628563e-05   5.34866478e+00   8.13374094e+00
 4.14000000e+00   0.00000000e+00   1.00000000e+00   1.46597745e-01   1.36033110e-04   5.34606936e+00   8.13646455e+00
 4.15000000e+00   0.00000000e+00   1.00000000e+00   1.45048841e-01   1.63134189e-04   5.33853337e+00   8.13664052e+00
 4.16000000e+00   0.00000000e+00   1.00000000e+00   1.43433172e-01   1.57228444e-04   5.32702149e+00   8.13464227e+00
 4.17000000e+00   0.00000000e+00   1.00000000e+00   1.41789473e-01   1.20485719e-04   5.31289469e+00   8.13078748e+00
 4.18000000e+00   0.00000000e+00   1.00000000e+00   1.40141532e-01   6.51701270e-05   5.29893232e+00   8.12793309e+00
 4.19000000e+00   0.00000000e+00   1.00000000e+00   1.38490645e-01   9.64337158e-06   5.28679242e+00   8.12552793e+00
 4.20000000e+00   0.00000000e+00   1.00000000e+00   1.36817028e-01  -2.76683084e-05   5.27734114e+00   8.12420878e+00
 4.21000000e+00   0.00000000e+00   1.00000000e+00   1.35088873e-01  -3.43059243e-05   5.27051313e+00   8.12414523e+00
 4.22000000e+00   0.00000000e+00   1.00000000e+00   1.33275686e-01  -7.95111203e-06   5.26508160e+00   8.12547159e+00
 4.23000000e+00   0.00000000e+00   1.00000000e+00   1.31360758e-01   4.27833383e-05   5.25919854e+00   8.12721190e+00
 4.24000000e+00   0.00000000e+00   1.00000000e+00   1.29347678e-01   1.01265359e-04   5.25111084e+00   8.12885486e+00
 4.25000000e+00   0.00000000e+00   1.00000000e+00   1.27259101e-01   1.48407162e-04   5.23924282e+00   8.12868031e+00
 4.26000000e+00   0.00000000e+00   1.00000000e+00   1.25129729e-01   1.68916200e-04   5.22473589e+00   8.12684343e+00
 4.27000000e+00   0.00000000e+00   1.00000000e+00   1.22996233e-01   1.56164820e-04   5.20743547e+00   8.12315477e+00
 4.28000000e+00   0.00000000e+00   1.00000000e+00   1.20886889e-01   1.14567075e-04   5.18900969e+00   8.11792454e+00
 4.29000000e+00   0.00000000e+00   1.00000000e+00   1.18813480e-01   5.80692587e-05   5.17172160e+00   8.11273581e+00
 4.30000000e+00   0.00000000e+00   1.00000000e+00   1.16767867e-01   5.51854598e-06   5.15692361e+00   8.10832467e+00
 4.31000000e+00   0.00000000e+00   1.00000000e+00   1.14724440e-01  -2.56251191e-05   5.14534829e+00   8.10507686e+00
 4.32000000e+00   0.00000000e+00   1.00000000e+00   1.12648039e-01  -2.49898123e-05   5.13663999e+00   8.10385688e+00
 4.33000000e+00   0.00000000e+00   1.00000000e+00   1.10505521e-01   7.31967168e-06   5.12938391e+00   8.10295585e+00
 4.34000000e+00   0.00000000e+00   1.00000000e+00   1.08278142e-01   6.08061647e-05   5.12139575e+00   8.10193510e+00
 4.35000000e+00   0.00000000e+00   1.00000000e+00   1.05969616e-01   1.18013103e-04   5.11104796e+00   8.09987067e+00
 4.36000000e+00   0.00000000e+00   1.00000000e+00   1.03605337e-01   1.60248754e-04   5.09723619e+00   8.09617833e+00
 4.37000000e+00   0.00000000e+00   1.00000000e+00   1.01223144e-01   1.73768973e-04   5.07984100e+00   8.09051210e+00
 4.38000000e+00   0.00000000e+00   1.00000000e+00   9.88603558e-02   1.54355579e-04   5.06015851e+00   8.08326210e+00
 4.39000000e+00   0.00000000e+00   1.00000000e+00   9.65422125e-02   1.08686594e-04   5.03985217e+00   8.07484952e+00
 4.40000000e+00   0.00000000e+00   1.00000000e+00   9.42750799e-02   5.20068030e-05   5.02049486e+00   8.06642871e+00
 4.41000000e+00   0.00000000e+00   1.00000000e+00   9.20463836e-02   3.14403324e-06   5.00364668e+00   8.05913075e+00
 4.42000000e+00   0.00000000e+00   1.00000000e+00   8.98309960e-02  -2.16276429e-05   4.98935779e+00   8.05334273e+00
 4.43000000e+00   0.00000000e+00   1.00000000e+00   8.76008754e-02  -1.39731707e-05   4.97747731e+00   8.04941613e+00
 4.44000000e+00   0.00000000e+00   1.00000000e+00   8.53349584e-02   2.37219434e-05   4.96638819e+00   8.04646918e+00
 4.45000000e+00   0.00000000e+00   1.00000000e+00   8.30273973e-02   7.91406018e-05   4.95439413e+00   8.04356435e+00
 4.46000000e+00   0.00000000e+00   1.00000000e+00   8.06917968e-02   1.34194294e-04   4.94018594e+00   8.03976801e+00
 4.47000000e+00   0.00000000e+00   1.00000000e+00   7.83594615e-02   1.70934078e-04   4.92288779e+00   8.03453945e+00
 4.48000000e+00   0.00000000e+00   1.00000000e+00   7.60715634e-02   1.77480264e-04   4.90266149e+00   8.02775002e+00
 4.49000000e+00   0.00000000e+00   1.00000000e+00   7.38672767e-02   1.51910156e-04   4.88076546e+00   8.01954626e+00
 4.50000000e+00   0.00000000e+00   1.00000000e+00   7.17715811e-02   1.02834046e-04   4.85891423e+00   8.01164277e+00
 4.51000000e+00   0.00000000e+00   1.00000000e+00   6.97875104e-02   4.66075299e-05   4.83897042e+00   8.00400882e+00
 4.52000000e+00   0.00000000e+00   1.00000000e+00   6.78964922e-02   1.95525267e-06   4.82208299e+00   7.99719810e+00
 4.53000000e+00   0.00000000e+00   1.00000000e+00   6.60667946e-02  -1.62859836e-05   4.80859046e+00   7.99203977e+00
 4.54000000e+00   0.00000000e+00   1.00000000e+00   6.42662854e-02  -2.03807929e-06   4.79774546e+00   7.98828482e+00
 4.55000000e+00   0.00000000e+00   1.00000000e+00   6.24740787e-02   4.00790089e-05   4.78799493e+00   7.98546617e+00
 4.56000000e+00   0.00000000e+00   1.00000000e+00   6.06870830e-02   9.63044776e-05   4.77769558e+00   7.98271423e+00
 4.57000000e+00   0.00000000e+00   1.00000000e+00   5.89204484e-02   1.48212621e-04   4.76546662e+00   7.97899120e+00
 4.58000000e+00   0.00000000e+00   1.00000000e+00   5.72025532e-02   1.78819840e-04   4.75095228e+00   7.97356333e+00
 4.59000000e+00   0.00000000e+00   1.00000000e+00   5.55661152e-02   1.78186083e-04   4.73413343e+00   7.96628792e+00
 4.60000000e+00   0.00000000e+00   1.00000000e+00   5.40380319e-02   1.46679144e-04   4.71647317e+00   7.95770414e+00
 4.61000000e+00   0.00000000e+00   1.00000000e+00   5.26308769e-02   9.48423517e-05   4.69923718e+00   7.94879279e+00
 4.62000000e+00   0.00000000e+00   1.00000000e+00   5.13383610e-02   3.98803782e-05   4.68422056e+00   7.94048186e+00
 4.63000000e+00   0.00000000e+00   1.00000000e+00   5.01364043e-02  -3.10124104e-08   4.67211687e+00   7.93353695e+00
 4.64000000e+00   0.00000000e+00   1.00000000e+00   4.89904879e-02  -1.16719195e-05   4.66308744e+00   7.92804746e+00
 4.65000000e+00   0.00000000e+00   1.00000000e+00   4.78675875e-02   8.80884577e-06   4.65638036e+00   7.92375880e+00
 4.66000000e+00   0.00000000e+00   1.00000000e+00   4.67484214e-02   5.47017796e-05   4.65006502e+00   7.92012666e+00
 4.67000000e+00   0.00000000e+00   1.00000000e+00   4.56349399e-02   1.10886182e-04   4.64269944e+00   7.91641118e+00
 4.68000000e+00   0.00000000e+00   1.00000000e+00   4.45500232e-02   1.58887953e-04   4.63296326e+00   7.91199481e+00
 4.69000000e+00   0.00000000e+00   1.00000000e+00   4.35296424e-02   1.82972545e-04   4.62024778e+00   7.90656625e+00
 4.70000000e+00   0.00000000e+00   1.00000000e+00   4.26107235e-02   1.75306873e-04   4.60552034e+00   7.89992561e+00
 4.71000000e+00   0.00000000e+00   1.00000000e+00   4.18196479e-02   1.38497277e-04   4.59005805e+00   7.89255339e+00
 4.72000000e+00   0.00000000e+00   1.00000000e+00   4.11653984e-02   8.47535269e-05   4.57540637e+00   7.88528036e+00
 4.73000000e+00   0.00000000e+00   1.00000000e+00   4.06386385e-02   3.18506661e-05   4.56304232e+00   7.87897177e+00
 4.74000000e+00   0.00000000e+00   1.00000000e+00   4.02160194e-02  -2.75135027e-06   4.55355714e+00   7.87436846e+00
 4.75000000e+00   0.00000000e+00   1.00000000e+00   3.98682592e-02  -7.67164030e-06   4.54702168e+00   7.87183138e+00
 4.76000000e+00   0.00000000e+00   1.00000000e+00   3.95700934e-02   1.86622247e-05   4.54237197e+00   7.87076294e+00
 4.77000000e+00   0.00000000e+00   1.00000000e+00   3.93093184e-02   6.75249280e-05   4.53823962e+00   7.87054434e+00
 4.78000000e+00   0.00000000e+00   1.00000000e+00   3.90920023e-02   1.22694645e-04   4.52105747e+00   7.87328113e+00
 4.79000000e+00   0.00000000e+00   1.00000000e+00   3.89414586e-02   1.66068315e-04   4.51571944e+00   7.87287438e+00
 4.80000000e+00   0.00000000e+00   1.00000000e+00   3.88915838e-02   1.83297935e-04   4.51225205e+00   7.87016613e+00
 4.81000000e+00   0.00000000e+00   1.00000000e+00   3.89755027e-02   1.68758179e-04   4.51021550e+00   7.86699130e+00
 4.82000000e+00   0.00000000e+00   1.00000000e+00   3.92127345e-02   1.27214000e-04   4.49417730e+00   7.85842367e+00
 4.83000000e+00   0.00000000e+00   1.00000000e+00   3.96018508e-02   7.23208437e-05   4.48515689e+00   7.85585315e+00
 4.84000000e+00   0.00000000e+00   1.00000000e+00   4.01208919e-02   2.21820600e-05   4.47990042e+00   7.85345241e+00
 4.85000000e+00   0.00000000e+00   1.00000000e+00   4.07346942e-02  -6.78784717e-06   4.47835994e+00   7.85219270e+00
 4.86000000e+00   0.00000000e+00   1.00000000e+00   4.14064270e-02  -5.13483128e-06   4.47976917e+00   7.85250058e+00
 4.87000000e+00   0.00000000e+00   1.00000000e+00   4.21086970e-02   2.64239302e-05   4.48293033e+00   7.85396339e+00
 4.88000000e+00   0.00000000e+00   1.00000000e+00   4.28306088e-02   7.73886619e-05   4.48626080e+00   7.85615061e+00
 4.89000000e+00   0.00000000e+00   1.00000000e+00   4.35793376e-02   1.30841810e-04   4.48835460e+00   7.85805434e+00
 4.90000000e+00   0.00000000e+00   1.00000000e+00   4.43764660e-02   1.69089013e-04   4.48849314e+00   7.85906628e+00
 4.91000000e+00   0.00000000e+00   1.00000000e+00   4.52504889e-02   1.79434807e-04   4.48663786e+00   7.85876936e+00
 4.92000000e+00   0.00000000e+00   1.00000000e+00   4.62271286e-02   1.58421156e-04   4.48364186e+00   7.85738116e+00
 4.93000000e+00   0.00000000e+00   1.00000000e+00   4.73198188e-02   1.12931855e-04   4.48099832e+00   7.85559734e+00
 4.94000000e+00   0.00000000e+00   1.00000000e+00   4.85237511e-02   5.78735520e-05   4.48014977e+00   7.85411875e+00
 4.95000000e+00   0.00000000e+00   1.00000000e+00   4.98161321e-02   1.12838865e-05   4.48221338e+00   7.85364989e+00
 4.96000000e+00   0.00000000e+00   1.00000000e+00   5.11630895e-02  -1.16232979e-05   4.48746329e+00   7.85450826e+00
 4.97000000e+00   0.00000000e+00   1.00000000e+00   5.25311213e-02  -3.45246376e-06   4.49491296e+00   7.85671637e+00
 4.98000000e+00   0.00000000e+00   1.00000000e+00   5.38989069e-02   3.29379301e-05   4.50330785e+00   7.86000473e+00
 4.99000000e+00   0.00000000e+00   1.00000000e+00   5.52648034e-02   8.53952551e-05   4.51090897e+00   7.86394719e+00
 5.00000000e+00   0.00000000e+00   1.00000000e+00   5.66469088e-02   1.36477775e-04   4.51654599e+00   7.86793917e+00