  Time  Coordinate0  Coordinate1  Displacement0  Displacement1  Force0  Force1
 0.00000000e+00   0.00000000e+00   1.00000000e+00   0.00000000e+00   0.00000000e+00   0.00000000e+00   0.00000000e+00
 1.00000000e-02   0.00000000e+00   1.00000000e+00   2.88516958e-04   4.86744243e-05   9.34534980e+00   1.47573764e+01
 2.00000000e-02   0.00000000e+00   1.00000000e+00   9.33502391e-04   1.08271224e-04   7.25045623e+00   1.31247738e+01
 3.00000000e-02   0.00000000e+00   1.00000000e+00   1.75893514e-03   1.72778220e-04   6.33958861e+00   1.22340421e+01
 4.00000000e-02   0.00000000e+00   1.00000000e+00   2.71584447e-03   2.25777457e-04   5.81056984e+00   1.16221905e+01
 5.00000000e-02   0.00000000e+00   1.00000000e+00   3.79131417e-03   2.63634121e-04   5.46119311e+00   1.11599922e+01
 6.00000000e-02   0.00000000e+00   1.00000000e+00   4.95508559e-03   2.61519439e-04   5.21651502e+00   1.07875252e+01
 7.00000000e-02   0.00000000e+00   1.00000000e+00   6.20313006e-03   2.10798456e-04   5.03319679e+00   1.04744655e+01
 8.00000000e-02   0.00000000e+00   1.00000000e+00   7.55738971e-03   1.20601812e-04   4.88895116e+00   1.02067296e+01
 9.00000000e-02   0.00000000e+00   1.00000000e+00   9.09539287e-03   3.41286765e-05   4.77105352e+00   9.98118698e+00
 1.00000000e-01   0.00000000e+00   1.00000000e+00   1.08905133e-02  -1.23081032e-05   4.67777652e+00   9.79503958e+00
 1.10000000e-01   0.00000000e+00   1.00000000e+00   1.29442242e-02  -1.62887755e-05   4.60695754e+00   9.63817066e+00
 1.20000000e-01   0.00000000e+00   1.00000000e+00   1.51991633e-02   6.97353781e-06   4.55678434e+00   9.50502910e+00
 1.30000000e-01   0.00000000e+00   1.00000000e+00   1.76195378e-02   5.93569953e-05   4.52080984e+00   9.39203479e+00
 1.40000000e-01   0.00000000e+00   1.00000000e+00   2.01970736e-02   1.42077524e-04   4.49564223e+00   9.29636659e+00
 1.50000000e-01   0.00000000e+00   1.00000000e+00   2.28763007e-02   2.17778627e-04   4.48122020e+00   9.21047221e+00
 1.60000000e-01   0.00000000e+00   1.00000000e+00   2.55593175e-02   2.40826591e-04   4.47409883e+00   9.12528848e+00
 1.70000000e-01   0.00000000e+00   1.00000000e+00   2.82156642e-02   2.09731100e-04   4.46579592e+00   9.04249889e+00
 1.80000000e-01   0.00000000e+00   1.00000000e+00   3.09198554e-02   1.52902520e-04   4.45259829e+00   8.96909179e+00
 1.90000000e-01   0.00000000e+00   1.00000000e+00   3.37762247e-02   8.47057143e-05   4.43811070e+00   8.90808704e+00
 2.00000000e-01   0.00000000e+00   1.00000000e+00   3.68328980e-02   1.25012230e-05   4.42791884e+00   8.85608313e+00
 2.10000000e-01   0.00000000e+00   1.00000000e+00   4.00626088e-02  -4.13525542e-05   4.42541982e+00   8.80854224e+00
 2.20000000e-01   0.00000000e+00   1.00000000e+00   4.34284194e-02  -5.00856257e-05   4.42888197e+00   8.76516467e+00
 2.30000000e-01   0.00000000e+00   1.00000000e+00   4.69374372e-02  -4.25338331e-06   4.43688879e+00   8.72907156e+00
 2.40000000e-01   0.00000000e+00   1.00000000e+00   5.05793570e-02   7.48812074e-05   4.45151373e+00   8.69786100e+00
 2.50000000e-01   0.00000000e+00   1.00000000e+00   5.42589843e-02   1.47640696e-04   4.47361874e+00   8.66352089e+00
 2.60000000e-01   0.00000000e+00   1.00000000e+00   5.78759298e-02   1.93207302e-04   4.49770564e+00   8.62289435e+00
 2.70000000e-01   0.00000000e+00   1.00000000e+00   6.14222866e-02   2.12992888e-04   4.51689781e+00   8.58033802e+00
 2.80000000e-01   0.00000000e+00   1.00000000e+00   6.49382461e-02   1.97468693e-04   4.53118198e+00   8.53851617e+00
 2.90000000e-01   0.00000000e+00   1.00000000e+00   6.84410763e-02   1.34268425e-04   4.54257726e+00   8.49610529e+00
 3.00000000e-01   0.00000000e+00   1.00000000e+00   7.19484954e-02   4.51534222e-05   4.55145998e+00   8.45517709e+00
 3.10000000e-01   0.00000000e+00   1.00000000e+00   7.55148513e-02  -2.61296466e-05   4.55866756e+00   8.42177502e+00
 3.20000000e-01   0.00000000e+00   1.00000000e+00   7.92028479e-02  -5.50272850e-05   4.56756032e+00   8.39767203e+00
 3.30000000e-01   0.00000000e+00   1.00000000e+00   8.30292607e-02  -4.36414444e-05   4.58250454e+00   8.38049482e+00
 3.40000000e-01   0.00000000e+00   1.00000000e+00   8.69362946e-02  -1.12449337e-06   4.60603210e+00   8.36520480e+00
 3.50000000e-01   0.00000000e+00   1.00000000e+00   9.08194891e-02   6.58773125e-05   4.63589546e+00   8.34814631e+00
 3.60000000e-01   0.00000000e+00   1.00000000e+00   9.46090928e-02   1.43180872e-04   4.66648430e+00   8.32868290e+00
 3.70000000e-01   0.00000000e+00   1.00000000e+00   9.83124939e-02   2.00477247e-04   4.69279321e+00   8.30891671e+00
 3.80000000e-01   0.00000000e+00   1.00000000e+00   1.01954564e-01   2.08118379e-04   4.71586170e+00   8.28955615e+00
 3.90000000e-01   0.00000000e+00   1.00000000e+00   1.05525144e-01   1.64726145e-04   4.73668083e+00   8.26773064e+00
 4.00000000e-01   0.00000000e+00   1.00000000e+00   1.09026567e-01   9.61011781e-05   4.75394894e+00   8.24540830e+00
 4.10000000e-01   0.00000000e+00   1.00000000e+00   1.12521088e-01   2.60694327e-05   4.76717534e+00   8.22770411e+00
 4.20000000e-01   0.00000000e+00   1.00000000e+00   1.16085866e-01  -3.45637308e-05   4.78031336e+00   8.21767491e+00
 4.30000000e-01   0.00000000e+00   1.00000000e+00   1.19744152e-01  -6.98222287e-05   4.79897216e+00   8.21381377e+00
 4.40000000e-01   0.00000000e+00   1.00000000e+00   1.23457985e-01  -5.73500158e-05   4.82528327e+00   8.21393305e+00
 4.50000000e-01   0.00000000e+00   1.00000000e+00   1.27172780e-01   3.63736468e-06   4.85759532e+00   8.21577880e+00
 4.60000000e-01   0.00000000e+00   1.00000000e+00   1.30847747e-01   8.39625513e-05   4.89420781e+00   8.21867591e+00
 4.70000000e-01   0.00000000e+00   1.00000000e+00   1.34434936e-01   1.50468063e-04   4.93131704e+00   8.21742998e+00
 4.80000000e-01   0.00000000e+00   1.00000000e+00   1.37864167e-01   1.86527585e-04   4.96776405e+00   8.20999595e+00
 4.90000000e-01   0.00000000e+00   1.00000000e+00   1.41096020e-01   1.87609545e-04   4.99942138e+00   8.19897887e+00
 5.00000000e-01   0.00000000e+00   1.00000000e+00   1.44174863e-01   1.51126179e-04   5.02293097e+00   8.18696110e+00
 5.10000000e-01   0.00000000e+00   1.00000000e+00   1.47188963e-01   8.03831197e-05   5.04088379e+00   8.17899900e+00
 5.20000000e-01   0.00000000e+00   1.00000000e+00   1.50188545e-01  -2.49623683e-06   5.05915123e+00   8.17441719e+00
 5.30000000e-01   0.00000000e+00   1.00000000e+00   1.53167472e-01  -6.14796738e-05   5.08098233e+00   8.17265057e+00
 5.40000000e-01   0.00000000e+00   1.00000000e+00   1.56105107e-01  -7.40267286e-05   5.10679543e+00   8.17397239e+00
 5.50000000e-01   0.00000000e+00   1.00000000e+00   1.58992203e-01  -4.47498410e-05   5.13629340e+00   8.17942216e+00
 5.60000000e-01   0.00000000e+00   1.00000000e+00   1.61811238e-01   1.13925406e-05   5.16905222e+00   8.18670585e+00
 5.70000000e-01   0.00000000e+00   1.00000000e+00   1.64508664e-01   8.28872320e-05   5.20502512e+00   8.19282288e+00
 5.80000000e-01   0.00000000e+00   1.00000000e+00   1.67007733e-01   1.52219407e-04   5.24102032e+00   8.19395158e+00
 5.90000000e-01   0.00000000e+00   1.00000000e+00   1.69262452e-01   1.91227655e-04   5.27169171e+00   8.18920924e+00
 6.00000000e-01   0.00000000e+00   1.00000000e+00   1.71291772e-01   1.80038448e-04   5.29356988e+00   8.18103359e+00
 6.10000000e-01   0.00000000e+00   1.00000000e+00   1.73149884e-01   1.25039094e-04   5.30842895e+00   8.17262558e+00
 6.20000000e-01   0.00000000e+00   1.00000000e+00   1.74881724e-01   5.14256204e-05   5.31968986e+00   8.16640737e+00
 6.30000000e-01   0.00000000e+00   1.00000000e+00   1.76527072e-01  -1.69032450e-05   5.32957391e+00   8.16400643e+00
 6.40000000e-01   0.00000000e+00   1.00000000e+00   1.78136969e-01  -6.45109834e-05   5.34044943e+00   8.16694084e+00
 6.50000000e-01   0.00000000e+00   1.00000000e+00   1.79740248e-01  -7.79391621e-05   5.35567815e+00   8.17539255e+00
 6.60000000e-01   0.00000000e+00   1.00000000e+00   1.81299319e-01  -4.64997656e-05   5.37768236e+00   8.18557048e+00
 6.70000000e-01   0.00000000e+00   1.00000000e+00   1.82730577e-01   2.33520616e-05   5.40452474e+00   8.19375580e+00
 6.80000000e-01   0.00000000e+00   1.00000000e+00   1.83971003e-01   1.03083077e-04   5.43096485e+00   8.19875910e+00
 6.90000000e-01   0.00000000e+00   1.00000000e+00   1.85010035e-01   1.60944195e-04   5.45275264e+00   8.20125092e+00
 7.00000000e-01   0.00000000e+00   1.00000000e+00   1.85861219e-01   1.81961029e-04   5.46937146e+00   8.20093053e+00
 7.10000000e-01   0.00000000e+00   1.00000000e+00   1.86528763e-01   1.65393294e-04   5.48123658e+00   8.19761046e+00
 7.20000000e-01   0.00000000e+00   1.00000000e+00   1.87020393e-01   1.14196421e-04   5.48818314e+00   8.19173492e+00
 7.30000000e-01   0.00000000e+00   1.00000000e+00   1.87379955e-01   3.89277481e-05   5.49069887e+00   8.18670523e+00
 7.40000000e-01   0.00000000e+00   1.00000000e+00   1.87677243e-01  -3.47911622e-05   5.51121733e+00   8.18677792e+00
 7.50000000e-01   0.00000000e+00   1.00000000e+00   1.87955142e-01  -7.68324743e-05   5.51251624e+00   8.18447785e+00
 7.60000000e-01   0.00000000e+00   1.00000000e+00   1.88198051e-01  -7.21245997e-05   5.51564284e+00   8.18710638e+00
 7.70000000e-01   0.00000000e+00   1.00000000e+00   1.88352758e-01  -2.76382204e-05   5.52180829e+00   8.19126799e+00
 7.80000000e-01   0.00000000e+00   1.00000000e+00   1.88363146e-01   3.91156742e-05   5.52762465e+00   8.19469460e+00
 7.90000000e-01   0.00000000e+00   1.00000000e+00   1.88180376e-01   1.10445769e-04   5.53092872e+00   8.19662920e+00
 8.00000000e-01   0.00000000e+00   1.00000000e+00   1.87761296e-01   1.67074556e-04   5.52953523e+00   8.19598354e+00
 8.10000000e-01   0.00000000e+00   1.00000000e+00   1.87084157e-01   1.87132981e-04   5.52116204e+00   8.19174639e+00
 8.20000000e-01   0.00000000e+00   1.00000000e+00   1.86174976e-01   1.59083150e-04   5.50485560e+00   8.18313249e+00
 8.30000000e-01   0.00000000e+00   1.00000000e+00   1.85103785e-01   9.43081070e-05   5.53920909e+00   8.17087643e+00
 8.40000000e-01   0.00000000e+00   1.00000000e+00   1.83939970e-01   1.97515422e-05   5.54127060e+00   8.16985379e+00
 8.50000000e-01   0.00000000e+00   1.00000000e+00   1.82708677e-01  -4.08309877e-05   5.53635510e+00   8.17395056e+00
 8.60000000e-01   0.00000000e+00   1.00000000e+00   1.81402237e-01  -7.23753762e-05   5.53280476e+00   8.17935925e+00
 8.70000000e-01   0.00000000e+00   1.00000000e+00   1.80016468e-01  -6.52840088e-05   5.53087270e+00   8.18650344e+00
 8.80000000e-01   0.00000000e+00   1.00000000e+00   1.78546736e-01  -1.70754609e-05   5.53107906e+00   8.19578705e+00
 8.90000000e-01   0.00000000e+00   1.00000000e+00   1.76956860e-01   5.84484063e-05   5.53355682e+00   8.20398618e+00
 9.00000000e-01   0.00000000e+00   1.00000000e+00   1.75183732e-01   1.32761617e-04   5.53600030e+00   8.20738936e+00
 9.10000000e-01   0.00000000e+00   1.00000000e+00   1.73184628e-01   1.78427555e-04   5.53368943e+00   8.20434504e+00
 9.20000000e-01   0.00000000e+00   1.00000000e+00   1.70972712e-01   1.83375217e-04   5.52371364e+00   8.19701928e+00
 9.30000000e-01   0.00000000e+00   1.00000000e+00   1.68603931e-01   1.50051230e-04   5.50622264e+00   8.18850666e+00
 9.40000000e-01   0.00000000e+00   1.00000000e+00   1.66141595e-01   8.80510599e-05   5.48415279e+00   8.18119892e+00
 9.50000000e-01   0.00000000e+00   1.00000000e+00   1.63638836e-01   1.37698848e-05   5.46060844e+00   8.17600124e+00
 9.60000000e-01   0.00000000e+00   1.00000000e+00   1.61137837e-01  -4.76516392e-05   5.43788195e+00   8.17465038e+00
 9.70000000e-01   0.00000000e+00   1.00000000e+00   1.58659764e-01  -7.14749754e-05   5.41874793e+00   8.17741636e+00
 9.80000000e-01   0.00000000e+00   1.00000000e+00   1.56185125e-01  -4.90535807e-05   5.40512241e+00   8.18269100e+00
 9.90000000e-01   0.00000000e+00   1.00000000e+00   1.53656161e-01   8.41036492e-06   5.39663043e+00   8.18748333e+00
 1.00000000e+00   0.00000000e+00   1.00000000e+00   1.51013010e-01   8.05182006e-05   5.38992161e+00   8.18976116e+00
 1.01000000e+00   0.00000000e+00   1.00000000e+00   1.48228539e-01   1.47084728e-04   5.38132901e+00   8.18923536e+00
 1.02000000e+00   0.00000000e+00   1.00000000e+00   1.45306553e-01   1.88860440e-04   5.36864311e+00   8.18586875e+00
 1.03000000e+00   0.00000000e+00   1.00000000e+00   1.42258560e-01   1.89869548e-04   5.35165864e+00   8.17831348e+00
 1.04000000e+00   0.00000000e+00   1.00000000e+00   1.39100125e-01   1.46979532e-04   5.33022513e+00   8.16738688e+00
 1.05000000e+00   0.00000000e+00   1.00000000e+00   1.35870358e-01   7.61266882e-05   5.30487007e+00   8.15634475e+00
 1.06000000e+00   0.00000000e+00   1.00000000e+00   1.32634209e-01   4.37332825e-06   5.27633139e+00   8.14772590e+00
 1.07000000e+00   0.00000000e+00   1.00000000e+00   1.29445841e-01  -4.48865635e-05   5.24919913e+00   8.14432164e+00
 1.08000000e+00   0.00000000e+00   1.00000000e+00   1.26308589e-01  -5.87167264e-05   5.22730325e+00   8.14434596e+00
 1.09000000e+00   0.00000000e+00   1.00000000e+00   1.23177591e-01  -3.28044214e-05   5.21064554e+00   8.14497171e+00
 1.10000000e+00   0.00000000e+00   1.00000000e+00   1.19996337e-01   2.78147289e-05   5.19789813e+00   8.14525766e+00
 1.11000000e+00   0.00000000e+00   1.00000000e+00   1.16721941e-01   1.04719064e-04   5.18570032e+00   8.14324554e+00
 1.12000000e+00   0.00000000e+00   1.00000000e+00   1.13326729e-01   1.69978547e-04   5.17189296e+00   8.13743088e+00
 1.13000000e+00   0.00000000e+00   1.00000000e+00   1.09802556e-01   2.00348397e-04   5.15431448e+00   8.12715998e+00
 1.14000000e+00   0.00000000e+00   1.00000000e+00   1.06175988e-01   1.88336420e-04   5.13102754e+00   8.11321263e+00
 1.15000000e+00   0.00000000e+00   1.00000000e+00   1.02508201e-01   1.40784552e-04   5.10233232e+00   8.09907428e+00
 1.16000000e+00   0.00000000e+00   1.00000000e+00   9.88665774e-02   7.22959215e-05   5.07027871e+00   8.08594369e+00
 1.17000000e+00   0.00000000e+00   1.00000000e+00   9.52939863e-02   2.92305749e-06   5.03808243e+00   8.07505391e+00
 1.18000000e+00   0.00000000e+00   1.00000000e+00   9.18045653e-02  -4.36409679e-05   5.00828993e+00   8.06692324e+00
 1.19000000e+00   0.00000000e+00   1.00000000e+00   8.83987352e-02  -4.89125383e-05   4.98206995e+00   8.06263169e+00
 1.20000000e+00   0.00000000e+00   1.00000000e+00   8.50680388e-02  -1.06157657e-05   4.95953372e+00   8.06144988e+00
 1.21000000e+00   0.00000000e+00   1.00000000e+00   8.17829744e-02   5.61177844e-05   4.94089110e+00   8.06087509e+00
 1.22000000e+00   0.00000000e+00   1.00000000e+00   7.84916773e-02   1.28492058e-04   4.92503399e+00   8.05722982e+00
 1.23000000e+00   0.00000000e+00   1.00000000e+00   7.51496541e-02   1.85312722e-04   4.90919683e+00   8.04846588e+00
 1.24000000e+00   0.00000000e+00   1.00000000e+00   7.17566483e-02   2.09812109e-04   4.88981379e+00   8.03496050e+00
 1.25000000e+00   0.00000000e+00   1.00000000e+00   6.83607173e-02   1.92350850e-04   4.86508125e+00   8.02008589e+00
 1.26000000e+00   0.00000000e+00   1.00000000e+00   6.50276237e-02   1.36901417e-04   4.83619302e+00   8.00457896e+00
 1.27000000e+00   0.00000000e+00   1.00000000e+00   6.18107292e-02   6.32673285e-05   4.80549822e+00   7.99083245e+00
 1.28000000e+00   0.00000000e+00   1.00000000e+00   5.87431088e-02  -1.66677894e-06   4.77576758e+00   7.98003836e+00
 1.29000000e+00   0.00000000e+00   1.00000000e+00   5.58378123e-02  -3.68078610e-05   4.74865525e+00   7.97275626e+00
 1.30000000e+00   0.00000000e+00   1.00000000e+00   5.30804543e-02  -3.28251317e-05   4.72622388e+00   7.96812641e+00
 1.31000000e+00   0.00000000e+00   1.00000000e+00   5.04263891e-02   8.98365181e-06   4.70897458e+00   7.96444056e+00
 1.32000000e+00   0.00000000e+00   1.00000000e+00   4.78198216e-02   7.72748126e-05   4.69577954e+00   7.95976515e+00
 1.33000000e+00   0.00000000e+00   1.00000000e+00   4.52224880e-02   1.50518283e-04   4.68390990e+00   7.95274322e+00
 1.34000000e+00   0.00000000e+00   1.00000000e+00   4.26238638e-02   2.02746422e-04   4.67085135e+00   7.94241227e+00
 1.35000000e+00   0.00000000e+00   1.00000000e+00   4.00312170e-02   2.15626103e-04   4.65505327e+00   7.92808707e+00
 1.36000000e+00   0.00000000e+00   1.00000000e+00   3.74641267e-02   1.86711201e-04   4.63589944e+00   7.91057427e+00
 1.37000000e+00   0.00000000e+00   1.00000000e+00   3.49625164e-02   1.27482601e-04   4.61323936e+00   7.89211775e+00
 1.38000000e+00   0.00000000e+00   1.00000000e+00   3.25860829e-02   5.66059064e-05   4.58753085e+00   7.87650744e+00
 1.39000000e+00   0.00000000e+00   1.00000000e+00   3.03879661e-02  -4.35879553e-06   4.56119682e+00   7.86545456e+00
 1.40000000e+00   0.00000000e+00   1.00000000e+00   2.83814320e-02  -3.46931405e-05   4.53778308e+00   7.85889032e+00
 1.41000000e+00   0.00000000e+00   1.00000000e+00   2.65329693e-02  -2.22904147e-05   4.51954451e+00   7.85472522e+00
 1.42000000e+00   0.00000000e+00   1.00000000e+00   2.47875345e-02   2.89140066e-05   4.50642683e+00   7.85081070e+00
 1.43000000e+00   0.00000000e+00   1.00000000e+00   2.30991704e-02   1.00184579e-04   4.49629647e+00   7.84555604e+00
 1.44000000e+00   0.00000000e+00   1.00000000e+00   2.14434867e-02   1.67505077e-04   4.48656310e+00   7.83803005e+00
 1.45000000e+00   0.00000000e+00   1.00000000e+00   1.98169496e-02   2.10494436e-04   4.47520471e+00   7.82796184e+00
 1.46000000e+00   0.00000000e+00   1.00000000e+00   1.82387827e-02   2.16169231e-04   4.46092654e+00   7.81543323e+00
 1.47000000e+00   0.00000000e+00   1.00000000e+00   1.67532270e-02   1.81476002e-04   4.44254426e+00   7.80156595e+00
 1.48000000e+00   0.00000000e+00   1.00000000e+00   1.54175066e-02   1.16575646e-04   4.42070218e+00   7.78867519e+00
 1.49000000e+00   0.00000000e+00   1.00000000e+00   1.42779410e-02   4.38596974e-05   4.39748932e+00   7.77846751e+00
 1.50000000e+00   0.00000000e+00   1.00000000e+00   1.33552706e-02  -1.10349873e-05   4.37564804e+00   7.77192310e+00
 1.51000000e+00   0.00000000e+00   1.00000000e+00   1.26477439e-02  -3.04436239e-05   4.35711138e+00   7.76963224e+00
 1.52000000e+00   0.00000000e+00   1.00000000e+00   1.21368971e-02  -9.67011870e-06   4.34288842e+00   7.77068007e+00
 1.53000000e+00   0.00000000e+00   1.00000000e+00   1.17848189e-02   4.43478801e-05   4.33332435e+00   7.77301960e+00
 1.54000000e+00   0.00000000e+00   1.00000000e+00   1.15361059e-02   1.15368959e-04   4.32798412e+00   7.77376945e+00
 1.55000000e+00   0.00000000e+00   1.00000000e+00   1.13404119e-02   1.80401392e-04   4.32491837e+00   7.77063926e+00
 1.56000000e+00   0.00000000e+00   1.00000000e+00   1.11833990e-02   2.16579520e-04   4.32053970e+00   7.76351545e+00
 1.57000000e+00   0.00000000e+00   1.00000000e+00   1.10958172e-02   2.11129533e-04   4.31223522e+00   7.75452954e+00
 1.58000000e+00   0.00000000e+00   1.00000000e+00   1.11316941e-02   1.66988707e-04   4.29971450e+00   7.74581876e+00
 1.59000000e+00   0.00000000e+00   1.00000000e+00   1.13382407e-02   9.98227710e-05   4.28516829e+00   7.73876573e+00
 1.60000000e+00   0.00000000e+00   1.00000000e+00   1.17413885e-02   3.09370159e-05   4.27083651e+00   7.73421627e+00
 1.61000000e+00   0.00000000e+00   1.00000000e+00   1.23459072e-02  -1.83629328e-05   4.25894948e+00   7.73253453e+00
 1.62000000e+00   0.00000000e+00   1.00000000e+00   1.31357830e-02  -3.15672528e-05   4.25103978e+00   7.73392485e+00
 1.63000000e+00   0.00000000e+00   1.00000000e+00   1.40730242e-02  -3.11281231e-06   4.24811672e+00   7.73758470e+00
 1.64000000e+00   0.00000000e+00   1.00000000e+00   1.51057741e-02   5.74237366e-05   4.24979986e+00   7.74160249e+00
 1.65000000e+00   0.00000000e+00   1.00000000e+00   1.61874908e-02   1.28587767e-04   4.25428945e+00   7.74404877e+00
 1.66000000e+00   0.00000000e+00   1.00000000e+00   1.72932329e-02   1.86427685e-04   4.25863613e+00   7.74373475e+00
 1.67000000e+00   0.00000000e+00   1.00000000e+00   1.84226536e-02   2.12947847e-04   4.26102783e+00   7.74030133e+00
 1.68000000e+00   0.00000000e+00   1.00000000e+00   1.95959530e-02   1.99984986e-04   4.26005603e+00   7.73460988e+00
 1.69000000e+00   0.00000000e+00   1.00000000e+00   2.08522471e-02   1.50755958e-04   4.25564213e+00   7.72840230e+00
 1.70000000e+00   0.00000000e+00   1.00000000e+00   2.22447071e-02   8.04739817e-05   4.24815335e+00   7.72445055e+00
 1.71000000e+00   0.00000000e+00   1.00000000e+00   2.38208998e-02   1.28479585e-05   4.24029800e+00   7.72498314e+00
 1.72000000e+00   0.00000000e+00   1.00000000e+00   2.55954369e-02  -2.89406052e-05   4.23524894e+00   7.72995363e+00
 1.73000000e+00   0.00000000e+00   1.00000000e+00   2.75394377e-02  -3.17001033e-05   4.23579534e+00   7.73776264e+00
 1.74000000e+00   0.00000000e+00   1.00000000e+00   2.95984650e-02   4.10835575e-06   4.24194820e+00   7.74631508e+00
 1.75000000e+00   0.00000000e+00   1.00000000e+00   3.17216483e-02   6.64961375e-05   4.25197162e+00   7.75434638e+00
 1.76000000e+00   0.00000000e+00   1.00000000e+00   3.38779256e-02   1.35795650e-04   4.26335673e+00   7.76119542e+00
 1.77000000e+00   0.00000000e+00   1.00000000e+00   3.60565707e-02   1.89238762e-04   4.27397434e+00   7.76609664e+00
 1.78000000e+00   0.00000000e+00   1.00000000e+00   3.82653976e-02   2.08054226e-04   4.28242513e+00   7.76865340e+00
 1.79000000e+00   0.00000000e+00   1.00000000e+00   4.05316842e-02   1.85374270e-04   4.28768681e+00   7.76944400e+00
 1.80000000e+00   0.00000000e+00   1.00000000e+00   4.28970606e-02   1.29342068e-04   4.29028544e+00   7.77020743e+00
 1.81000000e+00   0.00000000e+00   1.00000000e+00   4.54015838e-02   5.89627336e-05   4.29201723e+00   7.77306490e+00
 1.82000000e+00   0.00000000e+00   1.00000000e+00   4.80665808e-02  -3.37518874e-06   4.29555114e+00   7.77899564e+00
 1.83000000e+00   0.00000000e+00   1.00000000e+00   5.08875652e-02  -3.82449568e-05   4.30340049e+00   7.78841337e+00
 1.84000000e+00   0.00000000e+00   1.00000000e+00   5.38362050e-02  -3.40984212e-05   4.31669353e+00   7.80062660e+00
 1.85000000e+00   0.00000000e+00   1.00000000e+00   5.68644415e-02   8.32885159e-06   4.33549724e+00   7.81391517e+00
 1.86000000e+00   0.00000000e+00   1.00000000e+00   5.99123926e-02   7.46883694e-05   4.35865616e+00   7.82589633e+00
 1.87000000e+00   0.00000000e+00   1.00000000e+00   6.29267677e-02   1.41916202e-04   4.38330099e+00   7.83430851e+00
 1.88000000e+00   0.00000000e+00   1.00000000e+00   6.58846002e-02   1.87447526e-04   4.40607384e+00   7.83908864e+00
 1.89000000e+00   0.00000000e+00   1.00000000e+00   6.88034975e-02   1.96905476e-04   4.42470965e+00   7.84167555e+00
 1.90000000e+00   0.00000000e+00   1.00000000e+00   7.17273585e-02   1.67386878e-04   4.43910740e+00   7.84369574e+00
 1.91000000e+00   0.00000000e+00   1.00000000e+00   7.46996263e-02   1.07735029e-04   4.45133420e+00   7.84654053e+00
 1.92000000e+00   0.00000000e+00   1.00000000e+00   7.77456696e-02   3.68222578e-05   4.46375005e+00   7.85056902e+00
 1.93000000e+00   0.00000000e+00   1.00000000e+00   8.08707169e-02  -2.16984440e-05   4.47852486e+00   7.85666161e+00
 1.94000000e+00   0.00000000e+00   1.00000000e+00   8.40624193e-02  -4.81112596e-05   4.49732668e+00   7.86606057e+00
 1.95000000e+00   0.00000000e+00   1.00000000e+00   8.72903938e-02  -3.42976426e-05   4.52073164e+00   7.87745173e+00
 1.96000000e+00   0.00000000e+00   1.00000000e+00   9.05090201e-02   1.41420448e-05   4.54805598e+00   7.89031750e+00
 1.97000000e+00   0.00000000e+00   1.00000000e+00   9.36705902e-02   8.10651516e-05   4.57770123e+00   7.90181507e+00
 1.98000000e+00   0.00000000e+00   1.00000000e+00   9.67430308e-02   1.44935302e-04   4.60638334e+00   7.91027182e+00
 1.99000000e+00   0.00000000e+00   1.00000000e+00   9.97203073e-02   1.84628725e-04   4.63170247e+00   7.91579245e+00
 2.00000000e+00   0.00000000e+00   1.00000000e+00   1.02622250e-01   1.86177205e-04   4.65280696e+00   7.91920187e+00
 2.01000000e+00   0.00000000e+00   1.00000000e+00   1.05488864e-01   1.48624041e-04   4.66943062e+00   7.92138814e+00
 2.02000000e+00   0.00000000e+00   1.00000000e+00   1.08370111e-01   8.47820558e-05   4.68350637e+00   7.92516307e+00
 2.03000000e+00   0.00000000e+00   1.00000000e+00   1.11308132e-01   1.59803143e-05   4.69788321e+00   7.93184924e+00
 2.04000000e+00   0.00000000e+00   1.00000000e+00   1.14316446e-01  -3.57586608e-05   4.71563977e+00   7.94195408e+00
 2.05000000e+00   0.00000000e+00   1.00000000e+00   1.17370651e-01  -5.41731096e-05   4.73881727e+00   7.95457278e+00
 2.06000000e+00   0.00000000e+00   1.00000000e+00   1.20420102e-01  -3.31625407e-05   4.76747742e+00   7.96776425e+00
 2.07000000e+00   0.00000000e+00   1.00000000e+00   1.23411888e-01   2.07304785e-05   4.79940216e+00   7.98075960e+00
 2.08000000e+00   0.00000000e+00   1.00000000e+00   1.26308717e-01   8.94196341e-05   4.83171906e+00   7.99249404e+00
 2.09000000e+00   0.00000000e+00   1.00000000e+00   1.29092842e-01   1.49451315e-04   4.86267439e+00   8.00200402e+00
 2.10000000e+00   0.00000000e+00   1.00000000e+00   1.31763982e-01   1.80759708e-04   4.88929204e+00   8.00829003e+00
 2.11000000e+00   0.00000000e+00   1.00000000e+00   1.34339355e-01   1.73498793e-04   4.91200855e+00   8.01200698e+00
 2.12000000e+00   0.00000000e+00   1.00000000e+00   1.36852122e-01   1.30153916e-04   4.93102729e+00   8.01409613e+00
 2.13000000e+00   0.00000000e+00   1.00000000e+00   1.39340573e-01   6.43959874e-05   4.94826968e+00   8.01708654e+00
 2.14000000e+00   0.00000000e+00   1.00000000e+00   1.41830534e-01  -2.64072910e-06   4.96640041e+00   8.02289071e+00
 2.15000000e+00   0.00000000e+00   1.00000000e+00   1.44322291e-01  -4.86119091e-05   4.98809635e+00   8.03112843e+00
 2.16000000e+00   0.00000000e+00   1.00000000e+00   1.46788700e-01  -5.80899473e-05   5.01438405e+00   8.04127505e+00
 2.17000000e+00   0.00000000e+00   1.00000000e+00   1.49182136e-01  -2.84077865e-05   5.04492232e+00   8.05240820e+00
 2.18000000e+00   0.00000000e+00   1.00000000e+00   1.51446760e-01   2.99471968e-05   5.07757207e+00   8.06208722e+00
 2.19000000e+00   0.00000000e+00   1.00000000e+00   1.53535707e-01   9.76588762e-05   5.10917372e+00   8.06948514e+00
 2.20000000e+00   0.00000000e+00   1.00000000e+00   1.55429336e-01   1.52790920e-04   5.13658937e+00   8.07369494e+00
 2.21000000e+00   0.00000000e+00   1.00000000e+00   1.57143487e-01   1.77129725e-04   5.15798052e+00   8.07543886e+00
 2.22000000e+00   0.00000000e+00   1.00000000e+00   1.58719917e-01   1.62088961e-04   5.17344750e+00   8.07572786e+00
 2.23000000e+00   0.00000000e+00   1.00000000e+00   1.60205033e-01   1.12380178e-04   5.18505330e+00   8.07593030e+00
 2.24000000e+00   0.00000000e+00   1.00000000e+00   1.61632432e-01   4.47626478e-05   5.19536661e+00   8.07690102e+00
 2.25000000e+00   0.00000000e+00   1.00000000e+00   1.63017338e-01  -1.82447231e-05   5.20699099e+00   8.07993611e+00
 2.26000000e+00   0.00000000e+00   1.00000000e+00   1.64357517e-01  -5.63005726e-05   5.22125313e+00   8.08553687e+00
 2.27000000e+00   0.00000000e+00   1.00000000e+00   1.65633201e-01  -5.73453172e-05   5.23927460e+00   8.09385349e+00
 2.28000000e+00   0.00000000e+00   1.00000000e+00   1.66808228e-01  -2.09226284e-05   5.26026762e+00   8.10336375e+00
 2.29000000e+00   0.00000000e+00   1.00000000e+00   1.67839441e-01   4.12985743e-05   5.28245704e+00   8.11235700e+00
 2.30000000e+00   0.00000000e+00   1.00000000e+00   1.68693826e-01   1.08656139e-04   5.30293028e+00   8.11910491e+00
 2.31000000e+00   0.00000000e+00   1.00000000e+00   1.69363308e-01   1.58489318e-04   5.31883984e+00   8.12274487e+00
 2.32000000e+00   0.00000000e+00   1.00000000e+00   1.69868507e-01   1.74343935e-04   5.32904512e+00   8.12388855e+00
 2.33000000e+00   0.00000000e+00   1.00000000e+00   1.70251458e-01   1.51435544e-04   5.33398323e+00   8.12354708e+00
 2.34000000e+00   0.00000000e+00   1.00000000e+00   1.70561815e-01   9.74941971e-05   5.33560932e+00   8.12354170e+00
 2.35000000e+00   0.00000000e+00   1.00000000e+00   1.70840142e-01   3.00814904e-05   5.35542167e+00   8.12690285e+00
 2.36000000e+00   0.00000000e+00   1.00000000e+00   1.71101914e-01  -2.89577303e-05   5.35874148e+00   8.12619975e+00
 2.37000000e+00   0.00000000e+00   1.00000000e+00   1.71329790e-01  -5.98250611e-05   5.36221615e+00   8.12872006e+00
 2.38000000e+00   0.00000000e+00   1.00000000e+00   1.71481412e-01  -5.21056208e-05   5.36755852e+00   8.13226452e+00
 2.39000000e+00   0.00000000e+00   1.00000000e+00   1.71508291e-01  -8.52277165e-06   5.37282069e+00   8.13622641e+00
 2.40000000e+00   0.00000000e+00   1.00000000e+00   1.71372627e-01   5.61218547e-05   5.37535373e+00   8.13949287e+00
 2.41000000e+00   0.00000000e+00   1.00000000e+00   1.71054292e-01   1.20640183e-04   5.37384054e+00   8.14080491e+00
 2.42000000e+00   0.00000000e+00   1.00000000e+00   1.70551233e-01   1.64155440e-04   5.36763970e+00   8.13927748e+00
 2.43000000e+00   0.00000000e+00   1.00000000e+00   1.69879921e-01   1.72410879e-04   5.35666496e+00   8.13480419e+00
 2.44000000e+00   0.00000000e+00   1.00000000e+00   1.69074604e-01   1.42401352e-04   5.34202344e+00   8.12703924e+00
 2.45000000e+00   0.00000000e+00   1.00000000e+00   1.68177645e-01   8.39415926e-05   5.37677016e+00   8.12283050e+00
 2.46000000e+00   0.00000000e+00   1.00000000e+00   1.67228105e-01   1.71619255e-05   5.38124781e+00   8.12359181e+00
 2.47000000e+00   0.00000000e+00   1.00000000e+00   1.66240907e-01  -3.63409176e-05   5.38030096e+00   8.12925664e+00
 2.48000000e+00   0.00000000e+00   1.00000000e+00   1.65198703e-01  -5.85677105e-05   5.38159167e+00   8.13674390e+00
 2.49000000e+00   0.00000000e+00   1.00000000e+00   1.64062392e-01  -4.26124331e-05   5.38560461e+00   8.14405506e+00
 2.50000000e+00   0.00000000e+00   1.00000000e+00   1.62786171e-01   6.63609363e-06   5.39068013e+00   8.15028483e+00
 2.51000000e+00   0.00000000e+00   1.00000000e+00   1.61333707e-01   7.31843184e-05   5.39409582e+00   8.15410976e+00
 2.52000000e+00   0.00000000e+00   1.00000000e+00   1.59693858e-01   1.35242173e-04   5.39349245e+00   8.15510846e+00
 2.53000000e+00   0.00000000e+00   1.00000000e+00   1.57886111e-01   1.72165534e-04   5.38691995e+00   8.15338351e+00
 2.54000000e+00   0.00000000e+00   1.00000000e+00   1.55953898e-01   1.71959859e-04   5.37440247e+00   8.14950557e+00
 2.55000000e+00   0.00000000e+00   1.00000000e+00   1.53947500e-01   1.35174980e-04   5.35763500e+00   8.14439902e+00
 2.56000000e+00   0.00000000e+00   1.00000000e+00   1.51908205e-01   7.41979506e-05   5.33896658e+00   8.13937509e+00
 2.57000000e+00   0.00000000e+00   1.00000000e+00   1.49861557e-01   9.11149079e-06   5.32084819e+00   8.13546489e+00
 2.58000000e+00   0.00000000e+00   1.00000000e+00   1.47815352e-01  -3.86330894e-05   5.30507223e+00   8.13404077e+00
 2.59000000e+00   0.00000000e+00   1.00000000e+00   1.45758054e-01  -5.29378208e-05   5.29313520e+00   8.13574698e+00
 2.60000000e+00   0.00000000e+00   1.00000000e+00   1.43659231e-01  -2.87658744e-05   5.28497665e+00   8.13927493e+00
 2.61000000e+00   0.00000000e+00   1.00000000e+00   1.41477586e-01   2.59406033e-05   5.27885270e+00   8.14247184e+00
 2.62000000e+00   0.00000000e+00   1.00000000e+00   1.39177689e-01   9.30780206e-05   5.27277426e+00   8.14462655e+00
 2.63000000e+00   0.00000000e+00   1.00000000e+00   1.36747570e-01   1.50776830e-04   5.26362036e+00   8.14301677e+00
 2.64000000e+00   0.00000000e+00   1.00000000e+00   1.34206595e-01   1.80460618e-04   5.24972560e+00   8.13868521e+00
 2.65000000e+00   0.00000000e+00   1.00000000e+00   1.31598183e-01   1.72587218e-04   5.23083496e+00   8.13247634e+00
 2.66000000e+00   0.00000000e+00   1.00000000e+00   1.28972411e-01   1.29785999e-04   5.20892587e+00   8.12582483e+00
 2.67000000e+00   0.00000000e+00   1.00000000e+00   1.26368740e-01   6.63330943e-05   5.18665185e+00   8.11945159e+00
 2.68000000e+00   0.00000000e+00   1.00000000e+00   1.23804175e-01   3.55773888e-06   5.16584971e+00   8.11464655e+00
 2.69000000e+00   0.00000000e+00   1.00000000e+00   1.21268600e-01  -3.75348157e-05   5.14825685e+00   8.11151707e+00
 2.70000000e+00   0.00000000e+00   1.00000000e+00   1.18729538e-01  -4.33650171e-05   5.13475484e+00   8.10994065e+00
 2.71000000e+00   0.00000000e+00   1.00000000e+00   1.16145864e-01  -1.20252322e-05   5.12427195e+00   8.10940048e+00
 2.72000000e+00   0.00000000e+00   1.00000000e+00   1.13483253e-01   4.64501032e-05   5.11501342e+00   8.10856312e+00
 2.73000000e+00   0.00000000e+00   1.00000000e+00   1.10722838e-01   1.13147193e-04   5.10454941e+00   8.10620043e+00
 2.74000000e+00   0.00000000e+00   1.00000000e+00   1.07863572e-01   1.66245147e-04   5.09110317e+00   8.10071672e+00
 2.75000000e+00   0.00000000e+00   1.00000000e+00   1.04924224e-01   1.88291008e-04   5.07352347e+00   8.09204014e+00
 2.76000000e+00   0.00000000e+00   1.00000000e+00   1.01943839e-01   1.72285335e-04   5.05148887e+00   8.08089685e+00
 2.77000000e+00   0.00000000e+00   1.00000000e+00   9.89735206e-02   1.23975569e-04   5.02607212e+00   8.06922950e+00
 2.78000000e+00   0.00000000e+00   1.00000000e+00   9.60588110e-02   5.95835885e-05   4.99957893e+00   8.05891950e+00
 2.79000000e+00   0.00000000e+00   1.00000000e+00   9.32220709e-02   4.26826019e-07   4.97450357e+00   8.05104196e+00
 2.80000000e+00   0.00000000e+00   1.00000000e+00   9.04550750e-02  -3.38748222e-05   4.95304842e+00   8.04565190e+00
 2.81000000e+00   0.00000000e+00   1.00000000e+00   8.77254643e-02  -3.16854563e-05   4.93565680e+00   8.04209692e+00
 2.82000000e+00   0.00000000e+00   1.00000000e+00   8.49930968e-02   6.58529577e-06   4.92142085e+00   8.03904965e+00
 2.83000000e+00   0.00000000e+00   1.00000000e+00   8.22274852e-02   6.84189024e-05   4.90814058e+00   8.03550149e+00
 2.84000000e+00   0.00000000e+00   1.00000000e+00   7.94193931e-02   1.33492359e-04   4.89367335e+00   8.03031091e+00
 2.85000000e+00   0.00000000e+00   1.00000000e+00   7.65845018e-02   1.80628103e-04   4.87644112e+00   8.02339442e+00
 2.86000000e+00   0.00000000e+00   1.00000000e+00   7.37589809e-02   1.94710596e-04   4.85529730e+00   8.01371206e+00
 2.87000000e+00   0.00000000e+00   1.00000000e+00   7.09883441e-02   1.71352578e-04   4.83106266e+00   8.00294456e+00
 2.88000000e+00   0.00000000e+00   1.00000000e+00   6.83143056e-02   1.18351267e-04   4.80521129e+00   7.99154992e+00
 2.89000000e+00   0.00000000e+00   1.00000000e+00   6.57648922e-02   5.33868818e-05   4.77952630e+00   7.98090694e+00
 2.90000000e+00   0.00000000e+00   1.00000000e+00   6.33493791e-02  -1.81804962e-06   4.75621145e+00   7.97264848e+00
 2.91000000e+00   0.00000000e+00   1.00000000e+00   6.10562279e-02  -2.88002443e-05   4.73635777e+00   7.96716751e+00
 2.92000000e+00   0.00000000e+00   1.00000000e+00   5.88537219e-02  -1.86677896e-05   4.72084481e+00   7.96389165e+00
 2.93000000e+00   0.00000000e+00   1.00000000e+00   5.66977133e-02   2.52669263e-05   4.70908363e+00   7.96090903e+00
 2.94000000e+00   0.00000000e+00   1.00000000e+00   5.45485056e-02   8.87282636e-05   4.69900338e+00   7.95657890e+00
 2.95000000e+00   0.00000000e+00   1.00000000e+00   5.23891898e-02   1.51075066e-04   4.68824692e+00   7.94976391e+00
 2.96000000e+00   0.00000000e+00   1.00000000e+00   5.02335836e-02   1.91881953e-04   4.67461538e+00   7.94061156e+00
 2.97000000e+00   0.00000000e+00   1.00000000e+00   4.81193841e-02   1.97743258e-04   4.65738228e+00   7.92951922e+00
 2.98000000e+00   0.00000000e+00   1.00000000e+00   4.60923720e-02   1.66925701e-04   4.63720392e+00   7.91745004e+00
 2.99000000e+00   0.00000000e+00   1.00000000e+00   4.41900815e-02   1.09866588e-04   4.61566537e+00   7.90556924e+00
 3.00000000e+00   0.00000000e+00   1.00000000e+00   4.24304441e-02   4.55475436e-05   4.59465015e+00   7.89496753e+00
 3.01000000e+00   0.00000000e+00   1.00000000e+00   4.08079072e-02  -4.83515475e-06   4.57642092e+00   7.88619758e+00
 3.02000000e+00   0.00000000e+00   1.00000000e+00   3.92972408e-02  -2.46701184e-05   4.56179250e+00   7.87968250e+00
 3.03000000e+00   0.00000000e+00   1.00000000e+00   3.78630772e-02  -7.27107964e-06   4.55075459e+00   7.87498934e+00
 3.04000000e+00   0.00000000e+00   1.00000000e+00   3.64713418e-02   4.17417076e-05   4.54220004e+00   7.87118508e+00
 3.05000000e+00   0.00000000e+00   1.00000000e+00   3.50992854e-02   1.06213344e-04   4.53434642e+00   7.86665974e+00
 3.06000000e+00   0.00000000e+00   1.00000000e+00   3.37424908e-02   1.64855079e-04   4.52538015e+00   7.86037961e+00
 3.07000000e+00   0.00000000e+00   1.00000000e+00   3.24182255e-02   1.98471881e-04   4.51373668e+00   7.85175646e+00
 3.08000000e+00   0.00000000e+00   1.00000000e+00   3.11639771e-02   1.96183507e-04   4.49855206e+00   7.84130356e+00
 3.09000000e+00   0.00000000e+00   1.00000000e+00   3.00288558e-02   1.58866257e-04   4.48027924e+00   7.83080464e+00
 3.10000000e+00   0.00000000e+00   1.00000000e+00   2.90573433e-02   9.88032872e-05   4.46057413e+00   7.82185345e+00
 3.11000000e+00   0.00000000e+00   1.00000000e+00   2.82716885e-02   3.58249165e-05   4.44170595e+00   7.81534608e+00
 3.12000000e+00   0.00000000e+00   1.00000000e+00   2.76635143e-02  -9.17587039e-06   4.42621922e+00   7.81129042e+00
 3.13000000e+00   0.00000000e+00   1.00000000e+00   2.71998232e-02  -2.13140452e-05   4.41511273e+00   7.80930982e+00
 3.14000000e+00   0.00000000e+00   1.00000000e+00   2.68386208e-02   3.29908053e-06   4.40787259e+00   7.80857839e+00
 3.15000000e+00   0.00000000e+00   1.00000000e+00   2.65450229e-02   5.64520307e-05   4.40334395e+00   7.80831001e+00
 3.16000000e+00   0.00000000e+00   1.00000000e+00   2.63017683e-02   1.20621868e-04   4.39919987e+00   7.80757798e+00
 3.17000000e+00   0.00000000e+00   1.00000000e+00   2.61129039e-02   1.74726701e-04   4.39391200e+00   7.80550969e+00
 3.18000000e+00   0.00000000e+00   1.00000000e+00   2.60013233e-02   2.00860943e-04   4.38619221e+00   7.80168469e+00
 3.19000000e+00   0.00000000e+00   1.00000000e+00   2.60011523e-02   1.90320724e-04   4.37772712e+00   7.80278814e+00
 3.20000000e+00   0.00000000e+00   1.00000000e+00   2.61468746e-02   1.46673283e-04   4.36400125e+00   7.79187644e+00
 3.21000000e+00   0.00000000e+00   1.00000000e+00   2.64628809e-02   8.42354802e-05   4.35157866e+00   7.78643901e+00
 3.22000000e+00   0.00000000e+00   1.00000000e+00   2.69555496e-02   2.37312865e-05   4.34125094e+00   7.78321499e+00
 3.23000000e+00   0.00000000e+00   1.00000000e+00   2.76092121e-02  -1.51854056e-05   4.33459143e+00   7.78260098e+00
 3.24000000e+00   0.00000000e+00   1.00000000e+00   2.83872986e-02  -1.97847269e-05   4.33245034e+00   7.78413646e+00
 3.25000000e+00   0.00000000e+00   1.00000000e+00   2.92415781e-02   1.13280681e-05   4.33449195e+00   7.78658045e+00
 3.26000000e+00   0.00000000e+00   1.00000000e+00   3.01285441e-02   6.78199686e-05   4.33908972e+00   7.78853691e+00
 3.27000000e+00   0.00000000e+00   1.00000000e+00   3.10259700e-02   1.30859685e-04   4.34367474e+00   7.78919333e+00
 3.28000000e+00   0.00000000e+00   1.00000000e+00   3.19408630e-02   1.79488314e-04   4.34611535e+00   7.78830954e+00
 3.29000000e+00   0.00000000e+00   1.00000000e+00   3.29044316e-02   1.97630655e-04   4.34541941e+00   7.78621740e+00
 3.30000000e+00   0.00000000e+00   1.00000000e+00   3.39574148e-02   1.79309279e-04   4.34184436e+00   7.78362934e+00
 3.31000000e+00   0.00000000e+00   1.00000000e+00   3.51343138e-02   1.30487984e-04   4.33678486e+00   7.78114207e+00
 3.32000000e+00   0.00000000e+00   1.00000000e+00   3.64529879e-02   6.70739444e-05   4.33230365e+00   7.77965462e+00
 3.33000000e+00   0.00000000e+00   1.00000000e+00   3.79110169e-02   9.85454319e-06   4.33015218e+00   7.77986436e+00
 3.34000000e+00   0.00000000e+00   1.00000000e+00   3.94873394e-02  -2.24116876e-05   4.33151789e+00   7.78253151e+00
 3.35000000e+00   0.00000000e+00   1.00000000e+00   4.11482705e-02  -1.92316120e-05   4.33686338e+00   7.78728397e+00
 3.36000000e+00   0.00000000e+00   1.00000000e+00   4.28571116e-02   1.80775850e-05   4.34526258e+00   7.79334417e+00
 3.37000000e+00   0.00000000e+00   1.00000000e+00   4.45851059e-02   7.69861452e-05   4.35517761e+00   7.79936119e+00
 3.38000000e+00   0.00000000e+00   1.00000000e+00   4.63206044e-02   1.37957811e-04   4.36452436e+00   7.80425931e+00
 3.39000000e+00   0.00000000e+00   1.00000000e+00   4.80739578e-02   1.80800022e-04   4.37164985e+00   7.80746265e+00
 3.40000000e+00   0.00000000e+00   1.00000000e+00   4.98761019e-02   1.91232526e-04   4.37584510e+00   7.80929824e+00
 3.41000000e+00   0.00000000e+00   1.00000000e+00   5.17692165e-02   1.65638382e-04   4.37755543e+00   7.81085467e+00
 3.42000000e+00   0.00000000e+00   1.00000000e+00   5.37907164e-02   1.12354880e-04   4.37825811e+00   7.81329371e+00
 3.43000000e+00   0.00000000e+00   1.00000000e+00   5.59571094e-02   4.88583088e-05   4.38082387e+00   7.81731168e+00
 3.44000000e+00   0.00000000e+00   1.00000000e+00   5.82563345e-02  -4.09806543e-06   4.38697667e+00   7.82299066e+00
 3.45000000e+00   0.00000000e+00   1.00000000e+00   6.06525475e-02  -2.93336824e-05   4.39800206e+00   7.83026971e+00
 3.46000000e+00   0.00000000e+00   1.00000000e+00   6.30997860e-02  -1.87917541e-05   4.41322172e+00   7.83853643e+00
 3.47000000e+00   0.00000000e+00   1.00000000e+00   6.55568662e-02   2.38632866e-05   4.43135482e+00   7.84729760e+00
 3.48000000e+00   0.00000000e+00   1.00000000e+00   6.79976835e-02   8.43769957e-05   4.45030217e+00   7.85583263e+00
 3.49000000e+00   0.00000000e+00   1.00000000e+00   7.04154481e-02   1.42543451e-04   4.46814805e+00   7.86316755e+00
 3.50000000e+00   0.00000000e+00   1.00000000e+00   7.28218921e-02   1.78961874e-04   4.48350908e+00   7.86869403e+00
 3.51000000e+00   0.00000000e+00   1.00000000e+00   7.52423102e-02   1.81487444e-04   4.49617597e+00   7.87233371e+00
 3.52000000e+00   0.00000000e+00   1.00000000e+00   7.77068420e-02   1.49181045e-04   4.50674314e+00   7.87480581e+00
 3.53000000e+00   0.00000000e+00   1.00000000e+00   8.02393922e-02   9.25176498e-05   4.51734601e+00   7.87739419e+00
 3.54000000e+00   0.00000000e+00   1.00000000e+00   8.28473164e-02   2.99428813e-05   4.52951624e+00   7.88143787e+00
 3.55000000e+00   0.00000000e+00   1.00000000e+00   8.55156622e-02  -1.81231398e-05   4.54517428e+00   7.88724470e+00
 3.56000000e+00   0.00000000e+00   1.00000000e+00   8.82087284e-02  -3.60118116e-05   4.56497481e+00   7.89467017e+00
 3.57000000e+00   0.00000000e+00   1.00000000e+00   9.08797154e-02  -1.80493471e-05   4.58825875e+00   7.90327344e+00
 3.58000000e+00   0.00000000e+00   1.00000000e+00   9.34862558e-02   2.95590222e-05   4.61325285e+00   7.91167395e+00
 3.59000000e+00   0.00000000e+00   1.00000000e+00   9.60057632e-02   9.08726058e-05   4.63705753e+00   7.91885765e+00
 3.60000000e+00   0.00000000e+00   1.00000000e+00   9.84429260e-02   1.45530725e-04   4.65811151e+00   7.92484147e+00
 3.61000000e+00   0.00000000e+00   1.00000000e+00   1.00825455e-01   1.75405851e-04   4.67533274e+00   7.93001967e+00
 3.62000000e+00   0.00000000e+00   1.00000000e+00   1.03191378e-01   1.70499212e-04   4.68925333e+00   7.93395533e+00
 3.63000000e+00   0.00000000e+00   1.00000000e+00   1.05574941e-01   1.32250177e-04   4.70138961e+00   7.93755626e+00
 3.64000000e+00   0.00000000e+00   1.00000000e+00   1.07996492e-01   7.31452540e-05   4.71386568e+00   7.94146944e+00
 3.65000000e+00   0.00000000e+00   1.00000000e+00   1.10457798e-01   1.25647209e-05   4.72837057e+00   7.94644219e+00
 3.66000000e+00   0.00000000e+00   1.00000000e+00   1.12941893e-01  -2.96970500e-05   4.74631285e+00   7.95326478e+00
 3.67000000e+00   0.00000000e+00   1.00000000e+00   1.15417009e-01  -3.99550120e-05   4.76806524e+00   7.96231037e+00
 3.68000000e+00   0.00000000e+00   1.00000000e+00   1.17844902e-01  -1.50406999e-05   4.79258322e+00   7.97236339e+00
 3.69000000e+00   0.00000000e+00   1.00000000e+00   1.20192131e-01   3.66775034e-05   4.81817817e+00   7.98235699e+00
 3.70000000e+00   0.00000000e+00   1.00000000e+00   1.22441089e-01   9.80073783e-05   4.84247944e+00   7.99120815e+00
 3.71000000e+00   0.00000000e+00   1.00000000e+00   1.24596602e-01   1.48552794e-04   4.86385799e+00   7.99840069e+00
 3.72000000e+00   0.00000000e+00   1.00000000e+00   1.26684582e-01   1.71487056e-04   4.88143325e+00   8.00420237e+00
 3.73000000e+00   0.00000000e+00   1.00000000e+00   1.28742193e-01   1.59176146e-04   4.89601294e+00   8.00882925e+00
 3.74000000e+00   0.00000000e+00   1.00000000e+00   1.30802629e-01   1.15616882e-04   4.90968854e+00   8.01290967e+00
 3.75000000e+00   0.00000000e+00   1.00000000e+00   1.32880594e-01   5.50388418e-05   4.92394332e+00   8.01719674e+00
 3.76000000e+00   0.00000000e+00   1.00000000e+00   1.34965218e-01  -2.77485423e-06   4.94140607e+00   8.02248097e+00
 3.77000000e+00   0.00000000e+00   1.00000000e+00   1.37023579e-01  -3.89230537e-05   4.96257229e+00   8.02837876e+00
 3.78000000e+00   0.00000000e+00   1.00000000e+00   1.39012313e-01  -4.16006993e-05   4.98710134e+00   8.03526178e+00
 3.79000000e+00   0.00000000e+00   1.00000000e+00   1.40891111e-01  -1.00786026e-05   5.01330339e+00   8.04410221e+00
 3.80000000e+00   0.00000000e+00   1.00000000e+00   1.42632660e-01   4.50520638e-05   5.03840660e+00   8.05119197e+00
 3.81000000e+00   0.00000000e+00   1.00000000e+00   1.44227665e-01   1.05480249e-04   5.06116263e+00   8.05764502e+00
 3.82000000e+00   0.00000000e+00   1.00000000e+00   1.45685938e-01   1.51223571e-04   5.08006063e+00   8.06222453e+00
 3.83000000e+00   0.00000000e+00   1.00000000e+00   1.47033319e-01   1.67170313e-04   5.09448922e+00   8.06453905e+00
 3.84000000e+00   0.00000000e+00   1.00000000e+00   1.48303835e-01   1.47981494e-04   5.10550478e+00   8.06571260e+00
 3.85000000e+00   0.00000000e+00   1.00000000e+00   1.49528025e-01   9.99069470e-05   5.11493753e+00   8.06657310e+00
 3.86000000e+00   0.00000000e+00   1.00000000e+00   1.50721203e-01   3.87714538e-05   5.12488256e+00   8.06788494e+00
 3.87000000e+00   0.00000000e+00   1.00000000e+00   1.51876450e-01  -1.52998920e-05   5.13703999e+00   8.07053907e+00
 3.88000000e+00   0.00000000e+00   1.00000000e+00   1.52965752e-01  -4.45737122e-05   5.15237995e+00   8.07473260e+00
 3.89000000e+00   0.00000000e+00   1.00000000e+00   1.53949738e-01  -3.95273183e-05   5.16996886e+00   8.08012224e+00
 3.90000000e+00   0.00000000e+00   1.00000000e+00   1.54792582e-01  -1.91025535e-06   5.18800151e+00   8.08602177e+00
 3.91000000e+00   0.00000000e+00   1.00000000e+00   1.55475863e-01   5.58440373e-05   5.20444408e+00   8.09181213e+00
 3.92000000e+00   0.00000000e+00   1.00000000e+00   1.56005380e-01   1.14669728e-04   5.21716473e+00   8.09679009e+00
 3.93000000e+00   0.00000000e+00   1.00000000e+00   1.56408128e-01   1.55135701e-04   5.22546700e+00   8.10058509e+00
 3.94000000e+00   0.00000000e+00   1.00000000e+00   1.56721841e-01   1.63905257e-04   5.22982178e+00   8.10286882e+00
 3.95000000e+00   0.00000000e+00   1.00000000e+00   1.56982651e-01   1.38157753e-04   5.23158334e+00   8.10400906e+00
 3.96000000e+00   0.00000000e+00   1.00000000e+00   1.57215359e-01   8.65212404e-05   5.24891545e+00   8.10776724e+00
 3.97000000e+00   0.00000000e+00   1.00000000e+00   1.57427621e-01   2.59126830e-05   5.25189541e+00   8.10684801e+00
 3.98000000e+00   0.00000000e+00   1.00000000e+00   1.57607873e-01  -2.36418800e-05   5.25398289e+00   8.10773741e+00
 3.99000000e+00   0.00000000e+00   1.00000000e+00   1.57727746e-01  -4.58474310e-05   5.25724885e+00   8.10926306e+00
 4.00000000e+00   0.00000000e+00   1.00000000e+00   1.57749796e-01  -3.33490176e-05   5.26041996e+00   8.11152490e+00
 4.01000000e+00   0.00000000e+00   1.00000000e+00   1.57639394e-01   9.65911043e-06   5.26209773e+00   8.11395080e+00
 4.02000000e+00   0.00000000e+00   1.00000000e+00   1.57377100e-01   6.89915117e-05   5.26064766e+00   8.11553785e+00
 4.03000000e+00   0.00000000e+00   1.00000000e+00   1.56966076e-01   1.25095106e-04   5.25514571e+00   8.11522242e+00
 4.04000000e+00   0.00000000e+00   1.00000000e+00   1.56431083e-01   1.59546176e-04   5.24598101e+00   8.11232739e+00
 4.05000000e+00   0.00000000e+00   1.00000000e+00   1.55809038e-01   1.61043132e-04   5.23426370e+00   8.10654784e+00
 4.06000000e+00   0.00000000e+00   1.00000000e+00   1.55134737e-01   1.29120243e-04   5.22191048e+00   8.09866525e+00
 4.07000000e+00   0.00000000e+00   1.00000000e+00   1.54427501e-01   7.43515782e-05   5.21065905e+00   8.08954896e+00
 4.08000000e+00   0.00000000e+00   1.00000000e+00   1.53685122e-01   1.50494271e-05   5.25045334e+00   8.09509496e+00
 4.09000000e+00   0.00000000e+00   1.00000000e+00   1.52885064e-01  -2.90791052e-05   5.26176785e+00   8.09851458e+00
 4.10000000e+00   0.00000000e+00   1.00000000e+00   1.51993669e-01  -4.35972929e-05   5.26814701e+00   8.10497590e+00
 4.11000000e+00   0.00000000e+00   1.00000000e+00   1.50977875e-01  -2.36654453e-05   5.27415965e+00   8.11197591e+00
 4.12000000e+00   0.00000000e+00   1.00000000e+00   1.49814616e-01   2.42393076e-05   5.27886276e+00   8.11800825e+00
 4.13000000e+00   0.00000000e+00   1.00000000e+00   1.48497834e-01   8.44532131e-05   5.28041021e+00   8.12255257e+00
 4.14000000e+00   0.00000000e+00   1.00000000e+00   1.47041288e-01   1.37179810e-04   5.27741688e+00   8.12450882e+00
 4.15000000e+00   0.00000000e+00   1.00000000e+00   1.45476169e-01   1.65132991e-04   5.26957948e+00   8.12402101e+00
 4.16000000e+00   0.00000000e+00   1.00000000e+00   1.43843614e-01   1.59295615e-04   5.25766490e+00   8.12114773e+00
 4.17000000e+00   0.00000000e+00   1.00000000e+00   1.42182623e-01   1.21791213e-04   5.24335240e+00   8.11686475e+00
 4.18000000e+00   0.00000000e+00   1.00000000e+00   1.40517519e-01   6.51699782e-05   5.22914923e+00   8.11389145e+00
 4.19000000e+00   0.00000000e+00   1.00000000e+00   1.38849891e-01   8.21624937e-06   5.21680204e+00   8.11078020e+00
 4.20000000e+00   0.00000000e+00   1.00000000e+00   1.37159218e-01  -3.01552621e-05   5.20725825e+00   8.10910831e+00
 4.21000000e+00   0.00000000e+00   1.00000000e+00   1.35412600e-01  -3.71490160e-05   5.20046836e+00   8.10897375e+00
 4.22000000e+00   0.00000000e+00   1.00000000e+00   1.33578926e-01  -1.03208451e-05   5.19479285e+00   8.10983943e+00
 4.23000000e+00   0.00000000e+00   1.00000000e+00   1.31641367e-01   4.15642279e-05   5.18865215e+00   8.11100126e+00
 4.24000000e+00   0.00000000e+00   1.00000000e+00   1.29603936e-01   1.01504341e-04   5.17965385e+00   8.11188352e+00
 4.25000000e+00   0.00000000e+00   1.00000000e+00   1.27490391e-01   1.49944968e-04   5.16831801e+00   8.11146342e+00
 4.26000000e+00   0.00000000e+00   1.00000000e+00   1.25336392e-01   1.71139116e-04   5.15303080e+00   8.10888743e+00
 4.27000000e+00   0.00000000e+00   1.00000000e+00   1.23178445e-01   1.58293155e-04   5.13552800e+00   8.10508945e+00
 4.28000000e+00   0.00000000e+00   1.00000000e+00   1.21044059e-01   1.15816731e-04   5.11712503e+00   8.09973792e+00
 4.29000000e+00   0.00000000e+00   1.00000000e+00   1.18944984e-01   5.79484613e-05   5.09972181e+00   8.09431945e+00
 4.30000000e+00   0.00000000e+00   1.00000000e+00   1.16873811e-01   3.97762082e-06   5.08485530e+00   8.08973817e+00
 4.31000000e+00   0.00000000e+00   1.00000000e+00   1.14805245e-01  -2.81699297e-05   5.07310773e+00   8.08659222e+00
 4.32000000e+00   0.00000000e+00   1.00000000e+00   1.12703591e-01  -2.77731450e-05   5.06412619e+00   8.08487557e+00
 4.33000000e+00   0.00000000e+00   1.00000000e+00   1.10535127e-01   5.14492757e-06   5.05667313e+00   8.08325794e+00
 4.34000000e+00   0.00000000e+00   1.00000000e+00   1.08280933e-01   5.98935707e-05   5.04846535e+00   8.08155232e+00
 4.35000000e+00   0.00000000e+00   1.00000000e+00   1.05944808e-01   1.18589370e-04   5.03777179e+00   8.07876909e+00
 4.36000000e+00   0.00000000e+00   1.00000000e+00   1.03552689e-01   1.62051940e-04   5.02361588e+00   8.07428012e+00
 4.37000000e+00   0.00000000e+00   1.00000000e+00   1.01143566e-01   1.76130706e-04   5.00600625e+00   8.06833003e+00
 4.38000000e+00   0.00000000e+00   1.00000000e+00   9.87557329e-02   1.56426005e-04   4.98614467e+00   8.06058216e+00
 4.39000000e+00   0.00000000e+00   1.00000000e+00   9.64143239e-02   1.09700838e-04   4.96575246e+00   8.05197728e+00
 4.40000000e+00   0.00000000e+00   1.00000000e+00   9.41248554e-02   5.15482665e-05   4.94647299e+00   8.04335121e+00
 4.41000000e+00   0.00000000e+00   1.00000000e+00   9.18740310e-02   1.30034607e-06   4.92966923e+00   8.03577762e+00
 4.42000000e+00   0.00000000e+00   1.00000000e+00   8.96362998e-02  -2.43117991e-05   4.91551691e+00   8.02962567e+00
 4.43000000e+00   0.00000000e+00   1.00000000e+00   8.73835936e-02  -1.66740512e-05   4.90330336e+00   8.02523333e+00
 4.44000000e+00   0.00000000e+00   1.00000000e+00   8.50952678e-02   2.18309450e-05   4.89211748e+00   8.02185559e+00
 4.45000000e+00   0.00000000e+00   1.00000000e+00   8.27656708e-02   7.86298068e-05   4.88004640e+00   8.01857218e+00
 4.46000000e+00   0.00000000e+00   1.00000000e+00   8.04079620e-02   1.35157961e-04   4.86564897e+00   8.01407840e+00
 4.47000000e+00   0.00000000e+00   1.00000000e+00   7.80530739e-02   1.72992185e-04   4.84832035e+00   8.00843031e+00
 4.48000000e+00   0.00000000e+00   1.00000000e+00   7.57426441e-02   1.79893828e-04   4.82814425e+00   8.00088359e+00
 4.49000000e+00   0.00000000e+00   1.00000000e+00   7.35167554e-02   1.53798623e-04   4.80623138e+00   7.99224392e+00
 4.50000000e+00   0.00000000e+00   1.00000000e+00   7.14008389e-02   1.03499901e-04   4.78438986e+00   7.98419790e+00
 4.51000000e+00   0.00000000e+00   1.00000000e+00   6.93976460e-02   4.57775046e-05   4.76462857e+00   7.97623737e+00
 4.52000000e+00   0.00000000e+00   1.00000000e+00   6.74879268e-02  -1.50022532e-07   4.74784403e+00   7.96945340e+00
 4.53000000e+00   0.00000000e+00   1.00000000e+00   6.56392174e-02  -1.90283479e-05   4.73437629e+00   7.96393488e+00
 4.54000000e+00   0.00000000e+00   1.00000000e+00   6.38188167e-02  -4.56231188e-06   4.72351708e+00   7.95980635e+00
 4.55000000e+00   0.00000000e+00   1.00000000e+00   6.20058300e-02   3.85764005e-05   4.71377430e+00   7.95638967e+00
 4.56000000e+00   0.00000000e+00   1.00000000e+00   6.01979519e-02   9.62911310e-05   4.70319142e+00   7.95296699e+00
 4.57000000e+00   0.00000000e+00   1.00000000e+00   5.84113163e-02   1.49669480e-04   4.69083047e+00   7.94876132e+00
 4.58000000e+00   0.00000000e+00   1.00000000e+00   5.66747197e-02   1.81238290e-04   4.67614156e+00   7.94286446e+00
 4.59000000e+00   0.00000000e+00   1.00000000e+00   5.50207789e-02   1.80738663e-04   4.65946809e+00   7.93525180e+00
 4.60000000e+00   0.00000000e+00   1.00000000e+00   5.34763046e-02   1.48501414e-04   4.64169008e+00   7.92645559e+00
 4.61000000e+00   0.00000000e+00   1.00000000e+00   5.20540520e-02   9.53011963e-05   4.62465179e+00   7.91737701e+00
 4.62000000e+00   0.00000000e+00   1.00000000e+00   5.07480509e-02   3.87795274e-05   4.60946943e+00   7.90907395e+00
 4.63000000e+00   0.00000000e+00   1.00000000e+00   4.95343902e-02  -2.37949569e-06   4.59743314e+00   7.90206712e+00
 4.64000000e+00   0.00000000e+00   1.00000000e+00   4.83782166e-02  -1.45643670e-05   4.58844964e+00   7.89641858e+00
 4.65000000e+00   0.00000000e+00   1.00000000e+00   4.72456950e-02   6.28343444e-06   4.58165617e+00   7.89187819e+00
 4.66000000e+00   0.00000000e+00   1.00000000e+00   4.61169496e-02   5.33132574e-05   4.57539052e+00   7.88780252e+00
 4.67000000e+00   0.00000000e+00   1.00000000e+00   4.49941945e-02   1.11029749e-04   4.56795235e+00   7.88363735e+00
 4.68000000e+00   0.00000000e+00   1.00000000e+00   4.39012058e-02   1.60447523e-04   4.55813642e+00   7.87879982e+00
 4.69000000e+00   0.00000000e+00   1.00000000e+00   4.28747766e-02   1.85390025e-04   4.54545581e+00   7.87301442e+00
 4.70000000e+00   0.00000000e+00   1.00000000e+00   4.19521680e-02   1.77729813e-04   4.53077360e+00   7.86635369e+00
 4.71000000e+00   0.00000000e+00   1.00000000e+00   4.11596399e-02   1.40067973e-04   4.51533114e+00   7.85900576e+00
 4.72000000e+00   0.00000000e+00   1.00000000e+00   4.05056376e-02   8.48878174e-05   4.50085481e+00   7.85183312e+00
 4.73000000e+00   0.00000000e+00   1.00000000e+00   3.99800542e-02   3.04325516e-05   4.48874371e+00   7.84563294e+00
 4.74000000e+00   0.00000000e+00   1.00000000e+00   3.95590375e-02  -5.32781549e-06   4.47934427e+00   7.84115177e+00
 4.75000000e+00   0.00000000e+00   1.00000000e+00   3.92133238e-02  -1.06282367e-05   4.47289924e+00   7.83861333e+00
 4.76000000e+00   0.00000000e+00   1.00000000e+00   3.89177700e-02   1.62270714e-05   4.46841647e+00   7.83737368e+00
 4.77000000e+00   0.00000000e+00   1.00000000e+00   3.86600357e-02   6.63347022e-05   4.46443090e+00   7.83706040e+00
 4.78000000e+00   0.00000000e+00   1.00000000e+00   3.84456674e-02   1.23099266e-04   4.44767737e+00   7.84053244e+00
 4.79000000e+00   0.00000000e+00   1.00000000e+00   3.82979115e-02   1.67913479e-04   4.44242043e+00   7.83988175e+00
 4.80000000e+00   0.00000000e+00   1.00000000e+00   3.82513188e-02   1.85934351e-04   4.43882030e+00   7.83687675e+00
 4.81000000e+00   0.00000000e+00   1.00000000e+00   3.83398454e-02   1.71276542e-04   4.43669599e+00   7.83365517e+00
 4.82000000e+00   0.00000000e+00   1.00000000e+00   3.85837251e-02   1.28698008e-04   4.42073040e+00   7.82501610e+00
 4.83000000e+00   0.00000000e+00   1.00000000e+00   3.89814647e-02   7.22976562e-05   4.41168349e+00   7.82271666e+00
 4.84000000e+00   0.00000000e+00   1.00000000e+00   3.95100266e-02   2.05564828e-05   4.40674830e+00   7.82060857e+00
 4.85000000e+00   0.00000000e+00   1.00000000e+00   4.01333273e-02  -9.52273537e-06   4.40529672e+00   7.81958184e+00
 4.86000000e+00   0.00000000e+00   1.00000000e+00   4.08143062e-02  -8.16212873e-06   4.40691030e+00   7.82002279e+00
 4.87000000e+00   0.00000000e+00   1.00000000e+00   4.15259205e-02   2.40812091e-05   4.41005382e+00   7.82167051e+00
 4.88000000e+00   0.00000000e+00   1.00000000e+00   4.22579000e-02   7.64506650e-05   4.41340068e+00   7.82400094e+00
 4.89000000e+00   0.00000000e+00   1.00000000e+00   4.30179754e-02   1.31587569e-04   4.41555114e+00   7.82616237e+00
 4.90000000e+00   0.00000000e+00   1.00000000e+00   4.38280673e-02   1.71204571e-04   4.41571872e+00   7.82744319e+00
 4.91000000e+00   0.00000000e+00   1.00000000e+00   4.47167268e-02   1.82162979e-04   4.41397729e+00   7.82751858e+00
 4.92000000e+00   0.00000000e+00   1.00000000e+00   4.57095591e-02   1.60821883e-04   4.41113006e+00   7.82660927e+00
 4.93000000e+00   0.00000000e+00   1.00000000e+00   4.68201404e-02   1.14164520e-04   4.40869128e+00   7.82539236e+00
 4.94000000e+00   0.00000000e+00   1.00000000e+00   4.80440355e-02   5.74533171e-05   4.40813286e+00   7.82465025e+00
 4.95000000e+00   0.00000000e+00   1.00000000e+00   4.93583892e-02   9.25301302e-06   4.41061791e+00   7.82483181e+00
 4.96000000e+00   0.00000000e+00   1.00000000e+00   5.07284381e-02  -1.46550773e-05   4.41588858e+00   7.82615090e+00
 4.97000000e+00   0.00000000e+00   1.00000000e+00   5.21194945e-02  -6.53921965e-06   4.42372010e+00   7.82875060e+00
 4.98000000e+00   0.00000000e+00   1.00000000e+00   5.35096862e-02   3.07331027e-05   4.43234621e+00   7.83226440e+00
 4.99000000e+00   0.00000000e+00   1.00000000e+00   5.48977407e-02   8.47054105e-05   4.44004137e+00   7.83637011e+00
 5.00000000e+00   0.00000000e+00   1.00000000e+00   5.63026342e-02   1.37464128e-04   4.44579375e+00   7.84055291e+00