  Time  Coordinate0  Coordinate1  Displacement0  Displacement1  Force0  Force1
 0.00000000e+00   0.00000000e+00   1.00000000e+00   0.00000000e+00   0.00000000e+00   0.00000000e+00   0.00000000e+00
 1.00000000e-02   0.00000000e+00   1.00000000e+00   2.89774367e-04   4.89313240e-05   9.10302429e+00   1.47323119e+01
 2.00000000e-02   0.00000000e+00   1.00000000e+00   9.35350407e-04   1.08667591e-04   7.07348586e+00   1.30900457e+01
 3.00000000e-02   0.00000000e+00   1.00000000e+00   1.75946876e-03   1.73070738e-04   6.18500059e+00   1.21924659e+01
 4.00000000e-02   0.00000000e+00   1.00000000e+00   2.71507117e-03   2.25988264e-04   5.66848556e+00   1.15797562e+01
 5.00000000e-02   0.00000000e+00   1.00000000e+00   3.78896924e-03   2.63665255e-04   5.32790294e+00   1.11154419e+01
 6.00000000e-02   0.00000000e+00   1.00000000e+00   4.95089686e-03   2.61304678e-04   5.08838924e+00   1.07419561e+01
 7.00000000e-02   0.00000000e+00   1.00000000e+00   6.19696999e-03   2.10190405e-04   4.90967014e+00   1.04293465e+01
 8.00000000e-02   0.00000000e+00   1.00000000e+00   7.54916547e-03   1.19605580e-04   4.76870379e+00   1.01630454e+01
 9.00000000e-02   0.00000000e+00   1.00000000e+00   9.08486244e-03   3.30434423e-05   4.65421028e+00   9.93992907e+00
 1.00000000e-01   0.00000000e+00   1.00000000e+00   1.08773649e-02  -1.31547132e-05   4.56443248e+00   9.75493347e+00
 1.10000000e-01   0.00000000e+00   1.00000000e+00   1.29282568e-02  -1.67840585e-05   4.49605743e+00   9.59989371e+00
 1.20000000e-01   0.00000000e+00   1.00000000e+00   1.51806901e-02   6.70369070e-06   4.44736834e+00   9.46758955e+00
 1.30000000e-01   0.00000000e+00   1.00000000e+00   1.75992951e-02   5.93162016e-05   4.41298960e+00   9.35619746e+00
 1.40000000e-01   0.00000000e+00   1.00000000e+00   2.01757073e-02   1.42303971e-04   4.38904072e+00   9.26251224e+00
 1.50000000e-01   0.00000000e+00   1.00000000e+00   2.28538245e-02   2.18046358e-04   4.37593733e+00   9.17799050e+00
 1.60000000e-01   0.00000000e+00   1.00000000e+00   2.55345353e-02   2.40749294e-04   4.36985154e+00   9.09407152e+00
 1.70000000e-01   0.00000000e+00   1.00000000e+00   2.81866649e-02   2.09173957e-04   4.36273310e+00   9.01195966e+00
 1.80000000e-01   0.00000000e+00   1.00000000e+00   3.08856947e-02   1.52060031e-04   4.35074515e+00   8.93980652e+00
 1.90000000e-01   0.00000000e+00   1.00000000e+00   3.37380871e-02   8.37528740e-05   4.33730278e+00   8.88088404e+00
 2.00000000e-01   0.00000000e+00   1.00000000e+00   3.67929717e-02   1.15026010e-05   4.32836251e+00   8.83141164e+00
 2.10000000e-01   0.00000000e+00   1.00000000e+00   4.00219088e-02  -4.22611205e-05   4.32700086e+00   8.78593460e+00
 2.20000000e-01   0.00000000e+00   1.00000000e+00   4.33868283e-02  -5.06875666e-05   4.33142536e+00   8.74418717e+00
 2.30000000e-01   0.00000000e+00   1.00000000e+00   4.68955227e-02  -4.40611843e-06   4.33999292e+00   8.70971038e+00
 2.40000000e-01   0.00000000e+00   1.00000000e+00   5.05386681e-02   7.50790916e-05   4.35519698e+00   8.68021886e+00
 2.50000000e-01   0.00000000e+00   1.00000000e+00   5.42206286e-02   1.47867292e-04   4.37779001e+00   8.64726276e+00
 2.60000000e-01   0.00000000e+00   1.00000000e+00   5.78402801e-02   1.93230272e-04   4.40218229e+00   8.60731564e+00
 2.70000000e-01   0.00000000e+00   1.00000000e+00   6.13899327e-02   2.12795663e-04   4.42175085e+00   8.56545547e+00
 2.80000000e-01   0.00000000e+00   1.00000000e+00   6.49097721e-02   1.96998374e-04   4.43656260e+00   8.52507210e+00
 2.90000000e-01   0.00000000e+00   1.00000000e+00   6.84161761e-02   1.33400889e-04   4.44858871e+00   8.48357786e+00
 3.00000000e-01   0.00000000e+00   1.00000000e+00   7.19267410e-02   4.39846336e-05   4.45810534e+00   8.44374362e+00
 3.10000000e-01   0.00000000e+00   1.00000000e+00   7.54970952e-02  -2.72682471e-05   4.46595213e+00   8.41156737e+00
 3.20000000e-01   0.00000000e+00   1.00000000e+00   7.91910035e-02  -5.58568306e-05   4.47538942e+00   8.38920139e+00
 3.30000000e-01   0.00000000e+00   1.00000000e+00   8.30251038e-02  -4.41051053e-05   4.49089313e+00   8.37387633e+00
 3.40000000e-01   0.00000000e+00   1.00000000e+00   8.69407307e-02  -1.29357897e-06   4.51484733e+00   8.35999843e+00
 3.50000000e-01   0.00000000e+00   1.00000000e+00   9.08321516e-02   6.59375440e-05   4.54498136e+00   8.34327320e+00
 3.60000000e-01   0.00000000e+00   1.00000000e+00   9.46287405e-02   1.43382369e-04   4.57516835e+00   8.32376704e+00
 3.70000000e-01   0.00000000e+00   1.00000000e+00   9.83384348e-02   2.00601426e-04   4.60148661e+00   8.30428136e+00
 3.80000000e-01   0.00000000e+00   1.00000000e+00   1.01987179e-01   2.07876145e-04   4.62449655e+00   8.28533862e+00
 3.90000000e-01   0.00000000e+00   1.00000000e+00   1.05564711e-01   1.64012872e-04   4.64534881e+00   8.26405544e+00
 4.00000000e-01   0.00000000e+00   1.00000000e+00   1.09072416e-01   9.50761248e-05   4.66282044e+00   8.24224689e+00
 4.10000000e-01   0.00000000e+00   1.00000000e+00   1.12572364e-01   2.49601415e-05   4.67643801e+00   8.22538175e+00
 4.20000000e-01   0.00000000e+00   1.00000000e+00   1.16142493e-01  -3.56294985e-05   4.69003260e+00   8.21599491e+00
 4.30000000e-01   0.00000000e+00   1.00000000e+00   1.19806756e-01  -7.07228312e-05   4.70872951e+00   8.21322227e+00
 4.40000000e-01   0.00000000e+00   1.00000000e+00   1.23527291e-01  -5.78961749e-05   4.73508867e+00   8.21432689e+00
 4.50000000e-01   0.00000000e+00   1.00000000e+00   1.27249492e-01   3.53487357e-06   4.76725723e+00   8.21724678e+00
 4.60000000e-01   0.00000000e+00   1.00000000e+00   1.30932655e-01   8.41314615e-05   4.80321683e+00   8.21987931e+00
 4.70000000e-01   0.00000000e+00   1.00000000e+00   1.34528273e-01   1.50615267e-04   4.83993528e+00   8.21846107e+00
 4.80000000e-01   0.00000000e+00   1.00000000e+00   1.37964918e-01   1.86441376e-04   4.87574978e+00   8.21121228e+00
 4.90000000e-01   0.00000000e+00   1.00000000e+00   1.41202858e-01   1.87233322e-04   4.90703107e+00   8.19972100e+00
 5.00000000e-01   0.00000000e+00   1.00000000e+00   1.44287736e-01   1.50436798e-04   4.93010374e+00   8.18746029e+00
 5.10000000e-01   0.00000000e+00   1.00000000e+00   1.47309166e-01   7.93747174e-05   4.94810589e+00   8.17997603e+00
 5.20000000e-01   0.00000000e+00   1.00000000e+00   1.50317516e-01  -3.69551993e-06   4.96629665e+00   8.17634921e+00
 5.30000000e-01   0.00000000e+00   1.00000000e+00   1.53305990e-01  -6.25752059e-05   4.98829953e+00   8.17567822e+00
 5.40000000e-01   0.00000000e+00   1.00000000e+00   1.56253369e-01  -7.47598647e-05   5.01386017e+00   8.17727432e+00
 5.50000000e-01   0.00000000e+00   1.00000000e+00   1.59150364e-01  -4.50834579e-05   5.04302841e+00   8.18317178e+00
 5.60000000e-01   0.00000000e+00   1.00000000e+00   1.61979918e-01   1.13520922e-05   5.07543031e+00   8.19086088e+00
 5.70000000e-01   0.00000000e+00   1.00000000e+00   1.64688725e-01   8.30332602e-05   5.11088960e+00   8.19708107e+00
 5.80000000e-01   0.00000000e+00   1.00000000e+00   1.67199468e-01   1.52427241e-04   5.14598433e+00   8.19759745e+00
 5.90000000e-01   0.00000000e+00   1.00000000e+00   1.69465167e-01   1.91265550e-04   5.17588492e+00   8.19209085e+00
 6.00000000e-01   0.00000000e+00   1.00000000e+00   1.71504237e-01   1.79679588e-04   5.19728810e+00   8.18321147e+00
 6.10000000e-01   0.00000000e+00   1.00000000e+00   1.73371033e-01   1.24251384e-04   5.21175215e+00   8.17443887e+00
 6.20000000e-01   0.00000000e+00   1.00000000e+00   1.75110865e-01   5.03840730e-05   5.22274835e+00   8.16808737e+00
 6.30000000e-01   0.00000000e+00   1.00000000e+00   1.76763937e-01  -1.79787620e-05   5.23249094e+00   8.16556866e+00
 6.40000000e-01   0.00000000e+00   1.00000000e+00   1.78381937e-01  -6.54673070e-05   5.24323169e+00   8.16918053e+00
 6.50000000e-01   0.00000000e+00   1.00000000e+00   1.79994011e-01  -7.86409211e-05   5.25840205e+00   8.17837033e+00
 6.60000000e-01   0.00000000e+00   1.00000000e+00   1.81561768e-01  -4.68231853e-05   5.28009268e+00   8.18864937e+00
 6.70000000e-01   0.00000000e+00   1.00000000e+00   1.83000249e-01   2.34394843e-05   5.30639444e+00   8.19670462e+00
 6.80000000e-01   0.00000000e+00   1.00000000e+00   1.84246051e-01   1.03392477e-04   5.33187650e+00   8.20087511e+00
 6.90000000e-01   0.00000000e+00   1.00000000e+00   1.85289405e-01   1.61180824e-04   5.35285522e+00   8.20256671e+00
 7.00000000e-01   0.00000000e+00   1.00000000e+00   1.86144556e-01   1.81924997e-04   5.36858022e+00   8.20170677e+00
 7.10000000e-01   0.00000000e+00   1.00000000e+00   1.86815539e-01   1.65035982e-04   5.37995003e+00   8.19767691e+00
 7.20000000e-01   0.00000000e+00   1.00000000e+00   1.87309483e-01   1.13507979e-04   5.38653399e+00   8.19129619e+00
 7.30000000e-01   0.00000000e+00   1.00000000e+00   1.87670086e-01   3.79568745e-05   5.38870447e+00   8.18575408e+00
 7.40000000e-01   0.00000000e+00   1.00000000e+00   1.87967814e-01  -3.58637210e-05   5.40866667e+00   8.18477175e+00
 7.50000000e-01   0.00000000e+00   1.00000000e+00   1.88246461e-01  -7.77456129e-05   5.41019644e+00   8.18384015e+00
 7.60000000e-01   0.00000000e+00   1.00000000e+00   1.88490944e-01  -7.26665577e-05   5.41361815e+00   8.18688552e+00
 7.70000000e-01   0.00000000e+00   1.00000000e+00   1.88648001e-01  -2.77970996e-05   5.41977808e+00   8.19107879e+00
 7.80000000e-01   0.00000000e+00   1.00000000e+00   1.88660914e-01   3.92113191e-05   5.42578980e+00   8.19462770e+00
 7.90000000e-01   0.00000000e+00   1.00000000e+00   1.88480056e-01   1.10637923e-04   5.42902582e+00   8.19628514e+00
 8.00000000e-01   0.00000000e+00   1.00000000e+00   1.88061757e-01   1.67214778e-04   5.42784409e+00   8.19568556e+00
 8.10000000e-01   0.00000000e+00   1.00000000e+00   1.87384270e-01   1.87039438e-04   5.41988062e+00   8.19146780e+00
 8.20000000e-01   0.00000000e+00   1.00000000e+00   1.86474203e-01   1.58594685e-04   5.40364133e+00   8.18281651e+00
 8.30000000e-01   0.00000000e+00   1.00000000e+00   1.85402323e-01   9.34809199e-05   5.43600944e+00   8.16991736e+00
 8.40000000e-01   0.00000000e+00   1.00000000e+00   1.84238358e-01   1.88380613e-05   5.43752378e+00   8.16985572e+00
 8.50000000e-01   0.00000000e+00   1.00000000e+00   1.83006789e-01  -4.16340049e-05   5.43266445e+00   8.17457935e+00
 8.60000000e-01   0.00000000e+00   1.00000000e+00   1.81699206e-01  -7.28334404e-05   5.42869942e+00   8.17957324e+00
 8.70000000e-01   0.00000000e+00   1.00000000e+00   1.80311677e-01  -6.53042486e-05   5.42610481e+00   8.18595997e+00
 8.80000000e-01   0.00000000e+00   1.00000000e+00   1.78840238e-01  -1.67182867e-05   5.42569363e+00   8.19410735e+00
 8.90000000e-01   0.00000000e+00   1.00000000e+00   1.77248782e-01   5.90419330e-05   5.42731690e+00   8.20152814e+00
 9.00000000e-01   0.00000000e+00   1.00000000e+00   1.75473313e-01   1.33321084e-04   5.42867534e+00   8.20318705e+00
 9.10000000e-01   0.00000000e+00   1.00000000e+00   1.73469891e-01   1.78709109e-04   5.42538023e+00   8.19831817e+00
 9.20000000e-01   0.00000000e+00   1.00000000e+00   1.71251067e-01   1.83231092e-04   5.41453950e+00   8.18927087e+00
 9.30000000e-01   0.00000000e+00   1.00000000e+00   1.68873160e-01   1.49519248e-04   5.39653622e+00   8.17909720e+00
 9.40000000e-01   0.00000000e+00   1.00000000e+00   1.66400512e-01   8.72541342e-05   5.37379425e+00   8.17081900e+00
 9.50000000e-01   0.00000000e+00   1.00000000e+00   1.63887191e-01   1.28869028e-05   5.34987038e+00   8.16494306e+00
 9.60000000e-01   0.00000000e+00   1.00000000e+00   1.61375781e-01  -4.83559512e-05   5.32698995e+00   8.16345180e+00
 9.70000000e-01   0.00000000e+00   1.00000000e+00   1.58887308e-01  -7.17912809e-05   5.30775286e+00   8.16651040e+00
 9.80000000e-01   0.00000000e+00   1.00000000e+00   1.56401721e-01  -4.89115929e-05   5.29373421e+00   8.17176400e+00
 9.90000000e-01   0.00000000e+00   1.00000000e+00   1.53860601e-01   8.89643588e-06   5.28471542e+00   8.17622637e+00
 1.00000000e+00   0.00000000e+00   1.00000000e+00   1.51204036e-01   8.11833483e-05   5.27720463e+00   8.17760275e+00
 1.01000000e+00   0.00000000e+00   1.00000000e+00   1.48405490e-01   1.47673293e-04   5.26771037e+00   8.17586137e+00
 1.02000000e+00   0.00000000e+00   1.00000000e+00   1.45469258e-01   1.89167263e-04   5.25460533e+00   8.17160393e+00
 1.03000000e+00   0.00000000e+00   1.00000000e+00   1.42406607e-01   1.89763359e-04   5.23699452e+00   8.16307882e+00
 1.04000000e+00   0.00000000e+00   1.00000000e+00   1.39232470e-01   1.46470688e-04   5.21550249e+00   8.15154140e+00
 1.05000000e+00   0.00000000e+00   1.00000000e+00   1.35985848e-01   7.53648267e-05   5.18966414e+00   8.13931561e+00
 1.06000000e+00   0.00000000e+00   1.00000000e+00   1.32732546e-01   3.60983143e-06   5.16109837e+00   8.13113625e+00
 1.07000000e+00   0.00000000e+00   1.00000000e+00   1.29527944e-01  -4.54097869e-05   5.13441057e+00   8.12729206e+00
 1.08000000e+00   0.00000000e+00   1.00000000e+00   1.26375956e-01  -5.88567482e-05   5.11223114e+00   8.12737724e+00
 1.09000000e+00   0.00000000e+00   1.00000000e+00   1.23231203e-01  -3.25390309e-05   5.09529586e+00   8.12833511e+00
 1.10000000e+00   0.00000000e+00   1.00000000e+00   1.20036121e-01   2.84146812e-05   5.08193543e+00   8.12796000e+00
 1.11000000e+00   0.00000000e+00   1.00000000e+00   1.16746941e-01   1.05445964e-04   5.06930096e+00   8.12468292e+00
 1.12000000e+00   0.00000000e+00   1.00000000e+00   1.13335645e-01   1.70578892e-04   5.05478353e+00   8.11709989e+00
 1.13000000e+00   0.00000000e+00   1.00000000e+00   1.09794342e-01   2.00608222e-04   5.03669057e+00   8.10534624e+00
 1.14000000e+00   0.00000000e+00   1.00000000e+00   1.06150165e-01   1.88178050e-04   5.01331261e+00   8.09070556e+00
 1.15000000e+00   0.00000000e+00   1.00000000e+00   1.02464719e-01   1.40271590e-04   4.98442576e+00   8.07542615e+00
 1.16000000e+00   0.00000000e+00   1.00000000e+00   9.88053412e-02   7.15785041e-05   4.95256838e+00   8.06198162e+00
 1.17000000e+00   0.00000000e+00   1.00000000e+00   9.52145156e-02   2.24666391e-06   4.92060949e+00   8.05064695e+00
 1.18000000e+00   0.00000000e+00   1.00000000e+00   9.17062051e-02  -4.40552881e-05   4.89098127e+00   8.04241955e+00
 1.19000000e+00   0.00000000e+00   1.00000000e+00   8.82811917e-02  -4.89149990e-05   4.86466046e+00   8.03782050e+00
 1.20000000e+00   0.00000000e+00   1.00000000e+00   8.49316334e-02  -1.02016805e-05   4.84220860e+00   8.03643110e+00
 1.21000000e+00   0.00000000e+00   1.00000000e+00   8.16280969e-02   5.67941131e-05   4.82312835e+00   8.03502734e+00
 1.22000000e+00   0.00000000e+00   1.00000000e+00   7.83179102e-02   1.29207335e-04   4.80700190e+00   8.03051581e+00
 1.23000000e+00   0.00000000e+00   1.00000000e+00   7.49555501e-02   1.85835791e-04   4.79088286e+00   8.01999555e+00
 1.24000000e+00   0.00000000e+00   1.00000000e+00   7.15404423e-02   2.09985732e-04   4.77122116e+00   8.00506478e+00
 1.25000000e+00   0.00000000e+00   1.00000000e+00   6.81213218e-02   1.92098660e-04   4.74644527e+00   7.98894721e+00
 1.26000000e+00   0.00000000e+00   1.00000000e+00   6.47650731e-02   1.36303657e-04   4.71782769e+00   7.97285461e+00
 1.27000000e+00   0.00000000e+00   1.00000000e+00   6.15258933e-02   6.25293006e-05   4.68721267e+00   7.95896160e+00
 1.28000000e+00   0.00000000e+00   1.00000000e+00   5.84371077e-02  -2.29777140e-06   4.65794963e+00   7.94806245e+00
 1.29000000e+00   0.00000000e+00   1.00000000e+00   5.55115913e-02  -3.71333913e-05   4.63118767e+00   7.94065532e+00
 1.30000000e+00   0.00000000e+00   1.00000000e+00   5.27346255e-02  -3.27509642e-05   4.60876861e+00   7.93578846e+00
 1.31000000e+00   0.00000000e+00   1.00000000e+00   5.00613224e-02   9.42410649e-06   4.59141048e+00   7.93145221e+00
 1.32000000e+00   0.00000000e+00   1.00000000e+00   4.74359809e-02   7.79342609e-05   4.57812166e+00   7.92576339e+00
 1.33000000e+00   0.00000000e+00   1.00000000e+00   4.48206487e-02   1.51152313e-04   4.56597667e+00   7.91761183e+00
 1.34000000e+00   0.00000000e+00   1.00000000e+00   4.22048702e-02   2.03125225e-04   4.55270705e+00   7.90608785e+00
 1.35000000e+00   0.00000000e+00   1.00000000e+00   3.95954341e-02   2.15609252e-04   4.53696817e+00   7.89061549e+00
 1.36000000e+00   0.00000000e+00   1.00000000e+00   3.70113692e-02   1.86317232e-04   4.51802273e+00   7.87211201e+00
 1.37000000e+00   0.00000000e+00   1.00000000e+00   3.44927155e-02   1.26830713e-04   4.49574271e+00   7.85310793e+00
 1.38000000e+00   0.00000000e+00   1.00000000e+00   3.21000782e-02   5.58890915e-05   4.47045904e+00   7.83721943e+00
 1.39000000e+00   0.00000000e+00   1.00000000e+00   2.98875663e-02  -4.92756006e-06   4.44467587e+00   7.82634800e+00
 1.40000000e+00   0.00000000e+00   1.00000000e+00   2.78686540e-02  -3.49296376e-05   4.42164242e+00   7.82000167e+00
 1.41000000e+00   0.00000000e+00   1.00000000e+00   2.60091710e-02  -2.21234479e-05   4.40372647e+00   7.81583161e+00
 1.42000000e+00   0.00000000e+00   1.00000000e+00   2.42531080e-02   2.93941653e-05   4.39080620e+00   7.81144412e+00
 1.43000000e+00   0.00000000e+00   1.00000000e+00   2.25538383e-02   1.00784471e-04   4.38084946e+00   7.80537797e+00
 1.44000000e+00   0.00000000e+00   1.00000000e+00   2.08868532e-02   1.68025058e-04   4.37102279e+00   7.79688079e+00
 1.45000000e+00   0.00000000e+00   1.00000000e+00   1.92488853e-02   2.10750759e-04   4.35999473e+00   7.78585294e+00
 1.46000000e+00   0.00000000e+00   1.00000000e+00   1.76595115e-02   2.16058338e-04   4.34602178e+00   7.77267444e+00
 1.47000000e+00   0.00000000e+00   1.00000000e+00   1.61631697e-02   1.80996686e-04   4.32814410e+00   7.75868119e+00
 1.48000000e+00   0.00000000e+00   1.00000000e+00   1.48170409e-02   1.15868193e-04   4.30693585e+00   7.74584862e+00
 1.49000000e+00   0.00000000e+00   1.00000000e+00   1.36673689e-02   4.31615803e-05   4.28448942e+00   7.73614622e+00
 1.50000000e+00   0.00000000e+00   1.00000000e+00   1.27351316e-02  -1.15145325e-05   4.26340894e+00   7.73010180e+00
 1.51000000e+00   0.00000000e+00   1.00000000e+00   1.20192314e-02  -3.05967343e-05   4.24537297e+00   7.72783946e+00
 1.52000000e+00   0.00000000e+00   1.00000000e+00   1.15018236e-02  -9.49849913e-06   4.23153610e+00   7.72925647e+00
 1.53000000e+00   0.00000000e+00   1.00000000e+00   1.11448146e-02   4.47698553e-05   4.22214604e+00   7.73172719e+00
 1.54000000e+00   0.00000000e+00   1.00000000e+00   1.08917662e-02   1.15868883e-04   4.21714211e+00   7.73221914e+00
 1.55000000e+00   0.00000000e+00   1.00000000e+00   1.06916165e-02   1.80770627e-04   4.21441062e+00   7.72859815e+00
 1.56000000e+00   0.00000000e+00   1.00000000e+00   1.05300154e-02   2.16636230e-04   4.21017701e+00   7.72109217e+00
 1.57000000e+00   0.00000000e+00   1.00000000e+00   1.04383700e-02   2.10815613e-04   4.20219582e+00   7.71190139e+00
 1.58000000e+00   0.00000000e+00   1.00000000e+00   1.04716008e-02   1.66390626e-04   4.19038556e+00   7.70364934e+00
 1.59000000e+00   0.00000000e+00   1.00000000e+00   1.06774265e-02   9.90872087e-05   4.17659748e+00   7.69749209e+00
 1.60000000e+00   0.00000000e+00   1.00000000e+00   1.10818540e-02   3.02285424e-05   4.16298902e+00   7.69403662e+00
 1.61000000e+00   0.00000000e+00   1.00000000e+00   1.16895029e-02  -1.88799380e-05   4.15172261e+00   7.69351257e+00
 1.62000000e+00   0.00000000e+00   1.00000000e+00   1.24841487e-02  -3.17718539e-05   4.14438790e+00   7.69588254e+00
 1.63000000e+00   0.00000000e+00   1.00000000e+00   1.34277366e-02  -2.99673299e-06   4.14174341e+00   7.70027813e+00
 1.64000000e+00   0.00000000e+00   1.00000000e+00   1.44684224e-02   5.77388846e-05   4.14379812e+00   7.70466187e+00
 1.65000000e+00   0.00000000e+00   1.00000000e+00   1.55595117e-02   1.28913860e-04   4.14838167e+00   7.70728337e+00
 1.66000000e+00   0.00000000e+00   1.00000000e+00   1.66756467e-02   1.86587738e-04   4.15314415e+00   7.70705404e+00
 1.67000000e+00   0.00000000e+00   1.00000000e+00   1.78158726e-02   2.12845327e-04   4.15585285e+00   7.70370400e+00
 1.68000000e+00   0.00000000e+00   1.00000000e+00   1.90000068e-02   1.99581976e-04   4.15534582e+00   7.69836810e+00
 1.69000000e+00   0.00000000e+00   1.00000000e+00   2.02674548e-02   1.50090051e-04   4.15146418e+00   7.69294426e+00
 1.70000000e+00   0.00000000e+00   1.00000000e+00   2.16722422e-02   7.96895009e-05   4.14483829e+00   7.69019036e+00
 1.71000000e+00   0.00000000e+00   1.00000000e+00   2.32626630e-02   1.21450407e-05   4.13774819e+00   7.69218498e+00
 1.72000000e+00   0.00000000e+00   1.00000000e+00   2.50533148e-02  -2.94041294e-05   4.13350658e+00   7.69877420e+00
 1.73000000e+00   0.00000000e+00   1.00000000e+00   2.70146752e-02  -3.18674310e-05   4.13448832e+00   7.70807246e+00
 1.74000000e+00   0.00000000e+00   1.00000000e+00   2.90915850e-02   4.20583098e-06   4.14104171e+00   7.71744639e+00
 1.75000000e+00   0.00000000e+00   1.00000000e+00   3.12327467e-02   6.67481213e-05   4.15135155e+00   7.72596261e+00
 1.76000000e+00   0.00000000e+00   1.00000000e+00   3.34070268e-02   1.36039099e-04   4.16297053e+00   7.73308091e+00
 1.77000000e+00   0.00000000e+00   1.00000000e+00   3.56038345e-02   1.89292228e-04   4.17388745e+00   7.73831127e+00
 1.78000000e+00   0.00000000e+00   1.00000000e+00   3.78311288e-02   2.07791888e-04   4.18258017e+00   7.74129094e+00
 1.79000000e+00   0.00000000e+00   1.00000000e+00   4.01162336e-02   1.84774839e-04   4.18830658e+00   7.74285185e+00
 1.80000000e+00   0.00000000e+00   1.00000000e+00   4.25008114e-02   1.28501508e-04   4.19140561e+00   7.74471148e+00
 1.81000000e+00   0.00000000e+00   1.00000000e+00   4.50251400e-02   5.80616739e-05   4.19380493e+00   7.74889557e+00
 1.82000000e+00   0.00000000e+00   1.00000000e+00   4.77110638e-02  -4.16562670e-06   4.19802693e+00   7.75650752e+00
 1.83000000e+00   0.00000000e+00   1.00000000e+00   5.05546927e-02  -3.87787037e-05   4.20647597e+00   7.76756206e+00
 1.84000000e+00   0.00000000e+00   1.00000000e+00   5.35278909e-02  -3.42970599e-05   4.22004545e+00   7.78121763e+00
 1.85000000e+00   0.00000000e+00   1.00000000e+00   5.65821743e-02   8.42595981e-06   4.23919967e+00   7.79561608e+00
 1.86000000e+00   0.00000000e+00   1.00000000e+00   5.96568164e-02   7.49381141e-05   4.26242915e+00   7.80816986e+00
 1.87000000e+00   0.00000000e+00   1.00000000e+00   6.26978171e-02   1.42118668e-04   4.28707365e+00   7.81692908e+00
 1.88000000e+00   0.00000000e+00   1.00000000e+00   6.56821244e-02   1.87414396e-04   4.30991716e+00   7.82196118e+00
 1.89000000e+00   0.00000000e+00   1.00000000e+00   6.86278606e-02   1.96524698e-04   4.32873685e+00   7.82482920e+00
 1.90000000e+00   0.00000000e+00   1.00000000e+00   7.15795326e-02   1.66650042e-04   4.34339811e+00   7.82760728e+00
 1.91000000e+00   0.00000000e+00   1.00000000e+00   7.45808590e-02   1.06731789e-04   4.35608185e+00   7.83167840e+00
 1.92000000e+00   0.00000000e+00   1.00000000e+00   7.76571316e-02   3.57388301e-05   4.36920790e+00   7.83710727e+00
 1.93000000e+00   0.00000000e+00   1.00000000e+00   8.08133667e-02  -2.26526473e-05   4.38460244e+00   7.84479895e+00
 1.94000000e+00   0.00000000e+00   1.00000000e+00   8.40370572e-02  -4.87550713e-05   4.40384798e+00   7.85549758e+00
 1.95000000e+00   0.00000000e+00   1.00000000e+00   8.72977285e-02  -3.45716134e-05   4.42746748e+00   7.86807769e+00
 1.96000000e+00   0.00000000e+00   1.00000000e+00   9.05496123e-02   1.41716668e-05   4.45521009e+00   7.88156332e+00
 1.97000000e+00   0.00000000e+00   1.00000000e+00   9.37446350e-02   8.12364056e-05   4.48467271e+00   7.89338855e+00
 1.98000000e+00   0.00000000e+00   1.00000000e+00   9.68500738e-02   1.45051395e-04   4.51318080e+00   7.90190802e+00
 1.99000000e+00   0.00000000e+00   1.00000000e+00   9.98592390e-02   1.84480025e-04   4.53873102e+00   7.90773765e+00
 2.00000000e+00   0.00000000e+00   1.00000000e+00   1.02791820e-01   1.85647660e-04   4.55971061e+00   7.91108822e+00
 2.01000000e+00   0.00000000e+00   1.00000000e+00   1.05688229e-01   1.47713452e-04   4.57661085e+00   7.91379079e+00
 2.02000000e+00   0.00000000e+00   1.00000000e+00   1.08599116e-01   8.36171333e-05   4.59096398e+00   7.91842987e+00
 2.03000000e+00   0.00000000e+00   1.00000000e+00   1.11567194e-01   1.47748821e-05   4.60580036e+00   7.92669289e+00
 2.04000000e+00   0.00000000e+00   1.00000000e+00   1.14606022e-01  -3.67710489e-05   4.62407191e+00   7.93766616e+00
 2.05000000e+00   0.00000000e+00   1.00000000e+00   1.17690696e-01  -5.48391185e-05   4.64772313e+00   7.95105959e+00
 2.06000000e+00   0.00000000e+00   1.00000000e+00   1.20769989e-01  -3.34328254e-05   4.67634937e+00   7.96502009e+00
 2.07000000e+00   0.00000000e+00   1.00000000e+00   1.23790729e-01   2.07781900e-05   4.70800889e+00   7.97820800e+00
 2.08000000e+00   0.00000000e+00   1.00000000e+00   1.26715659e-01   8.95956237e-05   4.74010937e+00   7.99005472e+00
 2.09000000e+00   0.00000000e+00   1.00000000e+00   1.29527095e-01   1.49493101e-04   4.77019881e+00   7.99913131e+00
 2.10000000e+00   0.00000000e+00   1.00000000e+00   1.32224710e-01   1.80491352e-04   4.79762001e+00   8.00571466e+00
 2.11000000e+00   0.00000000e+00   1.00000000e+00   1.34825681e-01   1.72820124e-04   4.81978610e+00   8.00915934e+00
 2.12000000e+00   0.00000000e+00   1.00000000e+00   1.37363286e-01   1.29123459e-04   4.83869982e+00   8.01157929e+00
 2.13000000e+00   0.00000000e+00   1.00000000e+00   1.39876197e-01   6.31471478e-05   4.85586097e+00   8.01538179e+00
 2.14000000e+00   0.00000000e+00   1.00000000e+00   1.42390756e-01  -3.86197539e-06   4.87458339e+00   8.02211315e+00
 2.15000000e+00   0.00000000e+00   1.00000000e+00   1.44907602e-01  -4.96034282e-05   4.89633422e+00   8.03074764e+00
 2.16000000e+00   0.00000000e+00   1.00000000e+00   1.47399564e-01  -5.87278880e-05   4.92294399e+00   8.04198272e+00
 2.17000000e+00   0.00000000e+00   1.00000000e+00   1.49818550e-01  -2.86853186e-05   4.95319944e+00   8.05348252e+00
 2.18000000e+00   0.00000000e+00   1.00000000e+00   1.52107976e-01   2.99164687e-05   4.98542948e+00   8.06352933e+00
 2.19000000e+00   0.00000000e+00   1.00000000e+00   1.54220327e-01   9.76962030e-05   5.01651669e+00   8.07020331e+00
 2.20000000e+00   0.00000000e+00   1.00000000e+00   1.56135726e-01   1.52703206e-04   5.04332382e+00   8.07368308e+00
 2.21000000e+00   0.00000000e+00   1.00000000e+00   1.57870300e-01   1.76762409e-04   5.06436533e+00   8.07512516e+00
 2.22000000e+00   0.00000000e+00   1.00000000e+00   1.59466214e-01   1.61371161e-04   5.07962112e+00   8.07528669e+00
 2.23000000e+00   0.00000000e+00   1.00000000e+00   1.60970016e-01   1.11364016e-04   5.09118262e+00   8.07561694e+00
 2.24000000e+00   0.00000000e+00   1.00000000e+00   1.62415124e-01   4.36106723e-05   5.10169919e+00   8.07715785e+00
 2.25000000e+00   0.00000000e+00   1.00000000e+00   1.63816598e-01  -1.93382421e-05   5.11352649e+00   8.08041292e+00
 2.26000000e+00   0.00000000e+00   1.00000000e+00   1.65172270e-01  -5.71638592e-05   5.12777713e+00   8.08654387e+00
 2.27000000e+00   0.00000000e+00   1.00000000e+00   1.66462504e-01  -5.78786590e-05   5.14559355e+00   8.09508151e+00
 2.28000000e+00   0.00000000e+00   1.00000000e+00   1.67650973e-01  -2.11115661e-05   5.16647053e+00   8.10470167e+00
 2.29000000e+00   0.00000000e+00   1.00000000e+00   1.68694011e-01   4.13494584e-05   5.18812966e+00   8.11329592e+00
 2.30000000e+00   0.00000000e+00   1.00000000e+00   1.69558009e-01   1.08761709e-04   5.20784528e+00   8.11931484e+00
 2.31000000e+00   0.00000000e+00   1.00000000e+00   1.70234509e-01   1.58433301e-04   5.22314006e+00   8.12197010e+00
 2.32000000e+00   0.00000000e+00   1.00000000e+00   1.70744248e-01   1.73969421e-04   5.23274949e+00   8.12225076e+00
 2.33000000e+00   0.00000000e+00   1.00000000e+00   1.71129738e-01   1.50699580e-04   5.23740957e+00   8.12156294e+00
 2.34000000e+00   0.00000000e+00   1.00000000e+00   1.71441252e-01   9.64663749e-05   5.23903343e+00   8.12144989e+00
 2.35000000e+00   0.00000000e+00   1.00000000e+00   1.71719967e-01   2.89337957e-05   5.25829970e+00   8.12398766e+00
 2.36000000e+00   0.00000000e+00   1.00000000e+00   1.71981570e-01  -3.00369819e-05   5.26164353e+00   8.12413688e+00
 2.37000000e+00   0.00000000e+00   1.00000000e+00   1.72208486e-01  -6.06411946e-05   5.26539094e+00   8.12710671e+00
 2.38000000e+00   0.00000000e+00   1.00000000e+00   1.72358018e-01  -5.25544434e-05   5.27079337e+00   8.13085347e+00
 2.39000000e+00   0.00000000e+00   1.00000000e+00   1.72381513e-01  -8.63164465e-06   5.27606691e+00   8.13491136e+00
 2.40000000e+00   0.00000000e+00   1.00000000e+00   1.72241191e-01   5.62028928e-05   5.27864443e+00   8.13816500e+00
 2.41000000e+00   0.00000000e+00   1.00000000e+00   1.71916913e-01   1.20710785e-04   5.27718518e+00   8.13942668e+00
 2.42000000e+00   0.00000000e+00   1.00000000e+00   1.71406456e-01   1.64027737e-04   5.27078698e+00   8.13769920e+00
 2.43000000e+00   0.00000000e+00   1.00000000e+00   1.70726133e-01   1.71957916e-04   5.25986076e+00   8.13266412e+00
 2.44000000e+00   0.00000000e+00   1.00000000e+00   1.69910309e-01   1.41591695e-04   5.24520707e+00   8.12483069e+00
 2.45000000e+00   0.00000000e+00   1.00000000e+00   1.69003376e-01   8.30635642e-05   5.27888006e+00   8.12055677e+00
 2.46000000e+00   0.00000000e+00   1.00000000e+00   1.68043558e-01   1.59917383e-05   5.28317075e+00   8.12250903e+00
 2.47000000e+00   0.00000000e+00   1.00000000e+00   1.67044991e-01  -3.71862172e-05   5.28199314e+00   8.12893606e+00
 2.48000000e+00   0.00000000e+00   1.00000000e+00   1.65990997e-01  -5.90920983e-05   5.28303299e+00   8.13618859e+00
 2.49000000e+00   0.00000000e+00   1.00000000e+00   1.64842270e-01  -4.26490147e-05   5.28649095e+00   8.14306134e+00
 2.50000000e+00   0.00000000e+00   1.00000000e+00   1.63552223e-01   6.86765408e-06   5.29067339e+00   8.14795944e+00
 2.51000000e+00   0.00000000e+00   1.00000000e+00   1.62084140e-01   7.36103273e-05   5.29298713e+00   8.14998441e+00
 2.52000000e+00   0.00000000e+00   1.00000000e+00   1.60426041e-01   1.35553216e-04   5.29128763e+00   8.14907077e+00
 2.53000000e+00   0.00000000e+00   1.00000000e+00   1.58597143e-01   1.72182163e-04   5.28374442e+00   8.14547359e+00
 2.54000000e+00   0.00000000e+00   1.00000000e+00   1.56641019e-01   1.71586614e-04   5.27060970e+00   8.14040489e+00
 2.55000000e+00   0.00000000e+00   1.00000000e+00   1.54608736e-01   1.34452058e-04   5.25315568e+00   8.13436432e+00
 2.56000000e+00   0.00000000e+00   1.00000000e+00   1.52542584e-01   7.32714832e-05   5.23418626e+00   8.12889166e+00
 2.57000000e+00   0.00000000e+00   1.00000000e+00   1.50468294e-01   8.19977016e-06   5.21556972e+00   8.12487395e+00
 2.58000000e+00   0.00000000e+00   1.00000000e+00   1.48393531e-01  -3.92498020e-05   5.19984352e+00   8.12368942e+00
 2.59000000e+00   0.00000000e+00   1.00000000e+00   1.46306749e-01  -5.31493329e-05   5.18743710e+00   8.12521883e+00
 2.60000000e+00   0.00000000e+00   1.00000000e+00   1.44177268e-01  -2.85895122e-05   5.17856294e+00   8.12833156e+00
 2.61000000e+00   0.00000000e+00   1.00000000e+00   1.41963395e-01   2.63969211e-05   5.17179088e+00   8.13076329e+00
 2.62000000e+00   0.00000000e+00   1.00000000e+00   1.39629927e-01   9.36269992e-05   5.16503489e+00   8.13190591e+00
 2.63000000e+00   0.00000000e+00   1.00000000e+00   1.37165643e-01   1.51138328e-04   5.15482765e+00   8.12917038e+00
 2.64000000e+00   0.00000000e+00   1.00000000e+00   1.34589875e-01   1.80453475e-04   5.14018524e+00   8.12394979e+00
 2.65000000e+00   0.00000000e+00   1.00000000e+00   1.31945405e-01   1.72172282e-04   5.12079130e+00   8.11708994e+00
 2.66000000e+00   0.00000000e+00   1.00000000e+00   1.29282622e-01   1.29038325e-04   5.09908973e+00   8.10955141e+00
 2.67000000e+00   0.00000000e+00   1.00000000e+00   1.26642214e-01   6.54544025e-05   5.07646938e+00   8.10317142e+00
 2.68000000e+00   0.00000000e+00   1.00000000e+00   1.24042004e-01   2.82804150e-06   5.05543450e+00   8.09886674e+00
 2.69000000e+00   0.00000000e+00   1.00000000e+00   1.21471799e-01  -3.79041852e-05   5.03769197e+00   8.09592487e+00
 2.70000000e+00   0.00000000e+00   1.00000000e+00   1.18898718e-01  -4.32850556e-05   5.02396876e+00   8.09441663e+00
 2.71000000e+00   0.00000000e+00   1.00000000e+00   1.16281247e-01  -1.15213416e-05   5.01305541e+00   8.09310912e+00
 2.72000000e+00   0.00000000e+00   1.00000000e+00   1.13584409e-01   4.71884052e-05   5.00304938e+00   8.09111965e+00
 2.73000000e+00   0.00000000e+00   1.00000000e+00   1.10788635e-01   1.13827409e-04   4.99197362e+00   8.08763959e+00
 2.74000000e+00   0.00000000e+00   1.00000000e+00   1.07892902e-01   1.66629803e-04   4.97796378e+00   8.08116168e+00
 2.75000000e+00   0.00000000e+00   1.00000000e+00   1.04916499e-01   1.88234401e-04   4.95984887e+00   8.07093290e+00
 2.76000000e+00   0.00000000e+00   1.00000000e+00   1.01898683e-01   1.71779654e-04   4.93757940e+00   8.05904113e+00
 2.77000000e+00   0.00000000e+00   1.00000000e+00   9.88905154e-02   1.23160899e-04   4.91198399e+00   8.04682901e+00
 2.78000000e+00   0.00000000e+00   1.00000000e+00   9.59376788e-02   5.87516680e-05   4.88567074e+00   8.03613214e+00
 2.79000000e+00   0.00000000e+00   1.00000000e+00   9.30625884e-02  -1.48844527e-07   4.86076375e+00   8.02828745e+00
 2.80000000e+00   0.00000000e+00   1.00000000e+00   9.02569989e-02  -3.39938917e-05   4.83922680e+00   8.02290531e+00
 2.81000000e+00   0.00000000e+00   1.00000000e+00   8.74888642e-02  -3.12890094e-05   4.82171330e+00   8.01890474e+00
 2.82000000e+00   0.00000000e+00   1.00000000e+00   8.47181976e-02   7.37716329e-06   4.80697697e+00   8.01492235e+00
 2.83000000e+00   0.00000000e+00   1.00000000e+00   8.19138634e-02   6.93389191e-05   4.79333429e+00   8.01025496e+00
 2.84000000e+00   0.00000000e+00   1.00000000e+00   7.90658120e-02   1.34235116e-04   4.77834661e+00   8.00362877e+00
 2.85000000e+00   0.00000000e+00   1.00000000e+00   7.61896972e-02   1.80948601e-04   4.76055172e+00   7.99519493e+00
 2.86000000e+00   0.00000000e+00   1.00000000e+00   7.33224418e-02   1.94498114e-04   4.73936232e+00   7.98443956e+00
 2.87000000e+00   0.00000000e+00   1.00000000e+00   7.05104129e-02   1.70679108e-04   4.71505018e+00   7.97301959e+00
 2.88000000e+00   0.00000000e+00   1.00000000e+00   6.77958803e-02   1.17474463e-04   4.68916298e+00   7.96145279e+00
 2.89000000e+00   0.00000000e+00   1.00000000e+00   6.52073154e-02   5.26046713e-05   4.66361112e+00   7.95080393e+00
 2.90000000e+00   0.00000000e+00   1.00000000e+00   6.27543521e-02  -2.18378182e-06   4.64035596e+00   7.94222517e+00
 2.91000000e+00   0.00000000e+00   1.00000000e+00   6.04252928e-02  -2.85889568e-05   4.62047634e+00   7.93672143e+00
 2.92000000e+00   0.00000000e+00   1.00000000e+00   5.81880294e-02  -1.78852643e-05   4.60487976e+00   7.93299353e+00
 2.93000000e+00   0.00000000e+00   1.00000000e+00   5.59984546e-02   2.63953333e-05   4.59285226e+00   7.92922791e+00
 2.94000000e+00   0.00000000e+00   1.00000000e+00   5.38170918e-02   8.98603626e-05   4.58236813e+00   7.92379358e+00
 2.95000000e+00   0.00000000e+00   1.00000000e+00   5.16269681e-02   1.51835646e-04   4.57130941e+00   7.91573885e+00
 2.96000000e+00   0.00000000e+00   1.00000000e+00   4.94415973e-02   1.92001681e-04   4.55751275e+00   7.90527715e+00
 2.97000000e+00   0.00000000e+00   1.00000000e+00   4.72985142e-02   1.97169465e-04   4.54042989e+00   7.89319799e+00
 2.98000000e+00   0.00000000e+00   1.00000000e+00   4.52436821e-02   1.65841971e-04   4.52026811e+00   7.88082021e+00
 2.99000000e+00   0.00000000e+00   1.00000000e+00   4.33150930e-02   1.08634355e-04   4.49903827e+00   7.86895917e+00
 3.00000000e+00   0.00000000e+00   1.00000000e+00   4.15312665e-02   4.45878715e-05   4.47853648e+00   7.85846856e+00
 3.01000000e+00   0.00000000e+00   1.00000000e+00   3.98869616e-02  -5.18144401e-06   4.46054472e+00   7.84999488e+00
 3.02000000e+00   0.00000000e+00   1.00000000e+00   3.83565281e-02  -2.42653502e-05   4.44614013e+00   7.84353163e+00
 3.03000000e+00   0.00000000e+00   1.00000000e+00   3.69036887e-02  -6.23252322e-06   4.43503075e+00   7.83852127e+00
 3.04000000e+00   0.00000000e+00   1.00000000e+00   3.54937863e-02   4.31047770e-05   4.42659219e+00   7.83388957e+00
 3.05000000e+00   0.00000000e+00   1.00000000e+00   3.41040152e-02   1.07456491e-04   4.41878409e+00   7.82857398e+00
 3.06000000e+00   0.00000000e+00   1.00000000e+00   3.27299767e-02   1.65570273e-04   4.40986869e+00   7.82131104e+00
 3.07000000e+00   0.00000000e+00   1.00000000e+00   3.13888833e-02   1.98425929e-04   4.39819459e+00   7.81183688e+00
 3.08000000e+00   0.00000000e+00   1.00000000e+00   3.01183811e-02   1.95426022e-04   4.38329168e+00   7.80108368e+00
 3.09000000e+00   0.00000000e+00   1.00000000e+00   2.89678546e-02   1.57664313e-04   4.36554042e+00   7.79061993e+00
 3.10000000e+00   0.00000000e+00   1.00000000e+00   2.79818754e-02   9.75972622e-05   4.34640783e+00   7.78206538e+00
 3.11000000e+00   0.00000000e+00   1.00000000e+00   2.71828490e-02   3.50662367e-05   4.32812504e+00   7.77615222e+00
 3.12000000e+00   0.00000000e+00   1.00000000e+00   2.65629037e-02  -9.18385527e-06   4.31307116e+00   7.77269988e+00
 3.13000000e+00   0.00000000e+00   1.00000000e+00   2.60895445e-02  -2.05410988e-05   4.30218892e+00   7.77117246e+00
 3.14000000e+00   0.00000000e+00   1.00000000e+00   2.57207903e-02   4.62266972e-06   4.29523313e+00   7.77047239e+00
 3.15000000e+00   0.00000000e+00   1.00000000e+00   2.54212395e-02   5.78786616e-05   4.29055516e+00   7.76981304e+00
 3.16000000e+00   0.00000000e+00   1.00000000e+00   2.51730784e-02   1.21690887e-04   4.28662408e+00   7.76853541e+00
 3.17000000e+00   0.00000000e+00   1.00000000e+00   2.49802483e-02   1.75080135e-04   4.28137427e+00   7.76589480e+00
 3.18000000e+00   0.00000000e+00   1.00000000e+00   2.48660494e-02   2.00422285e-04   4.27382033e+00   7.76187691e+00
 3.19000000e+00   0.00000000e+00   1.00000000e+00   2.48651891e-02   1.89283999e-04   4.26391024e+00   7.75679901e+00
 3.20000000e+00   0.00000000e+00   1.00000000e+00   2.50126524e-02   1.45350857e-04   4.25249960e+00   7.75172271e+00
 3.21000000e+00   0.00000000e+00   1.00000000e+00   2.53330783e-02   8.31747451e-05   4.24093275e+00   7.74780867e+00
 3.22000000e+00   0.00000000e+00   1.00000000e+00   2.58329408e-02   2.32015595e-05   4.23132185e+00   7.74612152e+00
 3.23000000e+00   0.00000000e+00   1.00000000e+00   2.64965874e-02  -1.49715707e-05   4.22515442e+00   7.74690349e+00
 3.24000000e+00   0.00000000e+00   1.00000000e+00   2.72874462e-02  -1.89457341e-05   4.22348502e+00   7.74939232e+00
 3.25000000e+00   0.00000000e+00   1.00000000e+00   2.81570584e-02   1.25105345e-05   4.22570767e+00   7.75234174e+00
 3.26000000e+00   0.00000000e+00   1.00000000e+00   2.90614183e-02   6.89180249e-05   4.23045957e+00   7.75434942e+00
 3.27000000e+00   0.00000000e+00   1.00000000e+00   2.99778061e-02   1.31498986e-04   4.23513797e+00   7.75467885e+00
 3.28000000e+00   0.00000000e+00   1.00000000e+00   3.09128458e-02   1.79446805e-04   4.23790774e+00   7.75358620e+00
 3.29000000e+00   0.00000000e+00   1.00000000e+00   3.18974194e-02   1.96899867e-04   4.23749598e+00   7.75158127e+00
 3.30000000e+00   0.00000000e+00   1.00000000e+00   3.29722238e-02   1.78104959e-04   4.23442699e+00   7.74935269e+00
 3.31000000e+00   0.00000000e+00   1.00000000e+00   3.41721885e-02   1.29151881e-04   4.22996417e+00   7.74775330e+00
 3.32000000e+00   0.00000000e+00   1.00000000e+00   3.55157834e-02   6.60258428e-05   4.22607258e+00   7.74737429e+00
 3.33000000e+00   0.00000000e+00   1.00000000e+00   3.70007369e-02   9.38129683e-06   4.22445173e+00   7.74890371e+00
 3.34000000e+00   0.00000000e+00   1.00000000e+00   3.86055442e-02  -2.21999885e-05   4.22634599e+00   7.75255515e+00
 3.35000000e+00   0.00000000e+00   1.00000000e+00   4.02959173e-02  -1.84765718e-05   4.23199825e+00   7.75801224e+00
 3.36000000e+00   0.00000000e+00   1.00000000e+00   4.20347754e-02   1.90714943e-05   4.24063372e+00   7.76440152e+00
 3.37000000e+00   0.00000000e+00   1.00000000e+00   4.37931775e-02   7.78332996e-05   4.25059219e+00   7.77058943e+00
 3.38000000e+00   0.00000000e+00   1.00000000e+00   4.55593828e-02   1.38306734e-04   4.26011894e+00   7.77548536e+00
 3.39000000e+00   0.00000000e+00   1.00000000e+00   4.73437388e-02   1.80451931e-04   4.26746947e+00   7.77878293e+00
 3.40000000e+00   0.00000000e+00   1.00000000e+00   4.91773014e-02   1.90220672e-04   4.27198299e+00   7.78111838e+00
 3.41000000e+00   0.00000000e+00   1.00000000e+00   5.11024920e-02   1.64221997e-04   4.27410810e+00   7.78359193e+00
 3.42000000e+00   0.00000000e+00   1.00000000e+00   5.31571264e-02   1.10910297e-04   4.27544361e+00   7.78731040e+00
 3.43000000e+00   0.00000000e+00   1.00000000e+00   5.53582288e-02   4.77638927e-05   4.27863632e+00   7.79291246e+00
 3.44000000e+00   0.00000000e+00   1.00000000e+00   5.76941649e-02  -4.58142051e-06   4.28539290e+00   7.80021079e+00
 3.45000000e+00   0.00000000e+00   1.00000000e+00   6.01292414e-02  -2.91380268e-05   4.29675415e+00   7.80881407e+00
 3.46000000e+00   0.00000000e+00   1.00000000e+00   6.26172881e-02  -1.80705731e-05   4.31241042e+00   7.81811373e+00
 3.47000000e+00   0.00000000e+00   1.00000000e+00   6.51165897e-02   2.47724161e-05   4.33065219e+00   7.82754262e+00
 3.48000000e+00   0.00000000e+00   1.00000000e+00   6.76004174e-02   8.50615147e-05   4.34967066e+00   7.83644075e+00
 3.49000000e+00   0.00000000e+00   1.00000000e+00   7.00616406e-02   1.42677995e-04   4.36755485e+00   7.84381450e+00
 3.50000000e+00   0.00000000e+00   1.00000000e+00   7.25121217e-02   1.78399192e-04   4.38319160e+00   7.84966780e+00
 3.51000000e+00   0.00000000e+00   1.00000000e+00   7.49775609e-02   1.80307637e-04   4.39622372e+00   7.85392898e+00
 3.52000000e+00   0.00000000e+00   1.00000000e+00   7.74883435e-02   1.47646947e-04   4.40744960e+00   7.85749277e+00
 3.53000000e+00   0.00000000e+00   1.00000000e+00   8.00683409e-02   9.09968684e-05   4.41854582e+00   7.86155908e+00
 3.54000000e+00   0.00000000e+00   1.00000000e+00   8.27248089e-02   2.88017889e-05   4.43149824e+00   7.86712675e+00
 3.55000000e+00   0.00000000e+00   1.00000000e+00   8.54427117e-02  -1.86447117e-05   4.44769792e+00   7.87448383e+00
 3.56000000e+00   0.00000000e+00   1.00000000e+00   8.81861577e-02  -3.58946262e-05   4.46809327e+00   7.88293570e+00
 3.57000000e+00   0.00000000e+00   1.00000000e+00   9.09079333e-02  -1.74971838e-05   4.49179893e+00   7.89219487e+00
 3.58000000e+00   0.00000000e+00   1.00000000e+00   9.35650974e-02   3.02037478e-05   4.51682812e+00   7.90070688e+00
 3.59000000e+00   0.00000000e+00   1.00000000e+00   9.61344495e-02   9.12512118e-05   4.54088872e+00   7.90774548e+00
 3.60000000e+00   0.00000000e+00   1.00000000e+00   9.86201360e-02   1.45351841e-04   4.56195630e+00   7.91395144e+00
 3.61000000e+00   0.00000000e+00   1.00000000e+00   1.01049654e-01   1.74542866e-04   4.57931577e+00   7.91910631e+00
 3.62000000e+00   0.00000000e+00   1.00000000e+00   1.03461236e-01   1.69048182e-04   4.59362825e+00   7.92372067e+00
 3.63000000e+00   0.00000000e+00   1.00000000e+00   1.05889579e-01   1.30514118e-04   4.60630846e+00   7.92803535e+00
 3.64000000e+00   0.00000000e+00   1.00000000e+00   1.08355525e-01   7.15184882e-05   4.61920724e+00   7.93306157e+00
 3.65000000e+00   0.00000000e+00   1.00000000e+00   1.10861089e-01   1.13896403e-05   4.63446193e+00   7.93962892e+00
 3.66000000e+00   0.00000000e+00   1.00000000e+00   1.13389148e-01  -3.02344476e-05   4.65294082e+00   7.94742212e+00
 3.67000000e+00   0.00000000e+00   1.00000000e+00   1.15907576e-01  -3.98649976e-05   4.67492266e+00   7.95687586e+00
 3.68000000e+00   0.00000000e+00   1.00000000e+00   1.18377800e-01  -1.45385807e-05   4.69957154e+00   7.96730467e+00
 3.69000000e+00   0.00000000e+00   1.00000000e+00   1.20766266e-01   3.72383876e-05   4.72506273e+00   7.97728389e+00
 3.70000000e+00   0.00000000e+00   1.00000000e+00   1.23055373e-01   9.82253734e-05   4.74924713e+00   7.98614762e+00
 3.71000000e+00   0.00000000e+00   1.00000000e+00   1.25249880e-01   1.48151485e-04   4.77032114e+00   7.99304753e+00
 3.72000000e+00   0.00000000e+00   1.00000000e+00   1.27375648e-01   1.70427109e-04   4.78803989e+00   7.99885158e+00
 3.73000000e+00   0.00000000e+00   1.00000000e+00   1.29470027e-01   1.57626741e-04   4.80257209e+00   8.00351899e+00
 3.74000000e+00   0.00000000e+00   1.00000000e+00   1.31566620e-01   1.13897569e-04   4.81629739e+00   8.00837369e+00
 3.75000000e+00   0.00000000e+00   1.00000000e+00   1.33680622e-01   5.35229816e-05   4.83181340e+00   8.01419839e+00
 3.76000000e+00   0.00000000e+00   1.00000000e+00   1.35801493e-01  -3.74644311e-06   4.84931878e+00   8.02004632e+00
 3.77000000e+00   0.00000000e+00   1.00000000e+00   1.37896311e-01  -3.91947401e-05   4.87064765e+00   8.02675950e+00
 3.78000000e+00   0.00000000e+00   1.00000000e+00   1.39921373e-01  -4.12731436e-05   4.89508062e+00   8.03444679e+00
 3.79000000e+00   0.00000000e+00   1.00000000e+00   1.41835709e-01  -9.45432531e-06   4.92127575e+00   8.04267425e+00
 3.80000000e+00   0.00000000e+00   1.00000000e+00   1.43611279e-01   4.55837733e-05   4.94636778e+00   8.04952728e+00
 3.81000000e+00   0.00000000e+00   1.00000000e+00   1.45238377e-01   1.05560008e-04   4.96886901e+00   8.05539538e+00
 3.82000000e+00   0.00000000e+00   1.00000000e+00   1.46726783e-01   1.50634531e-04   4.98739180e+00   8.05943224e+00
 3.83000000e+00   0.00000000e+00   1.00000000e+00   1.48102511e-01   1.65892002e-04   5.00176030e+00   8.06174188e+00
 3.84000000e+00   0.00000000e+00   1.00000000e+00   1.49399743e-01   1.46217954e-04   5.01291700e+00   8.06294917e+00
 3.85000000e+00   0.00000000e+00   1.00000000e+00   1.50649093e-01   9.80325087e-05   5.02251374e+00   8.06409709e+00
 3.86000000e+00   0.00000000e+00   1.00000000e+00   1.51865851e-01   3.71967972e-05   5.03273228e+00   8.06608356e+00
 3.87000000e+00   0.00000000e+00   1.00000000e+00   1.53043047e-01  -1.62648072e-05   5.04519558e+00   8.06942395e+00
 3.88000000e+00   0.00000000e+00   1.00000000e+00   1.54152639e-01  -4.48309083e-05   5.06051194e+00   8.07402555e+00
 3.89000000e+00   0.00000000e+00   1.00000000e+00   1.55155010e-01  -3.91781869e-05   5.07807837e+00   8.07948046e+00
 3.90000000e+00   0.00000000e+00   1.00000000e+00   1.56013802e-01  -1.25968122e-06   5.09592873e+00   8.08489115e+00
 3.91000000e+00   0.00000000e+00   1.00000000e+00   1.56710036e-01   5.63914457e-05   5.11180560e+00   8.08988799e+00
 3.92000000e+00   0.00000000e+00   1.00000000e+00   1.57249170e-01   1.14726488e-04   5.12407616e+00   8.09399212e+00
 3.93000000e+00   0.00000000e+00   1.00000000e+00   1.57658287e-01   1.54482861e-04   5.13189786e+00   8.09710334e+00
 3.94000000e+00   0.00000000e+00   1.00000000e+00   1.57975653e-01   1.62553209e-04   5.13600940e+00   8.09910369e+00
 3.95000000e+00   0.00000000e+00   1.00000000e+00   1.58238090e-01   1.36455885e-04   5.15683081e+00   8.10351614e+00
 3.96000000e+00   0.00000000e+00   1.00000000e+00   1.58471129e-01   8.47065125e-05   5.15941813e+00   8.10526599e+00
 3.97000000e+00   0.00000000e+00   1.00000000e+00   1.58682716e-01   2.44444658e-05   5.15999045e+00   8.10679038e+00
 3.98000000e+00   0.00000000e+00   1.00000000e+00   1.58861153e-01  -2.45116998e-05   5.16169662e+00   8.10769258e+00
 3.99000000e+00   0.00000000e+00   1.00000000e+00   1.58977932e-01  -4.59796868e-05   5.16472538e+00   8.10883147e+00
 4.00000000e+00   0.00000000e+00   1.00000000e+00   1.58995462e-01  -3.29591124e-05   5.16778908e+00   8.11061600e+00
 4.01000000e+00   0.00000000e+00   1.00000000e+00   1.58878960e-01   1.02605564e-05   5.16930272e+00   8.11250646e+00
 4.02000000e+00   0.00000000e+00   1.00000000e+00   1.58608726e-01   6.94111810e-05   5.16758575e+00   8.11356011e+00
 4.03000000e+00   0.00000000e+00   1.00000000e+00   1.58187654e-01   1.25029541e-04   5.16197961e+00   8.11270804e+00
 4.04000000e+00   0.00000000e+00   1.00000000e+00   1.57640431e-01   1.58823475e-04   5.15256714e+00   8.10923699e+00
 4.05000000e+00   0.00000000e+00   1.00000000e+00   1.57004311e-01   1.59684919e-04   5.14061155e+00   8.10297901e+00
 4.06000000e+00   0.00000000e+00   1.00000000e+00   1.56314745e-01   1.27377587e-04   5.12807260e+00   8.09496761e+00
 4.07000000e+00   0.00000000e+00   1.00000000e+00   1.55591583e-01   7.26272675e-05   5.11666387e+00   8.08562373e+00
 4.08000000e+00   0.00000000e+00   1.00000000e+00   1.54832789e-01   1.37813365e-05   5.15562827e+00   8.09083184e+00
 4.09000000e+00   0.00000000e+00   1.00000000e+00   1.54016029e-01  -2.97883650e-05   5.16678429e+00   8.09543930e+00
 4.10000000e+00   0.00000000e+00   1.00000000e+00   1.53107124e-01  -4.36348905e-05   5.17276008e+00   8.10210082e+00
 4.11000000e+00   0.00000000e+00   1.00000000e+00   1.52071879e-01  -2.31201905e-05   5.17829316e+00   8.10817861e+00
 4.12000000e+00   0.00000000e+00   1.00000000e+00   1.50886908e-01   2.50983539e-05   5.18201303e+00   8.11284868e+00
 4.13000000e+00   0.00000000e+00   1.00000000e+00   1.49546239e-01   8.51229767e-05   5.18242911e+00   8.11552657e+00
 4.14000000e+00   0.00000000e+00   1.00000000e+00   1.48063553e-01   1.37313800e-04   5.17846239e+00   8.11581782e+00
 4.15000000e+00   0.00000000e+00   1.00000000e+00   1.46469901e-01   1.64575858e-04   5.16979722e+00   8.11376571e+00
 4.16000000e+00   0.00000000e+00   1.00000000e+00   1.44806326e-01   1.58139888e-04   5.15709076e+00   8.10987209e+00
 4.17000000e+00   0.00000000e+00   1.00000000e+00   1.43112006e-01   1.20312006e-04   5.14231717e+00   8.10519717e+00
 4.18000000e+00   0.00000000e+00   1.00000000e+00   1.41411707e-01   6.37148330e-05   5.12756941e+00   8.10134421e+00
 4.19000000e+00   0.00000000e+00   1.00000000e+00   1.39707567e-01   7.12865293e-06   5.11513158e+00   8.09839684e+00
 4.20000000e+00   0.00000000e+00   1.00000000e+00   1.37979460e-01  -3.06093697e-05   5.10508416e+00   8.09678293e+00
 4.21000000e+00   0.00000000e+00   1.00000000e+00   1.36194350e-01  -3.68846737e-05   5.09771055e+00   8.09670000e+00
 4.22000000e+00   0.00000000e+00   1.00000000e+00   1.34320453e-01  -9.56742725e-06   5.09150204e+00   8.09682460e+00
 4.23000000e+00   0.00000000e+00   1.00000000e+00   1.32340226e-01   4.24245117e-05   5.08416784e+00   8.09722586e+00
 4.24000000e+00   0.00000000e+00   1.00000000e+00   1.30257464e-01   1.02139844e-04   5.07531592e+00   8.09703319e+00
 4.25000000e+00   0.00000000e+00   1.00000000e+00   1.28096397e-01   1.50101896e-04   5.06272530e+00   8.09509280e+00
 4.26000000e+00   0.00000000e+00   1.00000000e+00   1.25893591e-01   1.70657193e-04   5.04696283e+00   8.09221050e+00
 4.27000000e+00   0.00000000e+00   1.00000000e+00   1.23686450e-01   1.57224551e-04   5.02897557e+00   8.08839091e+00
 4.28000000e+00   0.00000000e+00   1.00000000e+00   1.21502924e-01   1.14475013e-04   5.01033989e+00   8.08299823e+00
 4.29000000e+00   0.00000000e+00   1.00000000e+00   1.19354683e-01   5.67181351e-05   4.99271886e+00   8.07793626e+00
 4.30000000e+00   0.00000000e+00   1.00000000e+00   1.17234206e-01   3.19060670e-06   4.97759967e+00   8.07350773e+00
 4.31000000e+00   0.00000000e+00   1.00000000e+00   1.15116525e-01  -2.83137609e-05   4.96556084e+00   8.07036012e+00
 4.32000000e+00   0.00000000e+00   1.00000000e+00   1.12966320e-01  -2.73040160e-05   4.95613901e+00   8.06837375e+00
 4.33000000e+00   0.00000000e+00   1.00000000e+00   1.10749679e-01   6.03247829e-06   4.94809641e+00   8.06633339e+00
 4.34000000e+00   0.00000000e+00   1.00000000e+00   1.08447071e-01   6.08889351e-05   4.93926019e+00   8.06382514e+00
 4.35000000e+00   0.00000000e+00   1.00000000e+00   1.06061773e-01   1.19314068e-04   4.92793165e+00   8.05973496e+00
 4.36000000e+00   0.00000000e+00   1.00000000e+00   1.03619519e-01   1.62202089e-04   4.91319111e+00   8.05399151e+00
 4.37000000e+00   0.00000000e+00   1.00000000e+00   1.01159474e-01   1.75647853e-04   4.89528385e+00   8.04703908e+00
 4.38000000e+00   0.00000000e+00   1.00000000e+00   9.87205949e-02   1.55494448e-04   4.87517683e+00   8.03889930e+00
 4.39000000e+00   0.00000000e+00   1.00000000e+00   9.63288481e-02   1.08598699e-04   4.85442244e+00   8.03002898e+00
 4.40000000e+00   0.00000000e+00   1.00000000e+00   9.39901145e-02   5.06125493e-05   4.83518889e+00   8.02154766e+00
 4.41000000e+00   0.00000000e+00   1.00000000e+00   9.16906903e-02   8.28999218e-07   4.81829477e+00   8.01394504e+00
 4.42000000e+00   0.00000000e+00   1.00000000e+00   8.94043065e-02  -2.41388574e-05   4.80396452e+00   8.00762195e+00
 4.43000000e+00   0.00000000e+00   1.00000000e+00   8.71023818e-02  -1.59227604e-05   4.79155261e+00   8.00256250e+00
 4.44000000e+00   0.00000000e+00   1.00000000e+00   8.47641265e-02   2.29051232e-05   4.77987269e+00   7.99810495e+00
 4.45000000e+00   0.00000000e+00   1.00000000e+00   8.23840471e-02   7.96693290e-05   4.76730728e+00   7.99357482e+00
 4.46000000e+00   0.00000000e+00   1.00000000e+00   7.99754685e-02   1.35849001e-04   4.75239608e+00   7.98777513e+00
 4.47000000e+00   0.00000000e+00   1.00000000e+00   7.75692494e-02   1.73149706e-04   4.73472767e+00   7.98104145e+00
 4.48000000e+00   0.00000000e+00   1.00000000e+00   7.52069231e-02   1.79491743e-04   4.71429720e+00   7.97259983e+00
 4.49000000e+00   0.00000000e+00   1.00000000e+00   7.29289045e-02   1.52982365e-04   4.69219417e+00   7.96374932e+00
 4.50000000e+00   0.00000000e+00   1.00000000e+00   7.07614899e-02   1.02580841e-04   4.67053121e+00   7.95554779e+00
 4.51000000e+00   0.00000000e+00   1.00000000e+00   6.87083358e-02   4.51341219e-05   4.65057928e+00   7.94763100e+00
 4.52000000e+00   0.00000000e+00   1.00000000e+00   6.67505651e-02  -2.65603957e-07   4.63381458e+00   7.94082806e+00
 4.53000000e+00   0.00000000e+00   1.00000000e+00   6.48555110e-02  -1.85528927e-05   4.62030601e+00   7.93521907e+00
 4.54000000e+00   0.00000000e+00   1.00000000e+00   6.29899951e-02  -3.61129341e-06   4.60908143e+00   7.93042158e+00
 4.55000000e+00   0.00000000e+00   1.00000000e+00   6.11326324e-02   3.97424718e-05   4.59881026e+00   7.92611880e+00
 4.56000000e+00   0.00000000e+00   1.00000000e+00   5.92809306e-02   9.73228320e-05   4.58805967e+00   7.92160297e+00
 4.57000000e+00   0.00000000e+00   1.00000000e+00   5.74514017e-02   1.50253660e-04   4.57520854e+00   7.91614657e+00
 4.58000000e+00   0.00000000e+00   1.00000000e+00   5.56736091e-02   1.81207791e-04   4.56034636e+00   7.90945738e+00
 4.59000000e+00   0.00000000e+00   1.00000000e+00   5.39807513e-02   1.80136675e-04   4.54342825e+00   7.90142979e+00
 4.60000000e+00   0.00000000e+00   1.00000000e+00   5.23997292e-02   1.47569258e-04   4.52601776e+00   7.89254566e+00
 4.61000000e+00   0.00000000e+00   1.00000000e+00   5.09432177e-02   9.43812178e-05   4.50895293e+00   7.88368360e+00
 4.62000000e+00   0.00000000e+00   1.00000000e+00   4.96053518e-02   3.81848863e-05   4.49410214e+00   7.87563521e+00
 4.63000000e+00   0.00000000e+00   1.00000000e+00   4.83624707e-02  -2.42625053e-06   4.48220381e+00   7.86870330e+00
 4.64000000e+00   0.00000000e+00   1.00000000e+00   4.71798056e-02  -1.39984149e-05   4.47325809e+00   7.86300129e+00
 4.65000000e+00   0.00000000e+00   1.00000000e+00   4.60232303e-02   7.30383587e-06   4.46632094e+00   7.85802904e+00
 4.66000000e+00   0.00000000e+00   1.00000000e+00   4.48721197e-02   5.44641673e-05   4.45989075e+00   7.85313769e+00
 4.67000000e+00   0.00000000e+00   1.00000000e+00   4.37278139e-02   1.11954714e-04   4.45242545e+00   7.84796189e+00
 4.68000000e+00   0.00000000e+00   1.00000000e+00   4.26136918e-02   1.60899841e-04   4.44250695e+00   7.84226967e+00
 4.69000000e+00   0.00000000e+00   1.00000000e+00   4.15668422e-02   1.85268315e-04   4.42980446e+00   7.83600845e+00
 4.70000000e+00   0.00000000e+00   1.00000000e+00   4.06252241e-02   1.77120563e-04   4.41553296e+00   7.82915559e+00
 4.71000000e+00   0.00000000e+00   1.00000000e+00   3.98157136e-02   1.39213403e-04   4.40052977e+00   7.82215478e+00
 4.72000000e+00   0.00000000e+00   1.00000000e+00   3.91469578e-02   8.41299032e-05   4.38635022e+00   7.81554889e+00
 4.73000000e+00   0.00000000e+00   1.00000000e+00   3.86087026e-02   3.00838879e-05   4.37449491e+00   7.80981589e+00
 4.74000000e+00   0.00000000e+00   1.00000000e+00   3.81767260e-02  -5.10105225e-06   4.36549706e+00   7.80568347e+00
 4.75000000e+00   0.00000000e+00   1.00000000e+00   3.78214718e-02  -9.87199822e-06   4.35929483e+00   7.80308840e+00
 4.76000000e+00   0.00000000e+00   1.00000000e+00   3.75177757e-02   1.72971290e-05   4.35475154e+00   7.80171174e+00
 4.77000000e+00   0.00000000e+00   1.00000000e+00   3.72533744e-02   6.74307284e-05   4.35073780e+00   7.80083632e+00
 4.78000000e+00   0.00000000e+00   1.00000000e+00   3.70339554e-02   1.23978422e-04   4.34567316e+00   7.79988910e+00
 4.79000000e+00   0.00000000e+00   1.00000000e+00   3.68829000e-02   1.68194547e-04   4.33180513e+00   7.80537339e+00
 4.80000000e+00   0.00000000e+00   1.00000000e+00   3.68345672e-02   1.85611549e-04   4.32702267e+00   7.80359559e+00
 4.81000000e+00   0.00000000e+00   1.00000000e+00   3.69230994e-02   1.70474152e-04   4.32448860e+00   7.79993565e+00
 4.82000000e+00   0.00000000e+00   1.00000000e+00   3.71694662e-02   1.27832451e-04   4.30863501e+00   7.79054334e+00
 4.83000000e+00   0.00000000e+00   1.00000000e+00   3.75729799e-02   7.15850412e-05   4.29981795e+00   7.78832501e+00
 4.84000000e+00   0.00000000e+00   1.00000000e+00   3.81111814e-02   2.03131754e-05   4.29492138e+00   7.78655611e+00
 4.85000000e+00   0.00000000e+00   1.00000000e+00   3.87476976e-02  -9.21183150e-06   4.29355315e+00   7.78599830e+00
 4.86000000e+00   0.00000000e+00   1.00000000e+00   3.94446407e-02  -7.32441660e-06   4.29524992e+00   7.78659458e+00
 4.87000000e+00   0.00000000e+00   1.00000000e+00   4.01742219e-02   2.51643509e-05   4.29854772e+00   7.78820395e+00
 4.88000000e+00   0.00000000e+00   1.00000000e+00   4.09258984e-02   7.74078632e-05   4.30203027e+00   7.79034701e+00
 4.89000000e+00   0.00000000e+00   1.00000000e+00   4.17076019e-02   1.32078994e-04   4.30416819e+00   7.79230833e+00
 4.90000000e+00   0.00000000e+00   1.00000000e+00   4.25414958e-02   1.71091613e-04   4.30444995e+00   7.79364983e+00
 4.91000000e+00   0.00000000e+00   1.00000000e+00   4.34561665e-02   1.81507913e-04   4.30306525e+00   7.79418029e+00
 4.92000000e+00   0.00000000e+00   1.00000000e+00   4.44771361e-02   1.59788967e-04   4.30082739e+00   7.79402527e+00
 4.93000000e+00   0.00000000e+00   1.00000000e+00   4.56178467e-02   1.13020725e-04   4.29882384e+00   7.79380454e+00
 4.94000000e+00   0.00000000e+00   1.00000000e+00   4.68737649e-02   5.65733568e-05   4.29886704e+00   7.79420927e+00
 4.95000000e+00   0.00000000e+00   1.00000000e+00   4.82221661e-02   8.95115963e-06   4.30170202e+00   7.79541325e+00
 4.96000000e+00   0.00000000e+00   1.00000000e+00   4.96285794e-02  -1.43328833e-05   4.30754523e+00   7.79763943e+00
 4.97000000e+00   0.00000000e+00   1.00000000e+00   5.10581787e-02  -5.78266004e-06   4.31567072e+00   7.80063517e+00
 4.98000000e+00   0.00000000e+00   1.00000000e+00   5.24881818e-02   3.16429578e-05   4.32448430e+00   7.80433285e+00
 4.99000000e+00   0.00000000e+00   1.00000000e+00   5.39162103e-02   8.54611117e-05   4.33237777e+00   7.80836703e+00
 5.00000000e+00   0.00000000e+00   1.00000000e+00   5.53607895e-02   1.37771298e-04   4.33844515e+00   7.81253513e+00