  Time  Coordinate0  Coordinate1  Displacement0  Displacement1  Force0  Force1
 0.00000000e+00   0.00000000e+00   1.00000000e+00   0.00000000e+00   0.00000000e+00   0.00000000e+00   0.00000000e+00
 1.00000000e-02   0.00000000e+00   1.00000000e+00   2.90008541e-04   4.90340529e-05   9.04994358e+00   1.47324353e+01
 2.00000000e-02   0.00000000e+00   1.00000000e+00   9.35456295e-04   1.08827438e-04   7.03504430e+00   1.30864764e+01
 3.00000000e-02   0.00000000e+00   1.00000000e+00   1.75882989e-03   1.73198172e-04   6.15127488e+00   1.21869086e+01
 4.00000000e-02   0.00000000e+00   1.00000000e+00   2.71369946e-03   2.26081471e-04   5.63703566e+00   1.15720860e+01
 5.00000000e-02   0.00000000e+00   1.00000000e+00   3.78680942e-03   2.63681489e-04   5.29796928e+00   1.11073204e+01
 6.00000000e-02   0.00000000e+00   1.00000000e+00   4.94789851e-03   2.61211848e-04   5.05989002e+00   1.07338639e+01
 7.00000000e-02   0.00000000e+00   1.00000000e+00   6.19310059e-03   2.09939211e-04   4.88217292e+00   1.04216170e+01
 8.00000000e-02   0.00000000e+00   1.00000000e+00   7.54435001e-03   1.19198620e-04   4.74200803e+00   1.01559827e+01
 9.00000000e-02   0.00000000e+00   1.00000000e+00   9.07891837e-03   3.25983464e-05   4.62869909e+00   9.93396671e+00
 1.00000000e-01   0.00000000e+00   1.00000000e+00   1.08700784e-02  -1.35009938e-05   4.53956462e+00   9.74922620e+00
 1.10000000e-01   0.00000000e+00   1.00000000e+00   1.29195223e-02  -1.69845135e-05   4.47199823e+00   9.59493230e+00
 1.20000000e-01   0.00000000e+00   1.00000000e+00   1.51706482e-02   6.60632586e-06   4.42374503e+00   9.46257688e+00
 1.30000000e-01   0.00000000e+00   1.00000000e+00   1.75882555e-02   5.93170946e-05   4.38953787e+00   9.35158817e+00
 1.40000000e-01   0.00000000e+00   1.00000000e+00   2.01638985e-02   1.42405549e-04   4.36601393e+00   9.25836107e+00
 1.50000000e-01   0.00000000e+00   1.00000000e+00   2.28412921e-02   2.18173319e-04   4.35339193e+00   9.17410455e+00
 1.60000000e-01   0.00000000e+00   1.00000000e+00   2.55210256e-02   2.40759917e-04   4.34751821e+00   9.09022606e+00
 1.70000000e-01   0.00000000e+00   1.00000000e+00   2.81716993e-02   2.09000828e-04   4.34077528e+00   9.00846900e+00
 1.80000000e-01   0.00000000e+00   1.00000000e+00   3.08689895e-02   1.51754694e-04   4.32919445e+00   8.93662633e+00
 1.90000000e-01   0.00000000e+00   1.00000000e+00   3.37200401e-02   8.33721125e-05   4.31618658e+00   8.87845414e+00
 2.00000000e-01   0.00000000e+00   1.00000000e+00   3.67743428e-02   1.10817013e-05   4.30757883e+00   8.82994176e+00
 2.10000000e-01   0.00000000e+00   1.00000000e+00   4.00030122e-02  -4.26646056e-05   4.30658965e+00   8.78528549e+00
 2.20000000e-01   0.00000000e+00   1.00000000e+00   4.33675922e-02  -5.09903828e-05   4.31125826e+00   8.74406070e+00
 2.30000000e-01   0.00000000e+00   1.00000000e+00   4.68761973e-02  -4.52704765e-06   4.32008407e+00   8.71013297e+00
 2.40000000e-01   0.00000000e+00   1.00000000e+00   5.05198397e-02   7.51246386e-05   4.33538416e+00   8.68131405e+00
 2.50000000e-01   0.00000000e+00   1.00000000e+00   5.42027453e-02   1.47955175e-04   4.35810171e+00   8.64869555e+00
 2.60000000e-01   0.00000000e+00   1.00000000e+00   5.78236137e-02   1.93252757e-04   4.38262854e+00   8.60931241e+00
 2.70000000e-01   0.00000000e+00   1.00000000e+00   6.13748085e-02   2.12741091e-04   4.40227382e+00   8.56768611e+00
 2.80000000e-01   0.00000000e+00   1.00000000e+00   6.48963512e-02   1.96832873e-04   4.41732819e+00   8.52711396e+00
 2.90000000e-01   0.00000000e+00   1.00000000e+00   6.84042587e-02   1.33071668e-04   4.42961329e+00   8.48641747e+00
 3.00000000e-01   0.00000000e+00   1.00000000e+00   7.19161478e-02   4.35117895e-05   4.43951721e+00   8.44690428e+00
 3.10000000e-01   0.00000000e+00   1.00000000e+00   7.54880783e-02  -2.77624584e-05   4.44755705e+00   8.41509256e+00
 3.20000000e-01   0.00000000e+00   1.00000000e+00   7.91841308e-02  -5.62456344e-05   4.45718408e+00   8.39330596e+00
 3.30000000e-01   0.00000000e+00   1.00000000e+00   8.30209918e-02  -4.43367310e-05   4.47289826e+00   8.37877908e+00
 3.40000000e-01   0.00000000e+00   1.00000000e+00   8.69397335e-02  -1.39443362e-06   4.49687426e+00   8.36534747e+00
 3.50000000e-01   0.00000000e+00   1.00000000e+00   9.08341421e-02   6.59339931e-05   4.52711003e+00   8.34912981e+00
 3.60000000e-01   0.00000000e+00   1.00000000e+00   9.46333359e-02   1.43451521e-04   4.55716167e+00   8.32966437e+00
 3.70000000e-01   0.00000000e+00   1.00000000e+00   9.83455051e-02   2.00666292e-04   4.58350938e+00   8.31019690e+00
 3.80000000e-01   0.00000000e+00   1.00000000e+00   1.01996953e-01   2.07807343e-04   4.60656344e+00   8.29130765e+00
 3.90000000e-01   0.00000000e+00   1.00000000e+00   1.05577314e-01   1.63745797e-04   4.62760966e+00   8.27009127e+00
 4.00000000e-01   0.00000000e+00   1.00000000e+00   1.09087660e-01   9.46702981e-05   4.64511780e+00   8.24821530e+00
 4.10000000e-01   0.00000000e+00   1.00000000e+00   1.12589996e-01   2.45085690e-05   4.65865103e+00   8.23152601e+00
 4.20000000e-01   0.00000000e+00   1.00000000e+00   1.16162421e-01  -3.60760219e-05   4.67249086e+00   8.22288119e+00
 4.30000000e-01   0.00000000e+00   1.00000000e+00   1.19829144e-01  -7.11034362e-05   4.69127390e+00   8.22070479e+00
 4.40000000e-01   0.00000000e+00   1.00000000e+00   1.23552554e-01  -5.81302335e-05   4.71762470e+00   8.22210552e+00
 4.50000000e-01   0.00000000e+00   1.00000000e+00   1.27278086e-01   3.49569601e-06   4.74980123e+00   8.22529741e+00
 4.60000000e-01   0.00000000e+00   1.00000000e+00   1.30964944e-01   8.42300284e-05   4.78534262e+00   8.22766971e+00
 4.70000000e-01   0.00000000e+00   1.00000000e+00   1.34564405e-01   1.50726945e-04   4.82262250e+00   8.22713959e+00
 4.80000000e-01   0.00000000e+00   1.00000000e+00   1.38004731e-01   1.86469588e-04   4.85807729e+00   8.21927734e+00
 4.90000000e-01   0.00000000e+00   1.00000000e+00   1.41246049e-01   1.87125443e-04   4.88898565e+00   8.20686177e+00
 5.00000000e-01   0.00000000e+00   1.00000000e+00   1.44334337e-01   1.50169862e-04   4.91195877e+00   8.19475234e+00
 5.10000000e-01   0.00000000e+00   1.00000000e+00   1.47359596e-01   7.89433034e-05   4.92975738e+00   8.18748598e+00
 5.20000000e-01   0.00000000e+00   1.00000000e+00   1.50372248e-01  -4.22507462e-06   4.94801986e+00   8.18442353e+00
 5.30000000e-01   0.00000000e+00   1.00000000e+00   1.53365284e-01  -6.30719376e-05   4.97006403e+00   8.18403319e+00
 5.40000000e-01   0.00000000e+00   1.00000000e+00   1.56317317e-01  -7.50966376e-05   4.99609530e+00   8.18674498e+00
 5.50000000e-01   0.00000000e+00   1.00000000e+00   1.59219062e-01  -4.52349675e-05   5.02512787e+00   8.19236290e+00
 5.60000000e-01   0.00000000e+00   1.00000000e+00   1.62053614e-01   1.13576246e-05   5.05744640e+00   8.20021570e+00
 5.70000000e-01   0.00000000e+00   1.00000000e+00   1.64767777e-01   8.31409126e-05   5.09262367e+00   8.20627023e+00
 5.80000000e-01   0.00000000e+00   1.00000000e+00   1.67284047e-01   1.52565861e-04   5.12786846e+00   8.20562306e+00
 5.90000000e-01   0.00000000e+00   1.00000000e+00   1.69555017e-01   1.91318843e-04   5.15706859e+00   8.20039503e+00
 6.00000000e-01   0.00000000e+00   1.00000000e+00   1.71598862e-01   1.79553448e-04   5.17827915e+00   8.19091540e+00
 6.10000000e-01   0.00000000e+00   1.00000000e+00   1.73469964e-01   1.23911701e-04   5.19246854e+00   8.18209246e+00
 6.20000000e-01   0.00000000e+00   1.00000000e+00   1.75213774e-01   4.99144899e-05   5.20341711e+00   8.17559287e+00
 6.30000000e-01   0.00000000e+00   1.00000000e+00   1.76870697e-01  -1.84622846e-05   5.21320670e+00   8.17312472e+00
 6.40000000e-01   0.00000000e+00   1.00000000e+00   1.78492620e-01  -6.58710117e-05   5.22388943e+00   8.17691381e+00
 6.50000000e-01   0.00000000e+00   1.00000000e+00   1.80108716e-01  -7.89011139e-05   5.23883295e+00   8.18610928e+00
 6.60000000e-01   0.00000000e+00   1.00000000e+00   1.81680355e-01  -4.68773642e-05   5.26034488e+00   8.19661247e+00
 6.70000000e-01   0.00000000e+00   1.00000000e+00   1.83122371e-01   2.35789427e-05   5.28641910e+00   8.20475243e+00
 6.80000000e-01   0.00000000e+00   1.00000000e+00   1.84371304e-01   1.03627902e-04   5.31172117e+00   8.20856346e+00
 6.90000000e-01   0.00000000e+00   1.00000000e+00   1.85417427e-01   1.61374247e-04   5.33223998e+00   8.20961955e+00
 7.00000000e-01   0.00000000e+00   1.00000000e+00   1.86275081e-01   1.81978781e-04   5.34777401e+00   8.20837561e+00
 7.10000000e-01   0.00000000e+00   1.00000000e+00   1.86948309e-01   1.64911558e-04   5.35889739e+00   8.20410525e+00
 7.20000000e-01   0.00000000e+00   1.00000000e+00   1.87444094e-01   1.13230279e-04   5.36531866e+00   8.19726905e+00
 7.30000000e-01   0.00000000e+00   1.00000000e+00   1.87806086e-01   3.75556263e-05   5.36715973e+00   8.19140851e+00
 7.40000000e-01   0.00000000e+00   1.00000000e+00   1.88104961e-01  -3.62770533e-05   5.38695151e+00   8.18979157e+00
 7.50000000e-01   0.00000000e+00   1.00000000e+00   1.88384847e-01  -7.80679064e-05   5.38848067e+00   8.18873409e+00
 7.60000000e-01   0.00000000e+00   1.00000000e+00   1.88630886e-01  -7.28109499e-05   5.39184213e+00   8.19188538e+00
 7.70000000e-01   0.00000000e+00   1.00000000e+00   1.88789754e-01  -2.77701485e-05   5.39826109e+00   8.19607754e+00
 7.80000000e-01   0.00000000e+00   1.00000000e+00   1.88804508e-01   3.93448484e-05   5.40422980e+00   8.19968297e+00
 7.90000000e-01   0.00000000e+00   1.00000000e+00   1.88625286e-01   1.10798878e-04   5.40774194e+00   8.20148860e+00
 8.00000000e-01   0.00000000e+00   1.00000000e+00   1.88208306e-01   1.67326634e-04   5.40649584e+00   8.20092500e+00
 8.10000000e-01   0.00000000e+00   1.00000000e+00   1.87531813e-01   1.87016297e-04   5.39869648e+00   8.19714070e+00
 8.20000000e-01   0.00000000e+00   1.00000000e+00   1.86622466e-01   1.58384457e-04   5.38256911e+00   8.18829832e+00
 8.30000000e-01   0.00000000e+00   1.00000000e+00   1.85551155e-01   9.30213642e-05   5.41401064e+00   8.17427524e+00
 8.40000000e-01   0.00000000e+00   1.00000000e+00   1.84387468e-01   1.82875265e-05   5.41554468e+00   8.17485422e+00
 8.50000000e-01   0.00000000e+00   1.00000000e+00   1.83156063e-01  -4.20273800e-05   5.41042950e+00   8.17968670e+00
 8.60000000e-01   0.00000000e+00   1.00000000e+00   1.81848553e-01  -7.30616380e-05   5.40630343e+00   8.18427015e+00
 8.70000000e-01   0.00000000e+00   1.00000000e+00   1.80460774e-01  -6.53112675e-05   5.40354301e+00   8.19042086e+00
 8.80000000e-01   0.00000000e+00   1.00000000e+00   1.78988869e-01  -1.64801275e-05   5.40245671e+00   8.19809522e+00
 8.90000000e-01   0.00000000e+00   1.00000000e+00   1.77396769e-01   5.95080016e-05   5.40353519e+00   8.20465785e+00
 9.00000000e-01   0.00000000e+00   1.00000000e+00   1.75620272e-01   1.33863923e-04   5.40437703e+00   8.20562684e+00
 9.10000000e-01   0.00000000e+00   1.00000000e+00   1.73615327e-01   1.79093892e-04   5.40068704e+00   8.19971028e+00
 9.20000000e-01   0.00000000e+00   1.00000000e+00   1.71394429e-01   1.83331717e-04   5.38923378e+00   8.18983971e+00
 9.30000000e-01   0.00000000e+00   1.00000000e+00   1.69013852e-01   1.49359115e-04   5.37060242e+00   8.18002043e+00
 9.40000000e-01   0.00000000e+00   1.00000000e+00   1.66537860e-01   8.69254534e-05   5.34810728e+00   8.17092106e+00
 9.50000000e-01   0.00000000e+00   1.00000000e+00   1.64020652e-01   1.24770762e-05   5.32402751e+00   8.16471094e+00
 9.60000000e-01   0.00000000e+00   1.00000000e+00   1.61505097e-01  -4.87809584e-05   5.30109755e+00   8.16345295e+00
 9.70000000e-01   0.00000000e+00   1.00000000e+00   1.59012303e-01  -7.20488948e-05   5.28161235e+00   8.16650098e+00
 9.80000000e-01   0.00000000e+00   1.00000000e+00   1.56522190e-01  -4.88430475e-05   5.26757323e+00   8.17155980e+00
 9.90000000e-01   0.00000000e+00   1.00000000e+00   1.53976324e-01   9.25492753e-06   5.25816752e+00   8.17593721e+00
 1.00000000e+00   0.00000000e+00   1.00000000e+00   1.51314641e-01   8.16444594e-05   5.25038225e+00   8.17680428e+00
 1.01000000e+00   0.00000000e+00   1.00000000e+00   1.48510449e-01   1.48123034e-04   5.24062543e+00   8.17485457e+00
 1.02000000e+00   0.00000000e+00   1.00000000e+00   1.45568071e-01   1.89527244e-04   5.22714727e+00   8.16987786e+00
 1.03000000e+00   0.00000000e+00   1.00000000e+00   1.42498980e-01   1.89943933e-04   5.20950965e+00   8.16131205e+00
 1.04000000e+00   0.00000000e+00   1.00000000e+00   1.39318201e-01   1.46375387e-04   5.18771954e+00   8.14960415e+00
 1.05000000e+00   0.00000000e+00   1.00000000e+00   1.36064643e-01   7.50240366e-05   5.16199116e+00   8.13704641e+00
 1.06000000e+00   0.00000000e+00   1.00000000e+00   1.32804114e-01   3.19484552e-06   5.13343874e+00   8.12812560e+00
 1.07000000e+00   0.00000000e+00   1.00000000e+00   1.29592173e-01  -4.56993375e-05   5.10673827e+00   8.12496987e+00
 1.08000000e+00   0.00000000e+00   1.00000000e+00   1.26432905e-01  -5.89375992e-05   5.08453918e+00   8.12591861e+00
 1.09000000e+00   0.00000000e+00   1.00000000e+00   1.23280994e-01  -3.24028751e-05   5.06746804e+00   8.12661404e+00
 1.10000000e+00   0.00000000e+00   1.00000000e+00   1.20078770e-01   2.87500772e-05   5.05385683e+00   8.12593993e+00
 1.11000000e+00   0.00000000e+00   1.00000000e+00   1.16782317e-01   1.05968860e-04   5.04100410e+00   8.12224839e+00
 1.12000000e+00   0.00000000e+00   1.00000000e+00   1.13363471e-01   1.71133892e-04   5.02636044e+00   8.11441754e+00
 1.13000000e+00   0.00000000e+00   1.00000000e+00   1.09814153e-01   2.00989085e-04   5.00812049e+00   8.10194869e+00
 1.14000000e+00   0.00000000e+00   1.00000000e+00   1.06161468e-01   1.88284424e-04   4.98451063e+00   8.08665333e+00
 1.15000000e+00   0.00000000e+00   1.00000000e+00   1.02467187e-01   1.40134816e-04   4.95566204e+00   8.07134907e+00
 1.16000000e+00   0.00000000e+00   1.00000000e+00   9.87988533e-02   7.13058206e-05   4.92388775e+00   8.05804003e+00
 1.17000000e+00   0.00000000e+00   1.00000000e+00   9.51990146e-02   1.89323700e-06   4.89191389e+00   8.04671118e+00
 1.18000000e+00   0.00000000e+00   1.00000000e+00   9.16815859e-02  -4.43788565e-05   4.86228981e+00   8.03861574e+00
 1.19000000e+00   0.00000000e+00   1.00000000e+00   8.82473415e-02  -4.90584363e-05   4.83604066e+00   8.03385918e+00
 1.20000000e+00   0.00000000e+00   1.00000000e+00   8.48884125e-02  -1.00556832e-05   4.81335974e+00   8.03228904e+00
 1.21000000e+00   0.00000000e+00   1.00000000e+00   8.15753817e-02   5.71905839e-05   4.79432459e+00   8.03075370e+00
 1.22000000e+00   0.00000000e+00   1.00000000e+00   7.82556353e-02   1.29709802e-04   4.77786374e+00   8.02529695e+00
 1.23000000e+00   0.00000000e+00   1.00000000e+00   7.48835329e-02   1.86305332e-04   4.76147147e+00   8.01450340e+00
 1.24000000e+00   0.00000000e+00   1.00000000e+00   7.14582769e-02   2.10329260e-04   4.74184970e+00   7.99911206e+00
 1.25000000e+00   0.00000000e+00   1.00000000e+00   6.80286048e-02   1.92260320e-04   4.71709099e+00   7.98242806e+00
 1.26000000e+00   0.00000000e+00   1.00000000e+00   6.46616245e-02   1.36207232e-04   4.68844430e+00   7.96621599e+00
 1.27000000e+00   0.00000000e+00   1.00000000e+00   6.14117702e-02   6.22161965e-05   4.65827422e+00   7.95229183e+00
 1.28000000e+00   0.00000000e+00   1.00000000e+00   5.83125437e-02  -2.67397589e-06   4.62878373e+00   7.94142937e+00
 1.29000000e+00   0.00000000e+00   1.00000000e+00   5.53769275e-02  -3.74112834e-05   4.60213817e+00   7.93409687e+00
 1.30000000e+00   0.00000000e+00   1.00000000e+00   5.25902339e-02  -3.28423955e-05   4.57968225e+00   7.92918807e+00
 1.31000000e+00   0.00000000e+00   1.00000000e+00   4.99075074e-02   9.53048110e-06   4.56237842e+00   7.92461979e+00
 1.32000000e+00   0.00000000e+00   1.00000000e+00   4.72728705e-02   7.82226405e-05   4.54900389e+00   7.91854251e+00
 1.33000000e+00   0.00000000e+00   1.00000000e+00   4.46482520e-02   1.51577680e-04   4.53676532e+00   7.90989586e+00
 1.34000000e+00   0.00000000e+00   1.00000000e+00   4.20232514e-02   2.03565362e-04   4.52364677e+00   7.89785647e+00
 1.35000000e+00   0.00000000e+00   1.00000000e+00   3.94047907e-02   2.15906503e-04   4.50780043e+00   7.88217816e+00
 1.36000000e+00   0.00000000e+00   1.00000000e+00   3.68119295e-02   1.86369649e-04   4.48913263e+00   7.86345706e+00
 1.37000000e+00   0.00000000e+00   1.00000000e+00   3.42846501e-02   1.26665394e-04   4.46712590e+00   7.84492303e+00
 1.38000000e+00   0.00000000e+00   1.00000000e+00   3.18835650e-02   5.55797027e-05   4.44225480e+00   7.82916007e+00
 1.39000000e+00   0.00000000e+00   1.00000000e+00   2.96629563e-02  -5.28344310e-06   4.41656532e+00   7.81847575e+00
 1.40000000e+00   0.00000000e+00   1.00000000e+00   2.76365189e-02  -3.52362251e-05   4.39366484e+00   7.81212779e+00
 1.41000000e+00   0.00000000e+00   1.00000000e+00   2.57700646e-02  -2.22628441e-05   4.37583288e+00   7.80759564e+00
 1.42000000e+00   0.00000000e+00   1.00000000e+00   2.40073523e-02   2.94888580e-05   4.36277564e+00   7.80283155e+00
 1.43000000e+00   0.00000000e+00   1.00000000e+00   2.23015380e-02   1.01079014e-04   4.35283050e+00   7.79637528e+00
 1.44000000e+00   0.00000000e+00   1.00000000e+00   2.06279936e-02   1.68388389e-04   4.34313830e+00   7.78745515e+00
 1.45000000e+00   0.00000000e+00   1.00000000e+00   1.89834309e-02   2.11058885e-04   4.33230819e+00   7.77608512e+00
 1.46000000e+00   0.00000000e+00   1.00000000e+00   1.73874626e-02   2.16228994e-04   4.31845842e+00   7.76279891e+00
 1.47000000e+00   0.00000000e+00   1.00000000e+00   1.58846325e-02   1.80976261e-04   4.30090858e+00   7.74913211e+00
 1.48000000e+00   0.00000000e+00   1.00000000e+00   1.45323258e-02   1.15631030e-04   4.28021047e+00   7.73673052e+00
 1.49000000e+00   0.00000000e+00   1.00000000e+00   1.33769906e-02   4.27642979e-05   4.25806217e+00   7.72710728e+00
 1.50000000e+00   0.00000000e+00   1.00000000e+00   1.24396339e-02  -1.19439931e-05   4.23702382e+00   7.72131077e+00
 1.51000000e+00   0.00000000e+00   1.00000000e+00   1.17190218e-02  -3.09093324e-05   4.21915932e+00   7.71938144e+00
 1.52000000e+00   0.00000000e+00   1.00000000e+00   1.11972313e-02  -9.62188441e-06   4.20529147e+00   7.72059178e+00
 1.53000000e+00   0.00000000e+00   1.00000000e+00   1.08363174e-02   4.48315825e-05   4.19597788e+00   7.72308903e+00
 1.54000000e+00   0.00000000e+00   1.00000000e+00   1.05799895e-02   1.16083550e-04   4.19103641e+00   7.72334544e+00
 1.55000000e+00   0.00000000e+00   1.00000000e+00   1.03768782e-02   1.81073323e-04   4.18832643e+00   7.71951473e+00
 1.56000000e+00   0.00000000e+00   1.00000000e+00   1.02124074e-02   2.16909596e-04   4.18432924e+00   7.71179165e+00
 1.57000000e+00   0.00000000e+00   1.00000000e+00   1.01181374e-02   2.10934355e-04   4.17659144e+00   7.70269942e+00
 1.58000000e+00   0.00000000e+00   1.00000000e+00   1.01492886e-02   1.66275222e-04   4.16506057e+00   7.69460668e+00
 1.59000000e+00   0.00000000e+00   1.00000000e+00   1.03538266e-02   9.87726606e-05   4.15143915e+00   7.68883608e+00
 1.60000000e+00   0.00000000e+00   1.00000000e+00   1.07578029e-02   2.97967809e-05   4.13817485e+00   7.68588830e+00
 1.61000000e+00   0.00000000e+00   1.00000000e+00   1.13658000e-02  -1.93333810e-05   4.12719618e+00   7.68574302e+00
 1.62000000e+00   0.00000000e+00   1.00000000e+00   1.21615555e-02  -3.21562777e-05   4.11992445e+00   7.68854829e+00
 1.63000000e+00   0.00000000e+00   1.00000000e+00   1.31068949e-02  -3.21201492e-06   4.11758478e+00   7.69311454e+00
 1.64000000e+00   0.00000000e+00   1.00000000e+00   1.41498100e-02   5.77515011e-05   4.11968449e+00   7.69765315e+00
 1.65000000e+00   0.00000000e+00   1.00000000e+00   1.52435017e-02   1.29117144e-04   4.12436146e+00   7.70027683e+00
 1.66000000e+00   0.00000000e+00   1.00000000e+00   1.63626188e-02   1.86878667e-04   4.12929256e+00   7.69999192e+00
 1.67000000e+00   0.00000000e+00   1.00000000e+00   1.75062717e-02   2.13086625e-04   4.13200776e+00   7.69681271e+00
 1.68000000e+00   0.00000000e+00   1.00000000e+00   1.86942967e-02   1.99691478e-04   4.13196646e+00   7.69167436e+00
 1.69000000e+00   0.00000000e+00   1.00000000e+00   1.99660615e-02   1.50011420e-04   4.12828500e+00   7.68655896e+00
 1.70000000e+00   0.00000000e+00   1.00000000e+00   2.13756284e-02   7.94103741e-05   4.12199390e+00   7.68436734e+00
 1.71000000e+00   0.00000000e+00   1.00000000e+00   2.29714880e-02   1.17164876e-05   4.11511355e+00   7.68701619e+00
 1.72000000e+00   0.00000000e+00   1.00000000e+00   2.47683952e-02  -2.98572073e-05   4.11110244e+00   7.69433884e+00
 1.73000000e+00   0.00000000e+00   1.00000000e+00   2.67366919e-02  -3.22121259e-05   4.11222929e+00   7.70400734e+00
 1.74000000e+00   0.00000000e+00   1.00000000e+00   2.88208788e-02   4.04387766e-06   4.11909678e+00   7.71377025e+00
 1.75000000e+00   0.00000000e+00   1.00000000e+00   3.09694377e-02   6.67761735e-05   4.12948381e+00   7.72246205e+00
 1.76000000e+00   0.00000000e+00   1.00000000e+00   3.31512695e-02   1.36216202e-04   4.14106494e+00   7.72970004e+00
 1.77000000e+00   0.00000000e+00   1.00000000e+00   3.53558774e-02   1.89535329e-04   4.15194337e+00   7.73498551e+00
 1.78000000e+00   0.00000000e+00   1.00000000e+00   3.75912349e-02   2.07972644e-04   4.16092596e+00   7.73821585e+00
 1.79000000e+00   0.00000000e+00   1.00000000e+00   3.98847249e-02   1.84784250e-04   4.16684673e+00   7.74005809e+00
 1.80000000e+00   0.00000000e+00   1.00000000e+00   4.22781773e-02   1.28289359e-04   4.17019591e+00   7.74242480e+00
 1.81000000e+00   0.00000000e+00   1.00000000e+00   4.48119924e-02   5.76779071e-05   4.17279957e+00   7.74723938e+00
 1.82000000e+00   0.00000000e+00   1.00000000e+00   4.75079937e-02  -4.62786454e-06   4.17736696e+00   7.75547803e+00
 1.83000000e+00   0.00000000e+00   1.00000000e+00   5.03622211e-02  -3.92077601e-05   4.18588852e+00   7.76724151e+00
 1.84000000e+00   0.00000000e+00   1.00000000e+00   5.33465446e-02  -3.46166458e-05   4.19975204e+00   7.78143187e+00
 1.85000000e+00   0.00000000e+00   1.00000000e+00   5.64124710e-02   8.29321300e-06   4.21886051e+00   7.79607418e+00
 1.86000000e+00   0.00000000e+00   1.00000000e+00   5.94991707e-02   7.49954393e-05   4.24213324e+00   7.80875170e+00
 1.87000000e+00   0.00000000e+00   1.00000000e+00   6.25524622e-02   1.42298931e-04   4.26694379e+00   7.81760309e+00
 1.88000000e+00   0.00000000e+00   1.00000000e+00   6.55491634e-02   1.87601645e-04   4.28980487e+00   7.82262128e+00
 1.89000000e+00   0.00000000e+00   1.00000000e+00   6.85074641e-02   1.96615818e-04   4.30860855e+00   7.82598776e+00
 1.90000000e+00   0.00000000e+00   1.00000000e+00   7.14721140e-02   1.66583376e-04   4.32367290e+00   7.82897745e+00
 1.91000000e+00   0.00000000e+00   1.00000000e+00   7.44869993e-02   1.06486880e-04   4.33649287e+00   7.83338620e+00
 1.92000000e+00   0.00000000e+00   1.00000000e+00   7.75773769e-02   3.53257082e-05   4.34977291e+00   7.83943918e+00
 1.93000000e+00   0.00000000e+00   1.00000000e+00   8.07481509e-02  -2.31500278e-05   4.36538681e+00   7.84770582e+00
 1.94000000e+00   0.00000000e+00   1.00000000e+00   8.39867447e-02  -4.92144989e-05   4.38475220e+00   7.85881172e+00
 1.95000000e+00   0.00000000e+00   1.00000000e+00   8.72626107e-02  -3.48839112e-05   4.40842064e+00   7.87178307e+00
 1.96000000e+00   0.00000000e+00   1.00000000e+00   9.05298116e-02   1.40483175e-05   4.43623861e+00   7.88566212e+00
 1.97000000e+00   0.00000000e+00   1.00000000e+00   9.37400793e-02   8.12762935e-05   4.46560819e+00   7.89749909e+00
 1.98000000e+00   0.00000000e+00   1.00000000e+00   9.68606485e-02   1.45190982e-04   4.49437540e+00   7.90617796e+00
 1.99000000e+00   0.00000000e+00   1.00000000e+00   9.98848675e-02   1.84630551e-04   4.51976581e+00   7.91186237e+00
 2.00000000e+00   0.00000000e+00   1.00000000e+00   1.02832418e-01   1.85714495e-04   4.54097744e+00   7.91511108e+00
 2.01000000e+00   0.00000000e+00   1.00000000e+00   1.05743687e-01   1.47591426e-04   4.55791816e+00   7.91802308e+00
 2.02000000e+00   0.00000000e+00   1.00000000e+00   1.08669405e-01   8.32898652e-05   4.57258882e+00   7.92304162e+00
 2.03000000e+00   0.00000000e+00   1.00000000e+00   1.11652437e-01   1.42985875e-05   4.58761819e+00   7.93157203e+00
 2.04000000e+00   0.00000000e+00   1.00000000e+00   1.14706443e-01  -3.73082503e-05   4.60592274e+00   7.94358122e+00
 2.05000000e+00   0.00000000e+00   1.00000000e+00   1.17806430e-01  -5.53432792e-05   4.62974049e+00   7.95757075e+00
 2.06000000e+00   0.00000000e+00   1.00000000e+00   1.20900932e-01  -3.38226193e-05   4.65841352e+00   7.97173418e+00
 2.07000000e+00   0.00000000e+00   1.00000000e+00   1.23936575e-01   2.05648335e-05   4.69016738e+00   7.98511333e+00
 2.08000000e+00   0.00000000e+00   1.00000000e+00   1.26876050e-01   8.95653321e-05   4.72211275e+00   7.99663369e+00
 2.09000000e+00   0.00000000e+00   1.00000000e+00   1.29701690e-01   1.49593214e-04   4.75214830e+00   8.00545250e+00
 2.10000000e+00   0.00000000e+00   1.00000000e+00   1.32413249e-01   1.80602572e-04   4.77929485e+00   8.01176705e+00
 2.11000000e+00   0.00000000e+00   1.00000000e+00   1.35027965e-01   1.72849231e-04   4.80174316e+00   8.01572334e+00
 2.12000000e+00   0.00000000e+00   1.00000000e+00   1.37579179e-01   1.29004923e-04   4.82070993e+00   8.01819692e+00
 2.13000000e+00   0.00000000e+00   1.00000000e+00   1.40105630e-01   6.28716985e-05   4.83815826e+00   8.02217318e+00
 2.14000000e+00   0.00000000e+00   1.00000000e+00   1.42633717e-01  -4.29265029e-06   4.85679351e+00   8.02890447e+00
 2.15000000e+00   0.00000000e+00   1.00000000e+00   1.45164052e-01  -5.01137041e-05   4.87869427e+00   8.03813957e+00
 2.16000000e+00   0.00000000e+00   1.00000000e+00   1.47669396e-01  -5.92149589e-05   4.90506819e+00   8.04953972e+00
 2.17000000e+00   0.00000000e+00   1.00000000e+00   1.50101572e-01  -2.90373143e-05   4.93536224e+00   8.06089771e+00
 2.18000000e+00   0.00000000e+00   1.00000000e+00   1.52403834e-01   2.97405237e-05   4.96755414e+00   8.07083697e+00
 2.19000000e+00   0.00000000e+00   1.00000000e+00   1.54528466e-01   9.76749187e-05   4.99861604e+00   8.07767254e+00
 2.20000000e+00   0.00000000e+00   1.00000000e+00   1.56455493e-01   1.52789731e-04   5.02525286e+00   8.08061391e+00
 2.21000000e+00   0.00000000e+00   1.00000000e+00   1.58201031e-01   1.76890254e-04   5.04613297e+00   8.08131130e+00
 2.22000000e+00   0.00000000e+00   1.00000000e+00   1.59807405e-01   1.61460652e-04   5.06128600e+00   8.08125393e+00
 2.23000000e+00   0.00000000e+00   1.00000000e+00   1.61321366e-01   1.11332475e-04   5.07283672e+00   8.08154408e+00
 2.24000000e+00   0.00000000e+00   1.00000000e+00   1.62776407e-01   4.34120211e-05   5.08349988e+00   8.08330579e+00
 2.25000000e+00   0.00000000e+00   1.00000000e+00   1.64187524e-01  -1.96765344e-05   5.09518381e+00   8.08678991e+00
 2.26000000e+00   0.00000000e+00   1.00000000e+00   1.65552397e-01  -5.75646009e-05   5.10953180e+00   8.09310263e+00
 2.27000000e+00   0.00000000e+00   1.00000000e+00   1.66851229e-01  -5.82645116e-05   5.12737415e+00   8.10157504e+00
 2.28000000e+00   0.00000000e+00   1.00000000e+00   1.68047576e-01  -2.14175867e-05   5.14825918e+00   8.11053775e+00
 2.29000000e+00   0.00000000e+00   1.00000000e+00   1.69097673e-01   4.11813353e-05   5.16944647e+00   8.11954632e+00
 2.30000000e+00   0.00000000e+00   1.00000000e+00   1.69967871e-01   1.08743851e-04   5.18899058e+00   8.12513136e+00
 2.31000000e+00   0.00000000e+00   1.00000000e+00   1.70649753e-01   1.58520028e-04   5.20393754e+00   8.12748299e+00
 2.32000000e+00   0.00000000e+00   1.00000000e+00   1.71164071e-01   1.74083548e-04   5.21363638e+00   8.12735530e+00
 2.33000000e+00   0.00000000e+00   1.00000000e+00   1.71553417e-01   1.50772325e-04   5.21819672e+00   8.12633723e+00
 2.34000000e+00   0.00000000e+00   1.00000000e+00   1.71868243e-01   9.64501313e-05   5.21953737e+00   8.12618174e+00
 2.35000000e+00   0.00000000e+00   1.00000000e+00   1.72149823e-01   2.87926254e-05   5.23885129e+00   8.12828520e+00
 2.36000000e+00   0.00000000e+00   1.00000000e+00   1.72413940e-01  -3.03187394e-05   5.24243950e+00   8.12876466e+00
 2.37000000e+00   0.00000000e+00   1.00000000e+00   1.72643014e-01  -6.10317126e-05   5.24607814e+00   8.13182763e+00
 2.38000000e+00   0.00000000e+00   1.00000000e+00   1.72794103e-01  -5.29800820e-05   5.25159239e+00   8.13561677e+00
 2.39000000e+00   0.00000000e+00   1.00000000e+00   1.72818287e-01  -9.00778502e-06   5.25693025e+00   8.14017324e+00
 2.40000000e+00   0.00000000e+00   1.00000000e+00   1.72677700e-01   5.59343403e-05   5.25968803e+00   8.14334616e+00
 2.41000000e+00   0.00000000e+00   1.00000000e+00   1.72352313e-01   1.20567513e-04   5.25818282e+00   8.14450944e+00
 2.42000000e+00   0.00000000e+00   1.00000000e+00   1.71840075e-01   1.63998420e-04   5.25191621e+00   8.14261323e+00
 2.43000000e+00   0.00000000e+00   1.00000000e+00   1.71157405e-01   1.71996763e-04   5.24097474e+00   8.13783696e+00
 2.44000000e+00   0.00000000e+00   1.00000000e+00   1.70338715e-01   1.41621247e-04   5.22633635e+00   8.12994263e+00
 2.45000000e+00   0.00000000e+00   1.00000000e+00   1.69428127e-01   8.29957463e-05   5.25925611e+00   8.12556595e+00
 2.46000000e+00   0.00000000e+00   1.00000000e+00   1.68464349e-01   1.59428124e-05   5.26314852e+00   8.12846764e+00
 2.47000000e+00   0.00000000e+00   1.00000000e+00   1.67461616e-01  -3.73371907e-05   5.26230078e+00   8.13436441e+00
 2.48000000e+00   0.00000000e+00   1.00000000e+00   1.66402788e-01  -5.92297234e-05   5.26308596e+00   8.14130224e+00
 2.49000000e+00   0.00000000e+00   1.00000000e+00   1.65248327e-01  -4.27843412e-05   5.26616672e+00   8.14744384e+00
 2.50000000e+00   0.00000000e+00   1.00000000e+00   1.63951631e-01   6.80504642e-06   5.26984195e+00   8.15169046e+00
 2.51000000e+00   0.00000000e+00   1.00000000e+00   1.62475971e-01   7.35575591e-05   5.27174785e+00   8.15305124e+00
 2.52000000e+00   0.00000000e+00   1.00000000e+00   1.60809606e-01   1.35537540e-04   5.26952823e+00   8.15135695e+00
 2.53000000e+00   0.00000000e+00   1.00000000e+00   1.58971990e-01   1.72199863e-04   5.26149539e+00   8.14718281e+00
 2.54000000e+00   0.00000000e+00   1.00000000e+00   1.57006942e-01   1.71635200e-04   5.24791361e+00   8.14145189e+00
 2.55000000e+00   0.00000000e+00   1.00000000e+00   1.54965536e-01   1.34496948e-04   5.23020023e+00   8.13507877e+00
 2.56000000e+00   0.00000000e+00   1.00000000e+00   1.52889847e-01   7.32751382e-05   5.21118411e+00   8.12948590e+00
 2.57000000e+00   0.00000000e+00   1.00000000e+00   1.50805478e-01   8.15711505e-06   5.19253380e+00   8.12537293e+00
 2.58000000e+00   0.00000000e+00   1.00000000e+00   1.48719987e-01  -3.93454421e-05   5.17650280e+00   8.12400408e+00
 2.59000000e+00   0.00000000e+00   1.00000000e+00   1.46621681e-01  -5.32726056e-05   5.16392518e+00   8.12577650e+00
 2.60000000e+00   0.00000000e+00   1.00000000e+00   1.44479833e-01  -2.87284684e-05   5.15487704e+00   8.12893266e+00
 2.61000000e+00   0.00000000e+00   1.00000000e+00   1.42252773e-01   2.62761541e-05   5.14780254e+00   8.13109435e+00
 2.62000000e+00   0.00000000e+00   1.00000000e+00   1.39905236e-01   9.35742241e-05   5.14058506e+00   8.13190545e+00
 2.63000000e+00   0.00000000e+00   1.00000000e+00   1.37425984e-01   1.51183869e-04   5.13041915e+00   8.12945326e+00
 2.64000000e+00   0.00000000e+00   1.00000000e+00   1.34834662e-01   1.80567669e-04   5.11519618e+00   8.12356651e+00
 2.65000000e+00   0.00000000e+00   1.00000000e+00   1.32174464e-01   1.72315635e-04   5.09569737e+00   8.11590708e+00
 2.66000000e+00   0.00000000e+00   1.00000000e+00   1.29495829e-01   1.29177880e-04   5.07390798e+00   8.10861329e+00
 2.67000000e+00   0.00000000e+00   1.00000000e+00   1.26839278e-01   6.55570514e-05   5.05118526e+00   8.10236019e+00
 2.68000000e+00   0.00000000e+00   1.00000000e+00   1.24222538e-01   2.84173575e-06   5.03003041e+00   8.09789732e+00
 2.69000000e+00   0.00000000e+00   1.00000000e+00   1.21635312e-01  -3.80010538e-05   5.01215868e+00   8.09464999e+00
 2.70000000e+00   0.00000000e+00   1.00000000e+00   1.19044510e-01  -4.34654728e-05   4.99820342e+00   8.09284331e+00
 2.71000000e+00   0.00000000e+00   1.00000000e+00   1.16408543e-01  -1.17167069e-05   4.98704604e+00   8.09128031e+00
 2.72000000e+00   0.00000000e+00   1.00000000e+00   1.13692610e-01   4.70376215e-05   4.97690607e+00   8.08915690e+00
 2.73000000e+00   0.00000000e+00   1.00000000e+00   1.10877470e-01   1.13780733e-04   4.96555741e+00   8.08504378e+00
 2.74000000e+00   0.00000000e+00   1.00000000e+00   1.07962302e-01   1.66704345e-04   4.95122387e+00   8.07803946e+00
 2.75000000e+00   0.00000000e+00   1.00000000e+00   1.04966456e-01   1.88436545e-04   4.93296767e+00   8.06783660e+00
 2.76000000e+00   0.00000000e+00   1.00000000e+00   1.01929318e-01   1.72074391e-04   4.91044187e+00   8.05566755e+00
 2.77000000e+00   0.00000000e+00   1.00000000e+00   9.89020640e-02   1.23460717e-04   4.88508130e+00   8.04369364e+00
 2.78000000e+00   0.00000000e+00   1.00000000e+00   9.59303477e-02   5.89670149e-05   4.85851851e+00   8.03299693e+00
 2.79000000e+00   0.00000000e+00   1.00000000e+00   9.30365304e-02  -6.31659589e-08   4.83352065e+00   8.02523496e+00
 2.80000000e+00   0.00000000e+00   1.00000000e+00   9.02122377e-02  -3.40368030e-05   4.81199588e+00   8.01985161e+00
 2.81000000e+00   0.00000000e+00   1.00000000e+00   8.74251767e-02  -3.14242919e-05   4.79430584e+00   8.01563718e+00
 2.82000000e+00   0.00000000e+00   1.00000000e+00   8.46352261e-02   7.20389950e-06   4.77949114e+00   8.01154201e+00
 2.83000000e+00   0.00000000e+00   1.00000000e+00   8.18113586e-02   6.92169107e-05   4.76547471e+00   8.00639214e+00
 2.84000000e+00   0.00000000e+00   1.00000000e+00   7.89437552e-02   1.34242389e-04   4.75049898e+00   7.99917717e+00
 2.85000000e+00   0.00000000e+00   1.00000000e+00   7.60483070e-02   1.81133642e-04   4.73246079e+00   7.99011688e+00
 2.86000000e+00   0.00000000e+00   1.00000000e+00   7.31620732e-02   1.94812199e-04   4.71121103e+00   7.97928829e+00
 2.87000000e+00   0.00000000e+00   1.00000000e+00   7.03314610e-02   1.71050207e-04   4.68689233e+00   7.96762433e+00
 2.88000000e+00   0.00000000e+00   1.00000000e+00   6.75987160e-02   1.17804841e-04   4.66117775e+00   7.95581713e+00
 2.89000000e+00   0.00000000e+00   1.00000000e+00   6.49921670e-02   5.28288147e-05   4.63569211e+00   7.94514133e+00
 2.90000000e+00   0.00000000e+00   1.00000000e+00   6.25212407e-02  -2.14845618e-06   4.61228257e+00   7.93698955e+00
 2.91000000e+00   0.00000000e+00   1.00000000e+00   6.01741937e-02  -2.87456713e-05   4.59249394e+00   7.93138131e+00
 2.92000000e+00   0.00000000e+00   1.00000000e+00   5.79189743e-02  -1.81773765e-05   4.57679303e+00   7.92744006e+00
 2.93000000e+00   0.00000000e+00   1.00000000e+00   5.57114100e-02   2.60852192e-05   4.56449720e+00   7.92337569e+00
 2.94000000e+00   0.00000000e+00   1.00000000e+00   5.35120064e-02   8.96396621e-05   4.55414386e+00   7.91744486e+00
 2.95000000e+00   0.00000000e+00   1.00000000e+00   5.13039488e-02   1.51784983e-04   4.54298638e+00   7.90891039e+00
 2.96000000e+00   0.00000000e+00   1.00000000e+00   4.91010375e-02   1.92152876e-04   4.52909414e+00   7.89811854e+00
 2.97000000e+00   0.00000000e+00   1.00000000e+00   4.69411153e-02   1.97505243e-04   4.51193953e+00   7.88581330e+00
 2.98000000e+00   0.00000000e+00   1.00000000e+00   4.48702943e-02   1.66275555e-04   4.49190170e+00   7.87331734e+00
 2.99000000e+00   0.00000000e+00   1.00000000e+00   4.29265567e-02   1.09038732e-04   4.47073106e+00   7.86156600e+00
 3.00000000e+00   0.00000000e+00   1.00000000e+00   4.11282796e-02   4.48395459e-05   4.45042972e+00   7.85130049e+00
 3.01000000e+00   0.00000000e+00   1.00000000e+00   3.94699810e-02  -5.14271698e-06   4.43249134e+00   7.84280185e+00
 3.02000000e+00   0.00000000e+00   1.00000000e+00   3.79258842e-02  -2.44139868e-05   4.41809187e+00   7.83622435e+00
 3.03000000e+00   0.00000000e+00   1.00000000e+00   3.64597589e-02  -6.49659536e-06   4.40716152e+00   7.83104545e+00
 3.04000000e+00   0.00000000e+00   1.00000000e+00   3.50370773e-02   4.28317014e-05   4.39856691e+00   7.82619489e+00
 3.05000000e+00   0.00000000e+00   1.00000000e+00   3.36351660e-02   1.07302102e-04   4.39062507e+00   7.82050793e+00
 3.06000000e+00   0.00000000e+00   1.00000000e+00   3.22497414e-02   1.65636247e-04   4.38169221e+00   7.81292102e+00
 3.07000000e+00   0.00000000e+00   1.00000000e+00   3.08981809e-02   1.98735033e-04   4.37006328e+00   7.80322505e+00
 3.08000000e+00   0.00000000e+00   1.00000000e+00   2.96182457e-02   1.95891823e-04   4.35543106e+00   7.79240192e+00
 3.09000000e+00   0.00000000e+00   1.00000000e+00   2.84593173e-02   1.58165095e-04   4.33781469e+00   7.78204304e+00
 3.10000000e+00   0.00000000e+00   1.00000000e+00   2.74659553e-02   9.79959488e-05   4.31878020e+00   7.77370485e+00
 3.11000000e+00   0.00000000e+00   1.00000000e+00   2.66604494e-02   3.52730995e-05   4.30077940e+00   7.76803911e+00
 3.12000000e+00   0.00000000e+00   1.00000000e+00   2.60346311e-02  -9.22600973e-06   4.28579842e+00   7.76489612e+00
 3.13000000e+00   0.00000000e+00   1.00000000e+00   2.55557165e-02  -2.08122615e-05   4.27504130e+00   7.76337452e+00
 3.14000000e+00   0.00000000e+00   1.00000000e+00   2.51816581e-02   4.22529687e-06   4.26813464e+00   7.76255514e+00
 3.15000000e+00   0.00000000e+00   1.00000000e+00   2.48772441e-02   5.75240004e-05   4.26365112e+00   7.76175909e+00
 3.16000000e+00   0.00000000e+00   1.00000000e+00   2.46248892e-02   1.21514477e-04   4.25951448e+00   7.76025561e+00
 3.17000000e+00   0.00000000e+00   1.00000000e+00   2.44286810e-02   1.75151478e-04   4.25459678e+00   7.75748298e+00
 3.18000000e+00   0.00000000e+00   1.00000000e+00   2.43120525e-02   2.00725517e-04   4.24697745e+00   7.75336784e+00
 3.19000000e+00   0.00000000e+00   1.00000000e+00   2.43097539e-02   1.89729354e-04   4.23733081e+00   7.74843659e+00
 3.20000000e+00   0.00000000e+00   1.00000000e+00   2.44567470e-02   1.45796582e-04   4.22610457e+00   7.74363229e+00
 3.21000000e+00   0.00000000e+00   1.00000000e+00   2.47776116e-02   8.34630357e-05   4.21476365e+00   7.74014233e+00
 3.22000000e+00   0.00000000e+00   1.00000000e+00   2.52787476e-02   2.32391476e-05   4.20534239e+00   7.73876204e+00
 3.23000000e+00   0.00000000e+00   1.00000000e+00   2.59443171e-02  -1.51987691e-05   4.19938957e+00   7.73981975e+00
 3.24000000e+00   0.00000000e+00   1.00000000e+00   2.67375888e-02  -1.93524915e-05   4.19781837e+00   7.74252952e+00
 3.25000000e+00   0.00000000e+00   1.00000000e+00   2.76101076e-02   1.20544499e-05   4.20007075e+00   7.74550353e+00
 3.26000000e+00   0.00000000e+00   1.00000000e+00   2.85180121e-02   6.85490221e-05   4.20469412e+00   7.74742668e+00
 3.27000000e+00   0.00000000e+00   1.00000000e+00   2.94387647e-02   1.31334126e-04   4.20958314e+00   7.74776269e+00
 3.28000000e+00   0.00000000e+00   1.00000000e+00   3.03792022e-02   1.79538273e-04   4.21231347e+00   7.74662752e+00
 3.29000000e+00   0.00000000e+00   1.00000000e+00   3.13703905e-02   1.97206304e-04   4.21211916e+00   7.74449786e+00
 3.30000000e+00   0.00000000e+00   1.00000000e+00   3.24530774e-02   1.78501519e-04   4.20920299e+00   7.74267738e+00
 3.31000000e+00   0.00000000e+00   1.00000000e+00   3.36620709e-02   1.29506867e-04   4.20493513e+00   7.74158359e+00
 3.32000000e+00   0.00000000e+00   1.00000000e+00   3.50156486e-02   6.62009202e-05   4.20129666e+00   7.74176061e+00
 3.33000000e+00   0.00000000e+00   1.00000000e+00   3.65114152e-02   9.32615689e-06   4.19995190e+00   7.74381835e+00
 3.34000000e+00   0.00000000e+00   1.00000000e+00   3.81277701e-02  -2.24891064e-05   4.20197447e+00   7.74792454e+00
 3.35000000e+00   0.00000000e+00   1.00000000e+00   3.98302924e-02  -1.89207763e-05   4.20784614e+00   7.75370350e+00
 3.36000000e+00   0.00000000e+00   1.00000000e+00   4.15818197e-02   1.86045156e-05   4.21648863e+00   7.76031829e+00
 3.37000000e+00   0.00000000e+00   1.00000000e+00   4.33534952e-02   7.74850509e-05   4.22658653e+00   7.76652719e+00
 3.38000000e+00   0.00000000e+00   1.00000000e+00   4.51337472e-02   1.38169907e-04   4.23614650e+00   7.77157466e+00
 3.39000000e+00   0.00000000e+00   1.00000000e+00   4.69330511e-02   1.80547396e-04   4.24358036e+00   7.77500639e+00
 3.40000000e+00   0.00000000e+00   1.00000000e+00   4.87825087e-02   1.90498236e-04   4.24830104e+00   7.77759703e+00
 3.41000000e+00   0.00000000e+00   1.00000000e+00   5.07244934e-02   1.64566629e-04   4.25055545e+00   7.78056083e+00
 3.42000000e+00   0.00000000e+00   1.00000000e+00   5.27966783e-02   1.11182638e-04   4.25239363e+00   7.78499146e+00
 3.43000000e+00   0.00000000e+00   1.00000000e+00   5.50158607e-02   4.78410588e-05   4.25572167e+00   7.79111777e+00
 3.44000000e+00   0.00000000e+00   1.00000000e+00   5.73701639e-02  -4.75702454e-06   4.26276843e+00   7.79890373e+00
 3.45000000e+00   0.00000000e+00   1.00000000e+00   5.98237364e-02  -2.95408697e-05   4.27436319e+00   7.80784046e+00
 3.46000000e+00   0.00000000e+00   1.00000000e+00   6.23303804e-02  -1.86063226e-05   4.29009813e+00   7.81749287e+00
 3.47000000e+00   0.00000000e+00   1.00000000e+00   6.48484736e-02   2.42347360e-05   4.30848226e+00   7.82705979e+00
 3.48000000e+00   0.00000000e+00   1.00000000e+00   6.73514226e-02   8.46517125e-05   4.32751227e+00   7.83597737e+00
 3.49000000e+00   0.00000000e+00   1.00000000e+00   6.98322179e-02   1.42466437e-04   4.34552217e+00   7.84368855e+00
 3.50000000e+00   0.00000000e+00   1.00000000e+00   7.23028211e-02   1.78409468e-04   4.36116232e+00   7.84949775e+00
 3.51000000e+00   0.00000000e+00   1.00000000e+00   7.47889917e-02   1.80470695e-04   4.37443156e+00   7.85404031e+00
 3.52000000e+00   0.00000000e+00   1.00000000e+00   7.73211229e-02   1.47861610e-04   4.38589643e+00   7.85800328e+00
 3.53000000e+00   0.00000000e+00   1.00000000e+00   7.99229677e-02   9.11481675e-05   4.39717649e+00   7.86253790e+00
 3.54000000e+00   0.00000000e+00   1.00000000e+00   8.26015625e-02   2.88067174e-05   4.41038186e+00   7.86863662e+00
 3.55000000e+00   0.00000000e+00   1.00000000e+00   8.53416866e-02  -1.88375613e-05   4.42686132e+00   7.87648268e+00
 3.56000000e+00   0.00000000e+00   1.00000000e+00   8.81073581e-02  -3.62655241e-05   4.44742240e+00   7.88538212e+00
 3.57000000e+00   0.00000000e+00   1.00000000e+00   9.08513691e-02  -1.79732276e-05   4.47130858e+00   7.89498456e+00
 3.58000000e+00   0.00000000e+00   1.00000000e+00   9.35308679e-02   2.97325902e-05   4.49623688e+00   7.90343290e+00
 3.59000000e+00   0.00000000e+00   1.00000000e+00   9.61227909e-02   9.08763314e-05   4.52032751e+00   7.91076449e+00
 3.60000000e+00   0.00000000e+00   1.00000000e+00   9.86314683e-02   1.45125468e-04   4.54150887e+00   7.91699998e+00
 3.61000000e+00   0.00000000e+00   1.00000000e+00   1.01084502e-01   1.74490135e-04   4.55898253e+00   7.92196324e+00
 3.62000000e+00   0.00000000e+00   1.00000000e+00   1.03520007e-01   1.69117183e-04   4.57350321e+00   7.92682161e+00
 3.63000000e+00   0.00000000e+00   1.00000000e+00   1.05972465e-01   1.30622181e-04   4.58640435e+00   7.93146120e+00
 3.64000000e+00   0.00000000e+00   1.00000000e+00   1.08462517e-01   7.15783001e-05   4.59968169e+00   7.93699105e+00
 3.65000000e+00   0.00000000e+00   1.00000000e+00   1.10991998e-01   1.13212995e-05   4.61510087e+00   7.94375300e+00
 3.66000000e+00   0.00000000e+00   1.00000000e+00   1.13543639e-01  -3.04505707e-05   4.63377173e+00   7.95209011e+00
 3.67000000e+00   0.00000000e+00   1.00000000e+00   1.16085217e-01  -4.02114313e-05   4.65594039e+00   7.96199187e+00
 3.68000000e+00   0.00000000e+00   1.00000000e+00   1.18578110e-01  -1.49622722e-05   4.68069642e+00   7.97235954e+00
 3.69000000e+00   0.00000000e+00   1.00000000e+00   1.20988811e-01   3.67913159e-05   4.70624253e+00   7.98240787e+00
 3.70000000e+00   0.00000000e+00   1.00000000e+00   1.23299873e-01   9.78394625e-05   4.73042779e+00   7.99110413e+00
 3.71000000e+00   0.00000000e+00   1.00000000e+00   1.25516159e-01   1.47875429e-04   4.75155975e+00   7.99784852e+00
 3.72000000e+00   0.00000000e+00   1.00000000e+00   1.27663559e-01   1.70250864e-04   4.76905921e+00   8.00334831e+00
 3.73000000e+00   0.00000000e+00   1.00000000e+00   1.29779368e-01   1.57504685e-04   4.78408203e+00   8.00815521e+00
 3.74000000e+00   0.00000000e+00   1.00000000e+00   1.31897050e-01   1.13771862e-04   4.79777566e+00   8.01328243e+00
 3.75000000e+00   0.00000000e+00   1.00000000e+00   1.34031555e-01   5.33626611e-05   4.81353652e+00   8.01939836e+00
 3.76000000e+00   0.00000000e+00   1.00000000e+00   1.36172103e-01  -3.97935003e-06   4.83144579e+00   8.02620053e+00
 3.77000000e+00   0.00000000e+00   1.00000000e+00   1.38285697e-01  -3.95007511e-05   4.85304406e+00   8.03315063e+00
 3.78000000e+00   0.00000000e+00   1.00000000e+00   1.40328721e-01  -4.16344954e-05   4.87763186e+00   8.04080627e+00
 3.79000000e+00   0.00000000e+00   1.00000000e+00   1.42260319e-01  -9.83739225e-06   4.90368645e+00   8.04876892e+00
 3.80000000e+00   0.00000000e+00   1.00000000e+00   1.44052564e-01   4.52312303e-05   4.92869383e+00   8.05577684e+00
 3.81000000e+00   0.00000000e+00   1.00000000e+00   1.45695852e-01   1.05272733e-04   4.95080530e+00   8.06110845e+00
 3.82000000e+00   0.00000000e+00   1.00000000e+00   1.47200036e-01   1.50406623e-04   4.96933108e+00   8.06465844e+00
 3.83000000e+00   0.00000000e+00   1.00000000e+00   1.48591157e-01   1.65707214e-04   4.98368716e+00   8.06677821e+00
 3.84000000e+00   0.00000000e+00   1.00000000e+00   1.49903317e-01   1.46086703e-04   4.99473258e+00   8.06782463e+00
 3.85000000e+00   0.00000000e+00   1.00000000e+00   1.51166964e-01   9.79439201e-05   5.00454394e+00   8.06913836e+00
 3.86000000e+00   0.00000000e+00   1.00000000e+00   1.52397187e-01   3.70977811e-05   5.01492651e+00   8.07153767e+00
 3.87000000e+00   0.00000000e+00   1.00000000e+00   1.53586925e-01  -1.64299674e-05   5.02753723e+00   8.07508671e+00
 3.88000000e+00   0.00000000e+00   1.00000000e+00   1.54708087e-01  -4.50521066e-05   5.04301713e+00   8.08017854e+00
 3.89000000e+00   0.00000000e+00   1.00000000e+00   1.55721102e-01  -3.94487603e-05   5.06048831e+00   8.08533215e+00
 3.90000000e+00   0.00000000e+00   1.00000000e+00   1.56589751e-01  -1.56613066e-06   5.07824465e+00   8.09053898e+00
 3.91000000e+00   0.00000000e+00   1.00000000e+00   1.57295206e-01   5.60553075e-05   5.09402288e+00   8.09520065e+00
 3.92000000e+00   0.00000000e+00   1.00000000e+00   1.57843017e-01   1.14404291e-04   5.10594392e+00   8.09904428e+00
 3.93000000e+00   0.00000000e+00   1.00000000e+00   1.58260231e-01   1.54225321e-04   5.11378748e+00   8.10185870e+00
 3.94000000e+00   0.00000000e+00   1.00000000e+00   1.58584916e-01   1.62397801e-04   5.11772694e+00   8.10367635e+00
 3.95000000e+00   0.00000000e+00   1.00000000e+00   1.58853796e-01   1.36374120e-04   5.13880533e+00   8.10766291e+00
 3.96000000e+00   0.00000000e+00   1.00000000e+00   1.59092353e-01   8.46371772e-05   5.14161088e+00   8.10983355e+00
 3.97000000e+00   0.00000000e+00   1.00000000e+00   1.59308408e-01   2.43635604e-05   5.14228631e+00   8.11146504e+00
 3.98000000e+00   0.00000000e+00   1.00000000e+00   1.59490116e-01  -2.46332099e-05   5.14429017e+00   8.11290522e+00
 3.99000000e+00   0.00000000e+00   1.00000000e+00   1.59608885e-01  -4.61923187e-05   5.14739423e+00   8.11405892e+00
 4.00000000e+00   0.00000000e+00   1.00000000e+00   1.59627158e-01  -3.32912689e-05   5.15042697e+00   8.11571755e+00
 4.01000000e+00   0.00000000e+00   1.00000000e+00   1.59510299e-01   9.85450645e-06   5.15178507e+00   8.11754922e+00
 4.02000000e+00   0.00000000e+00   1.00000000e+00   1.59238745e-01   6.90127697e-05   5.15013185e+00   8.11848790e+00
 4.03000000e+00   0.00000000e+00   1.00000000e+00   1.58815483e-01   1.24690112e-04   5.14443643e+00   8.11749700e+00
 4.04000000e+00   0.00000000e+00   1.00000000e+00   1.58265216e-01   1.58555994e-04   5.13499355e+00   8.11385455e+00
 4.05000000e+00   0.00000000e+00   1.00000000e+00   1.57625143e-01   1.59496626e-04   5.12301050e+00   8.10745621e+00
 4.06000000e+00   0.00000000e+00   1.00000000e+00   1.56930622e-01   1.27273970e-04   5.11034910e+00   8.09894657e+00
 4.07000000e+00   0.00000000e+00   1.00000000e+00   1.56201411e-01   7.25767529e-05   5.09881065e+00   8.08952938e+00
 4.08000000e+00   0.00000000e+00   1.00000000e+00   1.55434902e-01   1.35765454e-05   5.13770928e+00   8.09506461e+00
 4.09000000e+00   0.00000000e+00   1.00000000e+00   1.54609010e-01  -2.99904035e-05   5.14872842e+00   8.10023681e+00
 4.10000000e+00   0.00000000e+00   1.00000000e+00   1.53690303e-01  -4.39400664e-05   5.15452526e+00   8.10692694e+00
 4.11000000e+00   0.00000000e+00   1.00000000e+00   1.52644507e-01  -2.34303695e-05   5.15961688e+00   8.11253818e+00
 4.12000000e+00   0.00000000e+00   1.00000000e+00   1.51447941e-01   2.47849477e-05   5.16288420e+00   8.11655485e+00
 4.13000000e+00   0.00000000e+00   1.00000000e+00   1.50094767e-01   8.49191695e-05   5.16288933e+00   8.11864480e+00
 4.14000000e+00   0.00000000e+00   1.00000000e+00   1.48598871e-01   1.37215815e-04   5.15843461e+00   8.11810278e+00
 4.15000000e+00   0.00000000e+00   1.00000000e+00   1.46991740e-01   1.64613205e-04   5.14919979e+00   8.11532503e+00
 4.16000000e+00   0.00000000e+00   1.00000000e+00   1.45314808e-01   1.58255238e-04   5.13635183e+00   8.11131292e+00
 4.17000000e+00   0.00000000e+00   1.00000000e+00   1.43607273e-01   1.20420624e-04   5.12138920e+00   8.10651010e+00
 4.18000000e+00   0.00000000e+00   1.00000000e+00   1.41893455e-01   6.37542480e-05   5.10645402e+00   8.10274287e+00
 4.19000000e+00   0.00000000e+00   1.00000000e+00   1.40174821e-01   7.07746486e-06   5.09385517e+00   8.10053872e+00
 4.20000000e+00   0.00000000e+00   1.00000000e+00   1.38431012e-01  -3.07446153e-05   5.08371449e+00   8.09863954e+00
 4.21000000e+00   0.00000000e+00   1.00000000e+00   1.36629265e-01  -3.71085771e-05   5.07601921e+00   8.09798303e+00
 4.22000000e+00   0.00000000e+00   1.00000000e+00   1.34738118e-01  -9.82170845e-06   5.06935777e+00   8.09770425e+00
 4.23000000e+00   0.00000000e+00   1.00000000e+00   1.32740196e-01   4.22303325e-05   5.06175461e+00   8.09770821e+00
 4.24000000e+00   0.00000000e+00   1.00000000e+00   1.30639276e-01   1.02054887e-04   5.05249381e+00   8.09645924e+00
 4.25000000e+00   0.00000000e+00   1.00000000e+00   1.28459298e-01   1.50120918e-04   5.03965126e+00   8.09484175e+00
 4.26000000e+00   0.00000000e+00   1.00000000e+00   1.26236451e-01   1.70762886e-04   5.02381821e+00   8.09176119e+00
 4.27000000e+00   0.00000000e+00   1.00000000e+00   1.24008210e-01   1.57379256e-04   5.00555535e+00   8.08745211e+00
 4.28000000e+00   0.00000000e+00   1.00000000e+00   1.21803048e-01   1.14605139e-04   4.98684644e+00   8.08187515e+00
 4.29000000e+00   0.00000000e+00   1.00000000e+00   1.19632825e-01   5.67690977e-05   4.96914851e+00   8.07672665e+00
 4.30000000e+00   0.00000000e+00   1.00000000e+00   1.17489588e-01   3.12675239e-06   4.95396132e+00   8.07249421e+00
 4.31000000e+00   0.00000000e+00   1.00000000e+00   1.15347855e-01  -2.84923500e-05   4.94182050e+00   8.06966530e+00
 4.32000000e+00   0.00000000e+00   1.00000000e+00   1.13172194e-01  -2.75317090e-05   4.93230845e+00   8.06725711e+00
 4.33000000e+00   0.00000000e+00   1.00000000e+00   1.10928999e-01   5.83739865e-06   4.92373402e+00   8.06491474e+00
 4.34000000e+00   0.00000000e+00   1.00000000e+00   1.08599205e-01   6.07725249e-05   4.91458699e+00   8.06193451e+00
 4.35000000e+00   0.00000000e+00   1.00000000e+00   1.06186626e-01   1.19306773e-04   4.90297852e+00   8.05756942e+00
 4.36000000e+00   0.00000000e+00   1.00000000e+00   1.03717396e-01   1.62318988e-04   4.88805533e+00   8.05169205e+00
 4.37000000e+00   0.00000000e+00   1.00000000e+00   1.01230624e-01   1.75856960e-04   4.86972645e+00   8.04458504e+00
 4.38000000e+00   0.00000000e+00   1.00000000e+00   9.87648933e-02   1.55709339e-04   4.84953638e+00   8.03635979e+00
 4.39000000e+00   0.00000000e+00   1.00000000e+00   9.63460339e-02   1.08745087e-04   4.82891924e+00   8.02732031e+00
 4.40000000e+00   0.00000000e+00   1.00000000e+00   9.39801822e-02   5.06464972e-05   4.80933403e+00   8.01891499e+00
 4.41000000e+00   0.00000000e+00   1.00000000e+00   9.16539580e-02   7.68773943e-07   4.79235596e+00   8.01138512e+00
 4.42000000e+00   0.00000000e+00   1.00000000e+00   8.93412227e-02  -2.42626429e-05   4.77778538e+00   8.00499892e+00
 4.43000000e+00   0.00000000e+00   1.00000000e+00   8.70133192e-02  -1.60466352e-05   4.76519573e+00   7.99961650e+00
 4.44000000e+00   0.00000000e+00   1.00000000e+00   8.46491913e-02   2.28395247e-05   4.75332688e+00   7.99488453e+00
 4.45000000e+00   0.00000000e+00   1.00000000e+00   8.22431819e-02   7.97224073e-05   4.74058617e+00   7.98995543e+00
 4.46000000e+00   0.00000000e+00   1.00000000e+00   7.98089553e-02   1.36031908e-04   4.72544444e+00   7.98376283e+00
 4.47000000e+00   0.00000000e+00   1.00000000e+00   7.73779672e-02   1.73418084e-04   4.70743263e+00   7.97639788e+00
 4.48000000e+00   0.00000000e+00   1.00000000e+00   7.49920052e-02   1.79761095e-04   4.68693751e+00   7.96814345e+00
 4.49000000e+00   0.00000000e+00   1.00000000e+00   7.26912235e-02   1.53184611e-04   4.66494925e+00   7.95936209e+00
 4.50000000e+00   0.00000000e+00   1.00000000e+00   7.05013823e-02   1.02678352e-04   4.64320773e+00   7.95095557e+00
 4.51000000e+00   0.00000000e+00   1.00000000e+00   6.84256832e-02   4.50985209e-05   4.62329262e+00   7.94322882e+00
 4.52000000e+00   0.00000000e+00   1.00000000e+00   6.64451211e-02  -4.13288597e-07   4.60649922e+00   7.93632030e+00
 4.53000000e+00   0.00000000e+00   1.00000000e+00   6.45271729e-02  -1.87460365e-05   4.59294502e+00   7.93051205e+00
 4.54000000e+00   0.00000000e+00   1.00000000e+00   6.26389217e-02  -3.76027222e-06   4.58171630e+00   7.92547072e+00
 4.55000000e+00   0.00000000e+00   1.00000000e+00   6.07592059e-02   3.97035545e-05   4.57133828e+00   7.92074415e+00
 4.56000000e+00   0.00000000e+00   1.00000000e+00   5.88854927e-02   9.74286509e-05   4.56032301e+00   7.91574938e+00
 4.57000000e+00   0.00000000e+00   1.00000000e+00   5.70340736e-02   1.50473501e-04   4.54748740e+00   7.90989741e+00
 4.58000000e+00   0.00000000e+00   1.00000000e+00   5.52345304e-02   1.81492723e-04   4.53252406e+00   7.90292086e+00
 4.59000000e+00   0.00000000e+00   1.00000000e+00   5.35204058e-02   1.80413116e-04   4.51566497e+00   7.89470453e+00
 4.60000000e+00   0.00000000e+00   1.00000000e+00   5.19189686e-02   1.47765252e-04   4.49810344e+00   7.88585785e+00
 4.61000000e+00   0.00000000e+00   1.00000000e+00   5.04429457e-02   9.44379832e-05   4.48119906e+00   7.87700774e+00
 4.62000000e+00   0.00000000e+00   1.00000000e+00   4.90861741e-02   3.81142174e-05   4.46633620e+00   7.86899078e+00
 4.63000000e+00   0.00000000e+00   1.00000000e+00   4.78245504e-02  -2.56305200e-06   4.45437862e+00   7.86217618e+00
 4.64000000e+00   0.00000000e+00   1.00000000e+00   4.66231320e-02  -1.41208298e-05   4.44540838e+00   7.85627202e+00
 4.65000000e+00   0.00000000e+00   1.00000000e+00   4.54480761e-02   7.27232314e-06   4.43839731e+00   7.85094455e+00
 4.66000000e+00   0.00000000e+00   1.00000000e+00   4.42793772e-02   5.45740994e-05   4.43191838e+00   7.84574762e+00
 4.67000000e+00   0.00000000e+00   1.00000000e+00   4.31189283e-02   1.12219817e-04   4.42415096e+00   7.84027542e+00
 4.68000000e+00   0.00000000e+00   1.00000000e+00   4.19903007e-02   1.61278424e-04   4.41416911e+00   7.83437737e+00
 4.69000000e+00   0.00000000e+00   1.00000000e+00   4.09304540e-02   1.85670799e-04   4.40157536e+00   7.82807270e+00
 4.70000000e+00   0.00000000e+00   1.00000000e+00   3.99771413e-02   1.77439221e-04   4.38723873e+00   7.82132965e+00
 4.71000000e+00   0.00000000e+00   1.00000000e+00   3.91571392e-02   1.39380427e-04   4.37239174e+00   7.81443865e+00
 4.72000000e+00   0.00000000e+00   1.00000000e+00   3.84791685e-02   8.41275862e-05   4.35843134e+00   7.80802713e+00
 4.73000000e+00   0.00000000e+00   1.00000000e+00   3.79330192e-02   2.99487413e-05   4.34662653e+00   7.80265612e+00
 4.74000000e+00   0.00000000e+00   1.00000000e+00   3.74943531e-02  -5.28872307e-06   4.33772103e+00   7.79855641e+00
 4.75000000e+00   0.00000000e+00   1.00000000e+00   3.71333232e-02  -1.00079275e-05   4.33149066e+00   7.79599896e+00
 4.76000000e+00   0.00000000e+00   1.00000000e+00   3.68245240e-02   1.73027730e-05   4.32695342e+00   7.79450498e+00
 4.77000000e+00   0.00000000e+00   1.00000000e+00   3.65557450e-02   6.76038871e-05   4.32293661e+00   7.79341670e+00
 4.78000000e+00   0.00000000e+00   1.00000000e+00   3.63330457e-02   1.24285984e-04   4.31799613e+00   7.79221706e+00
 4.79000000e+00   0.00000000e+00   1.00000000e+00   3.61802717e-02   1.68561101e-04   4.30396574e+00   7.79787040e+00
 4.80000000e+00   0.00000000e+00   1.00000000e+00   3.61318974e-02   1.85950105e-04   4.29924021e+00   7.79587121e+00
 4.81000000e+00   0.00000000e+00   1.00000000e+00   3.62217081e-02   1.70706811e-04   4.29660142e+00   7.79219448e+00
 4.82000000e+00   0.00000000e+00   1.00000000e+00   3.64702066e-02   1.27929581e-04   4.28098503e+00   7.78283171e+00
 4.83000000e+00   0.00000000e+00   1.00000000e+00   3.68761535e-02   7.15373289e-05   4.27231228e+00   7.78066849e+00
 4.84000000e+00   0.00000000e+00   1.00000000e+00   3.74169218e-02   2.01694987e-05   4.26757626e+00   7.77917562e+00
 4.85000000e+00   0.00000000e+00   1.00000000e+00   3.80564575e-02  -9.39746857e-06   4.26638452e+00   7.77884384e+00
 4.86000000e+00   0.00000000e+00   1.00000000e+00   3.87571064e-02  -7.48191410e-06   4.26811272e+00   7.77965642e+00
 4.87000000e+00   0.00000000e+00   1.00000000e+00   3.94911654e-02   2.50905096e-05   4.27152599e+00   7.78127880e+00
 4.88000000e+00   0.00000000e+00   1.00000000e+00   4.02481398e-02   7.74435870e-05   4.27492023e+00   7.78339825e+00
 4.89000000e+00   0.00000000e+00   1.00000000e+00   4.10359442e-02   1.32212846e-04   4.27723776e+00   7.78538765e+00
 4.90000000e+00   0.00000000e+00   1.00000000e+00   4.18769111e-02   1.71279620e-04   4.27761908e+00   7.78688755e+00
 4.91000000e+00   0.00000000e+00   1.00000000e+00   4.27999347e-02   1.81699007e-04   4.27626709e+00   7.78759815e+00
 4.92000000e+00   0.00000000e+00   1.00000000e+00   4.38307158e-02   1.59928456e-04   4.27432257e+00   7.78799104e+00
 4.93000000e+00   0.00000000e+00   1.00000000e+00   4.49826011e-02   1.13079050e-04   4.27269884e+00   7.78833470e+00
 4.94000000e+00   0.00000000e+00   1.00000000e+00   4.62506931e-02   5.65441158e-05   4.27284829e+00   7.78917655e+00
 4.95000000e+00   0.00000000e+00   1.00000000e+00   4.76118427e-02   8.85272463e-06   4.27593045e+00   7.79083924e+00
 4.96000000e+00   0.00000000e+00   1.00000000e+00   4.90314208e-02  -1.44672575e-05   4.28192958e+00   7.79333164e+00
 4.97000000e+00   0.00000000e+00   1.00000000e+00   5.04748744e-02  -5.90455575e-06   4.28995136e+00   7.79658932e+00
 4.98000000e+00   0.00000000e+00   1.00000000e+00   5.19199504e-02   3.15788793e-05   4.29881884e+00   7.80029225e+00
 4.99000000e+00   0.00000000e+00   1.00000000e+00   5.33646807e-02   8.54700484e-05   4.30682790e+00   7.80440238e+00
 5.00000000e+00   0.00000000e+00   1.00000000e+00   5.48276054e-02   1.37843578e-04   4.31289747e+00   7.80868201e+00