  Time  Coordinate0  Coordinate1  Displacement0  Displacement1  Force0  Force1
 0.00000000e+00   0.00000000e+00   1.00000000e+00   0.00000000e+00   0.00000000e+00   0.00000000e+00   0.00000000e+00
 1.00000000e-02   0.00000000e+00   1.00000000e+00   2.89624488e-04   4.92023755e-05   8.85607339e+00   1.47035343e+01
 2.00000000e-02   0.00000000e+00   1.00000000e+00   9.34810662e-04   1.08531731e-04   6.88823915e+00   1.30614623e+01
 3.00000000e-02   0.00000000e+00   1.00000000e+00   1.75981121e-03   1.73190201e-04   6.02836937e+00   1.21667209e+01
 4.00000000e-02   0.00000000e+00   1.00000000e+00   2.71601805e-03   2.25991067e-04   5.52763440e+00   1.15541141e+01
 5.00000000e-02   0.00000000e+00   1.00000000e+00   3.79072605e-03   2.63852522e-04   5.19721842e+00   1.10908147e+01
 6.00000000e-02   0.00000000e+00   1.00000000e+00   4.95355011e-03   2.61527621e-04   4.96540841e+00   1.07193264e+01
 7.00000000e-02   0.00000000e+00   1.00000000e+00   6.20051766e-03   2.10655173e-04   4.79186939e+00   1.04069148e+01
 8.00000000e-02   0.00000000e+00   1.00000000e+00   7.55361181e-03   1.20216519e-04   4.65497845e+00   1.01405931e+01
 9.00000000e-02   0.00000000e+00   1.00000000e+00   9.09018856e-03   3.36989136e-05   4.54354898e+00   9.91721325e+00
 1.00000000e-01   0.00000000e+00   1.00000000e+00   1.08837232e-02  -1.26550490e-05   4.45602171e+00   9.73231383e+00
 1.10000000e-01   0.00000000e+00   1.00000000e+00   1.29358485e-02  -1.64459150e-05   4.38978104e+00   9.57724579e+00
 1.20000000e-01   0.00000000e+00   1.00000000e+00   1.51894443e-02   6.93078148e-06   4.34324382e+00   9.44550114e+00
 1.30000000e-01   0.00000000e+00   1.00000000e+00   1.76088447e-02   5.94149439e-05   4.31046642e+00   9.33428949e+00
 1.40000000e-01   0.00000000e+00   1.00000000e+00   2.01858015e-02   1.42264410e-04   4.28787485e+00   9.24033618e+00
 1.50000000e-01   0.00000000e+00   1.00000000e+00   2.28647189e-02   2.18010795e-04   4.27587006e+00   9.15593776e+00
 1.60000000e-01   0.00000000e+00   1.00000000e+00   2.55468544e-02   2.40901131e-04   4.27041116e+00   9.07243233e+00
 1.70000000e-01   0.00000000e+00   1.00000000e+00   2.82010516e-02   2.09560784e-04   4.26367649e+00   8.99071369e+00
 1.80000000e-01   0.00000000e+00   1.00000000e+00   3.09021533e-02   1.52574738e-04   4.25216647e+00   8.91846367e+00
 1.90000000e-01   0.00000000e+00   1.00000000e+00   3.37558525e-02   8.43172363e-05   4.23934618e+00   8.85898897e+00
 2.00000000e-01   0.00000000e+00   1.00000000e+00   3.68110953e-02   1.20925113e-05   4.23102807e+00   8.80888061e+00
 2.10000000e-01   0.00000000e+00   1.00000000e+00   4.00401423e-02  -4.17190586e-05   4.23026555e+00   8.76295451e+00
 2.20000000e-01   0.00000000e+00   1.00000000e+00   4.34052963e-02  -5.03204268e-05   4.23524736e+00   8.72106513e+00
 2.30000000e-01   0.00000000e+00   1.00000000e+00   4.69139338e-02  -4.28112787e-06   4.24464484e+00   8.68648152e+00
 2.40000000e-01   0.00000000e+00   1.00000000e+00   5.05565629e-02   7.50407220e-05   4.26054403e+00   8.65685280e+00
 2.50000000e-01   0.00000000e+00   1.00000000e+00   5.42379735e-02   1.47825064e-04   4.28366487e+00   8.62376446e+00
 2.60000000e-01   0.00000000e+00   1.00000000e+00   5.78570958e-02   1.93287088e-04   4.30811696e+00   8.58423674e+00
 2.70000000e-01   0.00000000e+00   1.00000000e+00   6.14057886e-02   2.12961511e-04   4.32794272e+00   8.54242586e+00
 2.80000000e-01   0.00000000e+00   1.00000000e+00   6.49243184e-02   1.97317181e-04   4.34277984e+00   8.50152014e+00
 2.90000000e-01   0.00000000e+00   1.00000000e+00   6.84295465e-02   1.33940474e-04   4.35489779e+00   8.45995060e+00
 3.00000000e-01   0.00000000e+00   1.00000000e+00   7.19389107e-02   4.46811485e-05   4.36467013e+00   8.41998402e+00
 3.10000000e-01   0.00000000e+00   1.00000000e+00   7.55073192e-02  -2.66117860e-05   4.37288999e+00   8.38759961e+00
 3.20000000e-01   0.00000000e+00   1.00000000e+00   7.91982284e-02  -5.53877812e-05   4.38270780e+00   8.36476737e+00
 3.30000000e-01   0.00000000e+00   1.00000000e+00   8.30287608e-02  -4.38358321e-05   4.39873357e+00   8.34891466e+00
 3.40000000e-01   0.00000000e+00   1.00000000e+00   8.69410417e-02  -1.18765166e-06   4.42320315e+00   8.33504022e+00
 3.50000000e-01   0.00000000e+00   1.00000000e+00   9.08298598e-02   6.59018659e-05   4.45369413e+00   8.31860811e+00
 3.60000000e-01   0.00000000e+00   1.00000000e+00   9.46244639e-02   1.43258029e-04   4.48424391e+00   8.29969941e+00
 3.70000000e-01   0.00000000e+00   1.00000000e+00   9.83322062e-02   2.00543058e-04   4.51075143e+00   8.28059226e+00
 3.80000000e-01   0.00000000e+00   1.00000000e+00   1.01978766e-01   2.08054332e-04   4.53389517e+00   8.26173474e+00
 3.90000000e-01   0.00000000e+00   1.00000000e+00   1.05554072e-01   1.64458657e-04   4.55506611e+00   8.24058323e+00
 4.00000000e-01   0.00000000e+00   1.00000000e+00   1.09059579e-01   9.56781231e-05   4.57241924e+00   8.21873625e+00
 4.10000000e-01   0.00000000e+00   1.00000000e+00   1.12557145e-01   2.56010645e-05   4.58623903e+00   8.20175570e+00
 4.20000000e-01   0.00000000e+00   1.00000000e+00   1.16124549e-01  -3.50135709e-05   4.60018713e+00   8.19249186e+00
 4.30000000e-01   0.00000000e+00   1.00000000e+00   1.19785886e-01  -7.02152254e-05   4.61953378e+00   8.18951178e+00
 4.40000000e-01   0.00000000e+00   1.00000000e+00   1.23503560e-01  -5.76295384e-05   4.64635526e+00   8.19064843e+00
 4.50000000e-01   0.00000000e+00   1.00000000e+00   1.27222954e-01   3.51417448e-06   4.67909116e+00   8.19372225e+00
 4.60000000e-01   0.00000000e+00   1.00000000e+00   1.30903265e-01   8.39520081e-05   4.71552708e+00   8.19672173e+00
 4.70000000e-01   0.00000000e+00   1.00000000e+00   1.34496414e-01   1.50459958e-04   4.75272153e+00   8.19603573e+00
 4.80000000e-01   0.00000000e+00   1.00000000e+00   1.37931575e-01   1.86431378e-04   4.78876821e+00   8.18871167e+00
 4.90000000e-01   0.00000000e+00   1.00000000e+00   1.41168550e-01   1.87399776e-04   4.82014944e+00   8.17767213e+00
 5.00000000e-01   0.00000000e+00   1.00000000e+00   1.44251697e-01   1.50811722e-04   4.84322673e+00   8.16567688e+00
 5.10000000e-01   0.00000000e+00   1.00000000e+00   1.47270059e-01   7.99605078e-05   4.86122080e+00   8.15828757e+00
 5.20000000e-01   0.00000000e+00   1.00000000e+00   1.50274589e-01  -2.99556231e-06   4.87989112e+00   8.15450734e+00
 5.30000000e-01   0.00000000e+00   1.00000000e+00   1.53259203e-01  -6.19672070e-05   4.90203391e+00   8.15356438e+00
 5.40000000e-01   0.00000000e+00   1.00000000e+00   1.56202875e-01  -7.43961221e-05   4.92795085e+00   8.15539895e+00
 5.50000000e-01   0.00000000e+00   1.00000000e+00   1.59096225e-01  -4.49761319e-05   4.95747160e+00   8.16136826e+00
 5.60000000e-01   0.00000000e+00   1.00000000e+00   1.61922201e-01   1.12773181e-05   4.99018961e+00   8.16911240e+00
 5.70000000e-01   0.00000000e+00   1.00000000e+00   1.64627745e-01   8.28301948e-05   5.02592996e+00   8.17560169e+00
 5.80000000e-01   0.00000000e+00   1.00000000e+00   1.67135771e-01   1.52187178e-04   5.06131931e+00   8.17673716e+00
 5.90000000e-01   0.00000000e+00   1.00000000e+00   1.69399189e-01   1.91158398e-04   5.09114692e+00   8.17193840e+00
 6.00000000e-01   0.00000000e+00   1.00000000e+00   1.71436064e-01   1.79858885e-04   5.11245355e+00   8.16345906e+00
 6.10000000e-01   0.00000000e+00   1.00000000e+00   1.73300565e-01   1.24719398e-04   5.12680526e+00   8.15488717e+00
 6.20000000e-01   0.00000000e+00   1.00000000e+00   1.75037962e-01   5.10059592e-05   5.13780060e+00   8.14859914e+00
 6.30000000e-01   0.00000000e+00   1.00000000e+00   1.76688189e-01  -1.73397495e-05   5.14758579e+00   8.14616942e+00
 6.40000000e-01   0.00000000e+00   1.00000000e+00   1.78302653e-01  -6.49159807e-05   5.15844495e+00   8.14958555e+00
 6.50000000e-01   0.00000000e+00   1.00000000e+00   1.79910994e-01  -7.82788208e-05   5.17370445e+00   8.15854998e+00
 6.60000000e-01   0.00000000e+00   1.00000000e+00   1.81475992e-01  -4.67581013e-05   5.19585924e+00   8.16938728e+00
 6.70000000e-01   0.00000000e+00   1.00000000e+00   1.82913466e-01   2.32223889e-05   5.22223505e+00   8.17740786e+00
 6.80000000e-01   0.00000000e+00   1.00000000e+00   1.84159574e-01   1.03044974e-04   5.24783290e+00   8.18228437e+00
 6.90000000e-01   0.00000000e+00   1.00000000e+00   1.85203505e-01   1.60890597e-04   5.26891605e+00   8.18433283e+00
 7.00000000e-01   0.00000000e+00   1.00000000e+00   1.86059149e-01   1.81840946e-04   5.28471408e+00   8.18404762e+00
 7.10000000e-01   0.00000000e+00   1.00000000e+00   1.86730873e-01   1.65189717e-04   5.29600211e+00   8.18054952e+00
 7.20000000e-01   0.00000000e+00   1.00000000e+00   1.87225841e-01   1.13936934e-04   5.30256539e+00   8.17451648e+00
 7.30000000e-01   0.00000000e+00   1.00000000e+00   1.87587256e-01   3.86077851e-05   5.30462078e+00   8.16917140e+00
 7.40000000e-01   0.00000000e+00   1.00000000e+00   1.87885244e-01  -3.51422417e-05   5.32416658e+00   8.16880251e+00
 7.50000000e-01   0.00000000e+00   1.00000000e+00   1.88163849e-01  -7.71730831e-05   5.32533281e+00   8.16703178e+00
 7.60000000e-01   0.00000000e+00   1.00000000e+00   1.88408474e-01  -7.23815980e-05   5.32848638e+00   8.16985093e+00
 7.70000000e-01   0.00000000e+00   1.00000000e+00   1.88566141e-01  -2.78096042e-05   5.33480928e+00   8.17397984e+00
 7.80000000e-01   0.00000000e+00   1.00000000e+00   1.88580389e-01   3.89789189e-05   5.34087910e+00   8.17754120e+00
 7.90000000e-01   0.00000000e+00   1.00000000e+00   1.88401890e-01   1.10293061e-04   5.34426984e+00   8.17923017e+00
 8.00000000e-01   0.00000000e+00   1.00000000e+00   1.87986969e-01   1.66907133e-04   5.34334607e+00   8.17862524e+00
 8.10000000e-01   0.00000000e+00   1.00000000e+00   1.87313246e-01   1.86955883e-04   5.33537497e+00   8.17441258e+00
 8.20000000e-01   0.00000000e+00   1.00000000e+00   1.86406296e-01   1.58853927e-04   5.31932973e+00   8.16566535e+00
 8.30000000e-01   0.00000000e+00   1.00000000e+00   1.85335706e-01   9.39724060e-05   5.34997252e+00   8.15290302e+00
 8.40000000e-01   0.00000000e+00   1.00000000e+00   1.84172082e-01   1.94679706e-05   5.35107222e+00   8.15242575e+00
 8.50000000e-01   0.00000000e+00   1.00000000e+00   1.82941358e-01  -4.11157910e-05   5.34571275e+00   8.15682486e+00
 8.60000000e-01   0.00000000e+00   1.00000000e+00   1.81635321e-01  -7.25122333e-05   5.34175839e+00   8.16193293e+00
 8.70000000e-01   0.00000000e+00   1.00000000e+00   1.80249631e-01  -6.52927863e-05   5.33906659e+00   8.16857093e+00
 8.80000000e-01   0.00000000e+00   1.00000000e+00   1.78780273e-01  -1.69908231e-05   5.33871063e+00   8.17724213e+00
 8.90000000e-01   0.00000000e+00   1.00000000e+00   1.77191645e-01   5.85568897e-05   5.34029860e+00   8.18498298e+00
 9.00000000e-01   0.00000000e+00   1.00000000e+00   1.75420498e-01   1.32839373e-04   5.34149333e+00   8.18724795e+00
 9.10000000e-01   0.00000000e+00   1.00000000e+00   1.73422788e-01   1.78400358e-04   5.33815017e+00   8.18331265e+00
 9.20000000e-01   0.00000000e+00   1.00000000e+00   1.71210303e-01   1.83205965e-04   5.32699014e+00   8.17498364e+00
 9.30000000e-01   0.00000000e+00   1.00000000e+00   1.68838688e-01   1.49796964e-04   5.30865927e+00   8.16524570e+00
 9.40000000e-01   0.00000000e+00   1.00000000e+00   1.66371768e-01   8.77529938e-05   5.28586598e+00   8.15688417e+00
 9.50000000e-01   0.00000000e+00   1.00000000e+00   1.63863254e-01   1.34952737e-05   5.26168527e+00   8.15100815e+00
 9.60000000e-01   0.00000000e+00   1.00000000e+00   1.61355919e-01  -4.78401222e-05   5.23862362e+00   8.14901509e+00
 9.70000000e-01   0.00000000e+00   1.00000000e+00   1.58871800e-01  -7.15423865e-05   5.21918646e+00   8.15173657e+00
 9.80000000e-01   0.00000000e+00   1.00000000e+00   1.56392113e-01  -4.90317737e-05   5.20514476e+00   8.15656620e+00
 9.90000000e-01   0.00000000e+00   1.00000000e+00   1.53858886e-01   8.48045989e-06   5.19613024e+00   8.16109732e+00
 1.00000000e+00   0.00000000e+00   1.00000000e+00   1.51211364e-01   8.05943003e-05   5.18846443e+00   8.16272547e+00
 1.01000000e+00   0.00000000e+00   1.00000000e+00   1.48421815e-01   1.47110989e-04   5.17884719e+00   8.16129608e+00
 1.02000000e+00   0.00000000e+00   1.00000000e+00   1.45494200e-01   1.88797339e-04   5.16527903e+00   8.15727903e+00
 1.03000000e+00   0.00000000e+00   1.00000000e+00   1.42440305e-01   1.89735098e-04   5.14742633e+00   8.14858828e+00
 1.04000000e+00   0.00000000e+00   1.00000000e+00   1.39275224e-01   1.46808941e-04   5.12526524e+00   8.13690872e+00
 1.05000000e+00   0.00000000e+00   1.00000000e+00   1.36037141e-01   7.59538012e-05   5.09927795e+00   8.12468129e+00
 1.06000000e+00   0.00000000e+00   1.00000000e+00   1.32790994e-01   4.24620390e-06   5.07019252e+00   8.11511674e+00
 1.07000000e+00   0.00000000e+00   1.00000000e+00   1.29592348e-01  -4.49443733e-05   5.04357289e+00   8.11168559e+00
 1.08000000e+00   0.00000000e+00   1.00000000e+00   1.26446160e-01  -5.87043102e-05   5.02115222e+00   8.11165993e+00
 1.09000000e+00   0.00000000e+00   1.00000000e+00   1.23308045e-01  -3.27477628e-05   5.00413901e+00   8.11210911e+00
 1.10000000e+00   0.00000000e+00   1.00000000e+00   1.20120926e-01   2.78750639e-05   4.99062565e+00   8.11198281e+00
 1.11000000e+00   0.00000000e+00   1.00000000e+00   1.16841154e-01   1.04746914e-04   4.97757802e+00   8.10896050e+00
 1.12000000e+00   0.00000000e+00   1.00000000e+00   1.13440312e-01   1.69954041e-04   4.96289965e+00   8.10167554e+00
 1.13000000e+00   0.00000000e+00   1.00000000e+00   1.09909429e-01   2.00280032e-04   4.94436447e+00   8.09000211e+00
 1.14000000e+00   0.00000000e+00   1.00000000e+00   1.06274528e-01   1.88252646e-04   4.92040056e+00   8.07516967e+00
 1.15000000e+00   0.00000000e+00   1.00000000e+00   1.02596862e-01   1.40697599e-04   4.89100189e+00   8.06001753e+00
 1.16000000e+00   0.00000000e+00   1.00000000e+00   9.89444163e-02   7.22265019e-05   4.85877237e+00   8.04624479e+00
 1.17000000e+00   0.00000000e+00   1.00000000e+00   9.53606885e-02   2.87900585e-06   4.82656014e+00   8.03480747e+00
 1.18000000e+00   0.00000000e+00   1.00000000e+00   9.18599847e-02  -4.36770708e-05   4.79680125e+00   8.02613210e+00
 1.19000000e+00   0.00000000e+00   1.00000000e+00   8.84427613e-02  -4.89606659e-05   4.77030618e+00   8.02117189e+00
 1.20000000e+00   0.00000000e+00   1.00000000e+00   8.51011073e-02  -1.07005795e-05   4.74773031e+00   8.01974497e+00
 1.21000000e+00   0.00000000e+00   1.00000000e+00   8.18063294e-02   5.60058881e-05   4.72865577e+00   8.01825182e+00
 1.22000000e+00   0.00000000e+00   1.00000000e+00   7.85065465e-02   1.28379422e-04   4.71227131e+00   8.01373840e+00
 1.23000000e+00   0.00000000e+00   1.00000000e+00   7.51560084e-02   1.85230232e-04   4.69569629e+00   8.00355138e+00
 1.24000000e+00   0.00000000e+00   1.00000000e+00   7.17529089e-02   2.09786522e-04   4.67588196e+00   7.98911314e+00
 1.25000000e+00   0.00000000e+00   1.00000000e+00   6.83446713e-02   1.92388550e-04   4.65079969e+00   7.97281597e+00
 1.26000000e+00   0.00000000e+00   1.00000000e+00   6.49976320e-02   1.37001514e-04   4.62175917e+00   7.95642544e+00
 1.27000000e+00   0.00000000e+00   1.00000000e+00   6.17662099e-02   6.33770095e-05   4.59127161e+00   7.94204456e+00
 1.28000000e+00   0.00000000e+00   1.00000000e+00   5.86843036e-02  -1.61929552e-06   4.56169619e+00   7.93091235e+00
 1.29000000e+00   0.00000000e+00   1.00000000e+00   5.57656231e-02  -3.68926991e-05   4.53490542e+00   7.92318118e+00
 1.30000000e+00   0.00000000e+00   1.00000000e+00   5.29963999e-02  -3.30320959e-05   4.51259498e+00   7.91827606e+00
 1.31000000e+00   0.00000000e+00   1.00000000e+00   5.03321064e-02   8.67912409e-06   4.49546888e+00   7.91410380e+00
 1.32000000e+00   0.00000000e+00   1.00000000e+00   4.77164486e-02   7.69468108e-05   4.48205013e+00   7.90871152e+00
 1.33000000e+00   0.00000000e+00   1.00000000e+00   4.51105554e-02   1.50233440e-04   4.46997085e+00   7.90088886e+00
 1.34000000e+00   0.00000000e+00   1.00000000e+00   4.25035757e-02   2.02592965e-04   4.45651484e+00   7.88960572e+00
 1.35000000e+00   0.00000000e+00   1.00000000e+00   3.99025116e-02   2.15665980e-04   4.44043391e+00   7.87447487e+00
 1.36000000e+00   0.00000000e+00   1.00000000e+00   3.73263574e-02   1.86941451e-04   4.42137236e+00   7.85601327e+00
 1.37000000e+00   0.00000000e+00   1.00000000e+00   3.48143773e-02   1.27809428e-04   4.39872088e+00   7.83691156e+00
 1.38000000e+00   0.00000000e+00   1.00000000e+00   3.24263570e-02   5.68963106e-05   4.37335370e+00   7.82056450e+00
 1.39000000e+00   0.00000000e+00   1.00000000e+00   3.02166169e-02  -4.20502153e-06   4.34768724e+00   7.80921033e+00
 1.40000000e+00   0.00000000e+00   1.00000000e+00   2.81999811e-02  -3.47435412e-05   4.32469500e+00   7.80257592e+00
 1.41000000e+00   0.00000000e+00   1.00000000e+00   2.63437059e-02  -2.25604627e-05   4.30685383e+00   7.79839548e+00
 1.42000000e+00   0.00000000e+00   1.00000000e+00   2.45922833e-02   2.84655876e-05   4.29397452e+00   7.79413072e+00
 1.43000000e+00   0.00000000e+00   1.00000000e+00   2.28987004e-02   9.96929616e-05   4.28381908e+00   7.78835445e+00
 1.44000000e+00   0.00000000e+00   1.00000000e+00   2.12376967e-02   1.67144331e-04   4.27406598e+00   7.78021484e+00
 1.45000000e+00   0.00000000e+00   1.00000000e+00   1.96051523e-02   2.10386188e-04   4.26276252e+00   7.76934549e+00
 1.46000000e+00   0.00000000e+00   1.00000000e+00   1.80198459e-02   2.16346669e-04   4.24859454e+00   7.75611842e+00
 1.47000000e+00   0.00000000e+00   1.00000000e+00   1.65258729e-02   1.81880917e-04   4.23061790e+00   7.74193197e+00
 1.48000000e+00   0.00000000e+00   1.00000000e+00   1.51808111e-02   1.17087146e-04   4.20932999e+00   7.72887426e+00
 1.49000000e+00   0.00000000e+00   1.00000000e+00   1.40316715e-02   4.43213474e-05   4.18681232e+00   7.71863094e+00
 1.50000000e+00   0.00000000e+00   1.00000000e+00   1.30997900e-02  -1.07931225e-05   4.16593909e+00   7.71239894e+00
 1.51000000e+00   0.00000000e+00   1.00000000e+00   1.23839288e-02  -3.05330272e-05   4.14817798e+00   7.71029639e+00
 1.52000000e+00   0.00000000e+00   1.00000000e+00   1.18663234e-02  -1.00856628e-05   4.13459272e+00   7.71160358e+00
 1.53000000e+00   0.00000000e+00   1.00000000e+00   1.15096643e-02   4.37468192e-05   4.12555744e+00   7.71418405e+00
 1.54000000e+00   0.00000000e+00   1.00000000e+00   1.12583841e-02   1.14772143e-04   4.12073913e+00   7.71501198e+00
 1.55000000e+00   0.00000000e+00   1.00000000e+00   1.10610128e-02   1.80003511e-04   4.11777321e+00   7.71178489e+00
 1.56000000e+00   0.00000000e+00   1.00000000e+00   1.09016961e-02   2.16503657e-04   4.11365082e+00   7.70451371e+00
 1.57000000e+00   0.00000000e+00   1.00000000e+00   1.08103672e-02   2.11418366e-04   4.10577860e+00   7.69534641e+00
 1.58000000e+00   0.00000000e+00   1.00000000e+00   1.08413556e-02   1.67563704e-04   4.09399478e+00   7.68671732e+00
 1.59000000e+00   0.00000000e+00   1.00000000e+00   1.10428115e-02   1.00490855e-04   4.08027115e+00   7.68017314e+00
 1.60000000e+00   0.00000000e+00   1.00000000e+00   1.14416201e-02   3.14489851e-05   4.06698673e+00   7.67623353e+00
 1.61000000e+00   0.00000000e+00   1.00000000e+00   1.20432795e-02  -1.82003905e-05   4.05592180e+00   7.67532508e+00
 1.62000000e+00   0.00000000e+00   1.00000000e+00   1.28322008e-02  -3.18145538e-05   4.04886315e+00   7.67746837e+00
 1.63000000e+00   0.00000000e+00   1.00000000e+00   1.37705722e-02  -3.70506797e-06   4.04650226e+00   7.68179095e+00
 1.64000000e+00   0.00000000e+00   1.00000000e+00   1.48063668e-02   5.66523834e-05   4.04884975e+00   7.68633155e+00
 1.65000000e+00   0.00000000e+00   1.00000000e+00   1.58924304e-02   1.27861478e-04   4.05363282e+00   7.68913045e+00
 1.66000000e+00   0.00000000e+00   1.00000000e+00   1.70030868e-02   1.85971257e-04   4.05841876e+00   7.68903344e+00
 1.67000000e+00   0.00000000e+00   1.00000000e+00   1.81372722e-02   2.12915487e-04   4.06109652e+00   7.68590032e+00
 1.68000000e+00   0.00000000e+00   1.00000000e+00   1.93144532e-02   2.00384772e-04   4.06073144e+00   7.68046040e+00
 1.69000000e+00   0.00000000e+00   1.00000000e+00   2.05732160e-02   1.51431674e-04   4.05686117e+00   7.67471380e+00
 1.70000000e+00   0.00000000e+00   1.00000000e+00   2.19669353e-02   8.11850450e-05   4.05040610e+00   7.67137071e+00
 1.71000000e+00   0.00000000e+00   1.00000000e+00   2.35443582e-02   1.33638428e-05   4.04344200e+00   7.67267413e+00
 1.72000000e+00   0.00000000e+00   1.00000000e+00   2.53216215e-02  -2.87934719e-05   4.03929472e+00   7.67876471e+00
 1.73000000e+00   0.00000000e+00   1.00000000e+00   2.72707269e-02  -3.19999370e-05   4.04065722e+00   7.68765039e+00
 1.74000000e+00   0.00000000e+00   1.00000000e+00   2.93370512e-02   3.43598124e-06   4.04738956e+00   7.69722242e+00
 1.75000000e+00   0.00000000e+00   1.00000000e+00   3.14688031e-02   6.56563230e-05   4.05804660e+00   7.70585699e+00
 1.76000000e+00   0.00000000e+00   1.00000000e+00   3.36339422e-02   1.35053675e-04   4.06972059e+00   7.71318714e+00
 1.77000000e+00   0.00000000e+00   1.00000000e+00   3.58210551e-02   1.88814511e-04   4.08074061e+00   7.71848869e+00
 1.78000000e+00   0.00000000e+00   1.00000000e+00   3.80375193e-02   2.08043329e-04   4.08955999e+00   7.72147434e+00
 1.79000000e+00   0.00000000e+00   1.00000000e+00   4.03103921e-02   1.85748772e-04   4.09538672e+00   7.72280309e+00
 1.80000000e+00   0.00000000e+00   1.00000000e+00   4.26813959e-02   1.29956888e-04   4.09875741e+00   7.72436469e+00
 1.81000000e+00   0.00000000e+00   1.00000000e+00   4.51910845e-02   5.96062827e-05   4.10122947e+00   7.72815899e+00
 1.82000000e+00   0.00000000e+00   1.00000000e+00   4.78616339e-02  -2.95508944e-06   4.10574835e+00   7.73518482e+00
 1.83000000e+00   0.00000000e+00   1.00000000e+00   5.06895271e-02  -3.82169821e-05   4.11449999e+00   7.74587116e+00
 1.84000000e+00   0.00000000e+00   1.00000000e+00   5.36472568e-02  -3.45073757e-05   4.12854251e+00   7.75928047e+00
 1.85000000e+00   0.00000000e+00   1.00000000e+00   5.66871780e-02   7.59844967e-06   4.14786742e+00   7.77352495e+00
 1.86000000e+00   0.00000000e+00   1.00000000e+00   5.97490820e-02   7.38470823e-05   4.17128290e+00   7.78649069e+00
 1.87000000e+00   0.00000000e+00   1.00000000e+00   6.27785119e-02   1.41209270e-04   4.19617513e+00   7.79559748e+00
 1.88000000e+00   0.00000000e+00   1.00000000e+00   6.57509509e-02   1.87070601e-04   4.21931409e+00   7.80085670e+00
 1.89000000e+00   0.00000000e+00   1.00000000e+00   6.86829711e-02   1.96954957e-04   4.23815472e+00   7.80379512e+00
 1.90000000e+00   0.00000000e+00   1.00000000e+00   7.16185125e-02   1.67813309e-04   4.25298139e+00   7.80639909e+00
 1.91000000e+00   0.00000000e+00   1.00000000e+00   7.46018531e-02   1.08340825e-04   4.26574638e+00   7.81016944e+00
 1.92000000e+00   0.00000000e+00   1.00000000e+00   7.76593004e-02   3.73543765e-05   4.27892002e+00   7.81520583e+00
 1.93000000e+00   0.00000000e+00   1.00000000e+00   8.07967334e-02  -2.14644855e-05   4.29446019e+00   7.82245212e+00
 1.94000000e+00   0.00000000e+00   1.00000000e+00   8.40022382e-02  -4.82899443e-05   4.31376997e+00   7.83270951e+00
 1.95000000e+00   0.00000000e+00   1.00000000e+00   8.72457325e-02  -3.48815028e-05   4.33759143e+00   7.84527980e+00
 1.96000000e+00   0.00000000e+00   1.00000000e+00   9.04815936e-02   1.32833694e-05   4.36539544e+00   7.85885701e+00
 1.97000000e+00   0.00000000e+00   1.00000000e+00   9.36616328e-02   8.01537561e-05   4.39497281e+00   7.87076789e+00
 1.98000000e+00   0.00000000e+00   1.00000000e+00   9.67528282e-02   1.44228755e-04   4.42370412e+00   7.87977646e+00
 1.99000000e+00   0.00000000e+00   1.00000000e+00   9.97479646e-02   1.84299407e-04   4.44919207e+00   7.88575084e+00
 2.00000000e+00   0.00000000e+00   1.00000000e+00   1.02665975e-01   1.86280632e-04   4.47020831e+00   7.88926107e+00
 2.01000000e+00   0.00000000e+00   1.00000000e+00   1.05546441e-01   1.49045739e-04   4.48723515e+00   7.89202910e+00
 2.02000000e+00   0.00000000e+00   1.00000000e+00   1.08439620e-01   8.53135695e-05   4.50165270e+00   7.89625577e+00
 2.03000000e+00   0.00000000e+00   1.00000000e+00   1.11388824e-01   1.63816919e-05   4.51647294e+00   7.90387534e+00
 2.04000000e+00   0.00000000e+00   1.00000000e+00   1.14409136e-01  -3.56948898e-05   4.53479516e+00   7.91507083e+00
 2.05000000e+00   0.00000000e+00   1.00000000e+00   1.17477234e-01  -5.45593411e-05   4.55845904e+00   7.92849210e+00
 2.06000000e+00   0.00000000e+00   1.00000000e+00   1.20542540e-01  -3.39534988e-05   4.58719868e+00   7.94253668e+00
 2.07000000e+00   0.00000000e+00   1.00000000e+00   1.23551377e-01   1.97299059e-05   4.61913835e+00   7.95601925e+00
 2.08000000e+00   0.00000000e+00   1.00000000e+00   1.26465466e-01   8.84709033e-05   4.65155996e+00   7.96815003e+00
 2.09000000e+00   0.00000000e+00   1.00000000e+00   1.29266314e-01   1.48773539e-04   4.68201505e+00   7.97759906e+00
 2.10000000e+00   0.00000000e+00   1.00000000e+00   1.31953086e-01   1.80522305e-04   4.70922118e+00   7.98427281e+00
 2.11000000e+00   0.00000000e+00   1.00000000e+00   1.34542564e-01   1.73709350e-04   4.73157802e+00   7.98811438e+00
 2.12000000e+00   0.00000000e+00   1.00000000e+00   1.37067750e-01   1.30699317e-04   4.75049798e+00   7.99058376e+00
 2.13000000e+00   0.00000000e+00   1.00000000e+00   1.39567308e-01   6.50093047e-05   4.76787534e+00   7.99408366e+00
 2.14000000e+00   0.00000000e+00   1.00000000e+00   1.42068017e-01  -2.24083277e-06   4.78642022e+00   8.00053318e+00
 2.15000000e+00   0.00000000e+00   1.00000000e+00   1.44571345e-01  -4.86532875e-05   4.80822386e+00   8.00916657e+00
 2.16000000e+00   0.00000000e+00   1.00000000e+00   1.47051097e-01  -5.86714266e-05   4.83472030e+00   8.02038573e+00
 2.17000000e+00   0.00000000e+00   1.00000000e+00   1.49460081e-01  -2.94410156e-05   4.86517308e+00   8.03198197e+00
 2.18000000e+00   0.00000000e+00   1.00000000e+00   1.51742059e-01   2.86881010e-05   4.89760084e+00   8.04246938e+00
 2.19000000e+00   0.00000000e+00   1.00000000e+00   1.53848885e-01   9.64846365e-05   4.92866191e+00   8.04973534e+00
 2.20000000e+00   0.00000000e+00   1.00000000e+00   1.55759256e-01   1.52010886e-04   4.95583102e+00   8.05396368e+00
 2.21000000e+00   0.00000000e+00   1.00000000e+00   1.57487838e-01   1.76917774e-04   4.97670035e+00   8.05528651e+00
 2.22000000e+00   0.00000000e+00   1.00000000e+00   1.59076176e-01   1.62426655e-04   4.99193408e+00   8.05563103e+00
 2.23000000e+00   0.00000000e+00   1.00000000e+00   1.60571256e-01   1.13064659e-04   5.00339172e+00   8.05591975e+00
 2.24000000e+00   0.00000000e+00   1.00000000e+00   1.62007489e-01   4.54856275e-05   5.01376936e+00   8.05719657e+00
 2.25000000e+00   0.00000000e+00   1.00000000e+00   1.63400820e-01  -1.78041592e-05   5.02532946e+00   8.06056209e+00
 2.26000000e+00   0.00000000e+00   1.00000000e+00   1.64749654e-01  -5.63730091e-05   5.03958524e+00   8.06646994e+00
 2.27000000e+00   0.00000000e+00   1.00000000e+00   1.66034806e-01  -5.80005664e-05   5.05734805e+00   8.07496435e+00
 2.28000000e+00   0.00000000e+00   1.00000000e+00   1.67220399e-01  -2.20324285e-05   5.07807675e+00   8.08475153e+00
 2.29000000e+00   0.00000000e+00   1.00000000e+00   1.68262943e-01   4.00192929e-05   5.09976697e+00   8.09365702e+00
 2.30000000e+00   0.00000000e+00   1.00000000e+00   1.69128411e-01   1.07554904e-04   5.11949895e+00   8.10005061e+00
 2.31000000e+00   0.00000000e+00   1.00000000e+00   1.69807367e-01   1.57844488e-04   5.13490431e+00   8.10343399e+00
 2.32000000e+00   0.00000000e+00   1.00000000e+00   1.70319360e-01   1.74289240e-04   5.14461064e+00   8.10402694e+00
 2.33000000e+00   0.00000000e+00   1.00000000e+00   1.70706008e-01   1.51911216e-04   5.14926476e+00   8.10344671e+00
 2.34000000e+00   0.00000000e+00   1.00000000e+00   1.71017354e-01   9.82686973e-05   5.15059080e+00   8.10329930e+00
 2.35000000e+00   0.00000000e+00   1.00000000e+00   1.71295247e-01   3.08281859e-05   5.16938930e+00   8.10643598e+00
 2.36000000e+00   0.00000000e+00   1.00000000e+00   1.71556815e-01  -2.85864985e-05   5.17261797e+00   8.10626512e+00
 2.37000000e+00   0.00000000e+00   1.00000000e+00   1.71785939e-01  -6.00353981e-05   5.17608395e+00   8.10899193e+00
 2.38000000e+00   0.00000000e+00   1.00000000e+00   1.71940552e-01  -5.29221900e-05   5.18144915e+00   8.11270391e+00
 2.39000000e+00   0.00000000e+00   1.00000000e+00   1.71971616e-01  -9.76804317e-06   5.18689738e+00   8.11678014e+00
 2.40000000e+00   0.00000000e+00   1.00000000e+00   1.71840450e-01   5.47624915e-05   5.18986632e+00   8.12005485e+00
 2.41000000e+00   0.00000000e+00   1.00000000e+00   1.71526106e-01   1.19520436e-04   5.18876606e+00   8.12170475e+00
 2.42000000e+00   0.00000000e+00   1.00000000e+00   1.71025760e-01   1.63554758e-04   5.18265964e+00   8.12004455e+00
 2.43000000e+00   0.00000000e+00   1.00000000e+00   1.70355141e-01   1.72444470e-04   5.17184071e+00   8.11499097e+00
 2.44000000e+00   0.00000000e+00   1.00000000e+00   1.69548051e-01   1.42970480e-04   5.15734671e+00   8.10711143e+00
 2.45000000e+00   0.00000000e+00   1.00000000e+00   1.68648077e-01   8.47910857e-05   5.18907930e+00   8.10260794e+00
 2.46000000e+00   0.00000000e+00   1.00000000e+00   1.67694369e-01   1.76990585e-05   5.19291307e+00   8.10399979e+00
 2.47000000e+00   0.00000000e+00   1.00000000e+00   1.66702632e-01  -3.61592877e-05   5.19150937e+00   8.10980633e+00
 2.48000000e+00   0.00000000e+00   1.00000000e+00   1.65657184e-01  -5.89938296e-05   5.19228623e+00   8.11715854e+00
 2.49000000e+00   0.00000000e+00   1.00000000e+00   1.64519499e-01  -4.35441278e-05   5.19563967e+00   8.12423765e+00
 2.50000000e+00   0.00000000e+00   1.00000000e+00   1.63243302e-01   5.38408658e-06   5.19975323e+00   8.12967382e+00
 2.51000000e+00   0.00000000e+00   1.00000000e+00   1.61791119e-01   7.20006567e-05   5.20232995e+00   8.13264854e+00
 2.52000000e+00   0.00000000e+00   1.00000000e+00   1.60149908e-01   1.34443827e-04   5.20057393e+00   8.13239802e+00
 2.53000000e+00   0.00000000e+00   1.00000000e+00   1.58337789e-01   1.71965211e-04   5.19305773e+00   8.12959369e+00
 2.54000000e+00   0.00000000e+00   1.00000000e+00   1.56397656e-01   1.72367257e-04   5.17977749e+00   8.12474127e+00
 2.55000000e+00   0.00000000e+00   1.00000000e+00   1.54380412e-01   1.36030573e-04   5.16235602e+00   8.11863327e+00
 2.56000000e+00   0.00000000e+00   1.00000000e+00   1.52328629e-01   7.52051532e-05   5.14311913e+00   8.11296746e+00
 2.57000000e+00   0.00000000e+00   1.00000000e+00   1.50268810e-01   9.88730855e-06   5.12456133e+00   8.10874093e+00
 2.58000000e+00   0.00000000e+00   1.00000000e+00   1.48209465e-01  -3.83970489e-05   5.10855522e+00   8.10751337e+00
 2.59000000e+00   0.00000000e+00   1.00000000e+00   1.46139693e-01  -5.33672053e-05   5.09609555e+00   8.10869804e+00
 2.60000000e+00   0.00000000e+00   1.00000000e+00   1.44029395e-01  -2.97533049e-05   5.08728314e+00   8.11197264e+00
 2.61000000e+00   0.00000000e+00   1.00000000e+00   1.41837147e-01   2.46654901e-05   5.08051860e+00   8.11465530e+00
 2.62000000e+00   0.00000000e+00   1.00000000e+00   1.39527036e-01   9.18846156e-05   5.07358197e+00   8.11612301e+00
 2.63000000e+00   0.00000000e+00   1.00000000e+00   1.37086287e-01   1.50002673e-04   5.06353849e+00   8.11402701e+00
 2.64000000e+00   0.00000000e+00   1.00000000e+00   1.34532906e-01   1.80337925e-04   5.04887273e+00   8.10878388e+00
 2.65000000e+00   0.00000000e+00   1.00000000e+00   1.31909101e-01   1.73129832e-04   5.02921891e+00   8.10153338e+00
 2.66000000e+00   0.00000000e+00   1.00000000e+00   1.29265135e-01   1.30769888e-04   5.00752829e+00   8.09441470e+00
 2.67000000e+00   0.00000000e+00   1.00000000e+00   1.26642083e-01   6.73975987e-05   4.98459726e+00   8.08737530e+00
 2.68000000e+00   0.00000000e+00   1.00000000e+00   1.24058863e-01   4.34324686e-06   4.96336229e+00   8.08242964e+00
 2.69000000e+00   0.00000000e+00   1.00000000e+00   1.21506560e-01  -3.73047017e-05   4.94561454e+00   8.07930878e+00
 2.70000000e+00   0.00000000e+00   1.00000000e+00   1.18953041e-01  -4.38108273e-05   4.93166427e+00   8.07740514e+00
 2.71000000e+00   0.00000000e+00   1.00000000e+00   1.16356820e-01  -1.30350266e-05   4.92057299e+00   8.07604815e+00
 2.72000000e+00   0.00000000e+00   1.00000000e+00   1.13682477e-01   4.51623791e-05   4.91059196e+00   8.07452865e+00
 2.73000000e+00   0.00000000e+00   1.00000000e+00   1.10909849e-01   1.11998747e-04   4.89946383e+00   8.07111207e+00
 2.74000000e+00   0.00000000e+00   1.00000000e+00   1.08037099e-01   1.65593976e-04   4.88535120e+00   8.06488856e+00
 2.75000000e+00   0.00000000e+00   1.00000000e+00   1.05082537e-01   1.88329980e-04   4.86709837e+00   8.05522486e+00
 2.76000000e+00   0.00000000e+00   1.00000000e+00   1.02084712e-01   1.72994234e-04   4.84464019e+00   8.04326592e+00
 2.77000000e+00   0.00000000e+00   1.00000000e+00   9.90945310e-02   1.25128553e-04   4.81889005e+00   8.03080368e+00
 2.78000000e+00   0.00000000e+00   1.00000000e+00   9.61582119e-02   6.08213487e-05   4.79221082e+00   8.01992655e+00
 2.79000000e+00   0.00000000e+00   1.00000000e+00   9.32994468e-02   1.32657134e-06   4.76722291e+00   8.01174334e+00
 2.80000000e+00   0.00000000e+00   1.00000000e+00   9.05114832e-02  -3.36177168e-05   4.74549221e+00   8.00592975e+00
 2.81000000e+00   0.00000000e+00   1.00000000e+00   8.77630980e-02  -3.21642488e-05   4.72769860e+00   8.00183817e+00
 2.82000000e+00   0.00000000e+00   1.00000000e+00   8.50142005e-02   5.52289220e-06   4.71299808e+00   7.99825015e+00
 2.83000000e+00   0.00000000e+00   1.00000000e+00   8.22329598e-02   6.71035418e-05   4.69924211e+00   7.99372768e+00
 2.84000000e+00   0.00000000e+00   1.00000000e+00   7.94082652e-02   1.32320419e-04   4.68423078e+00   7.98747999e+00
 2.85000000e+00   0.00000000e+00   1.00000000e+00   7.65545546e-02   1.79963906e-04   4.66643664e+00   7.97914193e+00
 2.86000000e+00   0.00000000e+00   1.00000000e+00   7.37077747e-02   1.94761387e-04   4.64489636e+00   7.96870327e+00
 2.87000000e+00   0.00000000e+00   1.00000000e+00   7.09140035e-02   1.72111541e-04   4.62064744e+00   7.95711592e+00
 2.88000000e+00   0.00000000e+00   1.00000000e+00   6.82158427e-02   1.19553498e-04   4.59469361e+00   7.94517403e+00
 2.89000000e+00   0.00000000e+00   1.00000000e+00   6.56423802e-02   5.46357014e-05   4.56913707e+00   7.93409417e+00
 2.90000000e+00   0.00000000e+00   1.00000000e+00   6.32039549e-02  -9.08054184e-07   4.54574998e+00   7.92558789e+00
 2.91000000e+00   0.00000000e+00   1.00000000e+00   6.08897579e-02  -2.85170250e-05   4.52609071e+00   7.91987380e+00
 2.92000000e+00   0.00000000e+00   1.00000000e+00   5.86685671e-02  -1.90887515e-05   4.51045792e+00   7.91612324e+00
 2.93000000e+00   0.00000000e+00   1.00000000e+00   5.64964599e-02   2.42701021e-05   4.49836162e+00   7.91279437e+00
 2.94000000e+00   0.00000000e+00   1.00000000e+00   5.43332359e-02   8.74897142e-05   4.48798566e+00   7.90762971e+00
 2.95000000e+00   0.00000000e+00   1.00000000e+00   5.21606056e-02   1.49997226e-04   4.47690479e+00   7.90003053e+00
 2.96000000e+00   0.00000000e+00   1.00000000e+00   4.99906646e-02   1.91299528e-04   4.46326274e+00   7.88986287e+00
 2.97000000e+00   0.00000000e+00   1.00000000e+00   4.78600038e-02   1.97820665e-04   4.44591488e+00   7.87797735e+00
 2.98000000e+00   0.00000000e+00   1.00000000e+00   4.58145156e-02   1.67620195e-04   4.42589047e+00   7.86537253e+00
 2.99000000e+00   0.00000000e+00   1.00000000e+00   4.38929440e-02   1.10958383e-04   4.40456799e+00   7.85320429e+00
 3.00000000e+00   0.00000000e+00   1.00000000e+00   4.21149862e-02   4.67057741e-05   4.38406602e+00   7.84242994e+00
 3.01000000e+00   0.00000000e+00   1.00000000e+00   4.04765035e-02  -3.99054585e-06   4.36610387e+00   7.83366620e+00
 3.02000000e+00   0.00000000e+00   1.00000000e+00   3.89526939e-02  -2.43980412e-05   4.35159319e+00   7.82699537e+00
 3.03000000e+00   0.00000000e+00   1.00000000e+00   3.75076841e-02  -7.64704167e-06   4.34065358e+00   7.82205410e+00
 3.04000000e+00   0.00000000e+00   1.00000000e+00   3.61065759e-02   4.08771501e-05   4.33210468e+00   7.81775143e+00
 3.05000000e+00   0.00000000e+00   1.00000000e+00   3.47258108e-02   1.05140473e-04   4.32422419e+00   7.81275311e+00
 3.06000000e+00   0.00000000e+00   1.00000000e+00   3.33600471e-02   1.63937373e-04   4.31524947e+00   7.80585646e+00
 3.07000000e+00   0.00000000e+00   1.00000000e+00   3.20255347e-02   1.98030064e-04   4.30359272e+00   7.79662721e+00
 3.08000000e+00   0.00000000e+00   1.00000000e+00   3.07590422e-02   1.96412421e-04   4.28872708e+00   7.78576375e+00
 3.09000000e+00   0.00000000e+00   1.00000000e+00   2.96095572e-02   1.59732063e-04   4.27080991e+00   7.77505693e+00
 3.10000000e+00   0.00000000e+00   1.00000000e+00   2.86222266e-02   1.00060913e-04   4.25178632e+00   7.76609593e+00
 3.11000000e+00   0.00000000e+00   1.00000000e+00   2.78208000e-02   3.71233535e-05   4.23363643e+00   7.75976457e+00
 3.12000000e+00   0.00000000e+00   1.00000000e+00   2.71988218e-02  -8.20012115e-06   4.21865326e+00   7.75604216e+00
 3.13000000e+00   0.00000000e+00   1.00000000e+00   2.67246974e-02  -2.09356684e-05   4.20790994e+00   7.75430907e+00
 3.14000000e+00   0.00000000e+00   1.00000000e+00   2.63565377e-02   2.98490808e-06   4.20094688e+00   7.75385046e+00
 3.15000000e+00   0.00000000e+00   1.00000000e+00   2.60582697e-02   5.55563041e-05   4.19658031e+00   7.75348796e+00
 3.16000000e+00   0.00000000e+00   1.00000000e+00   2.58109276e-02   1.19477187e-04   4.19262656e+00   7.75242610e+00
 3.17000000e+00   0.00000000e+00   1.00000000e+00   2.56172173e-02   1.73741789e-04   4.18760917e+00   7.75003692e+00
 3.18000000e+00   0.00000000e+00   1.00000000e+00   2.54994980e-02   2.00418461e-04   4.18022189e+00   7.74603049e+00
 3.19000000e+00   0.00000000e+00   1.00000000e+00   2.54920863e-02   1.90634375e-04   4.17038811e+00   7.74080243e+00
 3.20000000e+00   0.00000000e+00   1.00000000e+00   2.56301756e-02   1.47637125e-04   4.15911221e+00   7.73534461e+00
 3.21000000e+00   0.00000000e+00   1.00000000e+00   2.59390899e-02   8.56738188e-05   4.14774177e+00   7.73103396e+00
 3.22000000e+00   0.00000000e+00   1.00000000e+00   2.64263569e-02   2.51255169e-05   4.13843405e+00   7.72882777e+00
 3.23000000e+00   0.00000000e+00   1.00000000e+00   2.70773617e-02  -1.42384108e-05   4.13235880e+00   7.72923003e+00
 3.24000000e+00   0.00000000e+00   1.00000000e+00   2.78564071e-02  -1.96008069e-05   4.13084404e+00   7.73158311e+00
 3.25000000e+00   0.00000000e+00   1.00000000e+00   2.87154982e-02   1.07173768e-05   4.13322216e+00   7.73464473e+00
 3.26000000e+00   0.00000000e+00   1.00000000e+00   2.96102191e-02   6.66354588e-05   4.13799519e+00   7.73687729e+00
 3.27000000e+00   0.00000000e+00   1.00000000e+00   3.05165526e-02   1.29517728e-04   4.14278977e+00   7.73760382e+00
 3.28000000e+00   0.00000000e+00   1.00000000e+00   3.14395855e-02   1.78454933e-04   4.14580366e+00   7.73663784e+00
 3.29000000e+00   0.00000000e+00   1.00000000e+00   3.24091897e-02   1.97272222e-04   4.14548168e+00   7.73456169e+00
 3.30000000e+00   0.00000000e+00   1.00000000e+00   3.34659815e-02   1.79767453e-04   4.14251476e+00   7.73202439e+00
 3.31000000e+00   0.00000000e+00   1.00000000e+00   3.46455808e-02   1.31619298e-04   4.13807186e+00   7.72997819e+00
 3.32000000e+00   0.00000000e+00   1.00000000e+00   3.59675967e-02   6.85189557e-05   4.13424368e+00   7.72904543e+00
 3.33000000e+00   0.00000000e+00   1.00000000e+00   3.74310317e-02   1.11328453e-05   4.13267626e+00   7.73011238e+00
 3.34000000e+00   0.00000000e+00   1.00000000e+00   3.90153912e-02  -2.17105438e-05   4.13459970e+00   7.73345914e+00
 3.35000000e+00   0.00000000e+00   1.00000000e+00   4.06868417e-02  -1.93512952e-05   4.14037069e+00   7.73874647e+00
 3.36000000e+00   0.00000000e+00   1.00000000e+00   4.24081649e-02   1.71708261e-05   4.14908722e+00   7.74531065e+00
 3.37000000e+00   0.00000000e+00   1.00000000e+00   4.41498180e-02   7.55824609e-05   4.15928438e+00   7.75164712e+00
 3.38000000e+00   0.00000000e+00   1.00000000e+00   4.58990860e-02   1.36507830e-04   4.16879781e+00   7.75671433e+00
 3.39000000e+00   0.00000000e+00   1.00000000e+00   4.76651298e-02   1.79769486e-04   4.17632581e+00   7.76015631e+00
 3.40000000e+00   0.00000000e+00   1.00000000e+00   4.94779505e-02   1.90951168e-04   4.18090478e+00   7.76230529e+00
 3.41000000e+00   0.00000000e+00   1.00000000e+00   5.13795285e-02   1.66188118e-04   4.18320625e+00   7.76446474e+00
 3.42000000e+00   0.00000000e+00   1.00000000e+00   5.34081906e-02   1.13533701e-04   4.18469688e+00   7.76766514e+00
 3.43000000e+00   0.00000000e+00   1.00000000e+00   5.55823170e-02   5.02609597e-05   4.18781454e+00   7.77265412e+00
 3.44000000e+00   0.00000000e+00   1.00000000e+00   5.78918878e-02  -2.95599540e-06   4.19472484e+00   7.77946389e+00
 3.45000000e+00   0.00000000e+00   1.00000000e+00   6.03023530e-02  -2.88539450e-05   4.20618074e+00   7.78797344e+00
 3.46000000e+00   0.00000000e+00   1.00000000e+00   6.27677868e-02  -1.91598397e-05   4.22187015e+00   7.79719880e+00
 3.47000000e+00   0.00000000e+00   1.00000000e+00   6.52458794e-02   2.27444600e-05   4.24040463e+00   7.80676651e+00
 3.48000000e+00   0.00000000e+00   1.00000000e+00   6.77088359e-02   8.28349498e-05   4.25956806e+00   7.81580398e+00
 3.49000000e+00   0.00000000e+00   1.00000000e+00   7.01483676e-02   1.41053499e-04   4.27755512e+00   7.82349814e+00
 3.50000000e+00   0.00000000e+00   1.00000000e+00   7.25753830e-02   1.77975381e-04   4.29330778e+00   7.82943842e+00
 3.51000000e+00   0.00000000e+00   1.00000000e+00   7.50150687e-02   1.81296406e-04   4.30656294e+00   7.83373618e+00
 3.52000000e+00   0.00000000e+00   1.00000000e+00   7.74978923e-02   1.49818528e-04   4.31782120e+00   7.83697675e+00
 3.53000000e+00   0.00000000e+00   1.00000000e+00   8.00483831e-02   9.37351170e-05   4.32883164e+00   7.84054505e+00
 3.54000000e+00   0.00000000e+00   1.00000000e+00   8.26749215e-02   3.12953308e-05   4.34155579e+00   7.84548809e+00
 3.55000000e+00   0.00000000e+00   1.00000000e+00   8.53638543e-02  -1.71222240e-05   4.35785377e+00   7.85254452e+00
 3.56000000e+00   0.00000000e+00   1.00000000e+00   8.80805083e-02  -3.57398792e-05   4.37806782e+00   7.86090766e+00
 3.57000000e+00   0.00000000e+00   1.00000000e+00   9.07782255e-02  -1.86501126e-05   4.40174714e+00   7.87026137e+00
 3.58000000e+00   0.00000000e+00   1.00000000e+00   9.34136210e-02   2.82205952e-05   4.42677979e+00   7.87895034e+00
 3.59000000e+00   0.00000000e+00   1.00000000e+00   9.59621776e-02   8.91785836e-05   4.45086331e+00   7.88647452e+00
 3.60000000e+00   0.00000000e+00   1.00000000e+00   9.84264704e-02   1.43966409e-04   4.47209895e+00   7.89287912e+00
 3.61000000e+00   0.00000000e+00   1.00000000e+00   1.00832863e-01   1.74420960e-04   4.48956362e+00   7.89806656e+00
 3.62000000e+00   0.00000000e+00   1.00000000e+00   1.03219332e-01   1.70326521e-04   4.50382635e+00   7.90250073e+00
 3.63000000e+00   0.00000000e+00   1.00000000e+00   1.05621178e-01   1.32875794e-04   4.51634388e+00   7.90677512e+00
 3.64000000e+00   0.00000000e+00   1.00000000e+00   1.08060332e-01   7.42833500e-05   4.52921241e+00   7.91137858e+00
 3.65000000e+00   0.00000000e+00   1.00000000e+00   1.10540030e-01   1.37700810e-05   4.54415720e+00   7.91732352e+00
 3.66000000e+00   0.00000000e+00   1.00000000e+00   1.13044225e-01  -2.89049951e-05   4.56268321e+00   7.92510675e+00
 3.67000000e+00   0.00000000e+00   1.00000000e+00   1.15541479e-01  -3.99126284e-05   4.58448039e+00   7.93468498e+00
 3.68000000e+00   0.00000000e+00   1.00000000e+00   1.17993330e-01  -1.58477214e-05   4.60913275e+00   7.94522151e+00
 3.69000000e+00   0.00000000e+00   1.00000000e+00   1.20365651e-01   3.52075721e-05   4.63459960e+00   7.95564170e+00
 3.70000000e+00   0.00000000e+00   1.00000000e+00   1.22639728e-01   9.62512845e-05   4.65894264e+00   7.96487499e+00
 3.71000000e+00   0.00000000e+00   1.00000000e+00   1.24818917e-01   1.46992016e-04   4.68031548e+00   7.97235021e+00
 3.72000000e+00   0.00000000e+00   1.00000000e+00   1.26927847e-01   1.70539892e-04   4.69796866e+00   7.97792294e+00
 3.73000000e+00   0.00000000e+00   1.00000000e+00   1.29003369e-01   1.59061443e-04   4.71262813e+00   7.98290251e+00
 3.74000000e+00   0.00000000e+00   1.00000000e+00   1.31079638e-01   1.16277471e-04   4.72646008e+00   7.98713281e+00
 3.75000000e+00   0.00000000e+00   1.00000000e+00   1.33173209e-01   5.61751398e-05   4.74153135e+00   7.99215435e+00
 3.76000000e+00   0.00000000e+00   1.00000000e+00   1.35275190e-01  -1.61566121e-06   4.75900268e+00   7.99817209e+00
 3.77000000e+00   0.00000000e+00   1.00000000e+00   1.37353923e-01  -3.81863418e-05   4.78023755e+00   8.00474943e+00
 3.78000000e+00   0.00000000e+00   1.00000000e+00   1.39366110e-01  -4.16143497e-05   4.80460760e+00   8.01226777e+00
 3.79000000e+00   0.00000000e+00   1.00000000e+00   1.41270333e-01  -1.09318047e-05   4.83077258e+00   8.02105815e+00
 3.80000000e+00   0.00000000e+00   1.00000000e+00   1.43037585e-01   4.35668116e-05   4.85593960e+00   8.02831372e+00
 3.81000000e+00   0.00000000e+00   1.00000000e+00   1.44657023e-01   1.03756549e-04   4.87845342e+00   8.03452379e+00
 3.82000000e+00   0.00000000e+00   1.00000000e+00   1.46137349e-01   1.49735117e-04   4.89704278e+00   8.03924786e+00
 3.83000000e+00   0.00000000e+00   1.00000000e+00   1.47503801e-01   1.66300185e-04   4.91158970e+00   8.04176400e+00
 3.84000000e+00   0.00000000e+00   1.00000000e+00   1.48790351e-01   1.47931428e-04   4.92261902e+00   8.04297452e+00
 3.85000000e+00   0.00000000e+00   1.00000000e+00   1.50028139e-01   1.00600633e-04   4.93198060e+00   8.04389646e+00
 3.86000000e+00   0.00000000e+00   1.00000000e+00   1.51233675e-01   3.98948080e-05   4.94200518e+00   8.04553645e+00
 3.87000000e+00   0.00000000e+00   1.00000000e+00   1.52401571e-01  -1.42226011e-05   4.95421148e+00   8.04880572e+00
 3.88000000e+00   0.00000000e+00   1.00000000e+00   1.53505153e-01  -4.39822823e-05   4.96936036e+00   8.05344274e+00
 3.89000000e+00   0.00000000e+00   1.00000000e+00   1.54505410e-01  -3.97088750e-05   4.98679919e+00   8.05906259e+00
 3.90000000e+00   0.00000000e+00   1.00000000e+00   1.55365576e-01  -2.90148768e-06   5.00450864e+00   8.06483856e+00
 3.91000000e+00   0.00000000e+00   1.00000000e+00   1.56065373e-01   5.42694806e-05   5.02064290e+00   8.07047851e+00
 3.92000000e+00   0.00000000e+00   1.00000000e+00   1.56608605e-01   1.12935758e-04   5.03303863e+00   8.07498791e+00
 3.93000000e+00   0.00000000e+00   1.00000000e+00   1.57020976e-01   1.53722181e-04   5.04089146e+00   8.07835382e+00
 3.94000000e+00   0.00000000e+00   1.00000000e+00   1.57340153e-01   1.63182045e-04   5.04487209e+00   8.08038658e+00
 3.95000000e+00   0.00000000e+00   1.00000000e+00   1.57603233e-01   1.38252661e-04   5.04637101e+00   8.08147974e+00
 3.96000000e+00   0.00000000e+00   1.00000000e+00   1.57836521e-01   8.73094629e-05   5.06312892e+00   8.08519278e+00
 3.97000000e+00   0.00000000e+00   1.00000000e+00   1.58049267e-01   2.70340521e-05   5.06586554e+00   8.08480293e+00
 3.98000000e+00   0.00000000e+00   1.00000000e+00   1.58231137e-01  -2.26526783e-05   5.06796327e+00   8.08593667e+00
 3.99000000e+00   0.00000000e+00   1.00000000e+00   1.58354466e-01  -4.54252902e-05   5.07121886e+00   8.08761132e+00
 4.00000000e+00   0.00000000e+00   1.00000000e+00   1.58381944e-01  -3.37352892e-05   5.07475903e+00   8.09019514e+00
 4.01000000e+00   0.00000000e+00   1.00000000e+00   1.58278337e-01   8.49042517e-06   5.07664073e+00   8.09261322e+00
 4.02000000e+00   0.00000000e+00   1.00000000e+00   1.58022824e-01   6.73271894e-05   5.07546018e+00   8.09412533e+00
 4.03000000e+00   0.00000000e+00   1.00000000e+00   1.57616775e-01   1.23381378e-04   5.07040492e+00   8.09377612e+00
 4.04000000e+00   0.00000000e+00   1.00000000e+00   1.57083451e-01   1.58246330e-04   5.06145479e+00   8.09074176e+00
 4.05000000e+00   0.00000000e+00   1.00000000e+00   1.56459247e-01   1.60491300e-04   5.04990276e+00   8.08492326e+00
 4.06000000e+00   0.00000000e+00   1.00000000e+00   1.55779753e-01   1.29407546e-04   5.03743104e+00   8.07690360e+00
 4.07000000e+00   0.00000000e+00   1.00000000e+00   1.55066112e-01   7.52863631e-05   5.02603930e+00   8.06782870e+00
 4.08000000e+00   0.00000000e+00   1.00000000e+00   1.54317460e-01   1.61268581e-05   5.06321373e+00   8.07296939e+00
 4.09000000e+00   0.00000000e+00   1.00000000e+00   1.53513291e-01  -2.82766382e-05   5.07376693e+00   8.07703698e+00
 4.10000000e+00   0.00000000e+00   1.00000000e+00   1.52620761e-01  -4.35788949e-05   5.07959108e+00   8.08386735e+00
 4.11000000e+00   0.00000000e+00   1.00000000e+00   1.51605193e-01  -2.44309111e-05   5.08495245e+00   8.09028041e+00
 4.12000000e+00   0.00000000e+00   1.00000000e+00   1.50441869e-01   2.28499975e-05   5.08892897e+00   8.09571895e+00
 4.13000000e+00   0.00000000e+00   1.00000000e+00   1.49123421e-01   8.28188903e-05   5.08955720e+00   8.09912735e+00
 4.14000000e+00   0.00000000e+00   1.00000000e+00   1.47662202e-01   1.35742374e-04   5.08588508e+00   8.10000844e+00
 4.15000000e+00   0.00000000e+00   1.00000000e+00   1.46088685e-01   1.64327584e-04   5.07734380e+00   8.09849160e+00
 4.16000000e+00   0.00000000e+00   1.00000000e+00   1.44443780e-01   1.59332628e-04   5.06483488e+00   8.09480075e+00
 4.17000000e+00   0.00000000e+00   1.00000000e+00   1.42766991e-01   1.22624754e-04   5.04997557e+00   8.09001884e+00
 4.18000000e+00   0.00000000e+00   1.00000000e+00   1.41083972e-01   6.64467093e-05   5.03528530e+00   8.08635829e+00
 4.19000000e+00   0.00000000e+00   1.00000000e+00   1.39398224e-01   9.43472164e-06   5.02247971e+00   8.08329567e+00
 4.20000000e+00   0.00000000e+00   1.00000000e+00   1.37691221e-01  -2.94636968e-05   5.01235069e+00   8.08153972e+00
 4.21000000e+00   0.00000000e+00   1.00000000e+00   1.35930926e-01  -3.72585379e-05   5.00484060e+00   8.08105560e+00
 4.22000000e+00   0.00000000e+00   1.00000000e+00   1.34085359e-01  -1.12690708e-05   4.99863042e+00   8.08131386e+00
 4.23000000e+00   0.00000000e+00   1.00000000e+00   1.32135711e-01   4.00071734e-05   4.99164086e+00   8.08190701e+00
 4.24000000e+00   0.00000000e+00   1.00000000e+00   1.30083890e-01   9.98086758e-05   4.98222361e+00   8.08181921e+00
 4.25000000e+00   0.00000000e+00   1.00000000e+00   1.27952168e-01   1.48644734e-04   4.97020866e+00   8.08074018e+00
 4.26000000e+00   0.00000000e+00   1.00000000e+00   1.25775924e-01   1.70624815e-04   4.95446296e+00   8.07728780e+00
 4.27000000e+00   0.00000000e+00   1.00000000e+00   1.23592909e-01   1.58675583e-04   4.93652654e+00   8.07286030e+00
 4.28000000e+00   0.00000000e+00   1.00000000e+00   1.21432551e-01   1.16926978e-04   4.91770400e+00   8.06746672e+00
 4.29000000e+00   0.00000000e+00   1.00000000e+00   1.19307949e-01   5.93819021e-05   4.90005595e+00   8.06185339e+00
 4.30000000e+00   0.00000000e+00   1.00000000e+00   1.17212503e-01   5.21474596e-06   4.88474494e+00   8.05714414e+00
 4.31000000e+00   0.00000000e+00   1.00000000e+00   1.15121806e-01  -2.75881795e-05   4.87255236e+00   8.05376315e+00
 4.32000000e+00   0.00000000e+00   1.00000000e+00   1.13000911e-01  -2.80917692e-05   4.86312244e+00   8.05155967e+00
 4.33000000e+00   0.00000000e+00   1.00000000e+00   1.10815754e-01   3.99714359e-06   4.85496386e+00   8.04969324e+00
 4.34000000e+00   0.00000000e+00   1.00000000e+00   1.08545716e-01   5.82792984e-05   4.84628458e+00   8.04739410e+00
 4.35000000e+00   0.00000000e+00   1.00000000e+00   1.06192447e-01   1.17028496e-04   4.83504455e+00   8.04369781e+00
 4.36000000e+00   0.00000000e+00   1.00000000e+00   1.03780120e-01   1.61023824e-04   4.82047324e+00   8.03836663e+00
 4.37000000e+00   0.00000000e+00   1.00000000e+00   1.01346855e-01   1.75969163e-04   4.80244504e+00   8.03124285e+00
 4.38000000e+00   0.00000000e+00   1.00000000e+00   9.89315846e-02   1.57194557e-04   4.78236408e+00   8.02298986e+00
 4.39000000e+00   0.00000000e+00   1.00000000e+00   9.65615404e-02   1.11136429e-04   4.76168569e+00   8.01395942e+00
 4.40000000e+00   0.00000000e+00   1.00000000e+00   9.42445832e-02   5.31577037e-05   4.74212157e+00   8.00510859e+00
 4.41000000e+00   0.00000000e+00   1.00000000e+00   9.19687586e-02   2.53244045e-06   4.72502422e+00   7.99729842e+00
 4.42000000e+00   0.00000000e+00   1.00000000e+00   8.97086586e-02  -2.38565085e-05   4.71048616e+00   7.99090111e+00
 4.43000000e+00   0.00000000e+00   1.00000000e+00   8.74354644e-02  -1.71464875e-05   4.69800209e+00   7.98586103e+00
 4.44000000e+00   0.00000000e+00   1.00000000e+00   8.51271510e-02   2.05889043e-05   4.68626743e+00   7.98176307e+00
 4.45000000e+00   0.00000000e+00   1.00000000e+00   8.27766457e-02   7.70222776e-05   4.67374174e+00   7.97757464e+00
 4.46000000e+00   0.00000000e+00   1.00000000e+00   8.03961007e-02   1.33736118e-04   4.65893895e+00   7.97199665e+00
 4.47000000e+00   0.00000000e+00   1.00000000e+00   7.80156018e-02   1.72256459e-04   4.64129979e+00   7.96524406e+00
 4.48000000e+00   0.00000000e+00   1.00000000e+00   7.56761576e-02   1.80103641e-04   4.62082507e+00   7.95680406e+00
 4.49000000e+00   0.00000000e+00   1.00000000e+00   7.34182025e-02   1.54889165e-04   4.59894403e+00   7.94811677e+00
 4.50000000e+00   0.00000000e+00   1.00000000e+00   7.12689502e-02   1.05115599e-04   4.57704116e+00   7.93945189e+00
 4.51000000e+00   0.00000000e+00   1.00000000e+00   6.92337268e-02   4.74138843e-05   4.55718268e+00   7.93120619e+00
 4.52000000e+00   0.00000000e+00   1.00000000e+00   6.72953789e-02   9.72429239e-07   4.54021133e+00   7.92423375e+00
 4.53000000e+00   0.00000000e+00   1.00000000e+00   6.54221890e-02  -1.87815157e-05   4.52656286e+00   7.91860483e+00
 4.54000000e+00   0.00000000e+00   1.00000000e+00   6.35807539e-02  -5.26893493e-06   4.51553194e+00   7.91402655e+00
 4.55000000e+00   0.00000000e+00   1.00000000e+00   6.17483880e-02   3.71733794e-05   4.50531314e+00   7.91005384e+00
 4.56000000e+00   0.00000000e+00   1.00000000e+00   5.99206270e-02   9.46766673e-05   4.49468338e+00   7.90588760e+00
 4.57000000e+00   0.00000000e+00   1.00000000e+00   5.81121123e-02   1.48400432e-04   4.48224000e+00   7.90074069e+00
 4.58000000e+00   0.00000000e+00   1.00000000e+00   5.63514422e-02   1.80741510e-04   4.46740192e+00   7.89422116e+00
 4.59000000e+00   0.00000000e+00   1.00000000e+00   5.46720246e-02   1.81193262e-04   4.45076407e+00   7.88603463e+00
 4.60000000e+00   0.00000000e+00   1.00000000e+00   5.31017876e-02   1.49777562e-04   4.43319819e+00   7.87695971e+00
 4.61000000e+00   0.00000000e+00   1.00000000e+00   5.16547539e-02   9.69946616e-05   4.41610703e+00   7.86778349e+00
 4.62000000e+00   0.00000000e+00   1.00000000e+00   5.03263309e-02   4.03377117e-05   4.40126448e+00   7.85943689e+00
 4.63000000e+00   0.00000000e+00   1.00000000e+00   4.90937647e-02  -1.46217209e-06   4.38932624e+00   7.85242787e+00
 4.64000000e+00   0.00000000e+00   1.00000000e+00   4.79227875e-02  -1.45512763e-05   4.38035999e+00   7.84675245e+00
 4.65000000e+00   0.00000000e+00   1.00000000e+00   4.67791658e-02   5.41761931e-06   4.37347451e+00   7.84200485e+00
 4.66000000e+00   0.00000000e+00   1.00000000e+00   4.56412909e-02   5.18848510e-05   4.36724910e+00   7.83750683e+00
 4.67000000e+00   0.00000000e+00   1.00000000e+00   4.45087468e-02   1.09539480e-04   4.35975700e+00   7.83275140e+00
 4.68000000e+00   0.00000000e+00   1.00000000e+00   4.34030885e-02   1.59445127e-04   4.35000340e+00   7.82721425e+00
 4.69000000e+00   0.00000000e+00   1.00000000e+00   4.23603992e-02   1.85249896e-04   4.33767623e+00   7.82088041e+00
 4.70000000e+00   0.00000000e+00   1.00000000e+00   4.14189123e-02   1.78547956e-04   4.32330576e+00   7.81390652e+00
 4.71000000e+00   0.00000000e+00   1.00000000e+00   4.06068307e-02   1.41611429e-04   4.30823061e+00   7.80658328e+00
 4.72000000e+00   0.00000000e+00   1.00000000e+00   3.99346638e-02   8.66858953e-05   4.29409169e+00   7.79964422e+00
 4.73000000e+00   0.00000000e+00   1.00000000e+00   3.93938326e-02   3.19400557e-05   4.28221059e+00   7.79372417e+00
 4.74000000e+00   0.00000000e+00   1.00000000e+00   3.89610243e-02  -4.55445213e-06   4.27312318e+00   7.78940562e+00
 4.75000000e+00   0.00000000e+00   1.00000000e+00   3.86065357e-02  -1.08092130e-05   4.26691168e+00   7.78689320e+00
 4.76000000e+00   0.00000000e+00   1.00000000e+00   3.83042583e-02   1.51894126e-05   4.26244249e+00   7.78564325e+00
 4.77000000e+00   0.00000000e+00   1.00000000e+00   3.80406224e-02   6.48348362e-05   4.25861455e+00   7.78504198e+00
 4.78000000e+00   0.00000000e+00   1.00000000e+00   3.78200179e-02   1.21758361e-04   4.25377568e+00   7.78424544e+00
 4.79000000e+00   0.00000000e+00   1.00000000e+00   3.76647585e-02   1.67097627e-04   4.23999668e+00   7.78877063e+00
 4.80000000e+00   0.00000000e+00   1.00000000e+00   3.76085586e-02   1.86004930e-04   4.23535119e+00   7.78714959e+00
 4.81000000e+00   0.00000000e+00   1.00000000e+00   3.76856232e-02   1.72218637e-04   4.23259191e+00   7.78327830e+00
 4.82000000e+00   0.00000000e+00   1.00000000e+00   3.79180828e-02   1.30335913e-04   4.21766861e+00   7.77418354e+00
 4.83000000e+00   0.00000000e+00   1.00000000e+00   3.83069699e-02   7.40732276e-05   4.20900000e+00   7.77182779e+00
 4.84000000e+00   0.00000000e+00   1.00000000e+00   3.88314653e-02   2.19645763e-05   4.20422453e+00   7.76975325e+00
 4.85000000e+00   0.00000000e+00   1.00000000e+00   3.94562687e-02  -8.93267502e-06   4.20296543e+00   7.76912115e+00
 4.86000000e+00   0.00000000e+00   1.00000000e+00   4.01433032e-02  -8.51451897e-06   4.20472065e+00   7.76976286e+00
 4.87000000e+00   0.00000000e+00   1.00000000e+00   4.08634621e-02   2.29282131e-05   4.20811105e+00   7.77144546e+00
 4.88000000e+00   0.00000000e+00   1.00000000e+00   4.16044597e-02   7.48917693e-05   4.21164670e+00   7.77370420e+00
 4.89000000e+00   0.00000000e+00   1.00000000e+00   4.23726474e-02   1.30142690e-04   4.21414180e+00   7.77572449e+00
 4.90000000e+00   0.00000000e+00   1.00000000e+00   4.31893114e-02   1.70394626e-04   4.21461082e+00   7.77696220e+00
 4.91000000e+00   0.00000000e+00   1.00000000e+00   4.40830622e-02   1.82309394e-04   4.21315904e+00   7.77720559e+00
 4.92000000e+00   0.00000000e+00   1.00000000e+00   4.50802187e-02   1.61878445e-04   4.21100716e+00   7.77667789e+00
 4.93000000e+00   0.00000000e+00   1.00000000e+00   4.61955205e-02   1.15767740e-04   4.20914997e+00   7.77601227e+00
 4.94000000e+00   0.00000000e+00   1.00000000e+00   4.74258815e-02   5.91061995e-05   4.20901841e+00   7.77595617e+00
 4.95000000e+00   0.00000000e+00   1.00000000e+00   4.87498356e-02   1.04627699e-05   4.21172405e+00   7.77684471e+00
 4.96000000e+00   0.00000000e+00   1.00000000e+00   5.01336414e-02  -1.42880933e-05   4.21757502e+00   7.77889630e+00
 4.97000000e+00   0.00000000e+00   1.00000000e+00   5.15424024e-02  -7.15739308e-06   4.22559675e+00   7.78201638e+00
 4.98000000e+00   0.00000000e+00   1.00000000e+00   5.29523571e-02   2.93470319e-05   4.23447156e+00   7.78583382e+00
 4.99000000e+00   0.00000000e+00   1.00000000e+00   5.43594668e-02   8.30333411e-05   4.24246114e+00   7.79005518e+00
 5.00000000e+00   0.00000000e+00   1.00000000e+00   5.57805422e-02   1.36070646e-04   4.24867301e+00   7.79422644e+00