  Time  Coordinate0  Coordinate1  Displacement0  Displacement1  Force0  Force1
 0.00000000e+00   0.00000000e+00   1.00000000e+00   0.00000000e+00   0.00000000e+00   0.00000000e+00   0.00000000e+00
 1.00000000e-02   0.00000000e+00   1.00000000e+00   2.89882133e-04   4.95335249e-05   8.75092426e+00   1.46932129e+01
 2.00000000e-02   0.00000000e+00   1.00000000e+00   9.34791390e-04   1.08573423e-04   6.81006649e+00   1.30494340e+01
 3.00000000e-02   0.00000000e+00   1.00000000e+00   1.75993981e-03   1.73407980e-04   5.96148265e+00   1.21546655e+01
 4.00000000e-02   0.00000000e+00   1.00000000e+00   2.71601774e-03   2.26078835e-04   5.46709156e+00   1.15420289e+01
 5.00000000e-02   0.00000000e+00   1.00000000e+00   3.79076847e-03   2.64021334e-04   5.14096738e+00   1.10788455e+01
 6.00000000e-02   0.00000000e+00   1.00000000e+00   4.95355081e-03   2.61628063e-04   4.91210178e+00   1.07075088e+01
 7.00000000e-02   0.00000000e+00   1.00000000e+00   6.20050525e-03   2.10794612e-04   4.74090040e+00   1.03951614e+01
 8.00000000e-02   0.00000000e+00   1.00000000e+00   7.55350343e-03   1.20333669e-04   4.60564423e+00   1.01290817e+01
 9.00000000e-02   0.00000000e+00   1.00000000e+00   9.08990595e-03   3.38212698e-05   4.49527904e+00   9.90590091e+00
 1.00000000e-01   0.00000000e+00   1.00000000e+00   1.08832285e-02  -1.25618952e-05   4.40918620e+00   9.72127263e+00
 1.10000000e-01   0.00000000e+00   1.00000000e+00   1.29351920e-02  -1.63502723e-05   4.34390222e+00   9.56651864e+00
 1.20000000e-01   0.00000000e+00   1.00000000e+00   1.51886849e-02   7.02355973e-06   4.29809978e+00   9.43500337e+00
 1.30000000e-01   0.00000000e+00   1.00000000e+00   1.76079866e-02   5.94973061e-05   4.26591651e+00   9.32399296e+00
 1.40000000e-01   0.00000000e+00   1.00000000e+00   2.01848806e-02   1.42332762e-04   4.24402698e+00   9.23028857e+00
 1.50000000e-01   0.00000000e+00   1.00000000e+00   2.28639004e-02   2.18085143e-04   4.23264503e+00   9.14614879e+00
 1.60000000e-01   0.00000000e+00   1.00000000e+00   2.55462766e-02   2.40993550e-04   4.22744899e+00   9.06272761e+00
 1.70000000e-01   0.00000000e+00   1.00000000e+00   2.82006807e-02   2.09669020e-04   4.22088004e+00   8.98123198e+00
 1.80000000e-01   0.00000000e+00   1.00000000e+00   3.09017764e-02   1.52682108e-04   4.20973723e+00   8.90904856e+00
 1.90000000e-01   0.00000000e+00   1.00000000e+00   3.37552895e-02   8.44158144e-05   4.19732353e+00   8.84977102e+00
 2.00000000e-01   0.00000000e+00   1.00000000e+00   3.68103135e-02   1.21923636e-05   4.18929196e+00   8.79977503e+00
 2.10000000e-01   0.00000000e+00   1.00000000e+00   4.00392425e-02  -4.16234794e-05   4.18885029e+00   8.75399832e+00
 2.20000000e-01   0.00000000e+00   1.00000000e+00   4.34043180e-02  -5.02515957e-05   4.19416422e+00   8.71229235e+00
 2.30000000e-01   0.00000000e+00   1.00000000e+00   4.69128650e-02  -4.24449832e-06   4.20385875e+00   8.67785514e+00
 2.40000000e-01   0.00000000e+00   1.00000000e+00   5.05555663e-02   7.50695386e-05   4.21989015e+00   8.64840420e+00
 2.50000000e-01   0.00000000e+00   1.00000000e+00   5.42373796e-02   1.47869072e-04   4.24322806e+00   8.61549404e+00
 2.60000000e-01   0.00000000e+00   1.00000000e+00   5.78570678e-02   1.93341295e-04   4.26798635e+00   8.57606781e+00
 2.70000000e-01   0.00000000e+00   1.00000000e+00   6.14062358e-02   2.13017319e-04   4.28792365e+00   8.53442086e+00
 2.80000000e-01   0.00000000e+00   1.00000000e+00   6.49251412e-02   1.97389286e-04   4.30281031e+00   8.49363356e+00
 2.90000000e-01   0.00000000e+00   1.00000000e+00   6.84307147e-02   1.34041682e-04   4.31513380e+00   8.45216279e+00
 3.00000000e-01   0.00000000e+00   1.00000000e+00   7.19402993e-02   4.47944281e-05   4.32503327e+00   8.41224339e+00
 3.10000000e-01   0.00000000e+00   1.00000000e+00   7.55086762e-02  -2.65192227e-05   4.33329218e+00   8.37999532e+00
 3.20000000e-01   0.00000000e+00   1.00000000e+00   7.91993699e-02  -5.53319733e-05   4.34354721e+00   8.35726008e+00
 3.30000000e-01   0.00000000e+00   1.00000000e+00   8.30297705e-02  -4.38067493e-05   4.35974675e+00   8.34148422e+00
 3.40000000e-01   0.00000000e+00   1.00000000e+00   8.69422919e-02  -1.17063991e-06   4.38434925e+00   8.32779994e+00
 3.50000000e-01   0.00000000e+00   1.00000000e+00   9.08317678e-02   6.59006259e-05   4.41498347e+00   8.31152164e+00
 3.60000000e-01   0.00000000e+00   1.00000000e+00   9.46271761e-02   1.43241623e-04   4.44555331e+00   8.29277659e+00
 3.70000000e-01   0.00000000e+00   1.00000000e+00   9.83356214e-02   2.00543662e-04   4.47225432e+00   8.27375278e+00
 3.80000000e-01   0.00000000e+00   1.00000000e+00   1.01982860e-01   2.08097869e-04   4.49544179e+00   8.25498111e+00
 3.90000000e-01   0.00000000e+00   1.00000000e+00   1.05558877e-01   1.64539920e-04   4.51656279e+00   8.23393519e+00
 4.00000000e-01   0.00000000e+00   1.00000000e+00   1.09064934e-01   9.57738002e-05   4.53413673e+00   8.21217713e+00
 4.10000000e-01   0.00000000e+00   1.00000000e+00   1.12562696e-01   2.56904879e-05   4.54797126e+00   8.19519276e+00
 4.20000000e-01   0.00000000e+00   1.00000000e+00   1.16130051e-01  -3.49370078e-05   4.56205297e+00   8.18606389e+00
 4.30000000e-01   0.00000000e+00   1.00000000e+00   1.19791411e-01  -7.01616017e-05   4.58147551e+00   8.18316734e+00
 4.40000000e-01   0.00000000e+00   1.00000000e+00   1.23509378e-01  -5.76209399e-05   4.60850080e+00   8.18438118e+00
 4.50000000e-01   0.00000000e+00   1.00000000e+00   1.27229311e-01   3.47229069e-06   4.64145289e+00   8.18759419e+00
 4.60000000e-01   0.00000000e+00   1.00000000e+00   1.30910395e-01   8.38932751e-05   4.67798577e+00   8.19080874e+00
 4.70000000e-01   0.00000000e+00   1.00000000e+00   1.34504692e-01   1.50420626e-04   4.71504304e+00   8.19015858e+00
 4.80000000e-01   0.00000000e+00   1.00000000e+00   1.37941361e-01   1.86423883e-04   4.75131450e+00   8.18300199e+00
 4.90000000e-01   0.00000000e+00   1.00000000e+00   1.41179788e-01   1.87416255e-04   4.78261031e+00   8.17203791e+00
 5.00000000e-01   0.00000000e+00   1.00000000e+00   1.44263911e-01   1.50859896e-04   4.80574745e+00   8.16011573e+00
 5.10000000e-01   0.00000000e+00   1.00000000e+00   1.47282812e-01   8.00419874e-05   4.82379155e+00   8.15271859e+00
 5.20000000e-01   0.00000000e+00   1.00000000e+00   1.50287816e-01  -2.90225182e-06   4.84249697e+00   8.14897887e+00
 5.30000000e-01   0.00000000e+00   1.00000000e+00   1.53273021e-01  -6.19033144e-05   4.86470677e+00   8.14818380e+00
 5.40000000e-01   0.00000000e+00   1.00000000e+00   1.56217333e-01  -7.43780654e-05   4.89075607e+00   8.15004085e+00
 5.50000000e-01   0.00000000e+00   1.00000000e+00   1.59111421e-01  -4.49974576e-05   4.92023045e+00   8.15608114e+00
 5.60000000e-01   0.00000000e+00   1.00000000e+00   1.61938423e-01   1.12232771e-05   4.95308043e+00   8.16393907e+00
 5.70000000e-01   0.00000000e+00   1.00000000e+00   1.64645466e-01   8.27640018e-05   4.98880173e+00   8.17051665e+00
 5.80000000e-01   0.00000000e+00   1.00000000e+00   1.67155426e-01   1.52120769e-04   5.02404704e+00   8.17178945e+00
 5.90000000e-01   0.00000000e+00   1.00000000e+00   1.69420851e-01   1.91125889e-04   5.05398706e+00   8.16704740e+00
 6.00000000e-01   0.00000000e+00   1.00000000e+00   1.71459423e-01   1.79871784e-04   5.07523538e+00   8.15861756e+00
 6.10000000e-01   0.00000000e+00   1.00000000e+00   1.73325266e-01   1.24782144e-04   5.08944841e+00   8.15003945e+00
 6.20000000e-01   0.00000000e+00   1.00000000e+00   1.75063758e-01   5.10926616e-05   5.10039439e+00   8.14383950e+00
 6.30000000e-01   0.00000000e+00   1.00000000e+00   1.76714769e-01  -1.72548110e-05   5.11027364e+00   8.14133191e+00
 6.40000000e-01   0.00000000e+00   1.00000000e+00   1.78329657e-01  -6.48643266e-05   5.12106445e+00   8.14477241e+00
 6.50000000e-01   0.00000000e+00   1.00000000e+00   1.79938430e-01  -7.82805233e-05   5.13637574e+00   8.15375584e+00
 6.60000000e-01   0.00000000e+00   1.00000000e+00   1.81504383e-01  -4.68085980e-05   5.15840027e+00   8.16464848e+00
 6.70000000e-01   0.00000000e+00   1.00000000e+00   1.82943453e-01   2.31361938e-05   5.18476724e+00   8.17276364e+00
 6.80000000e-01   0.00000000e+00   1.00000000e+00   1.84191433e-01   1.02935980e-04   5.21047197e+00   8.17766539e+00
 6.90000000e-01   0.00000000e+00   1.00000000e+00   1.85237194e-01   1.60802620e-04   5.23132626e+00   8.17975595e+00
 7.00000000e-01   0.00000000e+00   1.00000000e+00   1.86094590e-01   1.81778194e-04   5.24698963e+00   8.17950677e+00
 7.10000000e-01   0.00000000e+00   1.00000000e+00   1.86768033e-01   1.65188138e-04   5.25824953e+00   8.17602239e+00
 7.20000000e-01   0.00000000e+00   1.00000000e+00   1.87264488e-01   1.13979207e-04   5.26479417e+00   8.16995402e+00
 7.30000000e-01   0.00000000e+00   1.00000000e+00   1.87626848e-01   3.86676439e-05   5.26669428e+00   8.16454511e+00
 7.40000000e-01   0.00000000e+00   1.00000000e+00   1.87925315e-01  -3.50914754e-05   5.28612540e+00   8.16424940e+00
 7.50000000e-01   0.00000000e+00   1.00000000e+00   1.88204364e-01  -7.71560784e-05   5.28716114e+00   8.16251132e+00
 7.60000000e-01   0.00000000e+00   1.00000000e+00   1.88449809e-01  -7.23952531e-05   5.29043164e+00   8.16539511e+00
 7.70000000e-01   0.00000000e+00   1.00000000e+00   1.88608863e-01  -2.78616066e-05   5.29663470e+00   8.16956583e+00
 7.80000000e-01   0.00000000e+00   1.00000000e+00   1.88625059e-01   3.88950947e-05   5.30279381e+00   8.17312925e+00
 7.90000000e-01   0.00000000e+00   1.00000000e+00   1.88449027e-01   1.10203599e-04   5.30635723e+00   8.17477626e+00
 8.00000000e-01   0.00000000e+00   1.00000000e+00   1.88037009e-01   1.66854822e-04   5.30541398e+00   8.17413280e+00
 8.10000000e-01   0.00000000e+00   1.00000000e+00   1.87366269e-01   1.86953318e-04   5.29770113e+00   8.16995937e+00
 8.20000000e-01   0.00000000e+00   1.00000000e+00   1.86461808e-01   1.58892670e-04   5.28172070e+00   8.16119332e+00
 8.30000000e-01   0.00000000e+00   1.00000000e+00   1.85393799e-01   9.40990901e-05   5.31158327e+00   8.14845497e+00
 8.40000000e-01   0.00000000e+00   1.00000000e+00   1.84232478e-01   1.96167264e-05   5.31240014e+00   8.14799328e+00
 8.50000000e-01   0.00000000e+00   1.00000000e+00   1.83003584e-01  -4.08765077e-05   5.30701640e+00   8.15222220e+00
 8.60000000e-01   0.00000000e+00   1.00000000e+00   1.81699424e-01  -7.23426942e-05   5.30282773e+00   8.15720364e+00
 8.70000000e-01   0.00000000e+00   1.00000000e+00   1.80315607e-01  -6.52885240e-05   5.30011242e+00   8.16384639e+00
 8.80000000e-01   0.00000000e+00   1.00000000e+00   1.78848242e-01  -1.71604988e-05   5.29951023e+00   8.17243911e+00
 8.90000000e-01   0.00000000e+00   1.00000000e+00   1.77262244e-01   5.83027807e-05   5.30101556e+00   8.18015891e+00
 9.00000000e-01   0.00000000e+00   1.00000000e+00   1.75494194e-01   1.32592805e-04   5.30208996e+00   8.18237198e+00
 9.10000000e-01   0.00000000e+00   1.00000000e+00   1.73499527e-01   1.78220174e-04   5.29862774e+00   8.17842766e+00
 9.20000000e-01   0.00000000e+00   1.00000000e+00   1.71289572e-01   1.83119701e-04   5.28729587e+00   8.16999311e+00
 9.30000000e-01   0.00000000e+00   1.00000000e+00   1.68919820e-01   1.49860747e-04   5.26878112e+00   8.16007622e+00
 9.40000000e-01   0.00000000e+00   1.00000000e+00   1.66454165e-01   8.79889410e-05   5.24599338e+00   8.15167601e+00
 9.50000000e-01   0.00000000e+00   1.00000000e+00   1.63946330e-01   1.38022528e-05   5.22158608e+00   8.14572766e+00
 9.60000000e-01   0.00000000e+00   1.00000000e+00   1.61439157e-01  -4.76093322e-05   5.19844559e+00   8.14359462e+00
 9.70000000e-01   0.00000000e+00   1.00000000e+00   1.58954921e-01  -7.14754295e-05   5.17891625e+00   8.14614492e+00
 9.80000000e-01   0.00000000e+00   1.00000000e+00   1.56475241e-01  -4.90957333e-05   5.16479727e+00   8.15087219e+00
 9.90000000e-01   0.00000000e+00   1.00000000e+00   1.53942592e-01   8.31249930e-06   5.15555658e+00   8.15548817e+00
 1.00000000e+00   0.00000000e+00   1.00000000e+00   1.51296450e-01   8.03534831e-05   5.14777722e+00   8.15705074e+00
 1.01000000e+00   0.00000000e+00   1.00000000e+00   1.48508914e-01   1.46838460e-04   5.13789232e+00   8.15561074e+00
 1.02000000e+00   0.00000000e+00   1.00000000e+00   1.45583530e-01   1.88634923e-04   5.12421720e+00   8.15152050e+00
 1.03000000e+00   0.00000000e+00   1.00000000e+00   1.42531641e-01   1.89758073e-04   5.10613815e+00   8.14275424e+00
 1.04000000e+00   0.00000000e+00   1.00000000e+00   1.39368072e-01   1.46997251e-04   5.08393714e+00   8.13092190e+00
 1.05000000e+00   0.00000000e+00   1.00000000e+00   1.36130922e-01   7.62070397e-05   5.05775192e+00   8.11864478e+00
 1.06000000e+00   0.00000000e+00   1.00000000e+00   1.32885147e-01   4.49993461e-06   5.02873833e+00   8.10889849e+00
 1.07000000e+00   0.00000000e+00   1.00000000e+00   1.29686566e-01  -4.47217303e-05   5.00193321e+00   8.10540819e+00
 1.08000000e+00   0.00000000e+00   1.00000000e+00   1.26540699e-01  -5.85796143e-05   4.97941338e+00   8.10531897e+00
 1.09000000e+00   0.00000000e+00   1.00000000e+00   1.23403553e-01  -3.27927982e-05   4.96232634e+00   8.10571708e+00
 1.10000000e+00   0.00000000e+00   1.00000000e+00   1.20217937e-01   2.76881644e-05   4.94863167e+00   8.10551569e+00
 1.11000000e+00   0.00000000e+00   1.00000000e+00   1.16939941e-01   1.04532175e-04   4.93550888e+00   8.10239529e+00
 1.12000000e+00   0.00000000e+00   1.00000000e+00   1.13541179e-01   1.69825522e-04   4.92053963e+00   8.09504981e+00
 1.13000000e+00   0.00000000e+00   1.00000000e+00   1.10012622e-01   2.00260531e-04   4.90196138e+00   8.08328276e+00
 1.14000000e+00   0.00000000e+00   1.00000000e+00   1.06379648e-01   1.88326691e-04   4.87786272e+00   8.06829752e+00
 1.15000000e+00   0.00000000e+00   1.00000000e+00   1.02702811e-01   1.40882470e-04   4.84849244e+00   8.05297991e+00
 1.16000000e+00   0.00000000e+00   1.00000000e+00   9.90499660e-02   7.25109414e-05   4.81609298e+00   8.03904265e+00
 1.17000000e+00   0.00000000e+00   1.00000000e+00   9.54648799e-02   3.19203309e-06   4.78375602e+00   8.02745702e+00
 1.18000000e+00   0.00000000e+00   1.00000000e+00   9.19622579e-02  -4.34463460e-05   4.75390960e+00   8.01860589e+00
 1.19000000e+00   0.00000000e+00   1.00000000e+00   8.85429987e-02  -4.88466563e-05   4.72734566e+00   8.01354747e+00
 1.20000000e+00   0.00000000e+00   1.00000000e+00   8.51995412e-02  -1.06540682e-05   4.70472518e+00   8.01207109e+00
 1.21000000e+00   0.00000000e+00   1.00000000e+00   8.19034159e-02   5.60193112e-05   4.68557920e+00   8.01053949e+00
 1.22000000e+00   0.00000000e+00   1.00000000e+00   7.86027829e-02   1.28340438e-04   4.66911986e+00   8.00591664e+00
 1.23000000e+00   0.00000000e+00   1.00000000e+00   7.52515868e-02   1.85155716e-04   4.65239382e+00   7.99567571e+00
 1.24000000e+00   0.00000000e+00   1.00000000e+00   7.18474412e-02   2.09751056e-04   4.63233146e+00   7.98107971e+00
 1.25000000e+00   0.00000000e+00   1.00000000e+00   6.84373386e-02   1.92463595e-04   4.60727230e+00   7.96456381e+00
 1.26000000e+00   0.00000000e+00   1.00000000e+00   6.50875756e-02   1.37161635e-04   4.57820059e+00   7.94805470e+00
 1.27000000e+00   0.00000000e+00   1.00000000e+00   6.18527329e-02   6.35717739e-05   4.54764921e+00   7.93353893e+00
 1.28000000e+00   0.00000000e+00   1.00000000e+00   5.87668246e-02  -1.39446258e-06   4.51799877e+00   7.92228625e+00
 1.29000000e+00   0.00000000e+00   1.00000000e+00   5.58437231e-02  -3.66150903e-05   4.49131443e+00   7.91441695e+00
 1.30000000e+00   0.00000000e+00   1.00000000e+00   5.30701608e-02  -3.27423286e-05   4.46906260e+00   7.90948203e+00
 1.31000000e+00   0.00000000e+00   1.00000000e+00   5.04023999e-02   8.89129986e-06   4.45174510e+00   7.90528088e+00
 1.32000000e+00   0.00000000e+00   1.00000000e+00   4.77845388e-02   7.70411480e-05   4.43826155e+00   7.89996172e+00
 1.33000000e+00   0.00000000e+00   1.00000000e+00   4.51773650e-02   1.50250500e-04   4.42609060e+00   7.89210632e+00
 1.34000000e+00   0.00000000e+00   1.00000000e+00   4.25694385e-02   2.02586592e-04   4.41261991e+00   7.88076608e+00
 1.35000000e+00   0.00000000e+00   1.00000000e+00   3.99672862e-02   2.15628254e-04   4.39649652e+00   7.86549871e+00
 1.36000000e+00   0.00000000e+00   1.00000000e+00   3.73895189e-02   1.86884781e-04   4.37736536e+00   7.84693061e+00
 1.37000000e+00   0.00000000e+00   1.00000000e+00   3.48750448e-02   1.27801349e-04   4.35470554e+00   7.82775637e+00
 1.38000000e+00   0.00000000e+00   1.00000000e+00   3.24835127e-02   5.70178400e-05   4.32951724e+00   7.81128131e+00
 1.39000000e+00   0.00000000e+00   1.00000000e+00   3.02696156e-02  -3.95726892e-06   4.30388020e+00   7.79985289e+00
 1.40000000e+00   0.00000000e+00   1.00000000e+00   2.82488372e-02  -3.44415263e-05   4.28099869e+00   7.79318568e+00
 1.41000000e+00   0.00000000e+00   1.00000000e+00   2.63889160e-02  -2.22609335e-05   4.26315658e+00   7.78899208e+00
 1.42000000e+00   0.00000000e+00   1.00000000e+00   2.46344694e-02   2.87518884e-05   4.25026695e+00   7.78469469e+00
 1.43000000e+00   0.00000000e+00   1.00000000e+00   2.29384184e-02   9.99314497e-05   4.24012530e+00   7.77887827e+00
 1.44000000e+00   0.00000000e+00   1.00000000e+00   2.12753800e-02   1.67259759e-04   4.23033539e+00   7.77065675e+00
 1.45000000e+00   0.00000000e+00   1.00000000e+00   1.96409935e-02   2.10346212e-04   4.21898655e+00   7.75980404e+00
 1.46000000e+00   0.00000000e+00   1.00000000e+00   1.80535122e-02   2.16218722e-04   4.20483305e+00   7.74647139e+00
 1.47000000e+00   0.00000000e+00   1.00000000e+00   1.65562677e-02   1.81764009e-04   4.18694641e+00   7.73222573e+00
 1.48000000e+00   0.00000000e+00   1.00000000e+00   1.52063643e-02   1.17048571e-04   4.16578325e+00   7.71890256e+00
 1.49000000e+00   0.00000000e+00   1.00000000e+00   1.40510398e-02   4.43714733e-05   4.14348660e+00   7.70861658e+00
 1.50000000e+00   0.00000000e+00   1.00000000e+00   1.31123638e-02  -1.06161910e-05   4.12258155e+00   7.70233010e+00
 1.51000000e+00   0.00000000e+00   1.00000000e+00   1.23897900e-02  -3.02176458e-05   4.10501708e+00   7.70025058e+00
 1.52000000e+00   0.00000000e+00   1.00000000e+00   1.18659900e-02  -9.68258590e-06   4.09142685e+00   7.70148709e+00
 1.53000000e+00   0.00000000e+00   1.00000000e+00   1.15039884e-02   4.41169893e-05   4.08238057e+00   7.70420669e+00
 1.54000000e+00   0.00000000e+00   1.00000000e+00   1.12484536e-02   1.15006569e-04   4.07754207e+00   7.70506642e+00
 1.55000000e+00   0.00000000e+00   1.00000000e+00   1.10476950e-02   1.80071591e-04   4.07467145e+00   7.70186309e+00
 1.56000000e+00   0.00000000e+00   1.00000000e+00   1.08851634e-02   2.16435273e-04   4.07058554e+00   7.69459806e+00
 1.57000000e+00   0.00000000e+00   1.00000000e+00   1.07901346e-02   2.11256570e-04   4.06278750e+00   7.68535569e+00
 1.58000000e+00   0.00000000e+00   1.00000000e+00   1.08167423e-02   1.67361640e-04   4.05118673e+00   7.67674303e+00
 1.59000000e+00   0.00000000e+00   1.00000000e+00   1.10132598e-02   1.00349531e-04   4.03746665e+00   7.67020416e+00
 1.60000000e+00   0.00000000e+00   1.00000000e+00   1.14066903e-02   3.14756592e-05   4.02432191e+00   7.66622201e+00
 1.61000000e+00   0.00000000e+00   1.00000000e+00   1.20027527e-02  -1.79750757e-05   4.01340006e+00   7.66537579e+00
 1.62000000e+00   0.00000000e+00   1.00000000e+00   1.27864599e-02  -3.14554629e-05   4.00658970e+00   7.66754583e+00
 1.63000000e+00   0.00000000e+00   1.00000000e+00   1.37208064e-02  -3.30967526e-06   4.00437764e+00   7.67198988e+00
 1.64000000e+00   0.00000000e+00   1.00000000e+00   1.47542038e-02   5.70152880e-05   4.00664258e+00   7.67669802e+00
 1.65000000e+00   0.00000000e+00   1.00000000e+00   1.58392628e-02   1.28114566e-04   4.01145940e+00   7.67961480e+00
 1.66000000e+00   0.00000000e+00   1.00000000e+00   1.69495532e-02   1.86057973e-04   4.01632200e+00   7.67956664e+00
 1.67000000e+00   0.00000000e+00   1.00000000e+00   1.80832279e-02   2.12809589e-04   4.01905089e+00   7.67643902e+00
 1.68000000e+00   0.00000000e+00   1.00000000e+00   1.92592634e-02   2.00164878e-04   4.01867227e+00   7.67098193e+00
 1.69000000e+00   0.00000000e+00   1.00000000e+00   2.05159010e-02   1.51225689e-04   4.01498751e+00   7.66517047e+00
 1.70000000e+00   0.00000000e+00   1.00000000e+00   2.19062802e-02   8.11010730e-05   4.00859518e+00   7.66182926e+00
 1.71000000e+00   0.00000000e+00   1.00000000e+00   2.34793294e-02   1.34339606e-05   4.00197952e+00   7.66316744e+00
 1.72000000e+00   0.00000000e+00   1.00000000e+00   2.52519123e-02  -2.85710272e-05   3.99816957e+00   7.66927620e+00
 1.73000000e+00   0.00000000e+00   1.00000000e+00   2.71968959e-02  -3.16468414e-05   3.99939863e+00   7.67823573e+00
 1.74000000e+00   0.00000000e+00   1.00000000e+00   2.92600752e-02   3.84376752e-06   4.00638129e+00   7.68790049e+00
 1.75000000e+00   0.00000000e+00   1.00000000e+00   3.13895847e-02   6.59962387e-05   4.01696844e+00   7.69668341e+00
 1.76000000e+00   0.00000000e+00   1.00000000e+00   3.35532174e-02   1.35221786e-04   4.02873066e+00   7.70409647e+00
 1.77000000e+00   0.00000000e+00   1.00000000e+00   3.57393652e-02   1.88795303e-04   4.03973839e+00   7.70949337e+00
 1.78000000e+00   0.00000000e+00   1.00000000e+00   3.79548661e-02   2.07897692e-04   4.04873972e+00   7.71247550e+00
 1.79000000e+00   0.00000000e+00   1.00000000e+00   4.02259373e-02   1.85550819e-04   4.05465054e+00   7.71386621e+00
 1.80000000e+00   0.00000000e+00   1.00000000e+00   4.25937642e-02   1.29783852e-04   4.05822836e+00   7.71541702e+00
 1.81000000e+00   0.00000000e+00   1.00000000e+00   4.50991521e-02   5.95238272e-05   4.06081379e+00   7.71918937e+00
 1.82000000e+00   0.00000000e+00   1.00000000e+00   4.77650792e-02  -2.86622601e-06   4.06544149e+00   7.72631346e+00
 1.83000000e+00   0.00000000e+00   1.00000000e+00   5.05888338e-02  -3.79599620e-05   4.07424331e+00   7.73706978e+00
 1.84000000e+00   0.00000000e+00   1.00000000e+00   5.35434815e-02  -3.41516193e-05   4.08835757e+00   7.75064388e+00
 1.85000000e+00   0.00000000e+00   1.00000000e+00   5.65817751e-02   7.93889846e-06   4.10774679e+00   7.76507149e+00
 1.86000000e+00   0.00000000e+00   1.00000000e+00   5.96437144e-02   7.40976955e-05   4.13126121e+00   7.77823050e+00
 1.87000000e+00   0.00000000e+00   1.00000000e+00   6.26746190e-02   1.41332291e-04   4.15617051e+00   7.78747657e+00
 1.88000000e+00   0.00000000e+00   1.00000000e+00   6.56492213e-02   1.87047487e-04   4.17925358e+00   7.79287243e+00
 1.89000000e+00   0.00000000e+00   1.00000000e+00   6.85831809e-02   1.96791573e-04   4.19820146e+00   7.79589170e+00
 1.90000000e+00   0.00000000e+00   1.00000000e+00   7.15198756e-02   1.67601503e-04   4.21322396e+00   7.79850896e+00
 1.91000000e+00   0.00000000e+00   1.00000000e+00   7.45035406e-02   1.08189396e-04   4.22609844e+00   7.80230177e+00
 1.92000000e+00   0.00000000e+00   1.00000000e+00   7.75607112e-02   3.73445789e-05   4.23940032e+00   7.80745031e+00
 1.93000000e+00   0.00000000e+00   1.00000000e+00   8.06975708e-02  -2.13254516e-05   4.25504461e+00   7.81479414e+00
 1.94000000e+00   0.00000000e+00   1.00000000e+00   8.39027335e-02  -4.80343223e-05   4.27441369e+00   7.82510391e+00
 1.95000000e+00   0.00000000e+00   1.00000000e+00   8.71468949e-02  -3.45622526e-05   4.29827718e+00   7.83786013e+00
 1.96000000e+00   0.00000000e+00   1.00000000e+00   9.03849909e-02   1.35876171e-05   4.32620548e+00   7.85158967e+00
 1.97000000e+00   0.00000000e+00   1.00000000e+00   9.35686948e-02   8.03508689e-05   4.35582368e+00   7.86361046e+00
 1.98000000e+00   0.00000000e+00   1.00000000e+00   9.66642298e-02   1.44240358e-04   4.38449386e+00   7.87276391e+00
 1.99000000e+00   0.00000000e+00   1.00000000e+00   9.96635594e-02   1.84136052e-04   4.41012132e+00   7.87878756e+00
 2.00000000e+00   0.00000000e+00   1.00000000e+00   1.02584962e-01   1.86021705e-04   4.43130194e+00   7.88233562e+00
 2.01000000e+00   0.00000000e+00   1.00000000e+00   1.05467587e-01   1.48775017e-04   4.44832025e+00   7.88508611e+00
 2.02000000e+00   0.00000000e+00   1.00000000e+00   1.08361523e-01   8.51191825e-05   4.46294984e+00   7.88934733e+00
 2.03000000e+00   0.00000000e+00   1.00000000e+00   1.11310341e-01   1.63303413e-05   4.47787850e+00   7.89694932e+00
 2.04000000e+00   0.00000000e+00   1.00000000e+00   1.14329906e-01  -3.55616550e-05   4.49629826e+00   7.90815511e+00
 2.05000000e+00   0.00000000e+00   1.00000000e+00   1.17397889e-01  -5.42850626e-05   4.51991342e+00   7.92177377e+00
 2.06000000e+00   0.00000000e+00   1.00000000e+00   1.20464373e-01  -3.36417015e-05   4.54862923e+00   7.93592892e+00
 2.07000000e+00   0.00000000e+00   1.00000000e+00   1.23475855e-01   1.99291088e-05   4.58056903e+00   7.94953684e+00
 2.08000000e+00   0.00000000e+00   1.00000000e+00   1.26393842e-01   8.84794920e-05   4.61284121e+00   7.96182158e+00
 2.09000000e+00   0.00000000e+00   1.00000000e+00   1.29199435e-01   1.48570313e-04   4.64347083e+00   7.97135299e+00
 2.10000000e+00   0.00000000e+00   1.00000000e+00   1.31891176e-01   1.80147419e-04   4.67065100e+00   7.97810632e+00
 2.11000000e+00   0.00000000e+00   1.00000000e+00   1.34485074e-01   1.73233608e-04   4.69305526e+00   7.98199850e+00
 2.12000000e+00   0.00000000e+00   1.00000000e+00   1.37013524e-01   1.30264478e-04   4.71214716e+00   7.98449033e+00
 2.13000000e+00   0.00000000e+00   1.00000000e+00   1.39515196e-01   6.47704109e-05   4.72948139e+00   7.98799998e+00
 2.14000000e+00   0.00000000e+00   1.00000000e+00   1.42017540e-01  -2.20224395e-06   4.74808066e+00   7.99455231e+00
 2.15000000e+00   0.00000000e+00   1.00000000e+00   1.44522941e-01  -4.83729264e-05   4.76993299e+00   8.00327471e+00
 2.16000000e+00   0.00000000e+00   1.00000000e+00   1.47005923e-01  -5.82555992e-05   4.79633287e+00   8.01468839e+00
 2.17000000e+00   0.00000000e+00   1.00000000e+00   1.49419678e-01  -2.90148329e-05   4.82686924e+00   8.02633713e+00
 2.18000000e+00   0.00000000e+00   1.00000000e+00   1.51708092e-01   2.89882986e-05   4.85917803e+00   8.03695858e+00
 2.19000000e+00   0.00000000e+00   1.00000000e+00   1.53822743e-01   9.65428004e-05   4.89031440e+00   8.04435932e+00
 2.20000000e+00   0.00000000e+00   1.00000000e+00   1.55741513e-01   1.51794079e-04   4.91741570e+00   8.04866542e+00
 2.21000000e+00   0.00000000e+00   1.00000000e+00   1.57478003e-01   1.76499524e-04   4.93851300e+00   8.05000324e+00
 2.22000000e+00   0.00000000e+00   1.00000000e+00   1.59072999e-01   1.61982491e-04   4.95376669e+00   8.05036264e+00
 2.23000000e+00   0.00000000e+00   1.00000000e+00   1.60573282e-01   1.12758585e-04   4.96536236e+00   8.05056236e+00
 2.24000000e+00   0.00000000e+00   1.00000000e+00   1.62013528e-01   4.54157712e-05   4.97575996e+00   8.05185722e+00
 2.25000000e+00   0.00000000e+00   1.00000000e+00   1.63410189e-01  -1.76169695e-05   4.98733902e+00   8.05521838e+00
 2.26000000e+00   0.00000000e+00   1.00000000e+00   1.64762320e-01  -5.59605825e-05   5.00153724e+00   8.06120887e+00
 2.27000000e+00   0.00000000e+00   1.00000000e+00   1.66051483e-01  -5.74843808e-05   5.01936626e+00   8.06977716e+00
 2.28000000e+00   0.00000000e+00   1.00000000e+00   1.67242373e-01  -2.15906162e-05   5.04001257e+00   8.07958967e+00
 2.29000000e+00   0.00000000e+00   1.00000000e+00   1.68291536e-01   4.02293491e-05   5.06147842e+00   8.08862306e+00
 2.30000000e+00   0.00000000e+00   1.00000000e+00   1.69164299e-01   1.07465671e-04   5.08132151e+00   8.09506296e+00
 2.31000000e+00   0.00000000e+00   1.00000000e+00   1.69850301e-01   1.57489386e-04   5.09677872e+00   8.09841441e+00
 2.32000000e+00   0.00000000e+00   1.00000000e+00   1.70368325e-01   1.73778941e-04   5.10654712e+00   8.09898834e+00
 2.33000000e+00   0.00000000e+00   1.00000000e+00   1.70759566e-01   1.51399635e-04   5.11106394e+00   8.09828031e+00
 2.34000000e+00   0.00000000e+00   1.00000000e+00   1.71073994e-01   9.79196733e-05   5.11244542e+00   8.09806388e+00
 2.35000000e+00   0.00000000e+00   1.00000000e+00   1.71353768e-01   3.07558324e-05   5.13131604e+00   8.10149807e+00
 2.36000000e+00   0.00000000e+00   1.00000000e+00   1.71616755e-01  -2.83510560e-05   5.13425893e+00   8.10136952e+00
 2.37000000e+00   0.00000000e+00   1.00000000e+00   1.71847868e-01  -5.95842466e-05   5.13777715e+00   8.10419685e+00
 2.38000000e+00   0.00000000e+00   1.00000000e+00   1.72005893e-01  -5.24113654e-05   5.14318180e+00   8.10790196e+00
 2.39000000e+00   0.00000000e+00   1.00000000e+00   1.72042083e-01  -9.36072437e-06   5.14854090e+00   8.11197653e+00
 2.40000000e+00   0.00000000e+00   1.00000000e+00   1.71917489e-01   5.49352308e-05   5.15171556e+00   8.11530981e+00
 2.41000000e+00   0.00000000e+00   1.00000000e+00   1.71610573e-01   1.19389144e-04   5.15073498e+00   8.11694565e+00
 2.42000000e+00   0.00000000e+00   1.00000000e+00   1.71117760e-01   1.63155793e-04   5.14482447e+00   8.11530753e+00
 2.43000000e+00   0.00000000e+00   1.00000000e+00   1.70453967e-01   1.71917055e-04   5.13434883e+00   8.11027746e+00
 2.44000000e+00   0.00000000e+00   1.00000000e+00   1.69652354e-01   1.42494228e-04   5.11991401e+00   8.10240276e+00
 2.45000000e+00   0.00000000e+00   1.00000000e+00   1.68757074e-01   8.45953760e-05   5.15089211e+00   8.09796768e+00
 2.46000000e+00   0.00000000e+00   1.00000000e+00   1.67807484e-01   1.78242205e-05   5.15431505e+00   8.09924519e+00
 2.47000000e+00   0.00000000e+00   1.00000000e+00   1.66819337e-01  -3.56867995e-05   5.15279999e+00   8.10495934e+00
 2.48000000e+00   0.00000000e+00   1.00000000e+00   1.65777908e-01  -5.83218044e-05   5.15333491e+00   8.11220877e+00
 2.49000000e+00   0.00000000e+00   1.00000000e+00   1.64645490e-01  -4.28699904e-05   5.15661495e+00   8.11928753e+00
 2.50000000e+00   0.00000000e+00   1.00000000e+00   1.63375811e-01   5.83286436e-06   5.16067475e+00   8.12481107e+00
 2.51000000e+00   0.00000000e+00   1.00000000e+00   1.61930998e-01   7.20837205e-05   5.16315271e+00   8.12767170e+00
 2.52000000e+00   0.00000000e+00   1.00000000e+00   1.60297126e-01   1.34142376e-04   5.16133499e+00   8.12736550e+00
 2.53000000e+00   0.00000000e+00   1.00000000e+00   1.58491175e-01   1.71395190e-04   5.15380357e+00   8.12440342e+00
 2.54000000e+00   0.00000000e+00   1.00000000e+00   1.56555099e-01   1.71712375e-04   5.14046863e+00   8.11939187e+00
 2.55000000e+00   0.00000000e+00   1.00000000e+00   1.54539612e-01   1.35495007e-04   5.12299434e+00   8.11313028e+00
 2.56000000e+00   0.00000000e+00   1.00000000e+00   1.52487855e-01   7.49829218e-05   5.10375499e+00   8.10737105e+00
 2.57000000e+00   0.00000000e+00   1.00000000e+00   1.50427075e-01   1.00613659e-05   5.08505422e+00   8.10305510e+00
 2.58000000e+00   0.00000000e+00   1.00000000e+00   1.48366440e-01  -3.78791599e-05   5.06898575e+00   8.10182333e+00
 2.59000000e+00   0.00000000e+00   1.00000000e+00   1.46295700e-01  -5.26810680e-05   5.05646682e+00   8.10289855e+00
 2.60000000e+00   0.00000000e+00   1.00000000e+00   1.44185379e-01  -2.91196946e-05   5.04731301e+00   8.10615791e+00
 2.61000000e+00   0.00000000e+00   1.00000000e+00   1.41994353e-01   2.50257371e-05   5.04036270e+00   8.10875338e+00
 2.62000000e+00   0.00000000e+00   1.00000000e+00   1.39686596e-01   9.18535853e-05   5.03324741e+00   8.11021778e+00
 2.63000000e+00   0.00000000e+00   1.00000000e+00   1.37248832e-01   1.49576445e-04   5.02309605e+00   8.10808134e+00
 2.64000000e+00   0.00000000e+00   1.00000000e+00   1.34698060e-01   1.79635263e-04   5.00832241e+00   8.10282629e+00
 2.65000000e+00   0.00000000e+00   1.00000000e+00   1.32075396e-01   1.72380378e-04   4.98869173e+00   8.09542135e+00
 2.66000000e+00   0.00000000e+00   1.00000000e+00   1.29430802e-01   1.30225029e-04   4.96687555e+00   8.08819381e+00
 2.67000000e+00   0.00000000e+00   1.00000000e+00   1.26805993e-01   6.72266389e-05   4.94384810e+00   8.08112247e+00
 2.68000000e+00   0.00000000e+00   1.00000000e+00   1.24220880e-01   4.59254107e-06   4.92251841e+00   8.07610650e+00
 2.69000000e+00   0.00000000e+00   1.00000000e+00   1.21667438e-01  -3.67071669e-05   4.90470561e+00   8.07296087e+00
 2.70000000e+00   0.00000000e+00   1.00000000e+00   1.19114191e-01  -4.30539402e-05   4.89056435e+00   8.07109796e+00
 2.71000000e+00   0.00000000e+00   1.00000000e+00   1.16519991e-01  -1.23737319e-05   4.87938306e+00   8.06988636e+00
 2.72000000e+00   0.00000000e+00   1.00000000e+00   1.13849165e-01   4.55219696e-05   4.86923741e+00   8.06832532e+00
 2.73000000e+00   0.00000000e+00   1.00000000e+00   1.11080696e-01   1.11933277e-04   4.85810627e+00   8.06481964e+00
 2.74000000e+00   0.00000000e+00   1.00000000e+00   1.08211840e-01   1.65124325e-04   4.84378424e+00   8.05842323e+00
 2.75000000e+00   0.00000000e+00   1.00000000e+00   1.05260264e-01   1.87619906e-04   4.82558429e+00   8.04861322e+00
 2.76000000e+00   0.00000000e+00   1.00000000e+00   1.02263874e-01   1.72276072e-04   4.80297016e+00   8.03643401e+00
 2.77000000e+00   0.00000000e+00   1.00000000e+00   9.92730401e-02   1.24635394e-04   4.77726103e+00   8.02386082e+00
 2.78000000e+00   0.00000000e+00   1.00000000e+00   9.63340845e-02   6.07246385e-05   4.75059963e+00   8.01275980e+00
 2.79000000e+00   0.00000000e+00   1.00000000e+00   9.34715146e-02   1.68249739e-06   4.72542779e+00   8.00446921e+00
 2.80000000e+00   0.00000000e+00   1.00000000e+00   9.06796437e-02  -3.29171273e-05   4.70377636e+00   7.99857590e+00
 2.81000000e+00   0.00000000e+00   1.00000000e+00   8.79281572e-02  -3.13327455e-05   4.68585067e+00   7.99446681e+00
 2.82000000e+00   0.00000000e+00   1.00000000e+00   8.51773405e-02   6.25077094e-06   4.67094199e+00   7.99085797e+00
 2.83000000e+00   0.00000000e+00   1.00000000e+00   8.23949735e-02   6.75209175e-05   4.65703413e+00   7.98634708e+00
 2.84000000e+00   0.00000000e+00   1.00000000e+00   7.95690228e-02   1.32323116e-04   4.64205937e+00   7.97988666e+00
 2.85000000e+00   0.00000000e+00   1.00000000e+00   7.67129570e-02   1.79575344e-04   4.62416603e+00   7.97143400e+00
 2.86000000e+00   0.00000000e+00   1.00000000e+00   7.38621139e-02   1.94148963e-04   4.60264707e+00   7.96085160e+00
 2.87000000e+00   0.00000000e+00   1.00000000e+00   7.10623562e-02   1.71488950e-04   4.57828561e+00   7.94907254e+00
 2.88000000e+00   0.00000000e+00   1.00000000e+00   6.83565092e-02   1.19150862e-04   4.55237524e+00   7.93696363e+00
 2.89000000e+00   0.00000000e+00   1.00000000e+00   6.57743034e-02   5.45842500e-05   4.52669448e+00   7.92586306e+00
 2.90000000e+00   0.00000000e+00   1.00000000e+00   6.33270637e-02  -5.71971473e-07   4.50322506e+00   7.91724472e+00
 2.91000000e+00   0.00000000e+00   1.00000000e+00   6.10049678e-02  -2.78910488e-05   4.48341670e+00   7.91148702e+00
 2.92000000e+00   0.00000000e+00   1.00000000e+00   5.87774524e-02  -1.83601292e-05   4.46758758e+00   7.90785308e+00
 2.93000000e+00   0.00000000e+00   1.00000000e+00   5.66009545e-02   2.48869547e-05   4.45555544e+00   7.90451821e+00
 2.94000000e+00   0.00000000e+00   1.00000000e+00   5.44351955e-02   8.78034064e-05   4.44502502e+00   7.89937109e+00
 2.95000000e+00   0.00000000e+00   1.00000000e+00   5.22610708e-02   1.49932104e-04   4.43390470e+00   7.89177668e+00
 2.96000000e+00   0.00000000e+00   1.00000000e+00   5.00894146e-02   1.90896462e-04   4.42016261e+00   7.88146758e+00
 2.97000000e+00   0.00000000e+00   1.00000000e+00   4.79558211e-02   1.97229624e-04   4.40290692e+00   7.86945144e+00
 2.98000000e+00   0.00000000e+00   1.00000000e+00   4.59058243e-02   1.67035214e-04   4.38294497e+00   7.85671690e+00
 2.99000000e+00   0.00000000e+00   1.00000000e+00   4.39784687e-02   1.10595558e-04   4.36160415e+00   7.84450446e+00
 3.00000000e+00   0.00000000e+00   1.00000000e+00   4.21941750e-02   4.66916641e-05   4.34121238e+00   7.83370078e+00
 3.01000000e+00   0.00000000e+00   1.00000000e+00   4.05496751e-02  -3.63722387e-06   4.32316144e+00   7.82488367e+00
 3.02000000e+00   0.00000000e+00   1.00000000e+00   3.90209131e-02  -2.37760678e-05   4.30869978e+00   7.81825653e+00
 3.03000000e+00   0.00000000e+00   1.00000000e+00   3.75723135e-02  -6.94165130e-06   4.29778490e+00   7.81330943e+00
 3.04000000e+00   0.00000000e+00   1.00000000e+00   3.61688002e-02   4.14578128e-05   4.28913421e+00   7.80898972e+00
 3.05000000e+00   0.00000000e+00   1.00000000e+00   3.47863279e-02   1.05435595e-04   4.28124374e+00   7.80396931e+00
 3.06000000e+00   0.00000000e+00   1.00000000e+00   3.34187552e-02   1.63866264e-04   4.27243362e+00   7.79697071e+00
 3.07000000e+00   0.00000000e+00   1.00000000e+00   3.20813019e-02   1.97621330e-04   4.26070473e+00   7.78764031e+00
 3.08000000e+00   0.00000000e+00   1.00000000e+00   3.08098690e-02   1.95824225e-04   4.24596831e+00   7.77667435e+00
 3.09000000e+00   0.00000000e+00   1.00000000e+00   2.96531182e-02   1.59181371e-04   4.22822838e+00   7.76577628e+00
 3.10000000e+00   0.00000000e+00   1.00000000e+00   2.86565041e-02   9.97490720e-05   4.20928220e+00   7.75662109e+00
 3.11000000e+00   0.00000000e+00   1.00000000e+00   2.78446482e-02   3.71560561e-05   4.19110876e+00   7.75017533e+00
 3.12000000e+00   0.00000000e+00   1.00000000e+00   2.72123479e-02  -7.80599609e-06   4.17621862e+00   7.74650871e+00
 3.13000000e+00   0.00000000e+00   1.00000000e+00   2.67291084e-02  -2.02876425e-05   4.16538008e+00   7.74480752e+00
 3.14000000e+00   0.00000000e+00   1.00000000e+00   2.63534944e-02   3.70792292e-06   4.15852896e+00   7.74433604e+00
 3.15000000e+00   0.00000000e+00   1.00000000e+00   2.60492093e-02   5.61285585e-05   4.15406706e+00   7.74402449e+00
 3.16000000e+00   0.00000000e+00   1.00000000e+00   2.57966760e-02   1.19735831e-04   4.15004869e+00   7.74296342e+00
 3.17000000e+00   0.00000000e+00   1.00000000e+00   2.55977793e-02   1.73621109e-04   4.14502054e+00   7.74062074e+00
 3.18000000e+00   0.00000000e+00   1.00000000e+00   2.54741759e-02   2.00008065e-04   4.13762274e+00   7.73648546e+00
 3.19000000e+00   0.00000000e+00   1.00000000e+00   2.54597424e-02   1.90093566e-04   4.12803180e+00   7.73116153e+00
 3.20000000e+00   0.00000000e+00   1.00000000e+00   2.55896323e-02   1.47161918e-04   4.11685980e+00   7.72570161e+00
 3.21000000e+00   0.00000000e+00   1.00000000e+00   2.58896581e-02   8.54443237e-05   4.10562004e+00   7.72137228e+00
 3.22000000e+00   0.00000000e+00   1.00000000e+00   2.63681915e-02   2.52651853e-05   4.09616024e+00   7.71921472e+00
 3.23000000e+00   0.00000000e+00   1.00000000e+00   2.70116739e-02  -1.37361617e-05   4.09022428e+00   7.71970742e+00
 3.24000000e+00   0.00000000e+00   1.00000000e+00   2.77853352e-02  -1.88769175e-05   4.08855632e+00   7.72223348e+00
 3.25000000e+00   0.00000000e+00   1.00000000e+00   2.86415472e-02   1.14541958e-05   4.09105623e+00   7.72544668e+00
 3.26000000e+00   0.00000000e+00   1.00000000e+00   2.95355162e-02   6.71814341e-05   4.09584920e+00   7.72784164e+00
 3.27000000e+00   0.00000000e+00   1.00000000e+00   3.04422324e-02   1.29729569e-04   4.10082037e+00   7.72856539e+00
 3.28000000e+00   0.00000000e+00   1.00000000e+00   3.13655213e-02   1.78287031e-04   4.10378425e+00   7.72762520e+00
 3.29000000e+00   0.00000000e+00   1.00000000e+00   3.23341575e-02   1.96804843e-04   4.10368364e+00   7.72547752e+00
 3.30000000e+00   0.00000000e+00   1.00000000e+00   3.33881563e-02   1.79177019e-04   4.10081906e+00   7.72290588e+00
 3.31000000e+00   0.00000000e+00   1.00000000e+00   3.45632532e-02   1.31145504e-04   4.09665594e+00   7.72074283e+00
 3.32000000e+00   0.00000000e+00   1.00000000e+00   3.58797514e-02   6.83544935e-05   4.09280739e+00   7.71984861e+00
 3.33000000e+00   0.00000000e+00   1.00000000e+00   3.73375629e-02   1.13540436e-05   4.09146223e+00   7.72101332e+00
 3.34000000e+00   0.00000000e+00   1.00000000e+00   3.89170192e-02  -2.11535383e-05   4.09340125e+00   7.72440051e+00
 3.35000000e+00   0.00000000e+00   1.00000000e+00   4.05848454e-02  -1.86060222e-05   4.09919314e+00   7.72983871e+00
 3.36000000e+00   0.00000000e+00   1.00000000e+00   4.23039670e-02   1.78939492e-05   4.10792394e+00   7.73636011e+00
 3.37000000e+00   0.00000000e+00   1.00000000e+00   4.40444562e-02   7.60675199e-05   4.11806348e+00   7.74282472e+00
 3.38000000e+00   0.00000000e+00   1.00000000e+00   4.57927497e-02   1.36615686e-04   4.12783517e+00   7.74796450e+00
 3.39000000e+00   0.00000000e+00   1.00000000e+00   4.75569719e-02   1.79499774e-04   4.13528494e+00   7.75129187e+00
 3.40000000e+00   0.00000000e+00   1.00000000e+00   4.93662659e-02   1.90427761e-04   4.14010673e+00   7.75344655e+00
 3.41000000e+00   0.00000000e+00   1.00000000e+00   5.12622707e-02   1.65617009e-04   4.14237739e+00   7.75548913e+00
 3.42000000e+00   0.00000000e+00   1.00000000e+00   5.32837064e-02   1.13133221e-04   4.14412796e+00   7.75865118e+00
 3.43000000e+00   0.00000000e+00   1.00000000e+00   5.54500107e-02   5.01929479e-05   4.14728339e+00   7.76368462e+00
 3.44000000e+00   0.00000000e+00   1.00000000e+00   5.77524977e-02  -2.63503157e-06   4.15410108e+00   7.77064716e+00
 3.45000000e+00   0.00000000e+00   1.00000000e+00   6.01577419e-02  -2.82165367e-05   4.16558914e+00   7.77926635e+00
 3.46000000e+00   0.00000000e+00   1.00000000e+00   6.26203906e-02  -1.83920366e-05   4.18120566e+00   7.78872708e+00
 3.47000000e+00   0.00000000e+00   1.00000000e+00   6.50980385e-02   2.34067822e-05   4.19952732e+00   7.79845599e+00
 3.48000000e+00   0.00000000e+00   1.00000000e+00   6.75622342e-02   8.32034645e-05   4.21878805e+00   7.80768413e+00
 3.49000000e+00   0.00000000e+00   1.00000000e+00   7.00037498e-02   1.41044516e-04   4.23698601e+00   7.81539662e+00
 3.50000000e+00   0.00000000e+00   1.00000000e+00   7.24325719e-02   1.77616558e-04   4.25284146e+00   7.82141856e+00
 3.51000000e+00   0.00000000e+00   1.00000000e+00   7.48732143e-02   1.80727000e-04   4.26604458e+00   7.82575530e+00
 3.52000000e+00   0.00000000e+00   1.00000000e+00   7.73558924e-02   1.49256723e-04   4.27750862e+00   7.82903328e+00
 3.53000000e+00   0.00000000e+00   1.00000000e+00   7.99054136e-02   9.34035628e-05   4.28866663e+00   7.83265935e+00
 3.54000000e+00   0.00000000e+00   1.00000000e+00   8.25309581e-02   3.13359416e-05   4.30153648e+00   7.83770300e+00
 3.55000000e+00   0.00000000e+00   1.00000000e+00   8.52199294e-02  -1.66944805e-05   4.31782399e+00   7.84491980e+00
 3.56000000e+00   0.00000000e+00   1.00000000e+00   8.79385467e-02  -3.50433003e-05   4.33801688e+00   7.85347559e+00
 3.57000000e+00   0.00000000e+00   1.00000000e+00   9.06404954e-02  -1.78878520e-05   4.36174759e+00   7.86294840e+00
 3.58000000e+00   0.00000000e+00   1.00000000e+00   9.32819910e-02   2.88238211e-05   4.38682159e+00   7.87181252e+00
 3.59000000e+00   0.00000000e+00   1.00000000e+00   9.58374790e-02   8.94388824e-05   4.41105102e+00   7.87944936e+00
 3.60000000e+00   0.00000000e+00   1.00000000e+00   9.83082275e-02   1.43813700e-04   4.43233366e+00   7.88585688e+00
 3.61000000e+00   0.00000000e+00   1.00000000e+00   1.00719509e-01   1.73914729e-04   4.45000543e+00   7.89100290e+00
 3.62000000e+00   0.00000000e+00   1.00000000e+00   1.03108747e-01   1.69655354e-04   4.46440877e+00   7.89541137e+00
 3.63000000e+00   0.00000000e+00   1.00000000e+00   1.05511334e-01   1.32271065e-04   4.47712435e+00   7.89954447e+00
 3.64000000e+00   0.00000000e+00   1.00000000e+00   1.07949831e-01   7.39621227e-05   4.48999996e+00   7.90419740e+00
 3.65000000e+00   0.00000000e+00   1.00000000e+00   1.10428460e-01   1.38477561e-05   4.50506353e+00   7.91016844e+00
 3.66000000e+00   0.00000000e+00   1.00000000e+00   1.12932207e-01  -2.84221524e-05   4.52322502e+00   7.91804787e+00
 3.67000000e+00   0.00000000e+00   1.00000000e+00   1.15430439e-01  -3.91689761e-05   4.54519072e+00   7.92779277e+00
 3.68000000e+00   0.00000000e+00   1.00000000e+00   1.17885068e-01  -1.50651646e-05   4.56980220e+00   7.93837458e+00
 3.69000000e+00   0.00000000e+00   1.00000000e+00   1.20261749e-01   3.57748266e-05   4.59524327e+00   7.94894811e+00
 3.70000000e+00   0.00000000e+00   1.00000000e+00   1.22540990e-01   9.64348761e-05   4.61954620e+00   7.95817990e+00
 3.71000000e+00   0.00000000e+00   1.00000000e+00   1.24725072e-01   1.46741133e-04   4.64099412e+00   7.96576835e+00
 3.72000000e+00   0.00000000e+00   1.00000000e+00   1.26837676e-01   1.69947949e-04   4.65868428e+00   7.97130452e+00
 3.73000000e+00   0.00000000e+00   1.00000000e+00   1.28915248e-01   1.58332920e-04   4.67349381e+00   7.97631971e+00
 3.74000000e+00   0.00000000e+00   1.00000000e+00   1.30992287e-01   1.15663679e-04   4.68722496e+00   7.98036214e+00
 3.75000000e+00   0.00000000e+00   1.00000000e+00   1.33086323e-01   5.58934675e-05   4.70230816e+00   7.98552436e+00
 3.76000000e+00   0.00000000e+00   1.00000000e+00   1.35189684e-01  -1.44455630e-06   4.71970144e+00   7.99174813e+00
 3.77000000e+00   0.00000000e+00   1.00000000e+00   1.37271762e-01  -3.76008737e-05   4.74101494e+00   7.99855595e+00
 3.78000000e+00   0.00000000e+00   1.00000000e+00   1.39289836e-01  -4.07862869e-05   4.76535256e+00   8.00623559e+00
 3.79000000e+00   0.00000000e+00   1.00000000e+00   1.41202391e-01  -1.01152803e-05   4.79137829e+00   8.01527801e+00
 3.80000000e+00   0.00000000e+00   1.00000000e+00   1.42979716e-01   4.41125594e-05   4.81663248e+00   8.02265938e+00
 3.81000000e+00   0.00000000e+00   1.00000000e+00   1.44609934e-01   1.03868942e-04   4.83931024e+00   8.02891070e+00
 3.82000000e+00   0.00000000e+00   1.00000000e+00   1.46100624e-01   1.49379202e-04   4.85799734e+00   8.03368111e+00
 3.83000000e+00   0.00000000e+00   1.00000000e+00   1.47476092e-01   1.65599553e-04   4.87263081e+00   8.03618328e+00
 3.84000000e+00   0.00000000e+00   1.00000000e+00   1.48769851e-01   1.47124606e-04   4.88375449e+00   8.03734372e+00
 3.85000000e+00   0.00000000e+00   1.00000000e+00   1.50013196e-01   9.99660035e-05   4.89328793e+00   8.03822466e+00
 3.86000000e+00   0.00000000e+00   1.00000000e+00   1.51223412e-01   3.96343184e-05   4.90329302e+00   8.03986252e+00
 3.87000000e+00   0.00000000e+00   1.00000000e+00   1.52396203e-01  -1.40182900e-05   4.91547679e+00   8.04319658e+00
 3.88000000e+00   0.00000000e+00   1.00000000e+00   1.53505892e-01  -4.33770998e-05   4.93067414e+00   8.04798042e+00
 3.89000000e+00   0.00000000e+00   1.00000000e+00   1.54513978e-01  -3.89026452e-05   4.94799391e+00   8.05368230e+00
 3.90000000e+00   0.00000000e+00   1.00000000e+00   1.55383442e-01  -2.16490443e-06   4.96571204e+00   8.05954099e+00
 3.91000000e+00   0.00000000e+00   1.00000000e+00   1.56093064e-01   5.46863481e-05   4.98187197e+00   8.06523696e+00
 3.92000000e+00   0.00000000e+00   1.00000000e+00   1.56645421e-01   1.12894689e-04   4.99424950e+00   8.06964341e+00
 3.93000000e+00   0.00000000e+00   1.00000000e+00   1.57065113e-01   1.53235529e-04   5.00225268e+00   8.07285158e+00
 3.94000000e+00   0.00000000e+00   1.00000000e+00   1.57389283e-01   1.62410388e-04   5.00632663e+00   8.07479086e+00
 3.95000000e+00   0.00000000e+00   1.00000000e+00   1.57655161e-01   1.37442059e-04   5.00795524e+00   8.07578366e+00
 3.96000000e+00   0.00000000e+00   1.00000000e+00   1.57889708e-01   8.67316964e-05   5.02464284e+00   8.07978167e+00
 3.97000000e+00   0.00000000e+00   1.00000000e+00   1.58103222e-01   2.68820475e-05   5.02727436e+00   8.07949955e+00
 3.98000000e+00   0.00000000e+00   1.00000000e+00   1.58286559e-01  -2.23235666e-05   5.02930003e+00   8.08072721e+00
 3.99000000e+00   0.00000000e+00   1.00000000e+00   1.58413045e-01  -4.47312438e-05   5.03247825e+00   8.08248839e+00
 4.00000000e+00   0.00000000e+00   1.00000000e+00   1.58445907e-01  -3.29103076e-05   5.03608796e+00   8.08510913e+00
 4.01000000e+00   0.00000000e+00   1.00000000e+00   1.58349754e-01   9.17531694e-06   5.03805836e+00   8.08752490e+00
 4.02000000e+00   0.00000000e+00   1.00000000e+00   1.58102926e-01   6.76492855e-05   5.03704882e+00   8.08907479e+00
 4.03000000e+00   0.00000000e+00   1.00000000e+00   1.57705571e-01   1.23231887e-04   5.03223205e+00   8.08874818e+00
 4.04000000e+00   0.00000000e+00   1.00000000e+00   1.57179813e-01   1.57672394e-04   5.02341427e+00   8.08571485e+00
 4.05000000e+00   0.00000000e+00   1.00000000e+00   1.56561440e-01   1.59686498e-04   5.01203747e+00   8.07986662e+00
 4.06000000e+00   0.00000000e+00   1.00000000e+00   1.55886200e-01   1.28643711e-04   4.99956994e+00   8.07184811e+00
 4.07000000e+00   0.00000000e+00   1.00000000e+00   1.55176092e-01   7.48174674e-05   4.98806319e+00   8.06278555e+00
 4.08000000e+00   0.00000000e+00   1.00000000e+00   1.54431057e-01   1.61125418e-05   5.02443936e+00   8.06779114e+00
 4.09000000e+00   0.00000000e+00   1.00000000e+00   1.53631422e-01  -2.77626055e-05   5.03467706e+00   8.07192080e+00
 4.10000000e+00   0.00000000e+00   1.00000000e+00   1.52745097e-01  -4.26780022e-05   5.04028438e+00   8.07872721e+00
 4.11000000e+00   0.00000000e+00   1.00000000e+00   1.51737620e-01  -2.34691528e-05   5.04553134e+00   8.08516645e+00
 4.12000000e+00   0.00000000e+00   1.00000000e+00   1.50583659e-01   2.35399792e-05   5.04955310e+00   8.09058030e+00
 4.13000000e+00   0.00000000e+00   1.00000000e+00   1.49274727e-01   8.30401674e-05   5.05016384e+00   8.09392678e+00
 4.14000000e+00   0.00000000e+00   1.00000000e+00   1.47822002e-01   1.35416627e-04   5.04644799e+00   8.09463251e+00
 4.15000000e+00   0.00000000e+00   1.00000000e+00   1.46254912e-01   1.63548246e-04   5.03792045e+00   8.09297318e+00
 4.16000000e+00   0.00000000e+00   1.00000000e+00   1.44613875e-01   1.58344210e-04   5.02546210e+00   8.08911472e+00
 4.17000000e+00   0.00000000e+00   1.00000000e+00   1.42938717e-01   1.21752612e-04   5.01066262e+00   8.08427889e+00
 4.18000000e+00   0.00000000e+00   1.00000000e+00   1.41255963e-01   6.59819898e-05   4.99589067e+00   8.08045372e+00
 4.19000000e+00   0.00000000e+00   1.00000000e+00   1.39570211e-01   9.53700705e-06   4.98280291e+00   8.07738069e+00
 4.20000000e+00   0.00000000e+00   1.00000000e+00   1.37863992e-01  -2.88351824e-05   4.97264829e+00   8.07558291e+00
 4.21000000e+00   0.00000000e+00   1.00000000e+00   1.36105970e-01  -3.63268385e-05   4.96509416e+00   8.07517753e+00
 4.22000000e+00   0.00000000e+00   1.00000000e+00   1.34264165e-01  -1.03331701e-05   4.95869428e+00   8.07550925e+00
 4.23000000e+00   0.00000000e+00   1.00000000e+00   1.32319062e-01   4.06499426e-05   4.95165781e+00   8.07586529e+00
 4.24000000e+00   0.00000000e+00   1.00000000e+00   1.30271498e-01   9.99279738e-05   4.94211778e+00   8.07578830e+00
 4.25000000e+00   0.00000000e+00   1.00000000e+00   1.28142654e-01   1.48176472e-04   4.93011549e+00   8.07453252e+00
 4.26000000e+00   0.00000000e+00   1.00000000e+00   1.25967107e-01   1.69731457e-04   4.91432760e+00   8.07097518e+00
 4.27000000e+00   0.00000000e+00   1.00000000e+00   1.23782427e-01   1.57661322e-04   4.89629521e+00   8.06635001e+00
 4.28000000e+00   0.00000000e+00   1.00000000e+00   1.21618685e-01   1.16122975e-04   4.87748378e+00   8.06085503e+00
 4.29000000e+00   0.00000000e+00   1.00000000e+00   1.19490201e-01   5.90485284e-05   4.85961337e+00   8.05528758e+00
 4.30000000e+00   0.00000000e+00   1.00000000e+00   1.17391607e-01   5.47370460e-06   4.84420628e+00   8.05061747e+00
 4.31000000e+00   0.00000000e+00   1.00000000e+00   1.15299473e-01  -2.67982630e-05   4.83191221e+00   8.04730788e+00
 4.32000000e+00   0.00000000e+00   1.00000000e+00   1.13179340e-01  -2.70291874e-05   4.82228088e+00   8.04517995e+00
 4.33000000e+00   0.00000000e+00   1.00000000e+00   1.10996953e-01   4.98648210e-06   4.81384567e+00   8.04334109e+00
 4.34000000e+00   0.00000000e+00   1.00000000e+00   1.08730795e-01   5.88620012e-05   4.80521387e+00   8.04101784e+00
 4.35000000e+00   0.00000000e+00   1.00000000e+00   1.06381171e-01   1.17017787e-04   4.79395651e+00   8.03725219e+00
 4.36000000e+00   0.00000000e+00   1.00000000e+00   1.03971050e-01   1.60434031e-04   4.77928392e+00   8.03176996e+00
 4.37000000e+00   0.00000000e+00   1.00000000e+00   1.01537888e-01   1.74980668e-04   4.76134681e+00   8.02450402e+00
 4.38000000e+00   0.00000000e+00   1.00000000e+00   9.91205476e-02   1.56117428e-04   4.74121252e+00   8.01599732e+00
 4.39000000e+00   0.00000000e+00   1.00000000e+00   9.67468871e-02   1.10338325e-04   4.72059727e+00   8.00692123e+00
 4.40000000e+00   0.00000000e+00   1.00000000e+00   9.44259126e-02   5.29241995e-05   4.70092520e+00   7.99813915e+00
 4.41000000e+00   0.00000000e+00   1.00000000e+00   9.21467934e-02   2.95473250e-06   4.68359176e+00   7.99030514e+00
 4.42000000e+00   0.00000000e+00   1.00000000e+00   8.98848556e-02  -2.29185012e-05   4.66897148e+00   7.98390347e+00
 4.43000000e+00   0.00000000e+00   1.00000000e+00   8.76114538e-02  -1.59945977e-05   4.65642415e+00   7.97898512e+00
 4.44000000e+00   0.00000000e+00   1.00000000e+00   8.53040893e-02   2.15780390e-05   4.64467251e+00   7.97483664e+00
 4.45000000e+00   0.00000000e+00   1.00000000e+00   8.29546288e-02   7.75236308e-05   4.63211001e+00   7.97048356e+00
 4.46000000e+00   0.00000000e+00   1.00000000e+00   8.05739302e-02   1.33575867e-04   4.61739873e+00   7.96472792e+00
 4.47000000e+00   0.00000000e+00   1.00000000e+00   7.81910835e-02   1.71479943e-04   4.59972931e+00   7.95778888e+00
 4.48000000e+00   0.00000000e+00   1.00000000e+00   7.58466554e-02   1.78984412e-04   4.57931924e+00   7.94911015e+00
 4.49000000e+00   0.00000000e+00   1.00000000e+00   7.35812794e-02   1.53824660e-04   4.55733934e+00   7.94020584e+00
 4.50000000e+00   0.00000000e+00   1.00000000e+00   7.14230645e-02   1.04477251e-04   4.53539199e+00   7.93142186e+00
 4.51000000e+00   0.00000000e+00   1.00000000e+00   6.93786731e-02   4.74354648e-05   4.51541582e+00   7.92326889e+00
 4.52000000e+00   0.00000000e+00   1.00000000e+00   6.74322527e-02   1.68470092e-06   4.49833043e+00   7.91628630e+00
 4.53000000e+00   0.00000000e+00   1.00000000e+00   6.55528732e-02  -1.75729408e-05   4.48453674e+00   7.91070210e+00
 4.54000000e+00   0.00000000e+00   1.00000000e+00   6.37072012e-02  -3.93113010e-06   4.47324344e+00   7.90617750e+00
 4.55000000e+00   0.00000000e+00   1.00000000e+00   6.18719545e-02   3.82110865e-05   4.46319534e+00   7.90217093e+00
 4.56000000e+00   0.00000000e+00   1.00000000e+00   6.00416179e-02   9.50758744e-05   4.45244597e+00   7.89791399e+00
 4.57000000e+00   0.00000000e+00   1.00000000e+00   5.82296263e-02   1.48038301e-04   4.44000271e+00   7.89264318e+00
 4.58000000e+00   0.00000000e+00   1.00000000e+00   5.64636903e-02   1.79759328e-04   4.42532482e+00   7.88592555e+00
 4.59000000e+00   0.00000000e+00   1.00000000e+00   5.47770264e-02   1.79926653e-04   4.40861874e+00   7.87761756e+00
 4.60000000e+00   0.00000000e+00   1.00000000e+00   5.31980601e-02   1.48661481e-04   4.39099921e+00   7.86844616e+00
 4.61000000e+00   0.00000000e+00   1.00000000e+00   5.17418013e-02   9.64295880e-05   4.37402548e+00   7.85924172e+00
 4.62000000e+00   0.00000000e+00   1.00000000e+00   5.04048542e-02   4.05505828e-05   4.35900221e+00   7.85097919e+00
 4.63000000e+00   0.00000000e+00   1.00000000e+00   4.91655248e-02  -5.19372850e-07   4.34695451e+00   7.84404195e+00
 4.64000000e+00   0.00000000e+00   1.00000000e+00   4.79900740e-02  -1.31895990e-05   4.33790258e+00   7.83841413e+00
 4.65000000e+00   0.00000000e+00   1.00000000e+00   4.68440460e-02   6.75678689e-06   4.33113243e+00   7.83374005e+00
 4.66000000e+00   0.00000000e+00   1.00000000e+00   4.57049557e-02   5.27750020e-05   4.32470768e+00   7.82922713e+00
 4.67000000e+00   0.00000000e+00   1.00000000e+00   4.45711037e-02   1.09697439e-04   4.31731997e+00   7.82431110e+00
 4.68000000e+00   0.00000000e+00   1.00000000e+00   4.34626979e-02   1.58818671e-04   4.30758612e+00   7.81866924e+00
 4.69000000e+00   0.00000000e+00   1.00000000e+00   4.24149396e-02   1.84050594e-04   4.29535976e+00   7.81221762e+00
 4.70000000e+00   0.00000000e+00   1.00000000e+00   4.14659795e-02   1.77185109e-04   4.28110977e+00   7.80503625e+00
 4.71000000e+00   0.00000000e+00   1.00000000e+00   4.06446821e-02   1.40569486e-04   4.26612523e+00   7.79760346e+00
 4.72000000e+00   0.00000000e+00   1.00000000e+00   3.99626860e-02   8.63425144e-05   4.25198448e+00   7.79068190e+00
 4.73000000e+00   0.00000000e+00   1.00000000e+00   3.94126271e-02   3.24331850e-05   4.24007675e+00   7.78478033e+00
 4.74000000e+00   0.00000000e+00   1.00000000e+00   3.89721249e-02  -3.36031780e-06   4.23096785e+00   7.78055313e+00
 4.75000000e+00   0.00000000e+00   1.00000000e+00   3.86118062e-02  -9.26904484e-06   4.22481601e+00   7.77805630e+00
 4.76000000e+00   0.00000000e+00   1.00000000e+00   3.83051954e-02   1.65905114e-05   4.22037189e+00   7.77689064e+00
 4.77000000e+00   0.00000000e+00   1.00000000e+00   3.80378374e-02   6.56579905e-05   4.21646232e+00   7.77619395e+00
 4.78000000e+00   0.00000000e+00   1.00000000e+00   3.78129508e-02   1.21745829e-04   4.21171346e+00   7.77529257e+00
 4.79000000e+00   0.00000000e+00   1.00000000e+00   3.76517676e-02   1.66286772e-04   4.19787325e+00   7.77977421e+00
 4.80000000e+00   0.00000000e+00   1.00000000e+00   3.75874122e-02   1.84695535e-04   4.19303535e+00   7.77805856e+00
 4.81000000e+00   0.00000000e+00   1.00000000e+00   3.76542345e-02   1.70862457e-04   4.19021193e+00   7.77403429e+00
 4.82000000e+00   0.00000000e+00   1.00000000e+00   3.78752966e-02   1.29430059e-04   4.17564014e+00   7.76473720e+00
 4.83000000e+00   0.00000000e+00   1.00000000e+00   3.82529425e-02   7.39059659e-05   4.16712574e+00   7.76239423e+00
 4.84000000e+00   0.00000000e+00   1.00000000e+00   3.87677454e-02   2.26581491e-05   4.16234574e+00   7.76038706e+00
 4.85000000e+00   0.00000000e+00   1.00000000e+00   3.93854015e-02  -7.58856439e-06   4.16108156e+00   7.76000692e+00
 4.86000000e+00   0.00000000e+00   1.00000000e+00   4.00680414e-02  -6.92887564e-06   4.16268457e+00   7.76085760e+00
 4.87000000e+00   0.00000000e+00   1.00000000e+00   4.07859027e-02   2.42472211e-05   4.16614206e+00   7.76265929e+00
 4.88000000e+00   0.00000000e+00   1.00000000e+00   4.15254846e-02   7.55515317e-05   4.16969882e+00   7.76491422e+00
 4.89000000e+00   0.00000000e+00   1.00000000e+00   4.22918481e-02   1.29943972e-04   4.17230564e+00   7.76689137e+00
 4.90000000e+00   0.00000000e+00   1.00000000e+00   4.31052626e-02   1.69416412e-04   4.17296870e+00   7.76803646e+00
 4.91000000e+00   0.00000000e+00   1.00000000e+00   4.39938713e-02   1.80905983e-04   4.17170545e+00   7.76823763e+00
 4.92000000e+00   0.00000000e+00   1.00000000e+00   4.49842925e-02   1.60553749e-04   4.16965866e+00   7.76766339e+00
 4.93000000e+00   0.00000000e+00   1.00000000e+00   4.60922194e-02   1.14994644e-04   4.16770372e+00   7.76707015e+00
 4.94000000e+00   0.00000000e+00   1.00000000e+00   4.73157875e-02   5.91662692e-05   4.16762834e+00   7.76707103e+00
 4.95000000e+00   0.00000000e+00   1.00000000e+00   4.86346232e-02   1.13730104e-05   4.17043579e+00   7.76814198e+00
 4.96000000e+00   0.00000000e+00   1.00000000e+00   5.00156353e-02  -1.27937296e-05   4.17606724e+00   7.77038786e+00
 4.97000000e+00   0.00000000e+00   1.00000000e+00   5.14238752e-02  -5.54319588e-06   4.18416263e+00   7.77362777e+00
 4.98000000e+00   0.00000000e+00   1.00000000e+00   5.28347297e-02   3.05745576e-05   4.19309423e+00   7.77748208e+00
 4.99000000e+00   0.00000000e+00   1.00000000e+00   5.42427872e-02   8.34937901e-05   4.20122028e+00   7.78169557e+00
 5.00000000e+00   0.00000000e+00   1.00000000e+00   5.56634566e-02   1.35632208e-04   4.20748529e+00   7.78575497e+00