  Time  Coordinate0  Coordinate1  Displacement0  Displacement1  Force0  Force1
 0.00000000e+00   0.00000000e+00   1.00000000e+00   0.00000000e+00   0.00000000e+00   0.00000000e+00   0.00000000e+00
 1.00000000e-02   0.00000000e+00   1.00000000e+00   2.89337163e-04   4.88138124e-05   9.19439744e+00   1.47388071e+01
 2.00000000e-02   0.00000000e+00   1.00000000e+00   9.34836636e-04   1.08485289e-04   7.14014996e+00   1.31008891e+01
 3.00000000e-02   0.00000000e+00   1.00000000e+00   1.75969365e-03   1.72930683e-04   6.24364928e+00   1.22067298e+01
 4.00000000e-02   0.00000000e+00   1.00000000e+00   2.71601176e-03   2.25887124e-04   5.72257036e+00   1.15941465e+01
 5.00000000e-02   0.00000000e+00   1.00000000e+00   3.79071417e-03   2.63646578e-04   5.37837392e+00   1.11302456e+01
 6.00000000e-02   0.00000000e+00   1.00000000e+00   4.95354224e-03   2.61407633e-04   5.13695545e+00   1.07581157e+01
 7.00000000e-02   0.00000000e+00   1.00000000e+00   6.20055998e-03   2.10482569e-04   4.95642371e+00   1.04450223e+01
 8.00000000e-02   0.00000000e+00   1.00000000e+00   7.55375860e-03   1.20072443e-04   4.81440241e+00   1.01781112e+01
 9.00000000e-02   0.00000000e+00   1.00000000e+00   9.09060434e-03   3.35481034e-05   4.69834364e+00   9.95400954e+00
 1.00000000e-01   0.00000000e+00   1.00000000e+00   1.08844459e-02  -1.27640341e-05   4.60715509e+00   9.76831125e+00
 1.10000000e-01   0.00000000e+00   1.00000000e+00   1.29368063e-02  -1.65578483e-05   4.53771476e+00   9.61247208e+00
 1.20000000e-01   0.00000000e+00   1.00000000e+00   1.51905485e-02   6.82269664e-06   4.48855078e+00   9.47991079e+00
 1.30000000e-01   0.00000000e+00   1.00000000e+00   1.76100840e-02   5.93226998e-05   4.45342860e+00   9.36796733e+00
 1.40000000e-01   0.00000000e+00   1.00000000e+00   2.01871452e-02   1.42189193e-04   4.42906796e+00   9.27310692e+00
 1.50000000e-01   0.00000000e+00   1.00000000e+00   2.28658986e-02   2.17925008e-04   4.41543063e+00   9.18809697e+00
 1.60000000e-01   0.00000000e+00   1.00000000e+00   2.55476581e-02   2.40785861e-04   4.40901916e+00   9.10398434e+00
 1.70000000e-01   0.00000000e+00   1.00000000e+00   2.82015222e-02   2.09419944e-04   4.40121190e+00   9.02185709e+00
 1.80000000e-01   0.00000000e+00   1.00000000e+00   3.09026307e-02   1.52434126e-04   4.38884272e+00   8.94911248e+00
 1.90000000e-01   0.00000000e+00   1.00000000e+00   3.37566124e-02   8.41869839e-05   4.37486695e+00   8.88925294e+00
 2.00000000e-01   0.00000000e+00   1.00000000e+00   3.68121810e-02   1.19621365e-05   4.36552134e+00   8.83866092e+00
 2.10000000e-01   0.00000000e+00   1.00000000e+00   4.00413916e-02  -4.18401781e-05   4.36359990e+00   8.79217328e+00
 2.20000000e-01   0.00000000e+00   1.00000000e+00   4.34066478e-02  -5.04000044e-05   4.36755994e+00   8.74972071e+00
 2.30000000e-01   0.00000000e+00   1.00000000e+00   4.69154365e-02  -4.31320757e-06   4.37602612e+00   8.71453754e+00
 2.40000000e-01   0.00000000e+00   1.00000000e+00   5.05579787e-02   7.50183260e-05   4.39090862e+00   8.68441067e+00
 2.50000000e-01   0.00000000e+00   1.00000000e+00   5.42387850e-02   1.47779278e-04   4.41327287e+00   8.65074616e+00
 2.60000000e-01   0.00000000e+00   1.00000000e+00   5.78570495e-02   1.93221909e-04   4.43754052e+00   8.61064484e+00
 2.70000000e-01   0.00000000e+00   1.00000000e+00   6.14050439e-02   2.12887187e-04   4.45697819e+00   8.56847115e+00
 2.80000000e-01   0.00000000e+00   1.00000000e+00   6.49230216e-02   1.97213938e-04   4.47145817e+00   8.52718650e+00
 2.90000000e-01   0.00000000e+00   1.00000000e+00   6.84277203e-02   1.33792799e-04   4.48325166e+00   8.48526000e+00
 3.00000000e-01   0.00000000e+00   1.00000000e+00   7.19367402e-02   4.45178297e-05   4.49245228e+00   8.44496447e+00
 3.10000000e-01   0.00000000e+00   1.00000000e+00   7.55052021e-02  -2.67408808e-05   4.49990424e+00   8.41232966e+00
 3.20000000e-01   0.00000000e+00   1.00000000e+00   7.91964567e-02  -5.54593416e-05   4.50921274e+00   8.38913496e+00
 3.30000000e-01   0.00000000e+00   1.00000000e+00   8.30272143e-02  -4.38677271e-05   4.52436153e+00   8.37281498e+00
 3.40000000e-01   0.00000000e+00   1.00000000e+00   8.69391477e-02  -1.20043088e-06   4.54816894e+00   8.35844498e+00
 3.50000000e-01   0.00000000e+00   1.00000000e+00   9.08269800e-02   6.59147789e-05   4.57823015e+00   8.34155455e+00
 3.60000000e-01   0.00000000e+00   1.00000000e+00   9.46203907e-02   1.43288733e-04   4.60862443e+00   8.32218667e+00
 3.70000000e-01   0.00000000e+00   1.00000000e+00   9.83271111e-02   2.00542080e-04   4.63491993e+00   8.30281544e+00
 3.80000000e-01   0.00000000e+00   1.00000000e+00   1.01972694e-01   2.07980059e-04   4.65799691e+00   8.28356179e+00
 3.90000000e-01   0.00000000e+00   1.00000000e+00   1.05546913e-01   1.64326037e-04   4.67885279e+00   8.26215001e+00
 4.00000000e-01   0.00000000e+00   1.00000000e+00   1.09051572e-01   9.55311013e-05   4.69609230e+00   8.24003793e+00
 4.10000000e-01   0.00000000e+00   1.00000000e+00   1.12548897e-01   2.54672253e-05   4.70962873e+00   8.22280594e+00
 4.20000000e-01   0.00000000e+00   1.00000000e+00   1.16116487e-01  -3.51281211e-05   4.72296884e+00   8.21332031e+00
 4.30000000e-01   0.00000000e+00   1.00000000e+00   1.19777894e-01  -7.02943119e-05   4.74171063e+00   8.21001068e+00
 4.40000000e-01   0.00000000e+00   1.00000000e+00   1.23495162e-01  -5.76340154e-05   4.76793446e+00   8.21072456e+00
 4.50000000e-01   0.00000000e+00   1.00000000e+00   1.27213756e-01   3.58908347e-06   4.80048026e+00   8.21342781e+00
 4.60000000e-01   0.00000000e+00   1.00000000e+00   1.30892970e-01   8.40527698e-05   4.83656717e+00   8.21606292e+00
 4.70000000e-01   0.00000000e+00   1.00000000e+00   1.34484484e-01   1.50516591e-04   4.87347788e+00   8.21492302e+00
 4.80000000e-01   0.00000000e+00   1.00000000e+00   1.37917383e-01   1.86409196e-04   4.90953328e+00   8.20724804e+00
 4.90000000e-01   0.00000000e+00   1.00000000e+00   1.41152054e-01   1.87306619e-04   4.94103436e+00   8.19592552e+00
 5.00000000e-01   0.00000000e+00   1.00000000e+00   1.44233621e-01   1.50665260e-04   4.96412480e+00   8.18377092e+00
 5.10000000e-01   0.00000000e+00   1.00000000e+00   1.47251181e-01   7.97706585e-05   4.98207589e+00   8.17619663e+00
 5.20000000e-01   0.00000000e+00   1.00000000e+00   1.50255085e-01  -3.18874024e-06   5.00028196e+00   8.17220313e+00
 5.30000000e-01   0.00000000e+00   1.00000000e+00   1.53238801e-01  -6.20882295e-05   5.02228184e+00   8.17101418e+00
 5.40000000e-01   0.00000000e+00   1.00000000e+00   1.56181311e-01  -7.43980410e-05   5.04795172e+00   8.17254009e+00
 5.50000000e-01   0.00000000e+00   1.00000000e+00   1.59073349e-01  -4.48806890e-05   5.07717041e+00   8.17820119e+00
 5.60000000e-01   0.00000000e+00   1.00000000e+00   1.61897666e-01   1.14117108e-05   5.10985058e+00   8.18572059e+00
 5.70000000e-01   0.00000000e+00   1.00000000e+00   1.64600818e-01   8.29685619e-05   5.14554143e+00   8.19189200e+00
 5.80000000e-01   0.00000000e+00   1.00000000e+00   1.67105670e-01   1.52297178e-04   5.18101762e+00   8.19271018e+00
 5.90000000e-01   0.00000000e+00   1.00000000e+00   1.69365717e-01   1.91197779e-04   5.21116620e+00   8.18768109e+00
 6.00000000e-01   0.00000000e+00   1.00000000e+00   1.71399674e-01   1.79775250e-04   5.23285549e+00   8.17911214e+00
 6.10000000e-01   0.00000000e+00   1.00000000e+00   1.73261862e-01   1.24534268e-04   5.24722136e+00   8.17047108e+00
 6.20000000e-01   0.00000000e+00   1.00000000e+00   1.74997400e-01   5.07963268e-05   5.25838725e+00   8.16410343e+00
 6.30000000e-01   0.00000000e+00   1.00000000e+00   1.76646325e-01  -1.74892427e-05   5.26832278e+00   8.16164758e+00
 6.40000000e-01   0.00000000e+00   1.00000000e+00   1.78260109e-01  -6.49816120e-05   5.27912677e+00   8.16505804e+00
 6.50000000e-01   0.00000000e+00   1.00000000e+00   1.79867793e-01  -7.82557118e-05   5.29430589e+00   8.17382746e+00
 6.60000000e-01   0.00000000e+00   1.00000000e+00   1.81431261e-01  -4.66280654e-05   5.31629219e+00   8.18450527e+00
 6.70000000e-01   0.00000000e+00   1.00000000e+00   1.82866106e-01   2.34396255e-05   5.34272174e+00   8.19231828e+00
 6.80000000e-01   0.00000000e+00   1.00000000e+00   1.84109079e-01   1.03263831e-04   5.36865436e+00   8.19706827e+00
 6.90000000e-01   0.00000000e+00   1.00000000e+00   1.85150063e-01   1.61028206e-04   5.38993412e+00   8.19899081e+00
 7.00000000e-01   0.00000000e+00   1.00000000e+00   1.86003028e-01   1.81846010e-04   5.40613688e+00   8.19869466e+00
 7.10000000e-01   0.00000000e+00   1.00000000e+00   1.86672087e-01   1.65075337e-04   5.41781570e+00   8.19513117e+00
 7.20000000e-01   0.00000000e+00   1.00000000e+00   1.87164618e-01   1.13745584e-04   5.42473004e+00   8.18910943e+00
 7.30000000e-01   0.00000000e+00   1.00000000e+00   1.87524419e-01   3.83809406e-05   5.42710317e+00   8.18378146e+00
 7.40000000e-01   0.00000000e+00   1.00000000e+00   1.87821707e-01  -3.53570065e-05   5.44711549e+00   8.18323648e+00
 7.50000000e-01   0.00000000e+00   1.00000000e+00   1.88099878e-01  -7.72834818e-05   5.44854680e+00   8.18150037e+00
 7.60000000e-01   0.00000000e+00   1.00000000e+00   1.88343545e-01  -7.23343028e-05   5.45176797e+00   8.18428206e+00
 7.70000000e-01   0.00000000e+00   1.00000000e+00   1.88499368e-01  -2.76338272e-05   5.45797234e+00   8.18840020e+00
 7.80000000e-01   0.00000000e+00   1.00000000e+00   1.88510907e-01   3.91998106e-05   5.46386009e+00   8.19197452e+00
 7.90000000e-01   0.00000000e+00   1.00000000e+00   1.88328948e-01   1.10501836e-04   5.46705819e+00   8.19365629e+00
 8.00000000e-01   0.00000000e+00   1.00000000e+00   1.87910053e-01   1.67054356e-04   5.46574453e+00   8.19306333e+00
 8.10000000e-01   0.00000000e+00   1.00000000e+00   1.87232439e-01   1.86975857e-04   5.45767849e+00   8.18889612e+00
 8.20000000e-01   0.00000000e+00   1.00000000e+00   1.86322459e-01   1.58712724e-04   5.44142570e+00   8.18028792e+00
 8.30000000e-01   0.00000000e+00   1.00000000e+00   1.85250577e-01   9.37939795e-05   5.47464442e+00   8.16782147e+00
 8.40000000e-01   0.00000000e+00   1.00000000e+00   1.84086395e-01   1.92915674e-05   5.47645167e+00   8.16726141e+00
 8.50000000e-01   0.00000000e+00   1.00000000e+00   1.82854720e-01  -4.11332711e-05   5.47164416e+00   8.17177634e+00
 8.60000000e-01   0.00000000e+00   1.00000000e+00   1.81547460e-01  -7.24487536e-05   5.46787093e+00   8.17698145e+00
 8.70000000e-01   0.00000000e+00   1.00000000e+00   1.80160603e-01  -6.51424125e-05   5.46564347e+00   8.18377342e+00
 8.80000000e-01   0.00000000e+00   1.00000000e+00   1.78689924e-01  -1.68105334e-05   5.46538928e+00   8.19258517e+00
 8.90000000e-01   0.00000000e+00   1.00000000e+00   1.77099172e-01   5.87448156e-05   5.46748177e+00   8.20043862e+00
 9.00000000e-01   0.00000000e+00   1.00000000e+00   1.75324706e-01   1.32940696e-04   5.46933540e+00   8.20278441e+00
 9.10000000e-01   0.00000000e+00   1.00000000e+00   1.73323237e-01   1.78373169e-04   5.46661210e+00   8.19900623e+00
 9.20000000e-01   0.00000000e+00   1.00000000e+00   1.71107702e-01   1.83062257e-04   5.45617038e+00   8.19092569e+00
 9.30000000e-01   0.00000000e+00   1.00000000e+00   1.68734267e-01   1.49593770e-04   5.43844824e+00   8.18157879e+00
 9.40000000e-01   0.00000000e+00   1.00000000e+00   1.66266699e-01   8.75573673e-05   5.41614713e+00   8.17366650e+00
 9.50000000e-01   0.00000000e+00   1.00000000e+00   1.63758593e-01   1.33381593e-05   5.39224930e+00   8.16807887e+00
 9.60000000e-01   0.00000000e+00   1.00000000e+00   1.61252438e-01  -4.79109367e-05   5.36945037e+00   8.16644130e+00
 9.70000000e-01   0.00000000e+00   1.00000000e+00   1.58769368e-01  -7.15061518e-05   5.35034478e+00   8.16938026e+00
 9.80000000e-01   0.00000000e+00   1.00000000e+00   1.56289557e-01  -4.88840312e-05   5.33654528e+00   8.17437724e+00
 9.90000000e-01   0.00000000e+00   1.00000000e+00   1.53754878e-01   8.67331329e-06   5.32767144e+00   8.17901195e+00
 1.00000000e+00   0.00000000e+00   1.00000000e+00   1.51105376e-01   8.07518694e-05   5.32054763e+00   8.18084195e+00
 1.01000000e+00   0.00000000e+00   1.00000000e+00   1.48314140e-01   1.47181112e-04   5.31153924e+00   8.17966504e+00
 1.02000000e+00   0.00000000e+00   1.00000000e+00   1.45385165e-01   1.88757380e-04   5.29852590e+00   8.17597152e+00
 1.03000000e+00   0.00000000e+00   1.00000000e+00   1.42329877e-01   1.89586308e-04   5.28122467e+00   8.16753931e+00
 1.04000000e+00   0.00000000e+00   1.00000000e+00   1.39163583e-01   1.46564222e-04   5.25969766e+00   8.15628705e+00
 1.05000000e+00   0.00000000e+00   1.00000000e+00   1.35925351e-01   7.56875877e-05   5.23405330e+00   8.14452867e+00
 1.06000000e+00   0.00000000e+00   1.00000000e+00   1.32680610e-01   4.05461688e-06   5.20543779e+00   8.13545852e+00
 1.07000000e+00   0.00000000e+00   1.00000000e+00   1.29484167e-01  -4.50007208e-05   5.17900712e+00   8.13237597e+00
 1.08000000e+00   0.00000000e+00   1.00000000e+00   1.26339602e-01  -5.86344118e-05   5.15672482e+00   8.13254657e+00
 1.09000000e+00   0.00000000e+00   1.00000000e+00   1.23201756e-01  -3.25839691e-05   5.13995684e+00   8.13321093e+00
 1.10000000e+00   0.00000000e+00   1.00000000e+00   1.20013581e-01   2.80833325e-05   5.12689335e+00   8.13319840e+00
 1.11000000e+00   0.00000000e+00   1.00000000e+00   1.16731761e-01   1.04932222e-04   5.11441188e+00   8.13043830e+00
 1.12000000e+00   0.00000000e+00   1.00000000e+00   1.13328426e-01   1.70041222e-04   5.10019635e+00   8.12362648e+00
 1.13000000e+00   0.00000000e+00   1.00000000e+00   1.09795487e-01   2.00204358e-04   5.08226845e+00   8.11232537e+00
 1.14000000e+00   0.00000000e+00   1.00000000e+00   1.06159821e-01   1.88019349e-04   5.05882921e+00   8.09797800e+00
 1.15000000e+00   0.00000000e+00   1.00000000e+00   1.02482915e-01   1.40395835e-04   5.03003622e+00   8.08327867e+00
 1.16000000e+00   0.00000000e+00   1.00000000e+00   9.88321866e-02   7.19560206e-05   4.99807173e+00   8.07005191e+00
 1.17000000e+00   0.00000000e+00   1.00000000e+00   9.52503361e-02   2.71671836e-06   4.96620420e+00   8.05902816e+00
 1.18000000e+00   0.00000000e+00   1.00000000e+00   9.17515028e-02  -4.36614249e-05   4.93650902e+00   8.05074780e+00
 1.19000000e+00   0.00000000e+00   1.00000000e+00   8.83363691e-02  -4.87484816e-05   4.91033468e+00   8.04618751e+00
 1.20000000e+00   0.00000000e+00   1.00000000e+00   8.49966921e-02  -1.03417853e-05   4.88773727e+00   8.04500944e+00
 1.21000000e+00   0.00000000e+00   1.00000000e+00   8.17028866e-02   5.63811563e-05   4.86884858e+00   8.04388996e+00
 1.22000000e+00   0.00000000e+00   1.00000000e+00   7.84026531e-02   1.28620429e-04   4.85301156e+00   8.03959955e+00
 1.23000000e+00   0.00000000e+00   1.00000000e+00   7.50509843e-02   1.85251180e-04   4.83689500e+00   8.02969605e+00
 1.24000000e+00   0.00000000e+00   1.00000000e+00   7.16474514e-02   2.09571940e-04   4.81734897e+00   8.01573739e+00
 1.25000000e+00   0.00000000e+00   1.00000000e+00   6.82404477e-02   1.92008463e-04   4.79262933e+00   7.99998029e+00
 1.26000000e+00   0.00000000e+00   1.00000000e+00   6.48963153e-02   1.36550693e-04   4.76382605e+00   7.98408779e+00
 1.27000000e+00   0.00000000e+00   1.00000000e+00   6.16688650e-02   6.30059466e-05   4.73343019e+00   7.97023177e+00
 1.28000000e+00   0.00000000e+00   1.00000000e+00   5.85913417e-02  -1.75653020e-06   4.70377439e+00   7.95941076e+00
 1.29000000e+00   0.00000000e+00   1.00000000e+00   5.56767381e-02  -3.67181998e-05   4.67700019e+00   7.95196812e+00
 1.30000000e+00   0.00000000e+00   1.00000000e+00   5.29104959e-02  -3.26148058e-05   4.65453272e+00   7.94725907e+00
 1.31000000e+00   0.00000000e+00   1.00000000e+00   5.02477847e-02   9.20066089e-06   4.63730547e+00   7.94315919e+00
 1.32000000e+00   0.00000000e+00   1.00000000e+00   4.76327201e-02   7.73956839e-05   4.62403900e+00   7.93796873e+00
 1.33000000e+00   0.00000000e+00   1.00000000e+00   4.50270886e-02   1.50462721e-04   4.61211133e+00   7.93028366e+00
 1.34000000e+00   0.00000000e+00   1.00000000e+00   4.24203944e-02   2.02504540e-04   4.59895808e+00   7.91929725e+00
 1.35000000e+00   0.00000000e+00   1.00000000e+00   3.98196320e-02   2.15240745e-04   4.58308194e+00   7.90439999e+00
 1.36000000e+00   0.00000000e+00   1.00000000e+00   3.72441413e-02   1.86305985e-04   4.56406080e+00   7.88620203e+00
 1.37000000e+00   0.00000000e+00   1.00000000e+00   3.47340715e-02   1.27178790e-04   4.54145654e+00   7.86754255e+00
 1.38000000e+00   0.00000000e+00   1.00000000e+00   3.23496921e-02   5.64847891e-05   4.51606656e+00   7.85160416e+00
 1.39000000e+00   0.00000000e+00   1.00000000e+00   3.01446208e-02  -4.29211309e-06   4.49006128e+00   7.84064404e+00
 1.40000000e+00   0.00000000e+00   1.00000000e+00   2.81322115e-02  -3.44870839e-05   4.46687356e+00   7.83415793e+00
 1.41000000e+00   0.00000000e+00   1.00000000e+00   2.62786326e-02  -2.20415416e-05   4.44878416e+00   7.82995098e+00
 1.42000000e+00   0.00000000e+00   1.00000000e+00   2.45283393e-02   2.90861720e-05   4.43573495e+00   7.82570374e+00
 1.43000000e+00   0.00000000e+00   1.00000000e+00   2.28349767e-02   1.00186404e-04   4.42558504e+00   7.81994161e+00
 1.44000000e+00   0.00000000e+00   1.00000000e+00   2.11740341e-02   1.67311719e-04   4.41586446e+00   7.81193281e+00
 1.45000000e+00   0.00000000e+00   1.00000000e+00   1.95420858e-02   2.10148045e-04   4.40463517e+00   7.80126255e+00
 1.46000000e+00   0.00000000e+00   1.00000000e+00   1.79585445e-02   2.15768490e-04   4.39051124e+00   7.78832445e+00
 1.47000000e+00   0.00000000e+00   1.00000000e+00   1.64678048e-02   1.81128127e-04   4.37238737e+00   7.77444475e+00
 1.48000000e+00   0.00000000e+00   1.00000000e+00   1.51272032e-02   1.16376730e-04   4.35089528e+00   7.76156014e+00
 1.49000000e+00   0.00000000e+00   1.00000000e+00   1.39831846e-02   4.38585403e-05   4.32809569e+00   7.75146321e+00
 1.50000000e+00   0.00000000e+00   1.00000000e+00   1.30566674e-02  -1.08650223e-05   4.30662548e+00   7.74536370e+00
 1.51000000e+00   0.00000000e+00   1.00000000e+00   1.23462051e-02  -3.01851543e-05   4.28835251e+00   7.74334198e+00
 1.52000000e+00   0.00000000e+00   1.00000000e+00   1.18335809e-02  -9.45133373e-06   4.27433217e+00   7.74459377e+00
 1.53000000e+00   0.00000000e+00   1.00000000e+00   1.14805755e-02   4.44189405e-05   4.26496353e+00   7.74698520e+00
 1.54000000e+00   0.00000000e+00   1.00000000e+00   1.12311347e-02   1.15244089e-04   4.25974605e+00   7.74758190e+00
 1.55000000e+00   0.00000000e+00   1.00000000e+00   1.10344365e-02   1.80091033e-04   4.25684712e+00   7.74415138e+00
 1.56000000e+00   0.00000000e+00   1.00000000e+00   1.08761116e-02   2.16146173e-04   4.25256877e+00   7.73683037e+00
 1.57000000e+00   0.00000000e+00   1.00000000e+00   1.07873579e-02   2.10678895e-04   4.24445885e+00   7.72780534e+00
 1.58000000e+00   0.00000000e+00   1.00000000e+00   1.08227043e-02   1.66650697e-04   4.23222975e+00   7.71933012e+00
 1.59000000e+00   0.00000000e+00   1.00000000e+00   1.10296095e-02   9.96768986e-05   4.21807954e+00   7.71276765e+00
 1.60000000e+00   0.00000000e+00   1.00000000e+00   1.14340942e-02   3.09893308e-05   4.20423505e+00   7.70877419e+00
 1.61000000e+00   0.00000000e+00   1.00000000e+00   1.20409151e-02  -1.81989939e-05   4.19275445e+00   7.70769999e+00
 1.62000000e+00   0.00000000e+00   1.00000000e+00   1.28339514e-02  -3.13964664e-05   4.18513478e+00   7.70956164e+00
 1.63000000e+00   0.00000000e+00   1.00000000e+00   1.37751414e-02  -3.05367418e-06   4.18237218e+00   7.71358453e+00
 1.64000000e+00   0.00000000e+00   1.00000000e+00   1.48125458e-02   5.73030650e-05   4.18419731e+00   7.71783535e+00
 1.65000000e+00   0.00000000e+00   1.00000000e+00   1.58993808e-02   1.28260631e-04   4.18890468e+00   7.72040523e+00
 1.66000000e+00   0.00000000e+00   1.00000000e+00   1.70103632e-02   1.85946175e-04   4.19343842e+00   7.72007620e+00
 1.67000000e+00   0.00000000e+00   1.00000000e+00   1.81448607e-02   2.12426579e-04   4.19591044e+00   7.71675138e+00
 1.68000000e+00   0.00000000e+00   1.00000000e+00   1.93230795e-02   1.99566888e-04   4.19522787e+00   7.71114315e+00
 1.69000000e+00   0.00000000e+00   1.00000000e+00   2.05845198e-02   1.50523435e-04   4.19104260e+00   7.70540893e+00
 1.70000000e+00   0.00000000e+00   1.00000000e+00   2.19829507e-02   8.04496697e-05   4.18407020e+00   7.70209711e+00
 1.71000000e+00   0.00000000e+00   1.00000000e+00   2.35663496e-02   1.30031437e-05   4.17652087e+00   7.70336172e+00
 1.72000000e+00   0.00000000e+00   1.00000000e+00   2.53492484e-02  -2.86951124e-05   4.17200730e+00   7.70924646e+00
 1.73000000e+00   0.00000000e+00   1.00000000e+00   2.73023468e-02  -3.14982580e-05   4.17269063e+00   7.71771373e+00
 1.74000000e+00   0.00000000e+00   1.00000000e+00   2.93708063e-02   4.14777690e-06   4.17918430e+00   7.72689410e+00
 1.75000000e+00   0.00000000e+00   1.00000000e+00   3.15035279e-02   6.63082194e-05   4.18929462e+00   7.73516421e+00
 1.76000000e+00   0.00000000e+00   1.00000000e+00   3.36693585e-02   1.35396380e-04   4.20084015e+00   7.74217757e+00
 1.77000000e+00   0.00000000e+00   1.00000000e+00   3.58575248e-02   1.88709487e-04   4.21148529e+00   7.74731748e+00
 1.78000000e+00   0.00000000e+00   1.00000000e+00   3.80758226e-02   2.07507560e-04   4.22012544e+00   7.75010355e+00
 1.79000000e+00   0.00000000e+00   1.00000000e+00   4.03516080e-02   1.84915088e-04   4.22568057e+00   7.75129343e+00
 1.80000000e+00   0.00000000e+00   1.00000000e+00   4.27266908e-02   1.29060812e-04   4.22850126e+00   7.75264611e+00
 1.81000000e+00   0.00000000e+00   1.00000000e+00   4.52413941e-02   5.89016160e-05   4.23062549e+00   7.75625616e+00
 1.82000000e+00   0.00000000e+00   1.00000000e+00   4.79173847e-02  -3.26138638e-06   4.23463207e+00   7.76313816e+00
 1.83000000e+00   0.00000000e+00   1.00000000e+00   5.07504411e-02  -3.80630837e-05   4.24267871e+00   7.77343570e+00
 1.84000000e+00   0.00000000e+00   1.00000000e+00   5.37121702e-02  -3.39712122e-05   4.25625043e+00   7.78644292e+00
 1.85000000e+00   0.00000000e+00   1.00000000e+00   5.67540509e-02   8.30326254e-06   4.27523740e+00   7.80021456e+00
 1.86000000e+00   0.00000000e+00   1.00000000e+00   5.98155800e-02   7.44617721e-05   4.29847963e+00   7.81265699e+00
 1.87000000e+00   0.00000000e+00   1.00000000e+00   6.28431208e-02   1.41502096e-04   4.32312587e+00   7.82125016e+00
 1.88000000e+00   0.00000000e+00   1.00000000e+00   6.58137698e-02   1.86915557e-04   4.34597067e+00   7.82614505e+00
 1.89000000e+00   0.00000000e+00   1.00000000e+00   6.87454400e-02   1.96359048e-04   4.36469003e+00   7.82889809e+00
 1.90000000e+00   0.00000000e+00   1.00000000e+00   7.16823530e-02   1.66947389e-04   4.37918217e+00   7.83134189e+00
 1.91000000e+00   0.00000000e+00   1.00000000e+00   7.46681409e-02   1.07466269e-04   4.39169190e+00   7.83493285e+00
 1.92000000e+00   0.00000000e+00   1.00000000e+00   7.77282602e-02   3.67259796e-05   4.40442296e+00   7.83970626e+00
 1.93000000e+00   0.00000000e+00   1.00000000e+00   8.08679921e-02  -2.16818081e-05   4.41951702e+00   7.84658986e+00
 1.94000000e+00   0.00000000e+00   1.00000000e+00   8.40749958e-02  -4.80570533e-05   4.43862117e+00   7.85664321e+00
 1.95000000e+00   0.00000000e+00   1.00000000e+00   8.73187717e-02  -3.42981366e-05   4.46206516e+00   7.86877475e+00
 1.96000000e+00   0.00000000e+00   1.00000000e+00   9.05534236e-02   1.40008908e-05   4.48970386e+00   7.88197335e+00
 1.97000000e+00   0.00000000e+00   1.00000000e+00   9.37308987e-02   8.07358205e-05   4.51919344e+00   7.89339517e+00
 1.98000000e+00   0.00000000e+00   1.00000000e+00   9.68187706e-02   1.44450235e-04   4.54783907e+00   7.90208113e+00
 1.99000000e+00   0.00000000e+00   1.00000000e+00   9.98107087e-02   1.84058653e-04   4.57312573e+00   7.90773409e+00
 2.00000000e+00   0.00000000e+00   1.00000000e+00   1.02726602e-01   1.85631672e-04   4.59411685e+00   7.91104351e+00
 2.01000000e+00   0.00000000e+00   1.00000000e+00   1.05606870e-01   1.48168934e-04   4.61083419e+00   7.91374426e+00
 2.02000000e+00   0.00000000e+00   1.00000000e+00   1.08501955e-01   8.44763645e-05   4.62510949e+00   7.91794430e+00
 2.03000000e+00   0.00000000e+00   1.00000000e+00   1.11454286e-01   1.58314378e-05   4.63977359e+00   7.92542911e+00
 2.04000000e+00   0.00000000e+00   1.00000000e+00   1.14477338e-01  -3.57912603e-05   4.65775174e+00   7.93637322e+00
 2.05000000e+00   0.00000000e+00   1.00000000e+00   1.17546419e-01  -5.41881235e-05   4.68123236e+00   7.94948683e+00
 2.06000000e+00   0.00000000e+00   1.00000000e+00   1.20610590e-01  -3.32672358e-05   4.70976071e+00   7.96311817e+00
 2.07000000e+00   0.00000000e+00   1.00000000e+00   1.23616757e-01   2.04684342e-05   4.74159883e+00   7.97621264e+00
 2.08000000e+00   0.00000000e+00   1.00000000e+00   1.26527451e-01   8.89928052e-05   4.77383354e+00   7.98799611e+00
 2.09000000e+00   0.00000000e+00   1.00000000e+00   1.29324769e-01   1.48880675e-04   4.80445904e+00   7.99712252e+00
 2.10000000e+00   0.00000000e+00   1.00000000e+00   1.32008345e-01   1.80149460e-04   4.83156487e+00   8.00354323e+00
 2.11000000e+00   0.00000000e+00   1.00000000e+00   1.34595459e-01   1.72946998e-04   4.85391739e+00   8.00737714e+00
 2.12000000e+00   0.00000000e+00   1.00000000e+00   1.37119519e-01   1.29772953e-04   4.87281238e+00   8.00966648e+00
 2.13000000e+00   0.00000000e+00   1.00000000e+00   1.39619160e-01   6.42033834e-05   4.89002315e+00   8.01298666e+00
 2.14000000e+00   0.00000000e+00   1.00000000e+00   1.42120551e-01  -2.68160921e-06   4.90835481e+00   8.01936086e+00
 2.15000000e+00   0.00000000e+00   1.00000000e+00   1.44624127e-01  -4.86024466e-05   4.93007589e+00   8.02779505e+00
 2.16000000e+00   0.00000000e+00   1.00000000e+00   1.47102578e-01  -5.81635920e-05   4.95644336e+00   8.03869799e+00
 2.17000000e+00   0.00000000e+00   1.00000000e+00   1.49507863e-01  -2.86659065e-05   4.98688897e+00   8.04986557e+00
 2.18000000e+00   0.00000000e+00   1.00000000e+00   1.51783667e-01   2.94628087e-05   5.01933988e+00   8.05995936e+00
 2.19000000e+00   0.00000000e+00   1.00000000e+00   1.53882797e-01   9.69889397e-05   5.05050996e+00   8.06686515e+00
 2.20000000e+00   0.00000000e+00   1.00000000e+00   1.55785577e-01   1.52068241e-04   5.07771334e+00   8.07085612e+00
 2.21000000e+00   0.00000000e+00   1.00000000e+00   1.57508065e-01   1.76499492e-04   5.09880513e+00   8.07215701e+00
 2.22000000e+00   0.00000000e+00   1.00000000e+00   1.59092239e-01   1.61668773e-04   5.11420161e+00   8.07248638e+00
 2.23000000e+00   0.00000000e+00   1.00000000e+00   1.60584609e-01   1.12198419e-04   5.12571456e+00   8.07278274e+00
 2.24000000e+00   0.00000000e+00   1.00000000e+00   1.62018859e-01   4.47922145e-05   5.13606650e+00   8.07402084e+00
 2.25000000e+00   0.00000000e+00   1.00000000e+00   1.63410362e-01  -1.81112169e-05   5.14766665e+00   8.07735086e+00
 2.26000000e+00   0.00000000e+00   1.00000000e+00   1.64756983e-01  -5.62001042e-05   5.16207442e+00   8.08318892e+00
 2.27000000e+00   0.00000000e+00   1.00000000e+00   1.66038913e-01  -5.74161317e-05   5.17987659e+00   8.09154936e+00
 2.28000000e+00   0.00000000e+00   1.00000000e+00   1.67219713e-01  -2.12350147e-05   5.20069248e+00   8.10110926e+00
 2.29000000e+00   0.00000000e+00   1.00000000e+00   1.68255790e-01   4.07665169e-05   5.22262252e+00   8.10982599e+00
 2.30000000e+00   0.00000000e+00   1.00000000e+00   1.69113757e-01   1.07994015e-04   5.24260967e+00   8.11607867e+00
 2.31000000e+00   0.00000000e+00   1.00000000e+00   1.69785432e-01   1.57817204e-04   5.25824351e+00   8.11941499e+00
 2.32000000e+00   0.00000000e+00   1.00000000e+00   1.70291588e-01   1.73795269e-04   5.26822023e+00   8.12004563e+00
 2.33000000e+00   0.00000000e+00   1.00000000e+00   1.70674685e-01   1.51119826e-04   5.27283775e+00   8.11954015e+00
 2.34000000e+00   0.00000000e+00   1.00000000e+00   1.70984787e-01   9.74236881e-05   5.27452725e+00   8.11960157e+00
 2.35000000e+00   0.00000000e+00   1.00000000e+00   1.71262722e-01   3.01938925e-05   5.29385293e+00   8.12245340e+00
 2.36000000e+00   0.00000000e+00   1.00000000e+00   1.71524016e-01  -2.88039088e-05   5.29722746e+00   8.12221922e+00
 2.37000000e+00   0.00000000e+00   1.00000000e+00   1.71751167e-01  -5.97698059e-05   5.30075041e+00   8.12494648e+00
 2.38000000e+00   0.00000000e+00   1.00000000e+00   1.71901581e-01  -5.22590335e-05   5.30626763e+00   8.12864920e+00
 2.39000000e+00   0.00000000e+00   1.00000000e+00   1.71926601e-01  -8.92846108e-06   5.31146138e+00   8.13267404e+00
 2.40000000e+00   0.00000000e+00   1.00000000e+00   1.71788286e-01   5.54911223e-05   5.31411556e+00   8.13595247e+00
 2.41000000e+00   0.00000000e+00   1.00000000e+00   1.71466352e-01   1.19891223e-04   5.31272084e+00   8.13753806e+00
 2.42000000e+00   0.00000000e+00   1.00000000e+00   1.70958608e-01   1.63448952e-04   5.30629595e+00   8.13589101e+00
 2.43000000e+00   0.00000000e+00   1.00000000e+00   1.70281556e-01   1.71890136e-04   5.29530802e+00   8.13094538e+00
 2.44000000e+00   0.00000000e+00   1.00000000e+00   1.69469714e-01   1.42131840e-04   5.28066341e+00   8.12314368e+00
 2.45000000e+00   0.00000000e+00   1.00000000e+00   1.68567283e-01   8.42064043e-05   5.31497829e+00   8.11890086e+00
 2.46000000e+00   0.00000000e+00   1.00000000e+00   1.67612610e-01   1.73301174e-05   5.31924702e+00   8.12062719e+00
 2.47000000e+00   0.00000000e+00   1.00000000e+00   1.66619429e-01  -3.59451001e-05   5.31833424e+00   8.12645415e+00
 2.48000000e+00   0.00000000e+00   1.00000000e+00   1.65570712e-01  -5.83552903e-05   5.31949566e+00   8.13384366e+00
 2.49000000e+00   0.00000000e+00   1.00000000e+00   1.64427456e-01  -4.25861365e-05   5.32314902e+00   8.14090826e+00
 2.50000000e+00   0.00000000e+00   1.00000000e+00   1.63143563e-01   6.27489221e-06   5.32788176e+00   8.14634958e+00
 2.51000000e+00   0.00000000e+00   1.00000000e+00   1.61682657e-01   7.25550263e-05   5.33064174e+00   8.14930013e+00
 2.52000000e+00   0.00000000e+00   1.00000000e+00   1.60032946e-01   1.34439945e-04   5.32933417e+00   8.14926227e+00
 2.53000000e+00   0.00000000e+00   1.00000000e+00   1.58213446e-01   1.71440059e-04   5.32226365e+00   8.14668895e+00
 2.54000000e+00   0.00000000e+00   1.00000000e+00   1.56267588e-01   1.71528073e-04   5.30946230e+00   8.14211793e+00
 2.55000000e+00   0.00000000e+00   1.00000000e+00   1.54246478e-01   1.35101782e-04   5.29231693e+00   8.13639238e+00
 2.56000000e+00   0.00000000e+00   1.00000000e+00   1.52192558e-01   7.44461742e-05   5.27350553e+00   8.13112511e+00
 2.57000000e+00   0.00000000e+00   1.00000000e+00   1.50131641e-01   9.55494672e-06   5.25510995e+00   8.12717606e+00
 2.58000000e+00   0.00000000e+00   1.00000000e+00   1.48071096e-01  -3.81194472e-05   5.23946255e+00   8.12622337e+00
 2.59000000e+00   0.00000000e+00   1.00000000e+00   1.45998964e-01  -5.26052487e-05   5.22739782e+00   8.12757848e+00
 2.60000000e+00   0.00000000e+00   1.00000000e+00   1.43884428e-01  -2.88226230e-05   5.21878215e+00   8.13081910e+00
 2.61000000e+00   0.00000000e+00   1.00000000e+00   1.41685995e-01   2.54984931e-05   5.21225223e+00   8.13359198e+00
 2.62000000e+00   0.00000000e+00   1.00000000e+00   1.39368716e-01   9.23852170e-05   5.20567216e+00   8.13516411e+00
 2.63000000e+00   0.00000000e+00   1.00000000e+00   1.36921527e-01   1.49998118e-04   5.19610010e+00   8.13329179e+00
 2.64000000e+00   0.00000000e+00   1.00000000e+00   1.34363813e-01   1.79777355e-04   5.18181032e+00   8.12844108e+00
 2.65000000e+00   0.00000000e+00   1.00000000e+00   1.31738157e-01   1.72195071e-04   5.16250845e+00   8.12157112e+00
 2.66000000e+00   0.00000000e+00   1.00000000e+00   1.29094479e-01   1.29770057e-04   5.14111081e+00   8.11496999e+00
 2.67000000e+00   0.00000000e+00   1.00000000e+00   1.26473073e-01   6.66756331e-05   5.11842160e+00   8.10828629e+00
 2.68000000e+00   0.00000000e+00   1.00000000e+00   1.23891751e-01   4.12372065e-06   5.09742118e+00   8.10367328e+00
 2.69000000e+00   0.00000000e+00   1.00000000e+00   1.21340469e-01  -3.70053913e-05   5.07998461e+00   8.10070621e+00
 2.70000000e+00   0.00000000e+00   1.00000000e+00   1.18786321e-01  -4.30793646e-05   5.06626141e+00   8.09896493e+00
 2.71000000e+00   0.00000000e+00   1.00000000e+00   1.16187622e-01  -1.20679201e-05   5.05557993e+00   8.09764085e+00
 2.72000000e+00   0.00000000e+00   1.00000000e+00   1.13509296e-01   4.60569966e-05   5.04595993e+00   8.09621668e+00
 2.73000000e+00   0.00000000e+00   1.00000000e+00   1.10731893e-01   1.12454793e-04   5.03527363e+00   8.09299133e+00
 2.74000000e+00   0.00000000e+00   1.00000000e+00   1.07854684e-01   1.65466763e-04   5.02156857e+00   8.08702340e+00
 2.75000000e+00   0.00000000e+00   1.00000000e+00   1.04897302e-01   1.87688538e-04   5.00358415e+00   8.07774656e+00
 2.76000000e+00   0.00000000e+00   1.00000000e+00   1.01899147e-01   1.72035968e-04   4.98140710e+00   8.06623381e+00
 2.77000000e+00   0.00000000e+00   1.00000000e+00   9.89109970e-02   1.24112745e-04   4.95598672e+00   8.05426482e+00
 2.78000000e+00   0.00000000e+00   1.00000000e+00   9.59780942e-02   6.00604713e-05   4.92961943e+00   8.04383648e+00
 2.79000000e+00   0.00000000e+00   1.00000000e+00   9.31226537e-02   1.06920843e-06   4.90471983e+00   8.03595474e+00
 2.80000000e+00   0.00000000e+00   1.00000000e+00   9.03365106e-02  -3.32750895e-05   4.88325122e+00   8.03038696e+00
 2.81000000e+00   0.00000000e+00   1.00000000e+00   8.75877970e-02  -3.13471880e-05   4.86577172e+00   8.02650179e+00
 2.82000000e+00   0.00000000e+00   1.00000000e+00   8.48367581e-02   6.52567130e-06   4.85122468e+00   8.02307603e+00
 2.83000000e+00   0.00000000e+00   1.00000000e+00   8.20524513e-02   6.79552574e-05   4.83771848e+00   8.01876417e+00
 2.84000000e+00   0.00000000e+00   1.00000000e+00   7.92248032e-02   1.32783563e-04   4.82303850e+00   8.01271906e+00
 2.85000000e+00   0.00000000e+00   1.00000000e+00   7.63693488e-02   1.79902711e-04   4.80545228e+00   8.00472364e+00
 2.86000000e+00   0.00000000e+00   1.00000000e+00   7.35229903e-02   1.94164285e-04   4.78436802e+00   7.99474907e+00
 2.87000000e+00   0.00000000e+00   1.00000000e+00   7.07321660e-02   1.71144254e-04   4.75995927e+00   7.98359525e+00
 2.88000000e+00   0.00000000e+00   1.00000000e+00   6.80391239e-02   1.18555372e-04   4.73421610e+00   7.97203300e+00
 2.89000000e+00   0.00000000e+00   1.00000000e+00   6.54720657e-02   5.39280104e-05   4.70853355e+00   7.96136688e+00
 2.90000000e+00   0.00000000e+00   1.00000000e+00   6.30401370e-02  -1.13081424e-06   4.68522605e+00   7.95314913e+00
 2.91000000e+00   0.00000000e+00   1.00000000e+00   6.07312477e-02  -2.82109716e-05   4.66542967e+00   7.94762324e+00
 2.92000000e+00   0.00000000e+00   1.00000000e+00   5.85132353e-02  -1.83536144e-05   4.64989931e+00   7.94397818e+00
 2.93000000e+00   0.00000000e+00   1.00000000e+00   5.63421787e-02   2.52087094e-05   4.63792308e+00   7.94063437e+00
 2.94000000e+00   0.00000000e+00   1.00000000e+00   5.41789181e-02   8.83087799e-05   4.62776116e+00   7.93557985e+00
 2.95000000e+00   0.00000000e+00   1.00000000e+00   5.20066746e-02   1.50399775e-04   4.61673891e+00   7.92812762e+00
 2.96000000e+00   0.00000000e+00   1.00000000e+00   4.98388691e-02   1.91129029e-04   4.60303667e+00   7.91827342e+00
 2.97000000e+00   0.00000000e+00   1.00000000e+00   4.77128215e-02   1.97142529e-04   4.58591604e+00   7.90673952e+00
 2.98000000e+00   0.00000000e+00   1.00000000e+00   4.56742698e-02   1.66631151e-04   4.56568866e+00   7.89445991e+00
 2.99000000e+00   0.00000000e+00   1.00000000e+00   4.37611060e-02   1.09946596e-04   4.54432483e+00   7.88258102e+00
 3.00000000e+00   0.00000000e+00   1.00000000e+00   4.19918068e-02   4.59362975e-05   4.52374177e+00   7.87203398e+00
 3.01000000e+00   0.00000000e+00   1.00000000e+00   4.03610901e-02  -4.25917343e-06   4.50562092e+00   7.86327961e+00
 3.02000000e+00   0.00000000e+00   1.00000000e+00   3.88432518e-02  -2.41056629e-05   4.49110562e+00   7.85672443e+00
 3.03000000e+00   0.00000000e+00   1.00000000e+00   3.74019051e-02  -6.92781902e-06   4.48004146e+00   7.85176687e+00
 3.04000000e+00   0.00000000e+00   1.00000000e+00   3.60024434e-02   4.17658253e-05   4.47160861e+00   7.84740723e+00
 3.05000000e+00   0.00000000e+00   1.00000000e+00   3.46223331e-02   1.05893034e-04   4.46370140e+00   7.84248376e+00
 3.06000000e+00   0.00000000e+00   1.00000000e+00   3.32575660e-02   1.64312931e-04   4.45477898e+00   7.83567501e+00
 3.07000000e+00   0.00000000e+00   1.00000000e+00   3.19257239e-02   1.97878588e-04   4.44308026e+00   7.82660779e+00
 3.08000000e+00   0.00000000e+00   1.00000000e+00   3.06644799e-02   1.95745825e-04   4.42806784e+00   7.81610569e+00
 3.09000000e+00   0.00000000e+00   1.00000000e+00   2.95228682e-02   1.58729870e-04   4.41010276e+00   7.80567526e+00
 3.10000000e+00   0.00000000e+00   1.00000000e+00   2.85450658e-02   9.90392061e-05   4.39065358e+00   7.79689736e+00
 3.11000000e+00   0.00000000e+00   1.00000000e+00   2.77532380e-02   3.63938593e-05   4.37226545e+00   7.79070099e+00
 3.12000000e+00   0.00000000e+00   1.00000000e+00   2.71394903e-02  -8.43981515e-06   4.35704875e+00   7.78703518e+00
 3.13000000e+00   0.00000000e+00   1.00000000e+00   2.66714640e-02  -2.06442997e-05   4.34602228e+00   7.78517434e+00
 3.14000000e+00   0.00000000e+00   1.00000000e+00   2.63072872e-02   3.69848391e-06   4.33886709e+00   7.78453430e+00
 3.15000000e+00   0.00000000e+00   1.00000000e+00   2.60116317e-02   5.64483447e-05   4.33418922e+00   7.78410143e+00
 3.16000000e+00   0.00000000e+00   1.00000000e+00   2.57667355e-02   1.20225282e-04   4.33024677e+00   7.78303975e+00
 3.17000000e+00   0.00000000e+00   1.00000000e+00   2.55765021e-02   1.74056669e-04   4.32497431e+00   7.78064850e+00
 3.18000000e+00   0.00000000e+00   1.00000000e+00   2.54642365e-02   2.00188375e-04   4.31744226e+00   7.77672480e+00
 3.19000000e+00   0.00000000e+00   1.00000000e+00   2.54647309e-02   1.89920693e-04   4.30722699e+00   7.77156437e+00
 3.20000000e+00   0.00000000e+00   1.00000000e+00   2.56129362e-02   1.46642852e-04   4.29555690e+00   7.76623339e+00
 3.21000000e+00   0.00000000e+00   1.00000000e+00   2.59332153e-02   8.46760928e-05   4.28375999e+00   7.76194494e+00
 3.22000000e+00   0.00000000e+00   1.00000000e+00   2.64316130e-02   2.44184996e-05   4.27396359e+00   7.75970053e+00
 3.23000000e+00   0.00000000e+00   1.00000000e+00   2.70920540e-02  -1.44443893e-05   4.26767392e+00   7.75987773e+00
 3.24000000e+00   0.00000000e+00   1.00000000e+00   2.78778997e-02  -1.92740061e-05   4.26573640e+00   7.76202571e+00
 3.25000000e+00   0.00000000e+00   1.00000000e+00   2.87410485e-02   1.14264589e-05   4.26799976e+00   7.76471520e+00
 3.26000000e+00   0.00000000e+00   1.00000000e+00   2.96379687e-02   6.74385197e-05   4.27259693e+00   7.76668243e+00
 3.27000000e+00   0.00000000e+00   1.00000000e+00   3.05462098e-02   1.30121195e-04   4.27729344e+00   7.76718258e+00
 3.28000000e+00   0.00000000e+00   1.00000000e+00   3.14724097e-02   1.78633664e-04   4.27992078e+00   7.76615103e+00
 3.29000000e+00   0.00000000e+00   1.00000000e+00   3.24473283e-02   1.96916997e-04   4.27939024e+00   7.76406016e+00
 3.30000000e+00   0.00000000e+00   1.00000000e+00   3.35115863e-02   1.78941640e-04   4.27599251e+00   7.76154271e+00
 3.31000000e+00   0.00000000e+00   1.00000000e+00   3.47001336e-02   1.30555180e-04   4.27127885e+00   7.75944438e+00
 3.32000000e+00   0.00000000e+00   1.00000000e+00   3.60314764e-02   6.75435126e-05   4.26711931e+00   7.75849316e+00
 3.33000000e+00   0.00000000e+00   1.00000000e+00   3.75033353e-02   1.05288129e-05   4.26522110e+00   7.75937246e+00
 3.34000000e+00   0.00000000e+00   1.00000000e+00   3.90941239e-02  -2.17937084e-05   4.26689913e+00   7.76243037e+00
 3.35000000e+00   0.00000000e+00   1.00000000e+00   4.07694391e-02  -1.89214759e-05   4.27229874e+00   7.76741664e+00
 3.36000000e+00   0.00000000e+00   1.00000000e+00   4.24922235e-02   1.79511634e-05   4.28093286e+00   7.77361707e+00
 3.37000000e+00   0.00000000e+00   1.00000000e+00   4.42338619e-02   7.64279027e-05   4.29079673e+00   7.77962003e+00
 3.38000000e+00   0.00000000e+00   1.00000000e+00   4.59831217e-02   1.37098721e-04   4.30013332e+00   7.78449343e+00
 3.39000000e+00   0.00000000e+00   1.00000000e+00   4.77507194e-02   1.79868068e-04   4.30731794e+00   7.78782683e+00
 3.40000000e+00   0.00000000e+00   1.00000000e+00   4.95676909e-02   1.90491460e-04   4.31169449e+00   7.78997610e+00
 3.41000000e+00   0.00000000e+00   1.00000000e+00   5.14760929e-02   1.65291068e-04   4.31348708e+00   7.79206411e+00
 3.42000000e+00   0.00000000e+00   1.00000000e+00   5.35133211e-02   1.12453182e-04   4.31471584e+00   7.79520623e+00
 3.43000000e+00   0.00000000e+00   1.00000000e+00   5.56961720e-02   4.93071192e-05   4.31748430e+00   7.80001694e+00
 3.44000000e+00   0.00000000e+00   1.00000000e+00   5.80130102e-02  -3.50396565e-06   4.32385554e+00   7.80659709e+00
 3.45000000e+00   0.00000000e+00   1.00000000e+00   6.04282474e-02  -2.88340393e-05   4.33510813e+00   7.81469752e+00
 3.46000000e+00   0.00000000e+00   1.00000000e+00   6.28957930e-02  -1.86019757e-05   4.35060150e+00   7.82357491e+00
 3.47000000e+00   0.00000000e+00   1.00000000e+00   6.53739565e-02   2.36145548e-05   4.36871994e+00   7.83272544e+00
 3.48000000e+00   0.00000000e+00   1.00000000e+00   6.78360316e-02   8.36991675e-05   4.38782047e+00   7.84143672e+00
 3.49000000e+00   0.00000000e+00   1.00000000e+00   7.02750035e-02   1.41598335e-04   4.40559941e+00   7.84877794e+00
 3.50000000e+00   0.00000000e+00   1.00000000e+00   7.27029496e-02   1.77993895e-04   4.42103104e+00   7.85459480e+00
 3.51000000e+00   0.00000000e+00   1.00000000e+00   7.51457398e-02   1.80737385e-04   4.43392712e+00   7.85876757e+00
 3.52000000e+00   0.00000000e+00   1.00000000e+00   7.76337435e-02   1.48818991e-04   4.44497230e+00   7.86186439e+00
 3.53000000e+00   0.00000000e+00   1.00000000e+00   8.01905566e-02   9.25899574e-05   4.45574782e+00   7.86531720e+00
 3.54000000e+00   0.00000000e+00   1.00000000e+00   8.28230419e-02   3.03529877e-05   4.46844946e+00   7.87002905e+00
 3.55000000e+00   0.00000000e+00   1.00000000e+00   8.55159393e-02  -1.75866573e-05   4.48433201e+00   7.87673929e+00
 3.56000000e+00   0.00000000e+00   1.00000000e+00   8.82334756e-02  -3.56170579e-05   4.50443780e+00   7.88466099e+00
 3.57000000e+00   0.00000000e+00   1.00000000e+00   9.09288619e-02  -1.80148023e-05   4.52805606e+00   7.89359515e+00
 3.58000000e+00   0.00000000e+00   1.00000000e+00   9.35596354e-02   2.91354640e-05   4.55306108e+00   7.90182306e+00
 3.59000000e+00   0.00000000e+00   1.00000000e+00   9.61028757e-02   9.00448012e-05   4.57687161e+00   7.90906227e+00
 3.60000000e+00   0.00000000e+00   1.00000000e+00   9.85628108e-02   1.44460345e-04   4.59791935e+00   7.91526439e+00
 3.61000000e+00   0.00000000e+00   1.00000000e+00   1.00966929e-01   1.74331589e-04   4.61524209e+00   7.92036630e+00
 3.62000000e+00   0.00000000e+00   1.00000000e+00   1.03353465e-01   1.69646798e-04   4.62929644e+00   7.92476102e+00
 3.63000000e+00   0.00000000e+00   1.00000000e+00   1.05757173e-01   1.31787273e-04   4.64172407e+00   7.92887862e+00
 3.64000000e+00   0.00000000e+00   1.00000000e+00   1.08198913e-01   7.31028194e-05   4.65444442e+00   7.93342376e+00
 3.65000000e+00   0.00000000e+00   1.00000000e+00   1.10680582e-01   1.28329232e-05   4.66926889e+00   7.93914005e+00
 3.66000000e+00   0.00000000e+00   1.00000000e+00   1.13184864e-01  -2.93274866e-05   4.68752055e+00   7.94666260e+00
 3.67000000e+00   0.00000000e+00   1.00000000e+00   1.15679526e-01  -3.97086127e-05   4.70940139e+00   7.95598085e+00
 3.68000000e+00   0.00000000e+00   1.00000000e+00   1.18126093e-01  -1.51035679e-05   4.73396577e+00   7.96607673e+00
 3.69000000e+00   0.00000000e+00   1.00000000e+00   1.20491337e-01   3.62096058e-05   4.75944212e+00   7.97618149e+00
 3.70000000e+00   0.00000000e+00   1.00000000e+00   1.22758091e-01   9.71604447e-05   4.78353615e+00   7.98514933e+00
 3.71000000e+00   0.00000000e+00   1.00000000e+00   1.24931364e-01   1.47483854e-04   4.80480500e+00   7.99250844e+00
 3.72000000e+00   0.00000000e+00   1.00000000e+00   1.27036948e-01   1.70431919e-04   4.82225138e+00   7.99803870e+00
 3.73000000e+00   0.00000000e+00   1.00000000e+00   1.29111881e-01   1.58353087e-04   4.83694197e+00   8.00290164e+00
 3.74000000e+00   0.00000000e+00   1.00000000e+00   1.31189422e-01   1.15167099e-04   4.85066918e+00   8.00717909e+00
 3.75000000e+00   0.00000000e+00   1.00000000e+00   1.33284528e-01   5.49984073e-05   4.86570642e+00   8.01193871e+00
 3.76000000e+00   0.00000000e+00   1.00000000e+00   1.35386598e-01  -2.48733662e-06   4.88301790e+00   8.01779553e+00
 3.77000000e+00   0.00000000e+00   1.00000000e+00   1.37462794e-01  -3.84905798e-05   4.90426179e+00   8.02409782e+00
 3.78000000e+00   0.00000000e+00   1.00000000e+00   1.39469479e-01  -4.12666231e-05   4.92870138e+00   8.03136452e+00
 3.79000000e+00   0.00000000e+00   1.00000000e+00   1.41365704e-01  -1.00601435e-05   4.95488437e+00   8.03985995e+00
 3.80000000e+00   0.00000000e+00   1.00000000e+00   1.43123547e-01   4.46644958e-05   4.98010271e+00   8.04679487e+00
 3.81000000e+00   0.00000000e+00   1.00000000e+00   1.44733561e-01   1.04705821e-04   5.00261615e+00   8.05287141e+00
 3.82000000e+00   0.00000000e+00   1.00000000e+00   1.46205819e-01   1.50204690e-04   5.02125953e+00   8.05742183e+00
 3.83000000e+00   0.00000000e+00   1.00000000e+00   1.47566505e-01   1.66116377e-04   5.03564591e+00   8.05989101e+00
 3.84000000e+00   0.00000000e+00   1.00000000e+00   1.48849699e-01   1.47132096e-04   5.04671456e+00   8.06107650e+00
 3.85000000e+00   0.00000000e+00   1.00000000e+00   1.50085702e-01   9.94362131e-05   5.05618100e+00   8.06200509e+00
 3.86000000e+00   0.00000000e+00   1.00000000e+00   1.51289520e-01   3.87158823e-05   5.06631127e+00   8.06363652e+00
 3.87000000e+00   0.00000000e+00   1.00000000e+00   1.52454077e-01  -1.50472935e-05   5.07869626e+00   8.06669598e+00
 3.88000000e+00   0.00000000e+00   1.00000000e+00   1.53551471e-01  -4.41984575e-05   5.09399539e+00   8.07122112e+00
 3.89000000e+00   0.00000000e+00   1.00000000e+00   1.54542467e-01  -3.92471940e-05   5.11152703e+00   8.07660524e+00
 3.90000000e+00   0.00000000e+00   1.00000000e+00   1.55391151e-01  -1.92791063e-06   5.12952931e+00   8.08234148e+00
 3.91000000e+00   0.00000000e+00   1.00000000e+00   1.56078817e-01   5.54200135e-05   5.14556883e+00   8.08766013e+00
 3.92000000e+00   0.00000000e+00   1.00000000e+00   1.56610953e-01   1.13871390e-04   5.15801568e+00   8.09213872e+00
 3.93000000e+00   0.00000000e+00   1.00000000e+00   1.57014530e-01   1.54129435e-04   5.16593440e+00   8.09556386e+00
 3.94000000e+00   0.00000000e+00   1.00000000e+00   1.57327700e-01   1.62914064e-04   5.17012422e+00   8.09780705e+00
 3.95000000e+00   0.00000000e+00   1.00000000e+00   1.57587180e-01   1.37373912e-04   5.17181308e+00   8.09901181e+00
 3.96000000e+00   0.00000000e+00   1.00000000e+00   1.57818195e-01   8.60927623e-05   5.18878835e+00   8.10243291e+00
 3.97000000e+00   0.00000000e+00   1.00000000e+00   1.58028538e-01   2.58765002e-05   5.19175895e+00   8.10195370e+00
 3.98000000e+00   0.00000000e+00   1.00000000e+00   1.58206414e-01  -2.33779279e-05   5.19388021e+00   8.10309463e+00
 3.99000000e+00   0.00000000e+00   1.00000000e+00   1.58323132e-01  -4.54890587e-05   5.19717677e+00   8.10475284e+00
 4.00000000e+00   0.00000000e+00   1.00000000e+00   1.58341186e-01  -3.31261086e-05   5.20054769e+00   8.10732363e+00
 4.01000000e+00   0.00000000e+00   1.00000000e+00   1.58226137e-01   9.57080726e-06   5.20206400e+00   8.10970678e+00
 4.02000000e+00   0.00000000e+00   1.00000000e+00   1.57958716e-01   6.85227121e-05   5.20059245e+00   8.11118448e+00
 4.03000000e+00   0.00000000e+00   1.00000000e+00   1.57542085e-01   1.24288868e-04   5.19516782e+00   8.11077144e+00
 4.04000000e+00   0.00000000e+00   1.00000000e+00   1.57000852e-01   1.58551686e-04   5.18583022e+00   8.10772789e+00
 4.05000000e+00   0.00000000e+00   1.00000000e+00   1.56371785e-01   1.60085317e-04   5.17428371e+00   8.10191096e+00
 4.06000000e+00   0.00000000e+00   1.00000000e+00   1.55689718e-01   1.28419955e-04   5.16180226e+00   8.09403428e+00
 4.07000000e+00   0.00000000e+00   1.00000000e+00   1.54974234e-01   7.40338599e-05   5.15058458e+00   8.08506800e+00
 4.08000000e+00   0.00000000e+00   1.00000000e+00   1.54222206e-01   1.51501274e-05   5.18998077e+00   8.09047738e+00
 4.09000000e+00   0.00000000e+00   1.00000000e+00   1.53412426e-01  -2.86255644e-05   5.20130208e+00   8.09464546e+00
 4.10000000e+00   0.00000000e+00   1.00000000e+00   1.52511404e-01  -4.30610374e-05   5.20747272e+00   8.10148386e+00
 4.11000000e+00   0.00000000e+00   1.00000000e+00   1.51484582e-01  -2.32006204e-05   5.21337066e+00   8.10799352e+00
 4.12000000e+00   0.00000000e+00   1.00000000e+00   1.50308774e-01   2.44374042e-05   5.21760374e+00   8.11348963e+00
 4.13000000e+00   0.00000000e+00   1.00000000e+00   1.48978136e-01   8.42422696e-05   5.21868015e+00   8.11702634e+00
 4.14000000e+00   0.00000000e+00   1.00000000e+00   1.47506452e-01   1.36497092e-04   5.21499694e+00   8.11810333e+00
 4.15000000e+00   0.00000000e+00   1.00000000e+00   1.45925403e-01   1.64129039e-04   5.20671686e+00   8.11693100e+00
 4.16000000e+00   0.00000000e+00   1.00000000e+00   1.44276099e-01   1.58252144e-04   5.19449774e+00   8.11341608e+00
 4.17000000e+00   0.00000000e+00   1.00000000e+00   1.42597365e-01   1.21025926e-04   5.18004651e+00   8.10901335e+00
 4.18000000e+00   0.00000000e+00   1.00000000e+00   1.40913288e-01   6.48491589e-05   5.16573590e+00   8.10563500e+00
 4.19000000e+00   0.00000000e+00   1.00000000e+00   1.39225437e-01   8.34876151e-06   5.15311492e+00   8.10265133e+00
 4.20000000e+00   0.00000000e+00   1.00000000e+00   1.37513920e-01  -2.96678885e-05   5.14329337e+00   8.10102336e+00
 4.21000000e+00   0.00000000e+00   1.00000000e+00   1.35746294e-01  -3.64791374e-05   5.13616691e+00   8.10066971e+00
 4.22000000e+00   0.00000000e+00   1.00000000e+00   1.33891360e-01  -9.73584158e-06   5.13025175e+00   8.10101175e+00
 4.23000000e+00   0.00000000e+00   1.00000000e+00   1.31931982e-01   4.17682280e-05   5.12336992e+00   8.10174200e+00
 4.24000000e+00   0.00000000e+00   1.00000000e+00   1.29871823e-01   1.01199886e-04   5.11429434e+00   8.10176382e+00
 4.25000000e+00   0.00000000e+00   1.00000000e+00   1.27734330e-01   1.49229450e-04   5.10248641e+00   8.10103654e+00
 4.26000000e+00   0.00000000e+00   1.00000000e+00   1.25555298e-01   1.70232687e-04   5.08683094e+00   8.09787602e+00
 4.27000000e+00   0.00000000e+00   1.00000000e+00   1.23372205e-01   1.57409305e-04   5.06909073e+00   8.09390079e+00
 4.28000000e+00   0.00000000e+00   1.00000000e+00   1.21213465e-01   1.15186634e-04   5.05056318e+00   8.08865186e+00
 4.29000000e+00   0.00000000e+00   1.00000000e+00   1.19090597e-01   5.77619368e-05   5.03312584e+00   8.08326719e+00
 4.30000000e+00   0.00000000e+00   1.00000000e+00   1.16995427e-01   4.26902745e-06   5.01811533e+00   8.07869679e+00
 4.31000000e+00   0.00000000e+00   1.00000000e+00   1.14902520e-01  -2.75421789e-05   5.00626433e+00   8.07549431e+00
 4.32000000e+00   0.00000000e+00   1.00000000e+00   1.12776666e-01  -2.70925640e-05   4.99708902e+00   8.07335334e+00
 4.33000000e+00   0.00000000e+00   1.00000000e+00   1.10584416e-01   5.61359101e-06   4.98923198e+00   8.07155319e+00
 4.34000000e+00   0.00000000e+00   1.00000000e+00   1.08306707e-01   5.99920718e-05   4.98066600e+00   8.06936219e+00
 4.35000000e+00   0.00000000e+00   1.00000000e+00   1.05947203e-01   1.18278172e-04   4.96970910e+00   8.06588311e+00
 4.36000000e+00   0.00000000e+00   1.00000000e+00   1.03531587e-01   1.61373387e-04   4.95536943e+00   8.06082817e+00
 4.37000000e+00   0.00000000e+00   1.00000000e+00   1.01098333e-01   1.75278071e-04   4.93746117e+00   8.05411037e+00
 4.38000000e+00   0.00000000e+00   1.00000000e+00   9.86856462e-02   1.55710901e-04   4.91755652e+00   8.04611573e+00
 4.39000000e+00   0.00000000e+00   1.00000000e+00   9.63193383e-02   1.09367598e-04   4.89705065e+00   8.03744618e+00
 4.40000000e+00   0.00000000e+00   1.00000000e+00   9.40055822e-02   5.16824517e-05   4.87777847e+00   8.02887537e+00
 4.41000000e+00   0.00000000e+00   1.00000000e+00   9.17310998e-02   1.82483243e-06   4.86084463e+00   8.02124891e+00
 4.42000000e+00   0.00000000e+00   1.00000000e+00   8.94699766e-02  -2.35689228e-05   4.84658161e+00   8.01496795e+00
 4.43000000e+00   0.00000000e+00   1.00000000e+00   8.71936385e-02  -1.59392448e-05   4.83442743e+00   8.01008520e+00
 4.44000000e+00   0.00000000e+00   1.00000000e+00   8.48809454e-02   2.23175594e-05   4.82300781e+00   8.00613061e+00
 4.45000000e+00   0.00000000e+00   1.00000000e+00   8.25263404e-02   7.86954346e-05   4.81058101e+00   8.00211614e+00
 4.46000000e+00   0.00000000e+00   1.00000000e+00   8.01436749e-02   1.34798088e-04   4.79597473e+00   7.99688061e+00
 4.47000000e+00   0.00000000e+00   1.00000000e+00   7.77642853e-02   1.72374521e-04   4.77832300e+00   7.99043446e+00
 4.48000000e+00   0.00000000e+00   1.00000000e+00   7.54295287e-02   1.79260628e-04   4.75799321e+00   7.98236182e+00
 4.49000000e+00   0.00000000e+00   1.00000000e+00   7.31791218e-02   1.53360602e-04   4.73607732e+00   7.97397500e+00
 4.50000000e+00   0.00000000e+00   1.00000000e+00   7.10386568e-02   1.03406024e-04   4.71432093e+00   7.96572004e+00
 4.51000000e+00   0.00000000e+00   1.00000000e+00   6.90114729e-02   4.60934550e-05   4.69451134e+00   7.95768718e+00
 4.52000000e+00   0.00000000e+00   1.00000000e+00   6.70788195e-02   4.99803592e-07   4.67769054e+00   7.95087861e+00
 4.53000000e+00   0.00000000e+00   1.00000000e+00   6.52084297e-02  -1.82628864e-05   4.66427829e+00   7.94529267e+00
 4.54000000e+00   0.00000000e+00   1.00000000e+00   6.33675792e-02  -3.94203880e-06   4.65317496e+00   7.94083750e+00
 4.55000000e+00   0.00000000e+00   1.00000000e+00   6.15350332e-02   3.88575634e-05   4.64312047e+00   7.93694540e+00
 4.56000000e+00   0.00000000e+00   1.00000000e+00   5.97079193e-02   9.61680847e-05   4.63246513e+00   7.93291820e+00
 4.57000000e+00   0.00000000e+00   1.00000000e+00   5.79022122e-02   1.49203611e-04   4.61995643e+00   7.92800364e+00
 4.58000000e+00   0.00000000e+00   1.00000000e+00   5.61472536e-02   1.80579184e-04   4.60509615e+00   7.92169198e+00
 4.59000000e+00   0.00000000e+00   1.00000000e+00   5.44763394e-02   1.80104859e-04   4.58831146e+00   7.91375568e+00
 4.60000000e+00   0.00000000e+00   1.00000000e+00   5.29165005e-02   1.48121263e-04   4.57070915e+00   7.90493651e+00
 4.61000000e+00   0.00000000e+00   1.00000000e+00   5.14802476e-02   9.53164077e-05   4.55367251e+00   7.89599067e+00
 4.62000000e+00   0.00000000e+00   1.00000000e+00   5.01612344e-02   3.91721332e-05   4.53877421e+00   7.88774864e+00
 4.63000000e+00   0.00000000e+00   1.00000000e+00   4.89353447e-02  -1.75549858e-06   4.52678737e+00   7.88072621e+00
 4.64000000e+00   0.00000000e+00   1.00000000e+00   4.77678758e-02  -1.39010997e-05   4.51783707e+00   7.87503449e+00
 4.65000000e+00   0.00000000e+00   1.00000000e+00   4.66253440e-02   6.78564416e-06   4.51099403e+00   7.87016915e+00
 4.66000000e+00   0.00000000e+00   1.00000000e+00   4.54878642e-02   5.34955780e-05   4.50464901e+00   7.86574558e+00
 4.67000000e+00   0.00000000e+00   1.00000000e+00   4.43570359e-02   1.10833554e-04   4.49717411e+00   7.86099029e+00
 4.68000000e+00   0.00000000e+00   1.00000000e+00   4.32559918e-02   1.59974675e-04   4.48733516e+00   7.85569204e+00
 4.69000000e+00   0.00000000e+00   1.00000000e+00   4.22214018e-02   1.84828466e-04   4.47478925e+00   7.84966462e+00
 4.70000000e+00   0.00000000e+00   1.00000000e+00   4.12908873e-02   1.77297688e-04   4.46023350e+00   7.84297891e+00
 4.71000000e+00   0.00000000e+00   1.00000000e+00   4.04912005e-02   1.39931621e-04   4.44503377e+00   7.83575020e+00
 4.72000000e+00   0.00000000e+00   1.00000000e+00   3.98311738e-02   8.51060717e-05   4.43072041e+00   7.82891780e+00
 4.73000000e+00   0.00000000e+00   1.00000000e+00   3.93008347e-02   3.09659015e-05   4.41884924e+00   7.82303013e+00
 4.74000000e+00   0.00000000e+00   1.00000000e+00   3.88760669e-02  -4.61929790e-06   4.40976145e+00   7.81867713e+00
 4.75000000e+00   0.00000000e+00   1.00000000e+00   3.85271123e-02  -9.96987433e-06   4.40333890e+00   7.81611298e+00
 4.76000000e+00   0.00000000e+00   1.00000000e+00   3.82286460e-02   1.66283195e-05   4.39887411e+00   7.81478629e+00
 4.77000000e+00   0.00000000e+00   1.00000000e+00   3.79685998e-02   6.63789392e-05   4.39485213e+00   7.81410451e+00
 4.78000000e+00   0.00000000e+00   1.00000000e+00   3.77531017e-02   1.22876343e-04   4.38979137e+00   7.81336162e+00
 4.79000000e+00   0.00000000e+00   1.00000000e+00   3.76058837e-02   1.67394599e-04   4.37592079e+00   7.81804960e+00
 4.80000000e+00   0.00000000e+00   1.00000000e+00   3.75611401e-02   1.85345973e-04   4.37122952e+00   7.81653988e+00
 4.81000000e+00   0.00000000e+00   1.00000000e+00   3.76523203e-02   1.70796770e-04   4.36888996e+00   7.81279399e+00
 4.82000000e+00   0.00000000e+00   1.00000000e+00   3.78998525e-02   1.28601723e-04   4.35271347e+00   7.80403171e+00
 4.83000000e+00   0.00000000e+00   1.00000000e+00   3.83025645e-02   7.25539683e-05   4.34374308e+00   7.80156902e+00
 4.84000000e+00   0.00000000e+00   1.00000000e+00   3.88380730e-02   2.11619332e-05   4.33877599e+00   7.79921839e+00
 4.85000000e+00   0.00000000e+00   1.00000000e+00   3.94706005e-02  -8.80905615e-06   4.33734847e+00   7.79831418e+00
 4.86000000e+00   0.00000000e+00   1.00000000e+00   4.01625413e-02  -7.52095258e-06   4.33886363e+00   7.79871703e+00
 4.87000000e+00   0.00000000e+00   1.00000000e+00   4.08860783e-02   2.44400894e-05   4.34217652e+00   7.80014923e+00
 4.88000000e+00   0.00000000e+00   1.00000000e+00   4.16305614e-02   7.63881282e-05   4.34551522e+00   7.80225577e+00
 4.89000000e+00   0.00000000e+00   1.00000000e+00   4.24037574e-02   1.31072948e-04   4.34761915e+00   7.80415245e+00
 4.90000000e+00   0.00000000e+00   1.00000000e+00   4.32278474e-02   1.70402775e-04   4.34777124e+00   7.80531201e+00
 4.91000000e+00   0.00000000e+00   1.00000000e+00   4.41315996e-02   1.81372244e-04   4.34625287e+00   7.80555183e+00
 4.92000000e+00   0.00000000e+00   1.00000000e+00   4.51406765e-02   1.60276954e-04   4.34357136e+00   7.80504546e+00
 4.93000000e+00   0.00000000e+00   1.00000000e+00   4.62683696e-02   1.13978130e-04   4.34159629e+00   7.80433494e+00
 4.94000000e+00   0.00000000e+00   1.00000000e+00   4.75097209e-02   5.76587959e-05   4.34127968e+00   7.80409098e+00
 4.95000000e+00   0.00000000e+00   1.00000000e+00   4.88417362e-02   9.79778457e-06   4.34383030e+00   7.80479057e+00
 4.96000000e+00   0.00000000e+00   1.00000000e+00   5.02301867e-02  -1.39866915e-05   4.34956223e+00   7.80652925e+00
 4.97000000e+00   0.00000000e+00   1.00000000e+00   5.16409079e-02  -6.05504379e-06   4.35745922e+00   7.80933127e+00
 4.98000000e+00   0.00000000e+00   1.00000000e+00   5.30517998e-02   3.08135458e-05   4.36604845e+00   7.81294852e+00
 4.99000000e+00   0.00000000e+00   1.00000000e+00   5.44608127e-02   8.43284248e-05   4.37380062e+00   7.81705139e+00
 5.00000000e+00   0.00000000e+00   1.00000000e+00   5.58862991e-02   1.36729970e-04   4.37970703e+00   7.82120697e+00