  Time  Coordinate0  Coordinate1  Displacement0  Displacement1  Force0  Force1
 0.00000000e+00   0.00000000e+00   1.00000000e+00   0.00000000e+00   0.00000000e+00   0.00000000e+00   0.00000000e+00
 1.00000000e-02   0.00000000e+00   1.00000000e+00   7.89666216e-04   1.13663161e-05   1.07687553e+00   3.90801381e+01
 2.00000000e-02   0.00000000e+00   1.00000000e+00   2.63852617e-03  -1.82959606e-05   1.70122644e+00   4.12480237e+01
 3.00000000e-02   0.00000000e+00   1.00000000e+00   5.02263837e-03  -9.04249837e-05   1.75450649e+00   3.97748741e+01
 4.00000000e-02   0.00000000e+00   1.00000000e+00   7.73789500e-03  -1.64639690e-04   1.75429943e+00   3.66066577e+01
 5.00000000e-02   0.00000000e+00   1.00000000e+00   1.06199860e-02  -2.29335048e-04   1.66801740e+00   3.17291603e+01
 6.00000000e-02   0.00000000e+00   1.00000000e+00   1.34546144e-02  -2.63249049e-04   1.51715011e+00   2.57628861e+01
 7.00000000e-02   0.00000000e+00   1.00000000e+00   1.62010528e-02  -2.42898682e-04   1.28954323e+00   1.97976806e+01
 8.00000000e-02   0.00000000e+00   1.00000000e+00   1.92869534e-02  -1.47368346e-04   1.10634772e+00   1.46817508e+01
 9.00000000e-02   0.00000000e+00   1.00000000e+00   2.37292522e-02   1.81728570e-05   1.05465565e+00   1.08548347e+01
 1.00000000e-01   0.00000000e+00   1.00000000e+00   3.03371735e-02   1.93606730e-04   1.09808047e+00   8.42828734e+00
 1.10000000e-01   0.00000000e+00   1.00000000e+00   3.87844376e-02   3.08184912e-04   1.18937106e+00   7.17069593e+00
 1.20000000e-01   0.00000000e+00   1.00000000e+00   4.79703019e-02   3.32672391e-04   1.31061381e+00   6.71691692e+00
 1.30000000e-01   0.00000000e+00   1.00000000e+00   5.73206734e-02   2.83494568e-04   1.45507960e+00   6.66450844e+00
 1.40000000e-01   0.00000000e+00   1.00000000e+00   6.69820572e-02   1.69305983e-04   1.62985137e+00   6.65592885e+00
 1.50000000e-01   0.00000000e+00   1.00000000e+00   7.68118450e-02  -2.53785520e-06   1.81766559e+00   6.50547248e+00
 1.60000000e-01   0.00000000e+00   1.00000000e+00   8.62509314e-02  -1.76512583e-04   1.95111543e+00   6.06036660e+00
 1.70000000e-01   0.00000000e+00   1.00000000e+00   9.51320985e-02  -2.69217968e-04   1.98029592e+00   5.30981489e+00
 1.80000000e-01   0.00000000e+00   1.00000000e+00   1.03673209e-01  -2.46775756e-04   1.90845803e+00   4.31561851e+00
 1.90000000e-01   0.00000000e+00   1.00000000e+00   1.11987780e-01  -1.39312421e-04   1.75381666e+00   3.16826546e+00
 2.00000000e-01   0.00000000e+00   1.00000000e+00   1.20177052e-01   1.57261524e-05   1.54239959e+00   2.00246958e+00
 2.10000000e-01   0.00000000e+00   1.00000000e+00   1.28430590e-01   1.88974402e-04   1.30542067e+00   9.55652436e-01
 2.20000000e-01   0.00000000e+00   1.00000000e+00   1.36840579e-01   3.35321820e-04   1.07139071e+00   1.14912639e-01
 2.30000000e-01   0.00000000e+00   1.00000000e+00   1.45344515e-01   4.00356126e-04   8.66374154e-01  -4.69678939e-01
 2.40000000e-01   0.00000000e+00   1.00000000e+00   1.53536401e-01   3.51388742e-04   7.23007068e-01  -7.86093374e-01
 2.50000000e-01   0.00000000e+00   1.00000000e+00   1.60558021e-01   2.06413281e-04   6.92394934e-01  -8.37243565e-01
 2.60000000e-01   0.00000000e+00   1.00000000e+00   1.65785928e-01   3.15648734e-05   7.86389326e-01  -6.54160936e-01
 2.70000000e-01   0.00000000e+00   1.00000000e+00   1.69522430e-01  -1.12599076e-04   9.50617058e-01  -2.78967511e-01
 2.80000000e-01   0.00000000e+00   1.00000000e+00   1.72632951e-01  -2.02926232e-04   1.11921713e+00   1.96654791e-01
 2.90000000e-01   0.00000000e+00   1.00000000e+00   1.75729494e-01  -2.18219226e-04   1.26532880e+00   6.65532664e-01
 3.00000000e-01   0.00000000e+00   1.00000000e+00   1.78914098e-01  -1.33836153e-04   1.38195540e+00   1.03758977e+00
 3.10000000e-01   0.00000000e+00   1.00000000e+00   1.82184374e-01   2.81989559e-05   1.45135101e+00   1.24176196e+00
 3.20000000e-01   0.00000000e+00   1.00000000e+00   1.85838534e-01   1.96658774e-04   1.45967517e+00   1.27209870e+00
 3.30000000e-01   0.00000000e+00   1.00000000e+00   1.90251882e-01   3.06935261e-04   1.41353561e+00   1.15503891e+00
 3.40000000e-01   0.00000000e+00   1.00000000e+00   1.95381485e-01   3.34592266e-04   1.33615711e+00   9.39655650e-01
 3.50000000e-01   0.00000000e+00   1.00000000e+00   2.00813222e-01   2.83346245e-04   1.25208155e+00   6.95883400e-01
 3.60000000e-01   0.00000000e+00   1.00000000e+00   2.06221537e-01   1.65325136e-04   1.17766720e+00   4.89748189e-01
 3.70000000e-01   0.00000000e+00   1.00000000e+00   2.11477875e-01   5.35870214e-06   1.12731894e+00   3.70392991e-01
 3.80000000e-01   0.00000000e+00   1.00000000e+00   2.16419563e-01  -1.44218553e-04   1.12006030e+00   3.64031805e-01
 3.90000000e-01   0.00000000e+00   1.00000000e+00   2.20971657e-01  -2.20224873e-04   1.16296642e+00   4.79533720e-01
 4.00000000e-01   0.00000000e+00   1.00000000e+00   2.25544090e-01  -1.94316567e-04   1.23537394e+00   7.02776754e-01
 4.10000000e-01   0.00000000e+00   1.00000000e+00   2.30876161e-01  -9.10784593e-05   1.31191678e+00   9.81202626e-01
 4.20000000e-01   0.00000000e+00   1.00000000e+00   2.37347811e-01   4.50095987e-05   1.38872082e+00   1.24000320e+00
 4.30000000e-01   0.00000000e+00   1.00000000e+00   2.44636948e-01   1.80604762e-04   1.46412013e+00   1.41123652e+00
 4.40000000e-01   0.00000000e+00   1.00000000e+00   2.52017678e-01   2.81796043e-04   1.51569234e+00   1.45107023e+00
 4.50000000e-01   0.00000000e+00   1.00000000e+00   2.58875649e-01   3.05157325e-04   1.50883184e+00   1.34092161e+00
 4.60000000e-01   0.00000000e+00   1.00000000e+00   2.64991065e-01   2.31496767e-04   1.42179140e+00   1.09143957e+00
 4.70000000e-01   0.00000000e+00   1.00000000e+00   2.70345096e-01   9.28958919e-05   1.25688279e+00   7.30174293e-01
 4.80000000e-01   0.00000000e+00   1.00000000e+00   2.74723727e-01  -5.17990606e-05   1.04237214e+00   2.98659242e-01
 4.90000000e-01   0.00000000e+00   1.00000000e+00   2.77767578e-01  -1.56149078e-04   8.24546426e-01  -1.42850426e-01
 5.00000000e-01   0.00000000e+00   1.00000000e+00   2.79445759e-01  -1.96593254e-04   6.51704129e-01  -5.07005316e-01
 5.10000000e-01   0.00000000e+00   1.00000000e+00   2.80192596e-01  -1.62182978e-04   5.55724206e-01  -7.12040771e-01
 5.20000000e-01   0.00000000e+00   1.00000000e+00   2.80515034e-01  -5.39654280e-05   5.54105789e-01  -7.13343357e-01
 5.30000000e-01   0.00000000e+00   1.00000000e+00   2.80700696e-01   9.79638210e-05   6.51360100e-01  -5.10390069e-01
 5.40000000e-01   0.00000000e+00   1.00000000e+00   2.80883818e-01   2.32841296e-04   8.33246037e-01  -1.34255248e-01
 5.50000000e-01   0.00000000e+00   1.00000000e+00   2.81061560e-01   2.95446433e-04   1.06862275e+00   3.42870083e-01
 5.60000000e-01   0.00000000e+00   1.00000000e+00   2.80924879e-01   2.70775268e-04   1.32211206e+00   8.22545376e-01
 5.70000000e-01   0.00000000e+00   1.00000000e+00   2.79910028e-01   1.76147178e-04   1.54813328e+00   1.20879647e+00
 5.80000000e-01   0.00000000e+00   1.00000000e+00   2.77655228e-01   3.72586208e-05   1.69555352e+00   1.44002791e+00
 5.90000000e-01   0.00000000e+00   1.00000000e+00   2.74406211e-01  -1.11109193e-04   1.73781118e+00   1.50778136e+00
 6.00000000e-01   0.00000000e+00   1.00000000e+00   2.70845329e-01  -2.18053867e-04   1.68679095e+00   1.43235109e+00
 6.10000000e-01   0.00000000e+00   1.00000000e+00   2.67520201e-01  -2.37476703e-04   1.58174124e+00   1.25394498e+00
 6.20000000e-01   0.00000000e+00   1.00000000e+00   2.64580343e-01  -1.60795889e-04   1.46695738e+00   1.03689364e+00
 6.30000000e-01   0.00000000e+00   1.00000000e+00   2.62060824e-01  -2.14293761e-05   1.37395577e+00   8.56535625e-01
 6.40000000e-01   0.00000000e+00   1.00000000e+00   2.60178895e-01   1.31376300e-04   1.31737555e+00   7.76692477e-01
 6.50000000e-01   0.00000000e+00   1.00000000e+00   2.59203047e-01   2.55093010e-04   1.30309266e+00   8.22326023e-01
 6.60000000e-01   0.00000000e+00   1.00000000e+00   2.59115908e-01   3.15226883e-04   1.33663144e+00   9.76448246e-01
 6.70000000e-01   0.00000000e+00   1.00000000e+00   2.59499371e-01   2.85766132e-04   1.41777488e+00   1.19430873e+00
 6.80000000e-01   0.00000000e+00   1.00000000e+00   2.59753231e-01   1.67290329e-04   1.53163584e+00   1.42781491e+00
 6.90000000e-01   0.00000000e+00   1.00000000e+00   2.59424129e-01   1.19118297e-06   1.64169521e+00   1.61763501e+00
 7.00000000e-01   0.00000000e+00   1.00000000e+00   2.58354580e-01  -1.49731415e-04   1.71988968e+00   1.73435159e+00
 7.10000000e-01   0.00000000e+00   1.00000000e+00   2.56628296e-01  -2.37380919e-04   1.75319909e+00   1.76937161e+00
 7.20000000e-01   0.00000000e+00   1.00000000e+00   2.54522868e-01  -2.41532176e-04   1.74022727e+00   1.72674284e+00
 7.30000000e-01   0.00000000e+00   1.00000000e+00   2.52462780e-01  -1.61216037e-04   1.69161018e+00   1.62690041e+00
 7.40000000e-01   0.00000000e+00   1.00000000e+00   2.50754376e-01  -1.42649190e-05   1.62384778e+00   1.49198606e+00
 7.50000000e-01   0.00000000e+00   1.00000000e+00   2.49248660e-01   1.54847440e-04   1.55718430e+00   1.34386634e+00
 7.60000000e-01   0.00000000e+00   1.00000000e+00   2.47404709e-01   2.85272234e-04   1.50765844e+00   1.20654247e+00
 7.70000000e-01   0.00000000e+00   1.00000000e+00   2.44756521e-01   3.30519701e-04   1.48363555e+00   1.11216838e+00
 7.80000000e-01   0.00000000e+00   1.00000000e+00   2.41189748e-01   2.81159324e-04   1.48430441e+00   1.08272013e+00
 7.90000000e-01   0.00000000e+00   1.00000000e+00   2.36722440e-01   1.59903257e-04   1.50711681e+00   1.11386785e+00
 8.00000000e-01   0.00000000e+00   1.00000000e+00   2.31208146e-01   3.98565036e-06   1.54885093e+00   1.18255179e+00
 8.10000000e-01   0.00000000e+00   1.00000000e+00   2.24429703e-01  -1.42185889e-04   1.59944576e+00   1.26621257e+00
 8.20000000e-01   0.00000000e+00   1.00000000e+00   2.16452378e-01  -2.29575269e-04   1.64045759e+00   1.35097783e+00
 8.30000000e-01   0.00000000e+00   1.00000000e+00   2.07766997e-01  -2.22269199e-04   1.65678186e+00   1.42712339e+00
 8.40000000e-01   0.00000000e+00   1.00000000e+00   1.99051299e-01  -1.21608347e-04   1.64606160e+00   1.48484879e+00
 8.50000000e-01   0.00000000e+00   1.00000000e+00   1.90818268e-01   3.31935787e-05   1.61885412e+00   1.52002631e+00
 8.60000000e-01   0.00000000e+00   1.00000000e+00   1.83257095e-01   1.89577960e-04   1.58875793e+00   1.54061305e+00
 8.70000000e-01   0.00000000e+00   1.00000000e+00   1.76271909e-01   3.02394332e-04   1.56570751e+00   1.55715575e+00
 8.80000000e-01   0.00000000e+00   1.00000000e+00   1.69568280e-01   3.38812097e-04   1.55434393e+00   1.58041315e+00
 8.90000000e-01   0.00000000e+00   1.00000000e+00   1.62772812e-01   2.83380163e-04   1.55507081e+00   1.62232747e+00
 9.00000000e-01   0.00000000e+00   1.00000000e+00   1.55646572e-01   1.50613019e-04   1.56231681e+00   1.69321054e+00
 9.10000000e-01   0.00000000e+00   1.00000000e+00   1.48280967e-01  -1.24332307e-05   1.56534467e+00   1.79080762e+00
 9.20000000e-01   0.00000000e+00   1.00000000e+00   1.41050606e-01  -1.46612612e-04   1.55648957e+00   1.89639270e+00
 9.30000000e-01   0.00000000e+00   1.00000000e+00   1.34316655e-01  -2.08860875e-04   1.53808717e+00   1.97902058e+00
 9.40000000e-01   0.00000000e+00   1.00000000e+00   1.28198172e-01  -1.84244928e-04   1.51800800e+00   2.02155747e+00
 9.50000000e-01   0.00000000e+00   1.00000000e+00   1.22677179e-01  -8.13145549e-05   1.49885035e+00   2.02006477e+00
 9.60000000e-01   0.00000000e+00   1.00000000e+00   1.17850065e-01   7.16977933e-05   1.47747562e+00   1.98400638e+00
 9.70000000e-01   0.00000000e+00   1.00000000e+00   1.13901959e-01   2.26756229e-04   1.45408187e+00   1.92655988e+00
 9.80000000e-01   0.00000000e+00   1.00000000e+00   1.10773609e-01   3.28544178e-04   1.43732782e+00   1.85951045e+00
 9.90000000e-01   0.00000000e+00   1.00000000e+00   1.07970505e-01   3.41138115e-04   1.43661541e+00   1.79928756e+00
 1.00000000e+00   0.00000000e+00   1.00000000e+00   1.04794621e-01   2.64707708e-04   1.45159755e+00   1.75185121e+00
 1.01000000e+00   0.00000000e+00   1.00000000e+00   1.00737755e-01   1.28640853e-04   1.47225464e+00   1.71797939e+00
 1.02000000e+00   0.00000000e+00   1.00000000e+00   9.56601935e-02  -2.43237250e-05   1.48797048e+00   1.69585165e+00
 1.03000000e+00   0.00000000e+00   1.00000000e+00   8.97269539e-02  -1.47615473e-04   1.49355288e+00   1.68225773e+00
 1.04000000e+00   0.00000000e+00   1.00000000e+00   8.32803961e-02  -1.99102099e-04   1.48806242e+00   1.67042957e+00
 1.05000000e+00   0.00000000e+00   1.00000000e+00   7.67092402e-02  -1.56893349e-04   1.47323584e+00   1.64924828e+00
 1.06000000e+00   0.00000000e+00   1.00000000e+00   7.02799191e-02  -3.41680210e-05   1.45409895e+00   1.60894923e+00
 1.07000000e+00   0.00000000e+00   1.00000000e+00   6.40007212e-02   1.24850419e-04   1.43774162e+00   1.55077839e+00
 1.08000000e+00   0.00000000e+00   1.00000000e+00   5.76636024e-02   2.67010489e-04   1.42871738e+00   1.49060529e+00
 1.09000000e+00   0.00000000e+00   1.00000000e+00   5.10560555e-02   3.50306758e-04   1.42560599e+00   1.44955089e+00
 1.10000000e+00   0.00000000e+00   1.00000000e+00   4.41196453e-02   3.50889652e-04   1.42330955e+00   1.44326990e+00
 1.11000000e+00   0.00000000e+00   1.00000000e+00   3.68776096e-02   2.66506903e-04   1.41954519e+00   1.47393861e+00
 1.12000000e+00   0.00000000e+00   1.00000000e+00   2.92657001e-02   1.22842709e-04   1.41692988e+00   1.53408372e+00
 1.13000000e+00   0.00000000e+00   1.00000000e+00   2.11635920e-02  -2.94875138e-05   1.41564403e+00   1.61325114e+00
 1.14000000e+00   0.00000000e+00   1.00000000e+00   1.26626964e-02  -1.35841718e-04   1.40792661e+00   1.69599401e+00
 1.15000000e+00   0.00000000e+00   1.00000000e+00   4.24541968e-03  -1.61768996e-04   1.38414896e+00   1.76157189e+00
 1.16000000e+00   0.00000000e+00   1.00000000e+00  -3.39443907e-03  -1.01711857e-04   1.34422588e+00   1.79168754e+00
 1.17000000e+00   0.00000000e+00   1.00000000e+00  -9.74165991e-03   2.56284331e-05   1.29911042e+00   1.78402810e+00
 1.18000000e+00   0.00000000e+00   1.00000000e+00  -1.46875016e-02   1.82431813e-04   1.26160173e+00   1.74941974e+00
 1.19000000e+00   0.00000000e+00   1.00000000e+00  -1.84584899e-02   3.18251806e-04   1.23790540e+00   1.70017228e+00
 1.20000000e+00   0.00000000e+00   1.00000000e+00  -2.14258402e-02   3.85692382e-04   1.22640927e+00   1.65065598e+00
 1.21000000e+00   0.00000000e+00   1.00000000e+00  -2.39650573e-02   3.61354429e-04   1.22364238e+00   1.61207301e+00
 1.22000000e+00   0.00000000e+00   1.00000000e+00  -2.63503586e-02   2.56401861e-04   1.22478294e+00   1.59156137e+00
 1.23000000e+00   0.00000000e+00   1.00000000e+00  -2.86626134e-02   1.08355958e-04   1.22483698e+00   1.58541896e+00
 1.24000000e+00   0.00000000e+00   1.00000000e+00  -3.08037046e-02  -3.55583155e-05   1.22178088e+00   1.57726698e+00
 1.25000000e+00   0.00000000e+00   1.00000000e+00  -3.26437330e-02  -1.30898509e-04   1.21894842e+00   1.54743888e+00
 1.26000000e+00   0.00000000e+00   1.00000000e+00  -3.41369799e-02  -1.45619599e-04   1.22098093e+00   1.48650969e+00
 1.27000000e+00   0.00000000e+00   1.00000000e+00  -3.52666483e-02  -7.23359100e-05   1.22790937e+00   1.39523824e+00
 1.28000000e+00   0.00000000e+00   1.00000000e+00  -3.59319833e-02   6.42129078e-05   1.23457633e+00   1.28039358e+00
 1.29000000e+00   0.00000000e+00   1.00000000e+00  -3.60039456e-02   2.15844540e-04   1.23648843e+00   1.15720957e+00
 1.30000000e+00   0.00000000e+00   1.00000000e+00  -3.55577733e-02   3.31693030e-04   1.23675243e+00   1.04510380e+00
 1.31000000e+00   0.00000000e+00   1.00000000e+00  -3.50195145e-02   3.76064717e-04   1.24446327e+00   9.61572099e-01
 1.32000000e+00   0.00000000e+00   1.00000000e+00  -3.50064213e-02   3.35904869e-04   1.26537219e+00   9.16803524e-01
 1.33000000e+00   0.00000000e+00   1.00000000e+00  -3.59685566e-02   2.22608341e-04   1.29547217e+00   9.09442288e-01
 1.34000000e+00   0.00000000e+00   1.00000000e+00  -3.79535261e-02   7.17176007e-05   1.32426750e+00   9.31190059e-01
 1.35000000e+00   0.00000000e+00   1.00000000e+00  -4.06631221e-02  -6.54070593e-05   1.34321279e+00   9.72683245e-01
 1.36000000e+00   0.00000000e+00   1.00000000e+00  -4.36682030e-02  -1.41085518e-04   1.35076580e+00   1.01974496e+00
 1.37000000e+00   0.00000000e+00   1.00000000e+00  -4.65735573e-02  -1.31028817e-04   1.34986686e+00   1.05573915e+00
 1.38000000e+00   0.00000000e+00   1.00000000e+00  -4.90895431e-02  -4.09723168e-05   1.34432398e+00   1.07194584e+00
 1.39000000e+00   0.00000000e+00   1.00000000e+00  -5.10693720e-02   9.94075057e-05   1.33877663e+00   1.06664776e+00
 1.40000000e+00   0.00000000e+00   1.00000000e+00  -5.25069470e-02   2.46352851e-04   1.33427777e+00   1.05654347e+00
 1.41000000e+00   0.00000000e+00   1.00000000e+00  -5.34640763e-02   3.52410736e-04   1.32946701e+00   1.06124546e+00
 1.42000000e+00   0.00000000e+00   1.00000000e+00  -5.39960281e-02   3.80941422e-04   1.32087095e+00   1.09377950e+00
 1.43000000e+00   0.00000000e+00   1.00000000e+00  -5.41734070e-02   3.21825002e-04   1.30887664e+00   1.15552187e+00
 1.44000000e+00   0.00000000e+00   1.00000000e+00  -5.41437408e-02   1.96519437e-04   1.29817122e+00   1.23930086e+00
 1.45000000e+00   0.00000000e+00   1.00000000e+00  -5.40652260e-02   4.79280331e-05   1.29204576e+00   1.33094265e+00
 1.46000000e+00   0.00000000e+00   1.00000000e+00  -5.38985396e-02  -7.63238733e-05   1.28633903e+00   1.41216340e+00
 1.47000000e+00   0.00000000e+00   1.00000000e+00  -5.32808678e-02  -1.37528949e-04   1.27325648e+00   1.46489096e+00
 1.48000000e+00   0.00000000e+00   1.00000000e+00  -5.16788415e-02  -1.15527477e-04   1.25107954e+00   1.47722651e+00
 1.49000000e+00   0.00000000e+00   1.00000000e+00  -4.87223658e-02  -1.63707153e-05   1.22673515e+00   1.45201867e+00
 1.50000000e+00   0.00000000e+00   1.00000000e+00  -4.44250508e-02   1.26348192e-04   1.21055122e+00   1.40049084e+00
 1.51000000e+00   0.00000000e+00   1.00000000e+00  -3.91311103e-02   2.62827778e-04   1.20690546e+00   1.33865823e+00
 1.52000000e+00   0.00000000e+00   1.00000000e+00  -3.33019550e-02   3.46873683e-04   1.21339116e+00   1.28089836e+00
 1.53000000e+00   0.00000000e+00   1.00000000e+00  -2.73447076e-02   3.51793183e-04   1.22536754e+00   1.23597568e+00
 1.54000000e+00   0.00000000e+00   1.00000000e+00  -2.15545407e-02   2.76416225e-04   1.23946380e+00   1.21184943e+00
 1.55000000e+00   0.00000000e+00   1.00000000e+00  -1.61122772e-02   1.43827933e-04   1.25445161e+00   1.20465190e+00
 1.56000000e+00   0.00000000e+00   1.00000000e+00  -1.10880731e-02  -4.00947781e-06   1.26942301e+00   1.20354892e+00
 1.57000000e+00   0.00000000e+00   1.00000000e+00  -6.46094815e-03  -1.18032698e-04   1.28355242e+00   1.19248442e+00
 1.58000000e+00   0.00000000e+00   1.00000000e+00  -2.14819112e-03  -1.59985289e-04   1.29554370e+00   1.16051308e+00
 1.59000000e+00   0.00000000e+00   1.00000000e+00   1.99375086e-03  -1.17287306e-04   1.30335548e+00   1.10584310e+00
 1.60000000e+00   0.00000000e+00   1.00000000e+00   6.17374632e-03  -6.03329132e-06   1.30404940e+00   1.03602839e+00
 1.61000000e+00   0.00000000e+00   1.00000000e+00   1.05823075e-02   1.36966436e-04   1.29741126e+00   9.62798129e-01
 1.62000000e+00   0.00000000e+00   1.00000000e+00   1.52138930e-02   2.66010957e-04   1.28866837e+00   8.98586219e-01
 1.63000000e+00   0.00000000e+00   1.00000000e+00   1.97653780e-02   3.38905899e-04   1.28727111e+00   8.54438401e-01
 1.64000000e+00   0.00000000e+00   1.00000000e+00   2.37757898e-02   3.30364456e-04   1.29895122e+00   8.37910293e-01
 1.65000000e+00   0.00000000e+00   1.00000000e+00   2.69320509e-02   2.42663475e-04   1.32008866e+00   8.53350406e-01
 1.66000000e+00   0.00000000e+00   1.00000000e+00   2.92765964e-02   1.05974962e-04   1.34053788e+00   9.00941466e-01
 1.67000000e+00   0.00000000e+00   1.00000000e+00   3.11564775e-02  -3.37223196e-05   1.35168197e+00   9.72079353e-01
 1.68000000e+00   0.00000000e+00   1.00000000e+00   3.30137506e-02  -1.31542631e-04   1.35133132e+00   1.05104353e+00
 1.69000000e+00   0.00000000e+00   1.00000000e+00   3.52207428e-02  -1.56822674e-04   1.34240301e+00   1.12050769e+00
 1.70000000e+00   0.00000000e+00   1.00000000e+00   3.80390534e-02  -1.01099767e-04   1.32876826e+00   1.16647239e+00
 1.71000000e+00   0.00000000e+00   1.00000000e+00   4.16347699e-02   1.80856842e-05   1.31285978e+00   1.18532143e+00
 1.72000000e+00   0.00000000e+00   1.00000000e+00   4.60784205e-02   1.60779803e-04   1.29625554e+00   1.18698116e+00
 1.73000000e+00   0.00000000e+00   1.00000000e+00   5.13313416e-02   2.78357083e-04   1.28117216e+00   1.18898472e+00
 1.74000000e+00   0.00000000e+00   1.00000000e+00   5.72432674e-02   3.31818336e-04   1.27109362e+00   1.20111163e+00
 1.75000000e+00   0.00000000e+00   1.00000000e+00   6.35650327e-02   3.04582396e-04   1.26909403e+00   1.22452412e+00
 1.76000000e+00   0.00000000e+00   1.00000000e+00   6.99910850e-02   2.05614567e-04   1.27666529e+00   1.25705955e+00
 1.77000000e+00   0.00000000e+00   1.00000000e+00   7.62682920e-02   6.58316181e-05   1.29169264e+00   1.28864115e+00
 1.78000000e+00   0.00000000e+00   1.00000000e+00   8.23496238e-02  -7.00485518e-05   1.30660019e+00   1.31120807e+00
 1.79000000e+00   0.00000000e+00   1.00000000e+00   8.84646503e-02  -1.57162882e-04   1.31326194e+00   1.31780943e+00
 1.80000000e+00   0.00000000e+00   1.00000000e+00   9.49878638e-02  -1.66718352e-04   1.30868306e+00   1.30045149e+00
 1.81000000e+00   0.00000000e+00   1.00000000e+00   1.02166806e-01  -9.67894764e-05   1.29671480e+00   1.25209898e+00
 1.82000000e+00   0.00000000e+00   1.00000000e+00   1.09932184e-01   2.81813108e-05   1.28331309e+00   1.17243519e+00
 1.83000000e+00   0.00000000e+00   1.00000000e+00   1.17941399e-01   1.67105661e-04   1.27110223e+00   1.06832767e+00
 1.84000000e+00   0.00000000e+00   1.00000000e+00   1.25775848e-01   2.75273623e-04   1.25922983e+00   9.51281816e-01
 1.85000000e+00   0.00000000e+00   1.00000000e+00   1.33096110e-01   3.17202958e-04   1.24680623e+00   8.37758157e-01
 1.86000000e+00   0.00000000e+00   1.00000000e+00   1.39668845e-01   2.78325075e-04   1.23661902e+00   7.43546762e-01
 1.87000000e+00   0.00000000e+00   1.00000000e+00   1.45337675e-01   1.71458815e-04   1.23353907e+00   6.78713097e-01
 1.88000000e+00   0.00000000e+00   1.00000000e+00   1.50028751e-01   3.27291265e-05   1.24024901e+00   6.45694052e-01
 1.89000000e+00   0.00000000e+00   1.00000000e+00   1.53791693e-01  -9.21686826e-05   1.25473747e+00   6.39207553e-01
 1.90000000e+00   0.00000000e+00   1.00000000e+00   1.56822745e-01  -1.63377983e-04   1.27183006e+00   6.53853991e-01
 1.91000000e+00   0.00000000e+00   1.00000000e+00   1.59439879e-01  -1.58283554e-04   1.28555124e+00   6.81560267e-01
 1.92000000e+00   0.00000000e+00   1.00000000e+00   1.62004749e-01  -7.83487033e-05   1.29223818e+00   7.15961006e-01
 1.93000000e+00   0.00000000e+00   1.00000000e+00   1.64793774e-01   5.04652325e-05   1.29271799e+00   7.53235177e-01
 1.94000000e+00   0.00000000e+00   1.00000000e+00   1.67861050e-01   1.85235300e-04   1.29258440e+00   7.90604553e-01
 1.95000000e+00   0.00000000e+00   1.00000000e+00   1.70995974e-01   2.80573250e-04   1.29937410e+00   8.28813379e-01
 1.96000000e+00   0.00000000e+00   1.00000000e+00   1.73854256e-01   3.04845236e-04   1.31741700e+00   8.73635930e-01
 1.97000000e+00   0.00000000e+00   1.00000000e+00   1.76198854e-01   2.50534070e-04   1.34480178e+00   9.35127490e-01
 1.98000000e+00   0.00000000e+00   1.00000000e+00   1.78066563e-01   1.35379011e-04   1.37457919e+00   1.01842167e+00
 1.99000000e+00   0.00000000e+00   1.00000000e+00   1.79732305e-01  -3.94370235e-06   1.40048932e+00   1.12312425e+00
 2.00000000e+00   0.00000000e+00   1.00000000e+00   1.81534483e-01  -1.22617695e-04   1.41971506e+00   1.23219852e+00
 2.01000000e+00   0.00000000e+00   1.00000000e+00   1.83734723e-01  -1.81762716e-04   1.43227952e+00   1.32588423e+00
 2.02000000e+00   0.00000000e+00   1.00000000e+00   1.86499531e-01  -1.62095960e-04   1.43806353e+00   1.38847984e+00
 2.03000000e+00   0.00000000e+00   1.00000000e+00   1.89936609e-01  -7.10809648e-05   1.43659325e+00   1.41300226e+00
 2.04000000e+00   0.00000000e+00   1.00000000e+00   1.94085212e-01   6.03174886e-05   1.42901049e+00   1.40407223e+00
 2.05000000e+00   0.00000000e+00   1.00000000e+00   1.98855255e-01   1.88922671e-04   1.41908713e+00   1.37239312e+00
 2.06000000e+00   0.00000000e+00   1.00000000e+00   2.03987915e-01   2.73035863e-04   1.41134819e+00   1.32847577e+00
 2.07000000e+00   0.00000000e+00   1.00000000e+00   2.09091768e-01   2.84831494e-04   1.40903980e+00   1.28012195e+00
 2.08000000e+00   0.00000000e+00   1.00000000e+00   2.13750180e-01   2.19557659e-04   1.41313106e+00   1.23346051e+00
 2.09000000e+00   0.00000000e+00   1.00000000e+00   2.17664172e-01   9.84523399e-05   1.42181827e+00   1.19301923e+00
 2.10000000e+00   0.00000000e+00   1.00000000e+00   2.20773198e-01  -3.80093827e-05   1.43127405e+00   1.16361145e+00
 2.11000000e+00   0.00000000e+00   1.00000000e+00   2.23273409e-01  -1.44688619e-04   1.43659153e+00   1.14474971e+00
 2.12000000e+00   0.00000000e+00   1.00000000e+00   2.25486732e-01  -1.87233206e-04   1.43418420e+00   1.12912769e+00
 2.13000000e+00   0.00000000e+00   1.00000000e+00   2.27646093e-01  -1.52299387e-04   1.42359738e+00   1.10374831e+00
 2.14000000e+00   0.00000000e+00   1.00000000e+00   2.29751304e-01  -5.09816798e-05   1.40765341e+00   1.06014163e+00
 2.15000000e+00   0.00000000e+00   1.00000000e+00   2.31599055e-01   8.42003389e-05   1.38999983e+00   1.00010414e+00
 2.16000000e+00   0.00000000e+00   1.00000000e+00   2.32931651e-01   2.08936142e-04   1.37427738e+00   9.35348289e-01
 2.17000000e+00   0.00000000e+00   1.00000000e+00   2.33555451e-01   2.81902489e-04   1.36540367e+00   8.84970640e-01
 2.18000000e+00   0.00000000e+00   1.00000000e+00   2.33352449e-01   2.79268899e-04   1.36965580e+00   8.67058943e-01
 2.19000000e+00   0.00000000e+00   1.00000000e+00   2.32245277e-01   2.02564590e-04   1.39112587e+00   8.89708559e-01
 2.20000000e+00   0.00000000e+00   1.00000000e+00   2.30212507e-01   7.71595449e-05   1.42813233e+00   9.50895214e-01
 2.21000000e+00   0.00000000e+00   1.00000000e+00   2.27361686e-01  -5.65523261e-05   1.47259660e+00   1.04273496e+00
 2.22000000e+00   0.00000000e+00   1.00000000e+00   2.23979250e-01  -1.55345954e-04   1.51228073e+00   1.14988109e+00
 2.23000000e+00   0.00000000e+00   1.00000000e+00   2.20487997e-01  -1.86523390e-04   1.53764169e+00   1.25496970e+00
 2.24000000e+00   0.00000000e+00   1.00000000e+00   2.17318056e-01  -1.39517833e-04   1.54609847e+00   1.34290915e+00
 2.25000000e+00   0.00000000e+00   1.00000000e+00   2.14753265e-01  -3.02969830e-05   1.54239986e+00   1.40612688e+00
 2.26000000e+00   0.00000000e+00   1.00000000e+00   2.12826267e-01   1.04546265e-04   1.53493904e+00   1.44477769e+00
 2.27000000e+00   0.00000000e+00   1.00000000e+00   2.11322836e-01   2.20836300e-04   1.53116441e+00   1.46567049e+00
 2.28000000e+00   0.00000000e+00   1.00000000e+00   2.09912700e-01   2.80937516e-04   1.53496481e+00   1.48330421e+00
 2.29000000e+00   0.00000000e+00   1.00000000e+00   2.08340476e-01   2.65113880e-04   1.54550772e+00   1.51045464e+00
 2.30000000e+00   0.00000000e+00   1.00000000e+00   2.06549770e-01   1.78044747e-04   1.55904917e+00   1.55516562e+00
 2.31000000e+00   0.00000000e+00   1.00000000e+00   2.04659830e-01   4.81220747e-05   1.57178649e+00   1.61365819e+00
 2.32000000e+00   0.00000000e+00   1.00000000e+00   2.02843120e-01  -8.16448030e-05   1.58148981e+00   1.67110123e+00
 2.33000000e+00   0.00000000e+00   1.00000000e+00   2.01229497e-01  -1.68443871e-04   1.58677218e+00   1.71135856e+00
 2.34000000e+00   0.00000000e+00   1.00000000e+00   1.99900973e-01  -1.84197263e-04   1.58627317e+00   1.72281508e+00
 2.35000000e+00   0.00000000e+00   1.00000000e+00   1.98921137e-01  -1.24141144e-04   1.57875099e+00   1.70299409e+00
 2.36000000e+00   0.00000000e+00   1.00000000e+00   1.98310989e-01  -7.62668039e-06   1.56585259e+00   1.65846331e+00
 2.37000000e+00   0.00000000e+00   1.00000000e+00   1.97966781e-01   1.27740652e-04   1.55207146e+00   1.59876767e+00
 2.38000000e+00   0.00000000e+00   1.00000000e+00   1.97604824e-01   2.37582307e-04   1.54255594e+00   1.53530906e+00
 2.39000000e+00   0.00000000e+00   1.00000000e+00   1.96809203e-01   2.85643789e-04   1.54115047e+00   1.47767115e+00
 2.40000000e+00   0.00000000e+00   1.00000000e+00   1.95173658e-01   2.56567641e-04   1.54771326e+00   1.43199331e+00
 2.41000000e+00   0.00000000e+00   1.00000000e+00   1.92460508e-01   1.60767054e-04   1.55899784e+00   1.40369164e+00
 2.42000000e+00   0.00000000e+00   1.00000000e+00   1.88691761e-01   3.01436042e-05   1.56999978e+00   1.39459204e+00
 2.43000000e+00   0.00000000e+00   1.00000000e+00   1.84124928e-01  -9.23524096e-05   1.57531831e+00   1.40106672e+00
 2.44000000e+00   0.00000000e+00   1.00000000e+00   1.79121807e-01  -1.66209965e-04   1.57246777e+00   1.41425350e+00
 2.45000000e+00   0.00000000e+00   1.00000000e+00   1.73979087e-01  -1.66577834e-04   1.56291720e+00   1.42275330e+00
 2.46000000e+00   0.00000000e+00   1.00000000e+00   1.68822635e-01  -9.28184501e-05   1.55068641e+00   1.42081661e+00
 2.47000000e+00   0.00000000e+00   1.00000000e+00   1.63624095e-01   3.10678440e-05   1.53979005e+00   1.41219866e+00
 2.48000000e+00   0.00000000e+00   1.00000000e+00   1.58296953e-01   1.64565112e-04   1.53191916e+00   1.40774389e+00
 2.49000000e+00   0.00000000e+00   1.00000000e+00   1.52770166e-01   2.64391578e-04   1.52810303e+00   1.41996054e+00
 2.50000000e+00   0.00000000e+00   1.00000000e+00   1.46989197e-01   2.98674045e-04   1.52854734e+00   1.45637301e+00
 2.51000000e+00   0.00000000e+00   1.00000000e+00   1.40895538e-01   2.56695243e-04   1.53271341e+00   1.51585416e+00
 2.52000000e+00   0.00000000e+00   1.00000000e+00   1.34461946e-01   1.52313976e-04   1.53734676e+00   1.59030437e+00
 2.53000000e+00   0.00000000e+00   1.00000000e+00   1.27781956e-01   2.01617640e-05   1.53709373e+00   1.67113495e+00
 2.54000000e+00   0.00000000e+00   1.00000000e+00   1.21127307e-01  -9.55911500e-05   1.52652536e+00   1.74542965e+00
 2.55000000e+00   0.00000000e+00   1.00000000e+00   1.14896168e-01  -1.56428420e-04   1.50453036e+00   1.80249919e+00
 2.56000000e+00   0.00000000e+00   1.00000000e+00   1.09464198e-01  -1.42468334e-04   1.47554399e+00   1.83582392e+00
 2.57000000e+00   0.00000000e+00   1.00000000e+00   1.05026202e-01  -5.82299198e-05   1.44736102e+00   1.84542289e+00
 2.58000000e+00   0.00000000e+00   1.00000000e+00   1.01518106e-01   6.91615059e-05   1.42702473e+00   1.83591759e+00
 2.59000000e+00   0.00000000e+00   1.00000000e+00   9.86563160e-02   1.98285029e-04   1.41774763e+00   1.81752212e+00
 2.60000000e+00   0.00000000e+00   1.00000000e+00   9.60685471e-02   2.86763083e-04   1.41846270e+00   1.80041942e+00
 2.61000000e+00   0.00000000e+00   1.00000000e+00   9.34444517e-02   3.05540290e-04   1.42487297e+00   1.79096152e+00
 2.62000000e+00   0.00000000e+00   1.00000000e+00   9.06243105e-02   2.48753496e-04   1.43202133e+00   1.79024947e+00
 2.63000000e+00   0.00000000e+00   1.00000000e+00   8.75880520e-02   1.35581710e-04   1.43680332e+00   1.79285743e+00
 2.64000000e+00   0.00000000e+00   1.00000000e+00   8.43838624e-02   3.51291462e-06   1.43841164e+00   1.78841055e+00
 2.65000000e+00   0.00000000e+00   1.00000000e+00   8.10753361e-02  -1.04061473e-04   1.43701258e+00   1.76720062e+00
 2.66000000e+00   0.00000000e+00   1.00000000e+00   7.77421110e-02  -1.51698567e-04   1.43246281e+00   1.72510000e+00
 2.67000000e+00   0.00000000e+00   1.00000000e+00   7.44883536e-02  -1.23365207e-04   1.42470174e+00   1.66460022e+00
 2.68000000e+00   0.00000000e+00   1.00000000e+00   7.13952707e-02  -2.80398314e-05   1.41509952e+00   1.59413436e+00
 2.69000000e+00   0.00000000e+00   1.00000000e+00   6.84256133e-02   1.03057352e-04   1.40718165e+00   1.52509845e+00
 2.70000000e+00   0.00000000e+00   1.00000000e+00   6.53658926e-02   2.27080087e-04   1.40523600e+00   1.46830412e+00
 2.71000000e+00   0.00000000e+00   1.00000000e+00   6.18811610e-02   3.03824236e-04   1.41140223e+00   1.43150171e+00
 2.72000000e+00   0.00000000e+00   1.00000000e+00   5.76658891e-02   3.08662294e-04   1.42379510e+00   1.41913693e+00
 2.73000000e+00   0.00000000e+00   1.00000000e+00   5.25975985e-02   2.40505593e-04   1.43697082e+00   1.43132321e+00
 2.74000000e+00   0.00000000e+00   1.00000000e+00   4.68024860e-02   1.22262491e-04   1.44446935e+00   1.46415831e+00
 2.75000000e+00   0.00000000e+00   1.00000000e+00   4.06051337e-02  -6.48141556e-06   1.44204782e+00   1.50789295e+00
 2.76000000e+00   0.00000000e+00   1.00000000e+00   3.44006760e-02  -1.02654125e-04   1.42961732e+00   1.55022338e+00
 2.77000000e+00   0.00000000e+00   1.00000000e+00   2.85216085e-02  -1.34152665e-04   1.41110659e+00   1.57888824e+00
 2.78000000e+00   0.00000000e+00   1.00000000e+00   2.31642063e-02  -9.01373980e-05   1.39122263e+00   1.59099179e+00
 2.79000000e+00   0.00000000e+00   1.00000000e+00   1.83947798e-02   1.54043483e-05   1.37300835e+00   1.59374035e+00
 2.80000000e+00   0.00000000e+00   1.00000000e+00   1.41993067e-02   1.48202781e-04   1.35720373e+00   1.59689335e+00
 2.81000000e+00   0.00000000e+00   1.00000000e+00   1.05177986e-02   2.65096646e-04   1.34300720e+00   1.61119956e+00
 2.82000000e+00   0.00000000e+00   1.00000000e+00   7.24381567e-03   3.28043716e-04   1.33056296e+00   1.64278438e+00
 2.83000000e+00   0.00000000e+00   1.00000000e+00   4.23034534e-03   3.16593265e-04   1.32095691e+00   1.68825709e+00
 2.84000000e+00   0.00000000e+00   1.00000000e+00   1.35074914e-03   2.34955188e-04   1.31371448e+00   1.73851920e+00
 2.85000000e+00   0.00000000e+00   1.00000000e+00  -1.40150273e-03   1.10603902e-04   1.30607041e+00   1.78167964e+00
 2.86000000e+00   0.00000000e+00   1.00000000e+00  -3.85703499e-03  -1.52330710e-05   1.29513999e+00   1.80471378e+00
 2.87000000e+00   0.00000000e+00   1.00000000e+00  -5.72721175e-03  -1.01305478e-04   1.28080368e+00   1.79767303e+00
 2.88000000e+00   0.00000000e+00   1.00000000e+00  -6.75327680e-03  -1.19640146e-04   1.26644143e+00   1.75797756e+00
 2.89000000e+00   0.00000000e+00   1.00000000e+00  -6.85316320e-03  -6.45463790e-05   1.25680446e+00   1.69232460e+00
 2.90000000e+00   0.00000000e+00   1.00000000e+00  -6.17635975e-03   4.54829275e-05   1.25541081e+00   1.61219420e+00
 2.91000000e+00   0.00000000e+00   1.00000000e+00  -5.04640179e-03   1.74004644e-04   1.26259340e+00   1.53085088e+00
 2.92000000e+00   0.00000000e+00   1.00000000e+00  -3.83902300e-03   2.78601968e-04   1.27581547e+00   1.46243550e+00
 2.93000000e+00   0.00000000e+00   1.00000000e+00  -2.86633704e-03   3.24659848e-04   1.29198335e+00   1.41321021e+00
 2.94000000e+00   0.00000000e+00   1.00000000e+00  -2.31663386e-03   2.96962982e-04   1.30813046e+00   1.38395362e+00
 2.95000000e+00   0.00000000e+00   1.00000000e+00  -2.25658730e-03   2.04752746e-04   1.32252610e+00   1.36922051e+00
 2.96000000e+00   0.00000000e+00   1.00000000e+00  -2.66251886e-03   7.84448055e-05   1.33458672e+00   1.35954220e+00
 2.97000000e+00   0.00000000e+00   1.00000000e+00  -3.43967032e-03  -4.05319392e-05   1.34387157e+00   1.34571476e+00
 2.98000000e+00   0.00000000e+00   1.00000000e+00  -4.42343557e-03  -1.13167170e-04   1.34959988e+00   1.32095824e+00
 2.99000000e+00   0.00000000e+00   1.00000000e+00  -5.39999468e-03  -1.15573275e-04   1.35086979e+00   1.28514914e+00
 3.00000000e+00   0.00000000e+00   1.00000000e+00  -6.18039543e-03  -4.69699292e-05   1.34817266e+00   1.24492785e+00
 3.01000000e+00   0.00000000e+00   1.00000000e+00  -6.70314650e-03   7.00534514e-05   1.34438327e+00   1.21024860e+00
 3.02000000e+00   0.00000000e+00   1.00000000e+00  -7.08655947e-03   1.97102005e-04   1.34348287e+00   1.19220082e+00
 3.03000000e+00   0.00000000e+00   1.00000000e+00  -7.57052365e-03   2.92606794e-04   1.34792725e+00   1.19883794e+00
 3.04000000e+00   0.00000000e+00   1.00000000e+00  -8.37137232e-03   3.25444598e-04   1.35626102e+00   1.23202636e+00
 3.05000000e+00   0.00000000e+00   1.00000000e+00  -9.54365092e-03   2.85112355e-04   1.36329044e+00   1.28898291e+00
 3.06000000e+00   0.00000000e+00   1.00000000e+00  -1.09339315e-02   1.85113534e-04   1.36349314e+00   1.36001833e+00
 3.07000000e+00   0.00000000e+00   1.00000000e+00  -1.22403534e-02   5.85009605e-05   1.35418822e+00   1.43150427e+00
 3.08000000e+00   0.00000000e+00   1.00000000e+00  -1.31256121e-02  -5.29821117e-05   1.33709710e+00   1.48936111e+00
 3.09000000e+00   0.00000000e+00   1.00000000e+00  -1.33161853e-02  -1.12653027e-04   1.31682796e+00   1.52302485e+00
 3.10000000e+00   0.00000000e+00   1.00000000e+00  -1.26503160e-02  -1.01096336e-04   1.29787132e+00   1.52968293e+00
 3.11000000e+00   0.00000000e+00   1.00000000e+00  -1.10792949e-02  -2.24902052e-05   1.28245665e+00   1.51554807e+00
 3.12000000e+00   0.00000000e+00   1.00000000e+00  -8.65207402e-03   9.70251997e-05   1.27074212e+00   1.49386218e+00
 3.13000000e+00   0.00000000e+00   1.00000000e+00  -5.50827010e-03   2.17915785e-04   1.26305589e+00   1.47639967e+00
 3.14000000e+00   0.00000000e+00   1.00000000e+00  -1.87376734e-03   3.00033991e-04   1.26068811e+00   1.46923262e+00
 3.15000000e+00   0.00000000e+00   1.00000000e+00   1.97422854e-03   3.15895189e-04   1.26472604e+00   1.47188907e+00
 3.16000000e+00   0.00000000e+00   1.00000000e+00   5.79301197e-03   2.59961688e-04   1.27410152e+00   1.47773248e+00
 3.17000000e+00   0.00000000e+00   1.00000000e+00   9.47818988e-03   1.50378738e-04   1.28482257e+00   1.47824481e+00
 3.18000000e+00   0.00000000e+00   1.00000000e+00   1.31109257e-02   2.27912128e-05   1.29224650e+00   1.46526659e+00
 3.19000000e+00   0.00000000e+00   1.00000000e+00   1.68976690e-02  -8.13491635e-05   1.29406671e+00   1.43279404e+00
 3.20000000e+00   0.00000000e+00   1.00000000e+00   2.10301680e-02  -1.28282694e-04   1.29162633e+00   1.37916445e+00
 3.21000000e+00   0.00000000e+00   1.00000000e+00   2.55562324e-02  -1.02997539e-04   1.28858801e+00   1.30676688e+00
 3.22000000e+00   0.00000000e+00   1.00000000e+00   3.03398940e-02  -1.42175989e-05   1.28810097e+00   1.22388312e+00
 3.23000000e+00   0.00000000e+00   1.00000000e+00   3.51193024e-02   1.08408488e-04   1.29142416e+00   1.14134873e+00
 3.24000000e+00   0.00000000e+00   1.00000000e+00   3.96082797e-02   2.24192890e-04   1.29830226e+00   1.07069132e+00
 3.25000000e+00   0.00000000e+00   1.00000000e+00   4.35792609e-02   2.95011175e-04   1.30801767e+00   1.02182158e+00
 3.26000000e+00   0.00000000e+00   1.00000000e+00   4.69008139e-02   2.97727854e-04   1.31992952e+00   9.98952703e-01
 3.27000000e+00   0.00000000e+00   1.00000000e+00   4.95422194e-02   2.31441958e-04   1.33299256e+00   1.00008820e+00
 3.28000000e+00   0.00000000e+00   1.00000000e+00   5.15716138e-02   1.17785845e-04   1.34549611e+00   1.01834065e+00
 3.29000000e+00   0.00000000e+00   1.00000000e+00   5.31591471e-02  -5.91168910e-06   1.35474824e+00   1.04306166e+00
 3.30000000e+00   0.00000000e+00   1.00000000e+00   5.45691317e-02  -9.89122128e-05   1.35793911e+00   1.06633128e+00
 3.31000000e+00   0.00000000e+00   1.00000000e+00   5.61122524e-02  -1.30777654e-04   1.35371467e+00   1.08314168e+00
 3.32000000e+00   0.00000000e+00   1.00000000e+00   5.80501941e-02  -9.13302317e-05   1.34370661e+00   1.09391216e+00
 3.33000000e+00   0.00000000e+00   1.00000000e+00   6.04927745e-02   6.27391454e-06   1.33222714e+00   1.10315350e+00
 3.34000000e+00   0.00000000e+00   1.00000000e+00   6.33572590e-02   1.29951486e-04   1.32453107e+00   1.11705114e+00
 3.35000000e+00   0.00000000e+00   1.00000000e+00   6.64310021e-02   2.38933937e-04   1.32359193e+00   1.14120793e+00
 3.36000000e+00   0.00000000e+00   1.00000000e+00   6.95059744e-02   2.97063386e-04   1.32854392e+00   1.18045608e+00
 3.37000000e+00   0.00000000e+00   1.00000000e+00   7.24994212e-02   2.84907689e-04   1.33550603e+00   1.23369598e+00
 3.38000000e+00   0.00000000e+00   1.00000000e+00   7.54895625e-02   2.06373671e-04   1.34014691e+00   1.29518300e+00
 3.39000000e+00   0.00000000e+00   1.00000000e+00   7.86627710e-02   8.71814007e-05   1.34035613e+00   1.35466290e+00
 3.40000000e+00   0.00000000e+00   1.00000000e+00   8.22253598e-02  -3.40265233e-05   1.33666496e+00   1.39826401e+00
 3.41000000e+00   0.00000000e+00   1.00000000e+00   8.63359224e-02  -1.18179685e-04   1.33068592e+00   1.41565175e+00
 3.42000000e+00   0.00000000e+00   1.00000000e+00   9.10761131e-02  -1.38050797e-04   1.32397473e+00   1.40538007e+00
 3.43000000e+00   0.00000000e+00   1.00000000e+00   9.64420275e-02  -8.73677766e-05   1.31770493e+00   1.37048692e+00
 3.44000000e+00   0.00000000e+00   1.00000000e+00   1.02334173e-01   1.66547699e-05   1.31270893e+00   1.32012692e+00
 3.45000000e+00   0.00000000e+00   1.00000000e+00   1.08546318e-01   1.39203621e-04   1.31048948e+00   1.26406129e+00
 3.46000000e+00   0.00000000e+00   1.00000000e+00   1.14776487e-01   2.39720223e-04   1.31250934e+00   1.20934651e+00
 3.47000000e+00   0.00000000e+00   1.00000000e+00   1.20685190e-01   2.85236954e-04   1.31931083e+00   1.16028889e+00
 3.48000000e+00   0.00000000e+00   1.00000000e+00   1.25997469e-01   2.60745131e-04   1.32979675e+00   1.11849278e+00
 3.49000000e+00   0.00000000e+00   1.00000000e+00   1.30602675e-01   1.73860333e-04   1.34052761e+00   1.08420587e+00
 3.50000000e+00   0.00000000e+00   1.00000000e+00   1.34587529e-01   5.27342979e-05   1.34759393e+00   1.05645270e+00
 3.51000000e+00   0.00000000e+00   1.00000000e+00   1.38170774e-01  -6.27695086e-05   1.34860224e+00   1.03154712e+00
 3.52000000e+00   0.00000000e+00   1.00000000e+00   1.41574222e-01  -1.34510140e-04   1.34377974e+00   1.00391628e+00
 3.53000000e+00   0.00000000e+00   1.00000000e+00   1.44910348e-01  -1.39127804e-04   1.33560929e+00   9.69516281e-01
 3.54000000e+00   0.00000000e+00   1.00000000e+00   1.48149114e-01  -7.55311933e-05   1.32745812e+00   9.29756095e-01
 3.55000000e+00   0.00000000e+00   1.00000000e+00   1.51163619e-01   3.53614415e-05   1.32236696e+00   8.92294182e-01
 3.56000000e+00   0.00000000e+00   1.00000000e+00   1.53803997e-01   1.57493560e-04   1.32279365e+00   8.68299708e-01
 3.57000000e+00   0.00000000e+00   1.00000000e+00   1.55951158e-01   2.50855923e-04   1.33044769e+00   8.67893343e-01
 3.58000000e+00   0.00000000e+00   1.00000000e+00   1.57540423e-01   2.84447785e-04   1.34590118e+00   8.96508771e-01
 3.59000000e+00   0.00000000e+00   1.00000000e+00   1.58575223e-01   2.46975796e-04   1.36760991e+00   9.53101090e-01
 3.60000000e+00   0.00000000e+00   1.00000000e+00   1.59147593e-01   1.50776057e-04   1.39161791e+00   1.03059160e+00
 3.61000000e+00   0.00000000e+00   1.00000000e+00   1.59456779e-01   2.72695965e-05   1.41213587e+00   1.11674734e+00
 3.62000000e+00   0.00000000e+00   1.00000000e+00   1.59796086e-01  -8.36791735e-05   1.42433511e+00   1.19937698e+00
 3.63000000e+00   0.00000000e+00   1.00000000e+00   1.60486663e-01  -1.46299318e-04   1.42677555e+00   1.26795999e+00
 3.64000000e+00   0.00000000e+00   1.00000000e+00   1.61771839e-01  -1.40160488e-04   1.42209858e+00   1.31658014e+00
 3.65000000e+00   0.00000000e+00   1.00000000e+00   1.63722412e-01  -6.70856849e-05   1.41570635e+00   1.34587679e+00
 3.66000000e+00   0.00000000e+00   1.00000000e+00   1.66211868e-01   4.86529248e-05   1.41278444e+00   1.36000376e+00
 3.67000000e+00   0.00000000e+00   1.00000000e+00   1.68984311e-01   1.68349781e-04   1.41597092e+00   1.36677993e+00
 3.68000000e+00   0.00000000e+00   1.00000000e+00   1.71777521e-01   2.52291566e-04   1.42484100e+00   1.37415848e+00
 3.69000000e+00   0.00000000e+00   1.00000000e+00   1.74427382e-01   2.72904456e-04   1.43703972e+00   1.38784836e+00
 3.70000000e+00   0.00000000e+00   1.00000000e+00   1.76899754e-01   2.23258524e-04   1.44971814e+00   1.40799988e+00
 3.71000000e+00   0.00000000e+00   1.00000000e+00   1.79253331e-01   1.19168487e-04   1.46058811e+00   1.42893840e+00
 3.72000000e+00   0.00000000e+00   1.00000000e+00   1.81579628e-01  -5.54647267e-06   1.46790744e+00   1.44092158e+00
 3.73000000e+00   0.00000000e+00   1.00000000e+00   1.83960873e-01  -1.09871578e-04   1.47020886e+00   1.43516528e+00
 3.74000000e+00   0.00000000e+00   1.00000000e+00   1.86449642e-01  -1.59422164e-04   1.46669785e+00   1.40759633e+00
 3.75000000e+00   0.00000000e+00   1.00000000e+00   1.89048923e-01  -1.38158492e-04   1.45777913e+00   1.35970158e+00
 3.76000000e+00   0.00000000e+00   1.00000000e+00   1.91681089e-01  -5.33645955e-05   1.44545407e+00   1.29779492e+00
 3.77000000e+00   0.00000000e+00   1.00000000e+00   1.94163152e-01   6.72581637e-05   1.43348523e+00   1.23167513e+00
 3.78000000e+00   0.00000000e+00   1.00000000e+00   1.96221458e-01   1.84495363e-04   1.42591352e+00   1.16979195e+00
 3.79000000e+00   0.00000000e+00   1.00000000e+00   1.97562885e-01   2.59869369e-04   1.42583245e+00   1.12116387e+00
 3.80000000e+00   0.00000000e+00   1.00000000e+00   1.97981520e-01   2.68347711e-04   1.43387826e+00   1.09289919e+00
 3.81000000e+00   0.00000000e+00   1.00000000e+00   1.97447034e-01   2.07206957e-04   1.44790654e+00   1.08939946e+00
 3.82000000e+00   0.00000000e+00   1.00000000e+00   1.96121069e-01   9.70254919e-05   1.46346726e+00   1.10957674e+00
 3.83000000e+00   0.00000000e+00   1.00000000e+00   1.94287470e-01  -2.57172137e-05   1.47611799e+00   1.14578248e+00
 3.84000000e+00   0.00000000e+00   1.00000000e+00   1.92235888e-01  -1.20911125e-04   1.48358826e+00   1.18659252e+00
 3.85000000e+00   0.00000000e+00   1.00000000e+00   1.90165479e-01  -1.57469038e-04   1.48638365e+00   1.22224460e+00
 3.86000000e+00   0.00000000e+00   1.00000000e+00   1.88153855e-01  -1.23151870e-04   1.48675160e+00   1.24933478e+00
 3.87000000e+00   0.00000000e+00   1.00000000e+00   1.86185456e-01  -2.89834665e-05   1.48708249e+00   1.27155086e+00
 3.88000000e+00   0.00000000e+00   1.00000000e+00   1.84198547e-01   9.39300933e-05   1.48947383e+00   1.29661548e+00
 3.89000000e+00   0.00000000e+00   1.00000000e+00   1.82118078e-01   2.04869553e-04   1.49534549e+00   1.33203506e+00
 3.90000000e+00   0.00000000e+00   1.00000000e+00   1.79875527e-01   2.67376163e-04   1.50493380e+00   1.38140851e+00
 3.91000000e+00   0.00000000e+00   1.00000000e+00   1.77436341e-01   2.61152458e-04   1.51667582e+00   1.44299992e+00
 3.92000000e+00   0.00000000e+00   1.00000000e+00   1.74840925e-01   1.88249629e-04   1.52735177e+00   1.51107879e+00
 3.93000000e+00   0.00000000e+00   1.00000000e+00   1.72234974e-01   7.23391490e-05   1.53298456e+00   1.57632118e+00
 3.94000000e+00   0.00000000e+00   1.00000000e+00   1.69854092e-01  -4.85621870e-05   1.53092026e+00   1.62973057e+00
 3.95000000e+00   0.00000000e+00   1.00000000e+00   1.67949723e-01  -1.34435940e-04   1.52204361e+00   1.66383037e+00
 3.96000000e+00   0.00000000e+00   1.00000000e+00   1.66683640e-01  -1.56870244e-04   1.51019603e+00   1.67594268e+00
 3.97000000e+00   0.00000000e+00   1.00000000e+00   1.66046543e-01  -1.08712565e-04   1.50022695e+00   1.66790340e+00
 3.98000000e+00   0.00000000e+00   1.00000000e+00   1.65848909e-01  -6.06922688e-06   1.49563795e+00   1.64568578e+00
 3.99000000e+00   0.00000000e+00   1.00000000e+00   1.65791224e-01   1.17400291e-04   1.49743808e+00   1.61770400e+00
 4.00000000e+00   0.00000000e+00   1.00000000e+00   1.65573184e-01   2.21353249e-04   1.50413681e+00   1.59179457e+00
 4.01000000e+00   0.00000000e+00   1.00000000e+00   1.64981692e-01   2.71599620e-04   1.51327924e+00   1.57273888e+00
 4.02000000e+00   0.00000000e+00   1.00000000e+00   1.63920696e-01   2.51445374e-04   1.52206627e+00   1.56091523e+00
 4.03000000e+00   0.00000000e+00   1.00000000e+00   1.62391029e-01   1.67672343e-04   1.52824981e+00   1.55200000e+00
 4.04000000e+00   0.00000000e+00   1.00000000e+00   1.60454983e-01   4.83362688e-05   1.53030791e+00   1.53970639e+00
 4.05000000e+00   0.00000000e+00   1.00000000e+00   1.58210234e-01  -6.69274318e-05   1.52734970e+00   1.51887342e+00
 4.06000000e+00   0.00000000e+00   1.00000000e+00   1.55768200e-01  -1.40128531e-04   1.51951109e+00   1.48765904e+00
 4.07000000e+00   0.00000000e+00   1.00000000e+00   1.53218343e-01  -1.47022611e-04   1.50854260e+00   1.44945953e+00
 4.08000000e+00   0.00000000e+00   1.00000000e+00   1.50578126e-01  -8.48395577e-05   1.49769290e+00   1.41090228e+00
 4.09000000e+00   0.00000000e+00   1.00000000e+00   1.47757748e-01   2.64920915e-05   1.49092546e+00   1.37946346e+00
 4.10000000e+00   0.00000000e+00   1.00000000e+00   1.44575604e-01   1.50539077e-04   1.49069081e+00   1.36183917e+00
 4.11000000e+00   0.00000000e+00   1.00000000e+00   1.40833685e-01   2.46558982e-04   1.49698210e+00   1.36278840e+00
 4.12000000e+00   0.00000000e+00   1.00000000e+00   1.36420331e-01   2.83303808e-04   1.50685752e+00   1.38384750e+00
 4.13000000e+00   0.00000000e+00   1.00000000e+00   1.31384593e-01   2.49292011e-04   1.51537034e+00   1.42414809e+00
 4.14000000e+00   0.00000000e+00   1.00000000e+00   1.25939677e-01   1.56180514e-04   1.51780470e+00   1.47754523e+00
 4.15000000e+00   0.00000000e+00   1.00000000e+00   1.20394195e-01   3.48601774e-05   1.51165432e+00   1.53456041e+00
 4.16000000e+00   0.00000000e+00   1.00000000e+00   1.15051561e-01  -7.44277234e-05   1.49820183e+00   1.58459757e+00
 4.17000000e+00   0.00000000e+00   1.00000000e+00   1.10130545e-01  -1.35232468e-04   1.48085243e+00   1.62094505e+00
 4.18000000e+00   0.00000000e+00   1.00000000e+00   1.05736621e-01  -1.27130975e-04   1.46331718e+00   1.64394039e+00
 4.19000000e+00   0.00000000e+00   1.00000000e+00   1.01875140e-01  -5.26471228e-05   1.44829478e+00   1.65924463e+00
 4.20000000e+00   0.00000000e+00   1.00000000e+00   9.84770304e-02   6.37640909e-05   1.43723576e+00   1.67470496e+00
 4.21000000e+00   0.00000000e+00   1.00000000e+00   9.54200167e-02   1.84052309e-04   1.43067201e+00   1.69600416e+00
 4.22000000e+00   0.00000000e+00   1.00000000e+00   9.25537708e-02   2.68981693e-04   1.42835052e+00   1.72422240e+00
 4.23000000e+00   0.00000000e+00   1.00000000e+00   8.97443187e-02   2.90736720e-04   1.42869679e+00   1.75562420e+00
 4.24000000e+00   0.00000000e+00   1.00000000e+00   8.69320520e-02   2.42162135e-04   1.42884604e+00   1.78378617e+00
 4.25000000e+00   0.00000000e+00   1.00000000e+00   8.41704947e-02   1.39459900e-04   1.42591145e+00   1.80117984e+00
 4.26000000e+00   0.00000000e+00   1.00000000e+00   8.16104413e-02   1.68527454e-05   1.41860233e+00   1.80114745e+00
 4.27000000e+00   0.00000000e+00   1.00000000e+00   7.94244365e-02  -8.50422965e-05   1.40813932e+00   1.78051799e+00
 4.28000000e+00   0.00000000e+00   1.00000000e+00   7.77073604e-02  -1.32756704e-04   1.39778819e+00   1.73997028e+00
 4.29000000e+00   0.00000000e+00   1.00000000e+00   7.64081003e-02  -1.10696746e-04   1.39101178e+00   1.68538147e+00
 4.30000000e+00   0.00000000e+00   1.00000000e+00   7.53300239e-02  -2.59866747e-05   1.38986339e+00   1.62509308e+00
 4.31000000e+00   0.00000000e+00   1.00000000e+00   7.41964280e-02   9.37500035e-05   1.39428622e+00   1.56810814e+00
 4.32000000e+00   0.00000000e+00   1.00000000e+00   7.27414508e-02   2.09222247e-04   1.40253475e+00   1.52247054e+00
 4.33000000e+00   0.00000000e+00   1.00000000e+00   7.07801612e-02   2.82478677e-04   1.41225299e+00   1.49238148e+00
 4.34000000e+00   0.00000000e+00   1.00000000e+00   6.82354510e-02   2.89686247e-04   1.42121387e+00   1.47759739e+00
 4.35000000e+00   0.00000000e+00   1.00000000e+00   6.51311513e-02   2.28982933e-04   1.42761410e+00   1.47347435e+00
 4.36000000e+00   0.00000000e+00   1.00000000e+00   6.15743717e-02   1.20808889e-04   1.43021533e+00   1.47325171e+00
 4.37000000e+00   0.00000000e+00   1.00000000e+00   5.77373269e-02   1.06383638e-06   1.42826372e+00   1.47090106e+00
 4.38000000e+00   0.00000000e+00   1.00000000e+00   5.38280532e-02  -9.05129198e-05   1.42191214e+00   1.46353059e+00
 4.39000000e+00   0.00000000e+00   1.00000000e+00   5.00378982e-02  -1.23311727e-04   1.41251780e+00   1.45238181e+00
 4.40000000e+00   0.00000000e+00   1.00000000e+00   4.64769442e-02  -8.61214526e-05   1.40259364e+00   1.44250852e+00
 4.41000000e+00   0.00000000e+00   1.00000000e+00   4.31331642e-02   9.00438556e-06   1.39497853e+00   1.44083428e+00
 4.42000000e+00   0.00000000e+00   1.00000000e+00   3.98891364e-02   1.30879607e-04   1.39135538e+00   1.45334840e+00
 4.43000000e+00   0.00000000e+00   1.00000000e+00   3.65973781e-02   2.39704959e-04   1.39104739e+00   1.48324047e+00
 4.44000000e+00   0.00000000e+00   1.00000000e+00   3.31761731e-02   3.00115684e-04   1.39101538e+00   1.52952860e+00
 4.45000000e+00   0.00000000e+00   1.00000000e+00   2.96728028e-02   2.92604157e-04   1.38730626e+00   1.58653673e+00
 4.46000000e+00   0.00000000e+00   1.00000000e+00   2.62614922e-02   2.19915934e-04   1.37732188e+00   1.64466824e+00
 4.47000000e+00   0.00000000e+00   1.00000000e+00   2.31834083e-02   1.06287001e-04   1.36141030e+00   1.69235475e+00
 4.48000000e+00   0.00000000e+00   1.00000000e+00   2.06663477e-02  -1.05036114e-05   1.34249390e+00   1.71962942e+00
 4.49000000e+00   0.00000000e+00   1.00000000e+00   1.88636961e-02  -9.17613308e-05   1.32433212e+00   1.72361149e+00
 4.50000000e+00   0.00000000e+00   1.00000000e+00   1.78293340e-02  -1.10800835e-04   1.30995747e+00   1.70697090e+00
 4.51000000e+00   0.00000000e+00   1.00000000e+00   1.75190581e-02  -6.15542997e-05   1.30074807e+00   1.67698954e+00
 4.52000000e+00   0.00000000e+00   1.00000000e+00   1.78011062e-02   3.96744659e-05   1.29685427e+00   1.64401060e+00
 4.53000000e+00   0.00000000e+00   1.00000000e+00   1.84722942e-02   1.59467958e-04   1.29826191e+00   1.61604332e+00
 4.54000000e+00   0.00000000e+00   1.00000000e+00   1.92917985e-02   2.58131554e-04   1.30457948e+00   1.59556581e+00
 4.55000000e+00   0.00000000e+00   1.00000000e+00   2.00404412e-02   3.02935918e-04   1.31425977e+00   1.58102416e+00
 4.56000000e+00   0.00000000e+00   1.00000000e+00   2.05895890e-02   2.79110751e-04   1.32453159e+00   1.56790857e+00
 4.57000000e+00   0.00000000e+00   1.00000000e+00   2.09422979e-02   1.94621858e-04   1.33237161e+00   1.55015275e+00
 4.58000000e+00   0.00000000e+00   1.00000000e+00   2.12149832e-02   7.72962950e-05   1.33598884e+00   1.52221854e+00
 4.59000000e+00   0.00000000e+00   1.00000000e+00   2.15621646e-02  -3.43919376e-05   1.33575976e+00   1.48157639e+00
 4.60000000e+00   0.00000000e+00   1.00000000e+00   2.20840079e-02  -1.03827206e-04   1.33401467e+00   1.42902308e+00
 4.61000000e+00   0.00000000e+00   1.00000000e+00   2.27671257e-02  -1.08209407e-04   1.33353735e+00   1.36983145e+00
 4.62000000e+00   0.00000000e+00   1.00000000e+00   2.34863930e-02  -4.61839227e-05   1.33623462e+00   1.31252055e+00
 4.63000000e+00   0.00000000e+00   1.00000000e+00   2.40580048e-02   6.16402148e-05   1.34252141e+00   1.26631036e+00
 4.64000000e+00   0.00000000e+00   1.00000000e+00   2.43086809e-02   1.79640222e-04   1.35151888e+00   1.23866803e+00
 4.65000000e+00   0.00000000e+00   1.00000000e+00   2.41278052e-02   2.69085814e-04   1.36156856e+00   1.23386026e+00
 4.66000000e+00   0.00000000e+00   1.00000000e+00   2.34910785e-02   3.00777493e-04   1.37084962e+00   1.25031172e+00
 4.67000000e+00   0.00000000e+00   1.00000000e+00   2.24645128e-02   2.64436207e-04   1.37741268e+00   1.28170811e+00
 4.68000000e+00   0.00000000e+00   1.00000000e+00   2.12002500e-02   1.72116039e-04   1.37953641e+00   1.31880561e+00
 4.69000000e+00   0.00000000e+00   1.00000000e+00   1.99222676e-02   5.44081179e-05   1.37605776e+00   1.35229702e+00
 4.70000000e+00   0.00000000e+00   1.00000000e+00   1.88891375e-02  -4.96739685e-05   1.36697602e+00   1.37671258e+00
 4.71000000e+00   0.00000000e+00   1.00000000e+00   1.83296491e-02  -1.05771871e-04   1.35397897e+00   1.39084845e+00
 4.72000000e+00   0.00000000e+00   1.00000000e+00   1.83716021e-02  -9.55254861e-05   1.34010915e+00   1.39808101e+00
 4.73000000e+00   0.00000000e+00   1.00000000e+00   1.90020913e-02  -2.24334180e-05   1.32869943e+00   1.40450271e+00
 4.74000000e+00   0.00000000e+00   1.00000000e+00   2.00881070e-02   8.93993869e-05   1.32186053e+00   1.41669655e+00
 4.75000000e+00   0.00000000e+00   1.00000000e+00   2.14515765e-02   2.03062715e-04   1.31959152e+00   1.43810015e+00
 4.76000000e+00   0.00000000e+00   1.00000000e+00   2.29587567e-02   2.80922037e-04   1.31981776e+00   1.46784826e+00
 4.77000000e+00   0.00000000e+00   1.00000000e+00   2.45766412e-02   2.97166531e-04   1.31968488e+00   1.50115027e+00
 4.78000000e+00   0.00000000e+00   1.00000000e+00   2.63728905e-02   2.46402906e-04   1.31733230e+00   1.53000974e+00
 4.79000000e+00   0.00000000e+00   1.00000000e+00   2.84706458e-02   1.45252966e-04   1.31265135e+00   1.54593092e+00
 4.80000000e+00   0.00000000e+00   1.00000000e+00   3.09901527e-02   2.67108368e-05   1.30703024e+00   1.54195826e+00
 4.81000000e+00   0.00000000e+00   1.00000000e+00   3.40043137e-02  -7.06193312e-05   1.30213556e+00   1.51536111e+00
 4.82000000e+00   0.00000000e+00   1.00000000e+00   3.75154895e-02  -1.15047492e-04   1.29904157e+00   1.46949948e+00
 4.83000000e+00   0.00000000e+00   1.00000000e+00   4.14460072e-02  -9.22625222e-05   1.29831478e+00   1.41206950e+00
 4.84000000e+00   0.00000000e+00   1.00000000e+00   4.56361496e-02  -1.02769931e-05   1.30054436e+00   1.35151728e+00
 4.85000000e+00   0.00000000e+00   1.00000000e+00   4.98565352e-02   1.03372338e-04   1.30613904e+00   1.29576269e+00
 4.86000000e+00   0.00000000e+00   1.00000000e+00   5.38477309e-02   2.10994222e-04   1.31541418e+00   1.24960156e+00
 4.87000000e+00   0.00000000e+00   1.00000000e+00   5.73876133e-02   2.77046755e-04   1.32743387e+00   1.21503341e+00
 4.88000000e+00   0.00000000e+00   1.00000000e+00   6.03627567e-02   2.79680642e-04   1.33987504e+00   1.19077233e+00
 4.89000000e+00   0.00000000e+00   1.00000000e+00   6.28052488e-02   2.17841658e-04   1.34966492e+00   1.17316277e+00
 4.90000000e+00   0.00000000e+00   1.00000000e+00   6.48695049e-02   1.11781249e-04   1.35452296e+00   1.15898767e+00
 4.91000000e+00   0.00000000e+00   1.00000000e+00   6.67578376e-02  -3.58092802e-06   1.35440500e+00   1.14325226e+00
 4.92000000e+00   0.00000000e+00   1.00000000e+00   6.86341808e-02  -9.02741013e-05   1.35088378e+00   1.12365101e+00
 4.93000000e+00   0.00000000e+00   1.00000000e+00   7.05696880e-02  -1.19824606e-04   1.34670502e+00   1.10181487e+00
 4.94000000e+00   0.00000000e+00   1.00000000e+00   7.25401454e-02  -8.26808895e-05   1.34433655e+00   1.08262342e+00
 4.95000000e+00   0.00000000e+00   1.00000000e+00   7.44632425e-02   8.83032981e-06   1.34501053e+00   1.07347681e+00
 4.96000000e+00   0.00000000e+00   1.00000000e+00   7.62471177e-02   1.24639431e-04   1.34895034e+00   1.08106463e+00
 4.97000000e+00   0.00000000e+00   1.00000000e+00   7.78285035e-02   2.26621458e-04   1.35540690e+00   1.10854495e+00
 4.98000000e+00   0.00000000e+00   1.00000000e+00   7.91966920e-02   2.81044776e-04   1.36287568e+00   1.15399270e+00
 4.99000000e+00   0.00000000e+00   1.00000000e+00   8.04093569e-02   2.69884937e-04   1.36921254e+00   1.21105473e+00
 5.00000000e+00   0.00000000e+00   1.00000000e+00   8.16008174e-02   1.96856026e-04   1.37208214e+00   1.27027278e+00