  Time  Coordinate0  Coordinate1  Displacement0  Displacement1  Force0  Force1
 0.00000000e+00   0.00000000e+00   1.00000000e+00   0.00000000e+00   0.00000000e+00   0.00000000e+00   0.00000000e+00
 1.00000000e-02   0.00000000e+00   1.00000000e+00   7.04595546e-04   5.90431499e-06   2.20804719e+00   2.34638102e+01
 2.00000000e-02   0.00000000e+00   1.00000000e+00   2.22689466e-03   3.21968276e-05   2.30132928e+00   1.04921904e+01
 3.00000000e-02   0.00000000e+00   1.00000000e+00   4.01696464e-03   7.20946381e-05   2.02848856e+00   5.78517547e+00
 4.00000000e-02   0.00000000e+00   1.00000000e+00   5.96427049e-03   1.21140201e-04   1.87201650e+00   4.03611296e+00
 5.00000000e-02   0.00000000e+00   1.00000000e+00   7.99005089e-03   1.68833387e-04   1.77287632e+00   3.24704246e+00
 6.00000000e-02   0.00000000e+00   1.00000000e+00   9.96121181e-03   2.07848187e-04   1.70254927e+00   2.86367037e+00
 7.00000000e-02   0.00000000e+00   1.00000000e+00   1.19064814e-02   2.20551900e-04   1.64492095e+00   2.64197870e+00
 8.00000000e-02   0.00000000e+00   1.00000000e+00   1.42316547e-02   2.01092741e-04   1.58849708e+00   2.49488436e+00
 9.00000000e-02   0.00000000e+00   1.00000000e+00   1.77373331e-02   1.54921495e-04   1.52824903e+00   2.37717884e+00
 1.00000000e-01   0.00000000e+00   1.00000000e+00   2.28493953e-02   9.60574559e-05   1.48036257e+00   2.27874004e+00
 1.10000000e-01   0.00000000e+00   1.00000000e+00   2.89742657e-02   4.43642789e-05   1.46964207e+00   2.19903784e+00
 1.20000000e-01   0.00000000e+00   1.00000000e+00   3.51140678e-02   1.44320809e-05   1.48865863e+00   2.14181298e+00
 1.30000000e-01   0.00000000e+00   1.00000000e+00   4.10241861e-02   1.42959807e-05   1.50479053e+00   2.10337397e+00
 1.40000000e-01   0.00000000e+00   1.00000000e+00   4.70547173e-02   4.06940031e-05   1.50862731e+00   2.07166567e+00
 1.50000000e-01   0.00000000e+00   1.00000000e+00   5.31067235e-02   8.73876803e-05   1.51939323e+00   2.04969257e+00
 1.60000000e-01   0.00000000e+00   1.00000000e+00   5.87318494e-02   1.38628655e-04   1.54136468e+00   2.03024441e+00
 1.70000000e-01   0.00000000e+00   1.00000000e+00   6.39288310e-02   1.73169809e-04   1.55509444e+00   2.00739586e+00
 1.80000000e-01   0.00000000e+00   1.00000000e+00   6.89616352e-02   1.78506754e-04   1.55697983e+00   1.97461630e+00
 1.90000000e-01   0.00000000e+00   1.00000000e+00   7.39111951e-02   1.54037720e-04   1.55656326e+00   1.93550700e+00
 2.00000000e-01   0.00000000e+00   1.00000000e+00   7.88756042e-02   1.07683339e-04   1.55481382e+00   1.90261642e+00
 2.10000000e-01   0.00000000e+00   1.00000000e+00   8.40198435e-02   5.27149061e-05   1.55255698e+00   1.87909193e+00
 2.20000000e-01   0.00000000e+00   1.00000000e+00   8.93573170e-02   6.48697387e-06   1.55504774e+00   1.86009678e+00
 2.30000000e-01   0.00000000e+00   1.00000000e+00   9.47703640e-02  -1.55846972e-05   1.56373523e+00   1.84042137e+00
 2.40000000e-01   0.00000000e+00   1.00000000e+00   9.99003493e-02  -6.00532502e-06   1.58163677e+00   1.82119594e+00
 2.50000000e-01   0.00000000e+00   1.00000000e+00   1.04098436e-01   3.13273846e-05   1.61052983e+00   1.80628031e+00
 2.60000000e-01   0.00000000e+00   1.00000000e+00   1.07060952e-01   8.29691387e-05   1.63386971e+00   1.79772896e+00
 2.70000000e-01   0.00000000e+00   1.00000000e+00   1.09288285e-01   1.31532377e-04   1.63273841e+00   1.79670901e+00
 2.80000000e-01   0.00000000e+00   1.00000000e+00   1.11557887e-01   1.61620248e-04   1.61146640e+00   1.79640893e+00
 2.90000000e-01   0.00000000e+00   1.00000000e+00   1.14213938e-01   1.63720976e-04   1.58952760e+00   1.79043549e+00
 3.00000000e-01   0.00000000e+00   1.00000000e+00   1.17129859e-01   1.35492647e-04   1.57746182e+00   1.77677631e+00
 3.10000000e-01   0.00000000e+00   1.00000000e+00   1.20208650e-01   8.52596634e-05   1.56914350e+00   1.75759062e+00
 3.20000000e-01   0.00000000e+00   1.00000000e+00   1.23699405e-01   3.08509842e-05   1.55573628e+00   1.74084005e+00
 3.30000000e-01   0.00000000e+00   1.00000000e+00   1.27865289e-01  -9.72031749e-06   1.54240469e+00   1.73090302e+00
 3.40000000e-01   0.00000000e+00   1.00000000e+00   1.32546456e-01  -2.45807569e-05   1.54254936e+00   1.72752828e+00
 3.50000000e-01   0.00000000e+00   1.00000000e+00   1.37330338e-01  -9.25832422e-06   1.55726228e+00   1.72741828e+00
 3.60000000e-01   0.00000000e+00   1.00000000e+00   1.41986370e-01   3.13225668e-05   1.57456033e+00   1.72541747e+00
 3.70000000e-01   0.00000000e+00   1.00000000e+00   1.46469407e-01   8.33633130e-05   1.58744029e+00   1.71739445e+00
 3.80000000e-01   0.00000000e+00   1.00000000e+00   1.50685656e-01   1.29247724e-04   1.59813901e+00   1.70421740e+00
 3.90000000e-01   0.00000000e+00   1.00000000e+00   1.54641813e-01   1.53319440e-04   1.60494295e+00   1.69275288e+00
 4.00000000e-01   0.00000000e+00   1.00000000e+00   1.58744669e-01   1.47347267e-04   1.60003022e+00   1.68474458e+00
 4.10000000e-01   0.00000000e+00   1.00000000e+00   1.63542889e-01   1.13591156e-04   1.58582596e+00   1.67446659e+00
 4.20000000e-01   0.00000000e+00   1.00000000e+00   1.69144891e-01   6.28542955e-05   1.57830478e+00   1.65647993e+00
 4.30000000e-01   0.00000000e+00   1.00000000e+00   1.75102921e-01   1.04738205e-05   1.58902154e+00   1.63372568e+00
 4.40000000e-01   0.00000000e+00   1.00000000e+00   1.80803076e-01  -2.68433547e-05   1.61466171e+00   1.61219197e+00
 4.50000000e-01   0.00000000e+00   1.00000000e+00   1.85880960e-01  -3.59968780e-05   1.64342542e+00   1.59617792e+00
 4.60000000e-01   0.00000000e+00   1.00000000e+00   1.90344329e-01  -1.41209245e-05   1.66584394e+00   1.58804430e+00
 4.70000000e-01   0.00000000e+00   1.00000000e+00   1.94294595e-01   2.99957818e-05   1.68275935e+00   1.58552266e+00
 4.80000000e-01   0.00000000e+00   1.00000000e+00   1.97577195e-01   8.11200062e-05   1.70082343e+00   1.58100660e+00
 4.90000000e-01   0.00000000e+00   1.00000000e+00   1.99924055e-01   1.23180461e-04   1.71820606e+00   1.57003633e+00
 5.00000000e-01   0.00000000e+00   1.00000000e+00   2.01413181e-01   1.42504415e-04   1.72385215e+00   1.55712940e+00
 5.10000000e-01   0.00000000e+00   1.00000000e+00   2.02493843e-01   1.31793965e-04   1.71387938e+00   1.54791259e+00
 5.20000000e-01   0.00000000e+00   1.00000000e+00   2.03557814e-01   9.41500421e-05   1.69792374e+00   1.54278289e+00
 5.30000000e-01   0.00000000e+00   1.00000000e+00   2.04733717e-01   4.26500578e-05   1.68598539e+00   1.54015898e+00
 5.40000000e-01   0.00000000e+00   1.00000000e+00   2.06030752e-01  -4.93271946e-06   1.67962038e+00   1.54011975e+00
 5.50000000e-01   0.00000000e+00   1.00000000e+00   2.07369975e-01  -3.31034338e-05   1.67884631e+00   1.54100204e+00
 5.60000000e-01   0.00000000e+00   1.00000000e+00   2.08448725e-01  -3.36252813e-05   1.68659471e+00   1.53988974e+00
 5.70000000e-01   0.00000000e+00   1.00000000e+00   2.08841642e-01  -6.63395398e-06   1.70203997e+00   1.53895893e+00
 5.80000000e-01   0.00000000e+00   1.00000000e+00   2.08401095e-01   3.99224211e-05   1.71521428e+00   1.54547070e+00
 5.90000000e-01   0.00000000e+00   1.00000000e+00   2.07486355e-01   9.10494245e-05   1.71435389e+00   1.56216862e+00
 6.00000000e-01   0.00000000e+00   1.00000000e+00   2.06672397e-01   1.28875692e-04   1.69879487e+00   1.58052378e+00
 6.10000000e-01   0.00000000e+00   1.00000000e+00   2.06258582e-01   1.40350671e-04   1.67978044e+00   1.58954383e+00
 6.20000000e-01   0.00000000e+00   1.00000000e+00   2.06185262e-01   1.22507212e-04   1.66672300e+00   1.58810489e+00
 6.30000000e-01   0.00000000e+00   1.00000000e+00   2.06385704e-01   8.20702884e-05   1.65751225e+00   1.58239918e+00
 6.40000000e-01   0.00000000e+00   1.00000000e+00   2.07008251e-01   3.25212192e-05   1.66394494e+00   1.58807149e+00
 6.50000000e-01   0.00000000e+00   1.00000000e+00   2.08217131e-01  -1.03689314e-05   1.65148497e+00   1.58251320e+00
 6.60000000e-01   0.00000000e+00   1.00000000e+00   2.09902523e-01  -3.22487714e-05   1.63930830e+00   1.56666175e+00
 6.70000000e-01   0.00000000e+00   1.00000000e+00   2.11646073e-01  -2.57339049e-05   1.65392591e+00   1.56929581e+00
 6.80000000e-01   0.00000000e+00   1.00000000e+00   2.12969517e-01   6.84960557e-06   1.67903322e+00   1.57004643e+00
 6.90000000e-01   0.00000000e+00   1.00000000e+00   2.13618858e-01   5.36703373e-05   1.70133006e+00   1.56692501e+00
 7.00000000e-01   0.00000000e+00   1.00000000e+00   2.13617668e-01   9.86748104e-05   1.71461386e+00   1.56383397e+00
 7.10000000e-01   0.00000000e+00   1.00000000e+00   2.13141048e-01   1.27837574e-04   1.71895307e+00   1.56293200e+00
 7.20000000e-01   0.00000000e+00   1.00000000e+00   2.12448727e-01   1.32315385e-04   1.71565107e+00   1.56311927e+00
 7.30000000e-01   0.00000000e+00   1.00000000e+00   2.11848351e-01   1.10093901e-04   1.70582585e+00   1.56141558e+00
 7.40000000e-01   0.00000000e+00   1.00000000e+00   2.11484283e-01   6.78848255e-05   1.69560369e+00   1.55441521e+00
 7.50000000e-01   0.00000000e+00   1.00000000e+00   2.11117397e-01   1.99929586e-05   1.69469844e+00   1.54162335e+00
 7.60000000e-01   0.00000000e+00   1.00000000e+00   2.10285864e-01  -1.68996707e-05   1.70565082e+00   1.52838921e+00
 7.70000000e-01   0.00000000e+00   1.00000000e+00   2.08727301e-01  -3.04691588e-05   1.72015088e+00   1.52291100e+00
 7.80000000e-01   0.00000000e+00   1.00000000e+00   2.06505443e-01  -1.69623055e-05   1.72962386e+00   1.52800056e+00
 7.90000000e-01   0.00000000e+00   1.00000000e+00   2.03713296e-01   1.89313414e-05   1.73475478e+00   1.53828882e+00
 8.00000000e-01   0.00000000e+00   1.00000000e+00   2.00239674e-01   6.61411331e-05   1.74037001e+00   1.54736811e+00
 8.10000000e-01   0.00000000e+00   1.00000000e+00   1.95939023e-01   1.09769377e-04   1.74463315e+00   1.55516481e+00
 8.20000000e-01   0.00000000e+00   1.00000000e+00   1.90948670e-01   1.35236065e-04   1.73935093e+00   1.56487232e+00
 8.30000000e-01   0.00000000e+00   1.00000000e+00   1.85731386e-01   1.33972492e-04   1.71991783e+00   1.57732351e+00
 8.40000000e-01   0.00000000e+00   1.00000000e+00   1.80799437e-01   1.07221026e-04   1.69112572e+00   1.59026110e+00
 8.50000000e-01   0.00000000e+00   1.00000000e+00   1.76428108e-01   6.49716000e-05   1.66347689e+00   1.60158374e+00
 8.60000000e-01   0.00000000e+00   1.00000000e+00   1.72597348e-01   2.14356593e-05   1.64445891e+00   1.60994155e+00
 8.70000000e-01   0.00000000e+00   1.00000000e+00   1.69099587e-01  -9.37999852e-06   1.63523823e+00   1.61495853e+00
 8.80000000e-01   0.00000000e+00   1.00000000e+00   1.65649259e-01  -1.71787832e-05   1.63463669e+00   1.61961004e+00
 8.90000000e-01   0.00000000e+00   1.00000000e+00   1.61980835e-01   1.45832250e-06   1.63958826e+00   1.62785113e+00
 9.00000000e-01   0.00000000e+00   1.00000000e+00   1.57991050e-01   4.10785068e-05   1.64416375e+00   1.64279120e+00
 9.10000000e-01   0.00000000e+00   1.00000000e+00   1.53837635e-01   8.84806617e-05   1.64155053e+00   1.66174836e+00
 9.20000000e-01   0.00000000e+00   1.00000000e+00   1.49834596e-01   1.27786839e-04   1.62964917e+00   1.67614558e+00
 9.30000000e-01   0.00000000e+00   1.00000000e+00   1.46191969e-01   1.46582555e-04   1.61389995e+00   1.68029179e+00
 9.40000000e-01   0.00000000e+00   1.00000000e+00   1.42888921e-01   1.39500473e-04   1.60150599e+00   1.67489818e+00
 9.50000000e-01   0.00000000e+00   1.00000000e+00   1.39843365e-01   1.09044396e-04   1.59289534e+00   1.66506068e+00
 9.60000000e-01   0.00000000e+00   1.00000000e+00   1.37127938e-01   6.49584461e-05   1.58359024e+00   1.65608692e+00
 9.70000000e-01   0.00000000e+00   1.00000000e+00   1.34877463e-01   2.19225635e-05   1.57397826e+00   1.64936313e+00
 9.80000000e-01   0.00000000e+00   1.00000000e+00   1.32975399e-01  -5.25707872e-06   1.57232108e+00   1.64370536e+00
 9.90000000e-01   0.00000000e+00   1.00000000e+00   1.30962587e-01  -7.37160066e-06   1.58489562e+00   1.63867954e+00
 1.00000000e+00   0.00000000e+00   1.00000000e+00   1.28320376e-01   1.59776914e-05   1.60674058e+00   1.63524389e+00
 1.01000000e+00   0.00000000e+00   1.00000000e+00   1.24795672e-01   5.70073115e-05   1.62620175e+00   1.63515248e+00
 1.02000000e+00   0.00000000e+00   1.00000000e+00   1.20460855e-01   1.02694717e-04   1.63537699e+00   1.63944524e+00
 1.03000000e+00   0.00000000e+00   1.00000000e+00   1.15577095e-01   1.38601045e-04   1.63331856e+00   1.64746445e+00
 1.04000000e+00   0.00000000e+00   1.00000000e+00   1.10459487e-01   1.53140118e-04   1.62230523e+00   1.65618327e+00
 1.05000000e+00   0.00000000e+00   1.00000000e+00   1.05380225e-01   1.41583912e-04   1.60585579e+00   1.66068900e+00
 1.06000000e+00   0.00000000e+00   1.00000000e+00   1.00465971e-01   1.08141750e-04   1.58907966e+00   1.65899982e+00
 1.07000000e+00   0.00000000e+00   1.00000000e+00   9.56428432e-02   6.45564287e-05   1.57739229e+00   1.65491586e+00
 1.08000000e+00   0.00000000e+00   1.00000000e+00   9.07224090e-02   2.57014575e-05   1.57257158e+00   1.65567533e+00
 1.09000000e+00   0.00000000e+00   1.00000000e+00   8.55807868e-02   4.58641312e-06   1.57102838e+00   1.66591684e+00
 1.10000000e+00   0.00000000e+00   1.00000000e+00   8.02392577e-02   8.58774941e-06   1.56791773e+00   1.68440574e+00
 1.11000000e+00   0.00000000e+00   1.00000000e+00   7.47497933e-02   3.71500276e-05   1.56281513e+00   1.70582696e+00
 1.12000000e+00   0.00000000e+00   1.00000000e+00   6.90553919e-02   8.14382434e-05   1.55883248e+00   1.72622469e+00
 1.13000000e+00   0.00000000e+00   1.00000000e+00   6.30655818e-02   1.27082340e-04   1.55576027e+00   1.74492760e+00
 1.14000000e+00   0.00000000e+00   1.00000000e+00   5.69022598e-02   1.59423370e-04   1.54703127e+00   1.76149244e+00
 1.15000000e+00   0.00000000e+00   1.00000000e+00   5.09952340e-02   1.68610851e-04   1.52612761e+00   1.77375267e+00
 1.16000000e+00   0.00000000e+00   1.00000000e+00   4.58527438e-02   1.52426112e-04   1.49513630e+00   1.77889149e+00
 1.17000000e+00   0.00000000e+00   1.00000000e+00   4.17287707e-02   1.16551897e-04   1.46445145e+00   1.77735134e+00
 1.18000000e+00   0.00000000e+00   1.00000000e+00   3.85182898e-02   7.28598367e-05   1.44390366e+00   1.77176611e+00
 1.19000000e+00   0.00000000e+00   1.00000000e+00   3.59130753e-02   3.58319315e-05   1.43589493e+00   1.76517196e+00
 1.20000000e+00   0.00000000e+00   1.00000000e+00   3.35912842e-02   1.78480520e-05   1.43707947e+00   1.76041068e+00
 1.21000000e+00   0.00000000e+00   1.00000000e+00   3.13041718e-02   2.50180740e-05   1.44319380e+00   1.76052980e+00
 1.22000000e+00   0.00000000e+00   1.00000000e+00   2.89179758e-02   5.50620464e-05   1.45011835e+00   1.76648210e+00
 1.23000000e+00   0.00000000e+00   1.00000000e+00   2.64477569e-02   9.82371196e-05   1.45382815e+00   1.77355256e+00
 1.24000000e+00   0.00000000e+00   1.00000000e+00   2.40101767e-02   1.40599292e-04   1.45263843e+00   1.77472854e+00
 1.25000000e+00   0.00000000e+00   1.00000000e+00   2.16966308e-02   1.68227005e-04   1.44880338e+00   1.76658025e+00
 1.26000000e+00   0.00000000e+00   1.00000000e+00   1.95144447e-02   1.71782260e-04   1.44532258e+00   1.75182091e+00
 1.27000000e+00   0.00000000e+00   1.00000000e+00   1.74725288e-02   1.50058252e-04   1.44175386e+00   1.73613874e+00
 1.28000000e+00   0.00000000e+00   1.00000000e+00   1.56682133e-02   1.10474427e-04   1.43570871e+00   1.72221065e+00
 1.29000000e+00   0.00000000e+00   1.00000000e+00   1.42005342e-02   6.61993306e-05   1.42829912e+00   1.71070803e+00
 1.30000000e+00   0.00000000e+00   1.00000000e+00   1.29673262e-02   3.16727161e-05   1.42607411e+00   1.70257790e+00
 1.31000000e+00   0.00000000e+00   1.00000000e+00   1.15962264e-02   1.81702112e-05   1.43509139e+00   1.69945511e+00
 1.32000000e+00   0.00000000e+00   1.00000000e+00   9.64503509e-03   3.03188466e-05   1.45333415e+00   1.70207382e+00
 1.33000000e+00   0.00000000e+00   1.00000000e+00   6.90498796e-03   6.44668351e-05   1.47099962e+00   1.71022437e+00
 1.34000000e+00   0.00000000e+00   1.00000000e+00   3.52001397e-03   1.09728954e-04   1.47872614e+00   1.72241290e+00
 1.35000000e+00   0.00000000e+00   1.00000000e+00  -1.54369433e-04   1.51523276e-04   1.47417354e+00   1.73586023e+00
 1.36000000e+00   0.00000000e+00   1.00000000e+00  -3.76450041e-03   1.76427641e-04   1.46113770e+00   1.74599956e+00
 1.37000000e+00   0.00000000e+00   1.00000000e+00  -7.06139534e-03   1.76619525e-04   1.44452906e+00   1.74917086e+00
 1.38000000e+00   0.00000000e+00   1.00000000e+00  -9.90488335e-03   1.52305676e-04   1.42765503e+00   1.74567194e+00
 1.39000000e+00   0.00000000e+00   1.00000000e+00  -1.22563235e-02   1.11576383e-04   1.41288064e+00   1.73973423e+00
 1.40000000e+00   0.00000000e+00   1.00000000e+00  -1.41593224e-02   6.79748068e-05   1.40149865e+00   1.73819993e+00
 1.41000000e+00   0.00000000e+00   1.00000000e+00  -1.56797452e-02   3.62662175e-05   1.39299894e+00   1.74452766e+00
 1.42000000e+00   0.00000000e+00   1.00000000e+00  -1.68637962e-02   2.73081729e-05   1.38623605e+00   1.75589812e+00
 1.43000000e+00   0.00000000e+00   1.00000000e+00  -1.77779767e-02   4.41503655e-05   1.38183117e+00   1.76705002e+00
 1.44000000e+00   0.00000000e+00   1.00000000e+00  -1.85540679e-02   8.11443570e-05   1.38147723e+00   1.77528533e+00
 1.45000000e+00   0.00000000e+00   1.00000000e+00  -1.93052406e-02   1.26134106e-04   1.38368343e+00   1.78005142e+00
 1.46000000e+00   0.00000000e+00   1.00000000e+00  -1.99503773e-02   1.64519092e-04   1.38210880e+00   1.78038222e+00
 1.47000000e+00   0.00000000e+00   1.00000000e+00  -2.01611267e-02   1.83644838e-04   1.37068848e+00   1.77415878e+00
 1.48000000e+00   0.00000000e+00   1.00000000e+00  -1.95514563e-02   1.76816921e-04   1.35054558e+00   1.76043732e+00
 1.49000000e+00   0.00000000e+00   1.00000000e+00  -1.79562017e-02   1.45878047e-04   1.33081676e+00   1.74092352e+00
 1.50000000e+00   0.00000000e+00   1.00000000e+00  -1.55404703e-02   1.00863578e-04   1.32111699e+00   1.71985905e+00
 1.51000000e+00   0.00000000e+00   1.00000000e+00  -1.26687446e-02   5.64100481e-05   1.32428096e+00   1.70105516e+00
 1.52000000e+00   0.00000000e+00   1.00000000e+00  -9.69608132e-03   2.65781721e-05   1.33639740e+00   1.68703379e+00
 1.53000000e+00   0.00000000e+00   1.00000000e+00  -6.86002065e-03   2.05388352e-05   1.35197834e+00   1.67914060e+00
 1.54000000e+00   0.00000000e+00   1.00000000e+00  -4.28971866e-03   4.00085327e-05   1.36761011e+00   1.67703089e+00
 1.55000000e+00   0.00000000e+00   1.00000000e+00  -2.04014816e-03   7.85496669e-05   1.38161753e+00   1.67714397e+00
 1.56000000e+00   0.00000000e+00   1.00000000e+00  -1.02980857e-04   1.23166184e-04   1.39274500e+00   1.67314352e+00
 1.57000000e+00   0.00000000e+00   1.00000000e+00   1.58320665e-03   1.58551589e-04   1.39978324e+00   1.66391675e+00
 1.58000000e+00   0.00000000e+00   1.00000000e+00   3.11782212e-03   1.72614470e-04   1.40261878e+00   1.65117282e+00
 1.59000000e+00   0.00000000e+00   1.00000000e+00   4.64209120e-03   1.60724136e-04   1.40122354e+00   1.63785683e+00
 1.60000000e+00   0.00000000e+00   1.00000000e+00   6.33383163e-03   1.26863346e-04   1.39562394e+00   1.62748039e+00
 1.61000000e+00   0.00000000e+00   1.00000000e+00   8.32230152e-03   8.19680837e-05   1.38855478e+00   1.62014169e+00
 1.62000000e+00   0.00000000e+00   1.00000000e+00   1.05480515e-02   4.05173930e-05   1.38586673e+00   1.61626979e+00
 1.63000000e+00   0.00000000e+00   1.00000000e+00   1.27268088e-02   1.61493461e-05   1.39255567e+00   1.61647937e+00
 1.64000000e+00   0.00000000e+00   1.00000000e+00   1.45205479e-02   1.70625296e-05   1.40686922e+00   1.62176238e+00
 1.65000000e+00   0.00000000e+00   1.00000000e+00   1.57919176e-02   4.29157917e-05   1.42053357e+00   1.63188142e+00
 1.66000000e+00   0.00000000e+00   1.00000000e+00   1.67076081e-02   8.49385897e-05   1.42535427e+00   1.64473364e+00
 1.67000000e+00   0.00000000e+00   1.00000000e+00   1.76142166e-02   1.29214452e-04   1.41927833e+00   1.65632716e+00
 1.68000000e+00   0.00000000e+00   1.00000000e+00   1.88368745e-02   1.61354291e-04   1.40619453e+00   1.66262630e+00
 1.69000000e+00   0.00000000e+00   1.00000000e+00   2.05788926e-02   1.70836054e-04   1.39125028e+00   1.66132183e+00
 1.70000000e+00   0.00000000e+00   1.00000000e+00   2.29426289e-02   1.54199277e-04   1.37736096e+00   1.65292734e+00
 1.71000000e+00   0.00000000e+00   1.00000000e+00   2.59732356e-02   1.16496874e-04   1.36554636e+00   1.64184953e+00
 1.72000000e+00   0.00000000e+00   1.00000000e+00   2.96608622e-02   7.00473853e-05   1.35709698e+00   1.63328235e+00
 1.73000000e+00   0.00000000e+00   1.00000000e+00   3.39215316e-02   3.01693893e-05   1.35395614e+00   1.62979273e+00
 1.74000000e+00   0.00000000e+00   1.00000000e+00   3.85927942e-02   9.66138706e-06   1.35763438e+00   1.62979453e+00
 1.75000000e+00   0.00000000e+00   1.00000000e+00   4.34511443e-02   1.46018520e-05   1.36833635e+00   1.62951056e+00
 1.76000000e+00   0.00000000e+00   1.00000000e+00   4.82598597e-02   4.27883516e-05   1.38407511e+00   1.62671743e+00
 1.77000000e+00   0.00000000e+00   1.00000000e+00   5.28652759e-02   8.46038060e-05   1.40054805e+00   1.62138257e+00
 1.78000000e+00   0.00000000e+00   1.00000000e+00   5.73053396e-02   1.25879585e-04   1.41204908e+00   1.61420558e+00
 1.79000000e+00   0.00000000e+00   1.00000000e+00   6.18203193e-02   1.52370081e-04   1.41495685e+00   1.60496113e+00
 1.80000000e+00   0.00000000e+00   1.00000000e+00   6.66977739e-02   1.54723873e-04   1.41136611e+00   1.59253718e+00
 1.81000000e+00   0.00000000e+00   1.00000000e+00   7.20497276e-02   1.31849773e-04   1.40869539e+00   1.57704896e+00
 1.82000000e+00   0.00000000e+00   1.00000000e+00   7.77170299e-02   9.10349180e-05   1.41401175e+00   1.55996684e+00
 1.83000000e+00   0.00000000e+00   1.00000000e+00   8.33791269e-02   4.52348752e-05   1.42886619e+00   1.54464069e+00
 1.84000000e+00   0.00000000e+00   1.00000000e+00   8.87426667e-02   8.98016285e-06   1.44934093e+00   1.53390951e+00
 1.85000000e+00   0.00000000e+00   1.00000000e+00   9.36348721e-02  -6.06232978e-06   1.47076748e+00   1.52925107e+00
 1.86000000e+00   0.00000000e+00   1.00000000e+00   9.79729342e-02   4.97557585e-06   1.49071599e+00   1.52975357e+00
 1.87000000e+00   0.00000000e+00   1.00000000e+00   1.01713855e-01   3.81118338e-05   1.50804391e+00   1.53238358e+00
 1.88000000e+00   0.00000000e+00   1.00000000e+00   1.04862833e-01   8.18246902e-05   1.52103435e+00   1.53382778e+00
 1.89000000e+00   0.00000000e+00   1.00000000e+00   1.07515270e-01   1.21344914e-04   1.52752213e+00   1.53270879e+00
 1.90000000e+00   0.00000000e+00   1.00000000e+00   1.09871584e-01   1.43657463e-04   1.52646570e+00   1.52994852e+00
 1.91000000e+00   0.00000000e+00   1.00000000e+00   1.12201639e-01   1.41414442e-04   1.51884575e+00   1.52800348e+00
 1.92000000e+00   0.00000000e+00   1.00000000e+00   1.14766368e-01   1.15231398e-04   1.50772377e+00   1.52825073e+00
 1.93000000e+00   0.00000000e+00   1.00000000e+00   1.17712687e-01   7.36723217e-05   1.49782085e+00   1.53023748e+00
 1.94000000e+00   0.00000000e+00   1.00000000e+00   1.20987852e-01   3.04543202e-05   1.49431649e+00   1.53294027e+00
 1.95000000e+00   0.00000000e+00   1.00000000e+00   1.24352690e-01  -2.28976233e-07   1.49993833e+00   1.53632101e+00
 1.96000000e+00   0.00000000e+00   1.00000000e+00   1.27528689e-01  -8.48942330e-06   1.51231475e+00   1.54141697e+00
 1.97000000e+00   0.00000000e+00   1.00000000e+00   1.30390753e-01   8.05548663e-06   1.52481717e+00   1.54938979e+00
 1.98000000e+00   0.00000000e+00   1.00000000e+00   1.33048692e-01   4.37139194e-05   1.53128050e+00   1.55961335e+00
 1.99000000e+00   0.00000000e+00   1.00000000e+00   1.35753054e-01   8.66303363e-05   1.53016569e+00   1.56903755e+00
 2.00000000e+00   0.00000000e+00   1.00000000e+00   1.38729209e-01   1.22424101e-04   1.52461450e+00   1.57356632e+00
 2.01000000e+00   0.00000000e+00   1.00000000e+00   1.42093592e-01   1.38861119e-04   1.51862984e+00   1.57139282e+00
 2.02000000e+00   0.00000000e+00   1.00000000e+00   1.45886186e-01   1.30231354e-04   1.51428401e+00   1.56387496e+00
 2.03000000e+00   0.00000000e+00   1.00000000e+00   1.50122377e-01   9.93563948e-05   1.51243802e+00   1.55481512e+00
 2.04000000e+00   0.00000000e+00   1.00000000e+00   1.54777803e-01   5.63382805e-05   1.51483840e+00   1.54756451e+00
 2.05000000e+00   0.00000000e+00   1.00000000e+00   1.59728925e-01   1.50198260e-05   1.52408721e+00   1.54315584e+00
 2.06000000e+00   0.00000000e+00   1.00000000e+00   1.64729826e-01  -1.13833080e-05   1.54156014e+00   1.54050345e+00
 2.07000000e+00   0.00000000e+00   1.00000000e+00   1.69463699e-01  -1.44884581e-05   1.56556374e+00   1.53707317e+00
 2.08000000e+00   0.00000000e+00   1.00000000e+00   1.73645672e-01   6.38407055e-06   1.59154083e+00   1.53180633e+00
 2.09000000e+00   0.00000000e+00   1.00000000e+00   1.77131945e-01   4.39339706e-05   1.61400419e+00   1.52575372e+00
 2.10000000e+00   0.00000000e+00   1.00000000e+00   1.79984761e-01   8.54029020e-05   1.62849971e+00   1.52081101e+00
 2.11000000e+00   0.00000000e+00   1.00000000e+00   1.82439758e-01   1.16896561e-04   1.63342738e+00   1.51748563e+00
 2.12000000e+00   0.00000000e+00   1.00000000e+00   1.84765173e-01   1.27960513e-04   1.63132908e+00   1.51411931e+00
 2.13000000e+00   0.00000000e+00   1.00000000e+00   1.87094278e-01   1.14875157e-04   1.62784818e+00   1.50831682e+00
 2.14000000e+00   0.00000000e+00   1.00000000e+00   1.89358224e-01   8.18255661e-05   1.62834356e+00   1.50020008e+00
 2.15000000e+00   0.00000000e+00   1.00000000e+00   1.91366835e-01   3.96901922e-05   1.63459843e+00   1.49237151e+00
 2.16000000e+00   0.00000000e+00   1.00000000e+00   1.92948672e-01   2.46976057e-06   1.64461235e+00   1.48840749e+00
 2.17000000e+00   0.00000000e+00   1.00000000e+00   1.94020707e-01  -1.75247998e-05   1.65553748e+00   1.49068987e+00
 2.18000000e+00   0.00000000e+00   1.00000000e+00   1.94557491e-01  -1.38777893e-05   1.66555743e+00   1.49788691e+00
 2.19000000e+00   0.00000000e+00   1.00000000e+00   1.94545333e-01   1.19403313e-05   1.67363380e+00   1.50717532e+00
 2.20000000e+00   0.00000000e+00   1.00000000e+00   1.94003869e-01   5.12882896e-05   1.67788026e+00   1.51597668e+00
 2.21000000e+00   0.00000000e+00   1.00000000e+00   1.93055117e-01   9.12061169e-05   1.67583008e+00   1.52406053e+00
 2.22000000e+00   0.00000000e+00   1.00000000e+00   1.91952266e-01   1.18647576e-04   1.66594507e+00   1.53163482e+00
 2.23000000e+00   0.00000000e+00   1.00000000e+00   1.91018357e-01   1.24722949e-04   1.64978612e+00   1.53947135e+00
 2.24000000e+00   0.00000000e+00   1.00000000e+00   1.90525467e-01   1.07604547e-04   1.63171968e+00   1.54659556e+00
 2.25000000e+00   0.00000000e+00   1.00000000e+00   1.90582660e-01   7.32156712e-05   1.61733250e+00   1.55171237e+00
 2.26000000e+00   0.00000000e+00   1.00000000e+00   1.91090184e-01   3.31130971e-05   1.61120222e+00   1.55436519e+00
 2.27000000e+00   0.00000000e+00   1.00000000e+00   1.91790251e-01   4.56627741e-07   1.61477557e+00   1.55567439e+00
 2.28000000e+00   0.00000000e+00   1.00000000e+00   1.92401210e-01  -1.42032678e-05   1.62540246e+00   1.55755422e+00
 2.29000000e+00   0.00000000e+00   1.00000000e+00   1.92761825e-01  -6.05271215e-06   1.63765586e+00   1.56196530e+00
 2.30000000e+00   0.00000000e+00   1.00000000e+00   1.92886635e-01   2.22889892e-05   1.64649975e+00   1.56854990e+00
 2.31000000e+00   0.00000000e+00   1.00000000e+00   1.92898229e-01   6.13320038e-05   1.65006428e+00   1.57449000e+00
 2.32000000e+00   0.00000000e+00   1.00000000e+00   1.92911757e-01   9.79674556e-05   1.64970962e+00   1.57629210e+00
 2.33000000e+00   0.00000000e+00   1.00000000e+00   1.92980040e-01   1.20142119e-04   1.64771507e+00   1.57256164e+00
 2.34000000e+00   0.00000000e+00   1.00000000e+00   1.93122505e-01   1.20759650e-04   1.64530887e+00   1.56463678e+00
 2.35000000e+00   0.00000000e+00   1.00000000e+00   1.93360760e-01   9.97554267e-05   1.64326535e+00   1.55579174e+00
 2.36000000e+00   0.00000000e+00   1.00000000e+00   1.93687868e-01   6.40355025e-05   1.64346357e+00   1.54854294e+00
 2.37000000e+00   0.00000000e+00   1.00000000e+00   1.93993668e-01   2.53358263e-05   1.64871344e+00   1.54312004e+00
 2.38000000e+00   0.00000000e+00   1.00000000e+00   1.94034956e-01  -3.50997012e-06   1.66066665e+00   1.53885052e+00
 2.39000000e+00   0.00000000e+00   1.00000000e+00   1.93503252e-01  -1.29135871e-05   1.67777530e+00   1.53522017e+00
 2.40000000e+00   0.00000000e+00   1.00000000e+00   1.92155440e-01   1.44755807e-07   1.69540995e+00   1.53321648e+00
 2.41000000e+00   0.00000000e+00   1.00000000e+00   1.89925570e-01   3.12222812e-05   1.70797085e+00   1.53443348e+00
 2.42000000e+00   0.00000000e+00   1.00000000e+00   1.86955360e-01   7.02384338e-05   1.71159955e+00   1.54015561e+00
 2.43000000e+00   0.00000000e+00   1.00000000e+00   1.83528874e-01   1.04729302e-04   1.70545503e+00   1.54867079e+00
 2.44000000e+00   0.00000000e+00   1.00000000e+00   1.79943566e-01   1.23582626e-04   1.69210580e+00   1.55681822e+00
 2.45000000e+00   0.00000000e+00   1.00000000e+00   1.76387197e-01   1.20744043e-04   1.67636294e+00   1.56204286e+00
 2.46000000e+00   0.00000000e+00   1.00000000e+00   1.72894224e-01   9.74924822e-05   1.66292625e+00   1.56468665e+00
 2.47000000e+00   0.00000000e+00   1.00000000e+00   1.69400634e-01   6.19815791e-05   1.65372922e+00   1.56782514e+00
 2.48000000e+00   0.00000000e+00   1.00000000e+00   1.65834942e-01   2.63292702e-05   1.64818646e+00   1.57493626e+00
 2.49000000e+00   0.00000000e+00   1.00000000e+00   1.62159665e-01   2.52982199e-06   1.64472440e+00   1.58716112e+00
 2.50000000e+00   0.00000000e+00   1.00000000e+00   1.58346944e-01  -1.40639084e-06   1.64246040e+00   1.60298611e+00
 2.51000000e+00   0.00000000e+00   1.00000000e+00   1.54355337e-01   1.60856768e-05   1.64059494e+00   1.61924122e+00
 2.52000000e+00   0.00000000e+00   1.00000000e+00   1.50170158e-01   4.96634478e-05   1.63732068e+00   1.63423721e+00
 2.53000000e+00   0.00000000e+00   1.00000000e+00   1.45882048e-01   8.86242949e-05   1.62977402e+00   1.64696635e+00
 2.54000000e+00   0.00000000e+00   1.00000000e+00   1.41715820e-01   1.20338548e-04   1.61572386e+00   1.65688848e+00
 2.55000000e+00   0.00000000e+00   1.00000000e+00   1.37957888e-01   1.34649690e-04   1.59630016e+00   1.66305772e+00
 2.56000000e+00   0.00000000e+00   1.00000000e+00   1.34821279e-01   1.27317269e-04   1.57593788e+00   1.66473247e+00
 2.57000000e+00   0.00000000e+00   1.00000000e+00   1.32337326e-01   1.01118330e-04   1.56040109e+00   1.66183406e+00
 2.58000000e+00   0.00000000e+00   1.00000000e+00   1.30337677e-01   6.47579365e-05   1.55381234e+00   1.65602881e+00
 2.59000000e+00   0.00000000e+00   1.00000000e+00   1.28529591e-01   3.02455273e-05   1.55679450e+00   1.65007290e+00
 2.60000000e+00   0.00000000e+00   1.00000000e+00   1.26619115e-01   9.15432070e-06   1.56637710e+00   1.64671335e+00
 2.61000000e+00   0.00000000e+00   1.00000000e+00   1.24416039e-01   8.67761120e-06   1.57788471e+00   1.64722638e+00
 2.62000000e+00   0.00000000e+00   1.00000000e+00   1.21866839e-01   2.90641902e-05   1.58699475e+00   1.65044350e+00
 2.63000000e+00   0.00000000e+00   1.00000000e+00   1.19010478e-01   6.35843059e-05   1.59173248e+00   1.65354581e+00
 2.64000000e+00   0.00000000e+00   1.00000000e+00   1.15909978e-01   1.00959784e-04   1.59236827e+00   1.65373482e+00
 2.65000000e+00   0.00000000e+00   1.00000000e+00   1.12623528e-01   1.29179407e-04   1.58973924e+00   1.65032202e+00
 2.66000000e+00   0.00000000e+00   1.00000000e+00   1.09222474e-01   1.39256186e-04   1.58439136e+00   1.64471802e+00
 2.67000000e+00   0.00000000e+00   1.00000000e+00   1.05799578e-01   1.27997136e-04   1.57691783e+00   1.63953701e+00
 2.68000000e+00   0.00000000e+00   1.00000000e+00   1.02418896e-01   9.92522285e-05   1.56931174e+00   1.63635161e+00
 2.69000000e+00   0.00000000e+00   1.00000000e+00   9.90357232e-02   6.28412825e-05   1.56493338e+00   1.63582057e+00
 2.70000000e+00   0.00000000e+00   1.00000000e+00   9.54702493e-02   3.11386051e-05   1.56628910e+00   1.63823655e+00
 2.71000000e+00   0.00000000e+00   1.00000000e+00   9.14829493e-02   1.48646548e-05   1.57260939e+00   1.64440255e+00
 2.72000000e+00   0.00000000e+00   1.00000000e+00   8.69098916e-02   1.97192978e-05   1.57969355e+00   1.65504265e+00
 2.73000000e+00   0.00000000e+00   1.00000000e+00   8.17656290e-02   4.46153587e-05   1.58221284e+00   1.67045310e+00
 2.74000000e+00   0.00000000e+00   1.00000000e+00   7.62511235e-02   8.18806013e-05   1.57661157e+00   1.68875773e+00
 2.75000000e+00   0.00000000e+00   1.00000000e+00   7.06724737e-02   1.19728625e-04   1.56254817e+00   1.70623867e+00
 2.76000000e+00   0.00000000e+00   1.00000000e+00   6.53250876e-02   1.46182483e-04   1.54272712e+00   1.71901123e+00
 2.77000000e+00   0.00000000e+00   1.00000000e+00   6.04053524e-02   1.52981751e-04   1.52129455e+00   1.72561816e+00
 2.78000000e+00   0.00000000e+00   1.00000000e+00   5.59867983e-02   1.38326661e-04   1.50192126e+00   1.72783271e+00
 2.79000000e+00   0.00000000e+00   1.00000000e+00   5.20547945e-02   1.07476717e-04   1.48631299e+00   1.72976753e+00
 2.80000000e+00   0.00000000e+00   1.00000000e+00   4.85553534e-02   7.09455868e-05   1.47462719e+00   1.73391017e+00
 2.81000000e+00   0.00000000e+00   1.00000000e+00   4.54133541e-02   4.10300041e-05   1.46661961e+00   1.74112853e+00
 2.82000000e+00   0.00000000e+00   1.00000000e+00   4.25218170e-02   2.77893435e-05   1.46242984e+00   1.74974578e+00
 2.83000000e+00   0.00000000e+00   1.00000000e+00   3.97494416e-02   3.57647423e-05   1.46176700e+00   1.75759535e+00
 2.84000000e+00   0.00000000e+00   1.00000000e+00   3.70004348e-02   6.25563534e-05   1.46254320e+00   1.76287524e+00
 2.85000000e+00   0.00000000e+00   1.00000000e+00   3.42942322e-02   9.95882626e-05   1.46108467e+00   1.76465555e+00
 2.86000000e+00   0.00000000e+00   1.00000000e+00   3.17876472e-02   1.34811616e-04   1.45443185e+00   1.76190260e+00
 2.87000000e+00   0.00000000e+00   1.00000000e+00   2.96977000e-02   1.56682339e-04   1.44273616e+00   1.75432390e+00
 2.88000000e+00   0.00000000e+00   1.00000000e+00   2.81688941e-02   1.58022268e-04   1.42980929e+00   1.74228081e+00
 2.89000000e+00   0.00000000e+00   1.00000000e+00   2.71766971e-02   1.38311743e-04   1.42086184e+00   1.72774789e+00
 2.90000000e+00   0.00000000e+00   1.00000000e+00   2.65271163e-02   1.03828649e-04   1.41951465e+00   1.71327469e+00
 2.91000000e+00   0.00000000e+00   1.00000000e+00   2.59398244e-02   6.57928871e-05   1.42595428e+00   1.70189133e+00
 2.92000000e+00   0.00000000e+00   1.00000000e+00   2.51548984e-02   3.67813114e-05   1.43739579e+00   1.69575575e+00
 2.93000000e+00   0.00000000e+00   1.00000000e+00   2.40059012e-02   2.64360711e-05   1.44997872e+00   1.69520980e+00
 2.94000000e+00   0.00000000e+00   1.00000000e+00   2.24359186e-02   3.82011403e-05   1.46050944e+00   1.69833557e+00
 2.95000000e+00   0.00000000e+00   1.00000000e+00   2.04711230e-02   6.82889715e-05   1.46728408e+00   1.70201406e+00
 2.96000000e+00   0.00000000e+00   1.00000000e+00   1.81887329e-02   1.06992365e-04   1.46980147e+00   1.70393762e+00
 2.97000000e+00   0.00000000e+00   1.00000000e+00   1.57072879e-02   1.41825921e-04   1.46794327e+00   1.70329106e+00
 2.98000000e+00   0.00000000e+00   1.00000000e+00   1.31898497e-02   1.61547861e-04   1.46154149e+00   1.70098161e+00
 2.99000000e+00   0.00000000e+00   1.00000000e+00   1.08213089e-02   1.59800457e-04   1.45113978e+00   1.69848355e+00
 3.00000000e+00   0.00000000e+00   1.00000000e+00   8.73948528e-03   1.37259882e-04   1.43903573e+00   1.69729477e+00
 3.01000000e+00   0.00000000e+00   1.00000000e+00   6.95710457e-03   1.01508449e-04   1.42910715e+00   1.69869250e+00
 3.02000000e+00   0.00000000e+00   1.00000000e+00   5.34533377e-03   6.44955695e-05   1.42463082e+00   1.70333475e+00
 3.03000000e+00   0.00000000e+00   1.00000000e+00   3.71234430e-03   3.85489492e-05   1.42570344e+00   1.71173836e+00
 3.04000000e+00   0.00000000e+00   1.00000000e+00   1.93148666e-03   3.24171712e-05   1.42888988e+00   1.72326308e+00
 3.05000000e+00   0.00000000e+00   1.00000000e+00   3.09955951e-05   4.84335913e-05   1.42936842e+00   1.73617099e+00
 3.06000000e+00   0.00000000e+00   1.00000000e+00  -1.81026060e-03   8.16372956e-05   1.42382001e+00   1.74770476e+00
 3.07000000e+00   0.00000000e+00   1.00000000e+00  -3.34389680e-03   1.21271295e-04   1.41206646e+00   1.75461567e+00
 3.08000000e+00   0.00000000e+00   1.00000000e+00  -4.34823268e-03   1.54317070e-04   1.39651140e+00   1.75431915e+00
 3.09000000e+00   0.00000000e+00   1.00000000e+00  -4.68766673e-03   1.69858733e-04   1.38036281e+00   1.74705582e+00
 3.10000000e+00   0.00000000e+00   1.00000000e+00  -4.32231397e-03   1.62742289e-04   1.36622820e+00   1.73570334e+00
 3.11000000e+00   0.00000000e+00   1.00000000e+00  -3.28897813e-03   1.35210353e-04   1.35571041e+00   1.72381535e+00
 3.12000000e+00   0.00000000e+00   1.00000000e+00  -1.68354795e-03   9.61299997e-05   1.34978471e+00   1.71410850e+00
 3.13000000e+00   0.00000000e+00   1.00000000e+00   3.42025504e-04   5.81565753e-05   1.34938079e+00   1.70746608e+00
 3.14000000e+00   0.00000000e+00   1.00000000e+00   2.58385563e-03   3.35443910e-05   1.35507047e+00   1.70268171e+00
 3.15000000e+00   0.00000000e+00   1.00000000e+00   4.82264967e-03   3.01022539e-05   1.36592486e+00   1.69794177e+00
 3.16000000e+00   0.00000000e+00   1.00000000e+00   6.89987676e-03   4.86825103e-05   1.37869700e+00   1.69249720e+00
 3.17000000e+00   0.00000000e+00   1.00000000e+00   8.79247678e-03   8.27614020e-05   1.38897929e+00   1.68551922e+00
 3.18000000e+00   0.00000000e+00   1.00000000e+00   1.06228294e-02   1.20683036e-04   1.39351343e+00   1.67635785e+00
 3.19000000e+00   0.00000000e+00   1.00000000e+00   1.25787316e-02   1.49636193e-04   1.39235407e+00   1.66426591e+00
 3.20000000e+00   0.00000000e+00   1.00000000e+00   1.47903522e-02   1.59852963e-04   1.38882432e+00   1.64984703e+00
 3.21000000e+00   0.00000000e+00   1.00000000e+00   1.72476081e-02   1.47707540e-04   1.38747030e+00   1.63475265e+00
 3.22000000e+00   0.00000000e+00   1.00000000e+00   1.98068416e-02   1.16886746e-04   1.39120919e+00   1.62129179e+00
 3.23000000e+00   0.00000000e+00   1.00000000e+00   2.22665246e-02   7.72968632e-05   1.40001099e+00   1.61202612e+00
 3.24000000e+00   0.00000000e+00   1.00000000e+00   2.44517013e-02   4.18878116e-05   1.41168272e+00   1.60869881e+00
 3.25000000e+00   0.00000000e+00   1.00000000e+00   2.62611033e-02   2.22854332e-05   1.42349020e+00   1.61110832e+00
 3.26000000e+00   0.00000000e+00   1.00000000e+00   2.76725552e-02   2.48152496e-05   1.43326072e+00   1.61710298e+00
 3.27000000e+00   0.00000000e+00   1.00000000e+00   2.87311772e-02   4.84972530e-05   1.43955668e+00   1.62379453e+00
 3.28000000e+00   0.00000000e+00   1.00000000e+00   2.95439937e-02   8.54677589e-05   1.44135949e+00   1.62880065e+00
 3.29000000e+00   0.00000000e+00   1.00000000e+00   3.02824116e-02   1.23538004e-04   1.43790168e+00   1.63123363e+00
 3.30000000e+00   0.00000000e+00   1.00000000e+00   3.11712499e-02   1.50123441e-04   1.42902588e+00   1.63152258e+00
 3.31000000e+00   0.00000000e+00   1.00000000e+00   3.24406828e-02   1.56400883e-04   1.41607153e+00   1.63044569e+00
 3.32000000e+00   0.00000000e+00   1.00000000e+00   3.42450981e-02   1.40279746e-04   1.40234395e+00   1.62891479e+00
 3.33000000e+00   0.00000000e+00   1.00000000e+00   3.65931009e-02   1.07076666e-04   1.39227837e+00   1.62777468e+00
 3.34000000e+00   0.00000000e+00   1.00000000e+00   3.93450351e-02   6.76979818e-05   1.38910912e+00   1.62784625e+00
 3.35000000e+00   0.00000000e+00   1.00000000e+00   4.22942255e-02   3.49741358e-05   1.39276158e+00   1.62959614e+00
 3.36000000e+00   0.00000000e+00   1.00000000e+00   4.52840902e-02   1.94289468e-05   1.39990752e+00   1.63275091e+00
 3.37000000e+00   0.00000000e+00   1.00000000e+00   4.82844250e-02   2.58718476e-05   1.40622237e+00   1.63632438e+00
 3.38000000e+00   0.00000000e+00   1.00000000e+00   5.13843868e-02   5.18425272e-05   1.40895330e+00   1.63833266e+00
 3.39000000e+00   0.00000000e+00   1.00000000e+00   5.47240794e-02   8.84670186e-05   1.40805268e+00   1.63633338e+00
 3.40000000e+00   0.00000000e+00   1.00000000e+00   5.84222644e-02   1.23351724e-04   1.40527453e+00   1.62904545e+00
 3.41000000e+00   0.00000000e+00   1.00000000e+00   6.25399632e-02   1.44570582e-04   1.40285731e+00   1.61695119e+00
 3.42000000e+00   0.00000000e+00   1.00000000e+00   6.70774350e-02   1.44666160e-04   1.40250569e+00   1.60228665e+00
 3.43000000e+00   0.00000000e+00   1.00000000e+00   7.19783761e-02   1.23290989e-04   1.40560179e+00   1.58826920e+00
 3.44000000e+00   0.00000000e+00   1.00000000e+00   7.71242894e-02   8.73030623e-05   1.41347692e+00   1.57697982e+00
 3.45000000e+00   0.00000000e+00   1.00000000e+00   8.23275323e-02   4.83198008e-05   1.42697916e+00   1.56867953e+00
 3.46000000e+00   0.00000000e+00   1.00000000e+00   8.73480370e-02   1.88400117e-05   1.44585304e+00   1.56248999e+00
 3.47000000e+00   0.00000000e+00   1.00000000e+00   9.19505429e-02   8.19549217e-06   1.46770225e+00   1.55720515e+00
 3.48000000e+00   0.00000000e+00   1.00000000e+00   9.59883857e-02   1.94713069e-05   1.48845977e+00   1.55227680e+00
 3.49000000e+00   0.00000000e+00   1.00000000e+00   9.94675202e-02   4.85187945e-05   1.50386341e+00   1.54788073e+00
 3.50000000e+00   0.00000000e+00   1.00000000e+00   1.02541289e-01   8.53871943e-05   1.51157454e+00   1.54422019e+00
 3.51000000e+00   0.00000000e+00   1.00000000e+00   1.05428447e-01   1.17530804e-04   1.51233903e+00   1.54016242e+00
 3.52000000e+00   0.00000000e+00   1.00000000e+00   1.08302145e-01   1.34159566e-04   1.50952547e+00   1.53532459e+00
 3.53000000e+00   0.00000000e+00   1.00000000e+00   1.11219678e-01   1.29676640e-04   1.50724831e+00   1.52981149e+00
 3.54000000e+00   0.00000000e+00   1.00000000e+00   1.14128864e-01   1.05517265e-04   1.50815267e+00   1.52515093e+00
 3.55000000e+00   0.00000000e+00   1.00000000e+00   1.16927660e-01   6.96312278e-05   1.51263612e+00   1.52359648e+00
 3.56000000e+00   0.00000000e+00   1.00000000e+00   1.19524427e-01   3.38056068e-05   1.51950667e+00   1.52647183e+00
 3.57000000e+00   0.00000000e+00   1.00000000e+00   1.21866146e-01   9.71320418e-06   1.52709562e+00   1.53359515e+00
 3.58000000e+00   0.00000000e+00   1.00000000e+00   1.23941481e-01   5.08377482e-06   1.53379751e+00   1.54283302e+00
 3.59000000e+00   0.00000000e+00   1.00000000e+00   1.25784442e-01   2.12254683e-05   1.53810986e+00   1.55204278e+00
 3.60000000e+00   0.00000000e+00   1.00000000e+00   1.27489754e-01   5.25509979e-05   1.53858203e+00   1.55917594e+00
 3.61000000e+00   0.00000000e+00   1.00000000e+00   1.29223782e-01   8.85096549e-05   1.53425786e+00   1.56382800e+00
 3.62000000e+00   0.00000000e+00   1.00000000e+00   1.31203662e-01   1.17136630e-04   1.52553479e+00   1.56632583e+00
 3.63000000e+00   0.00000000e+00   1.00000000e+00   1.33633468e-01   1.28932890e-04   1.51477095e+00   1.56696795e+00
 3.64000000e+00   0.00000000e+00   1.00000000e+00   1.36619598e-01   1.19984919e-04   1.50593247e+00   1.56583654e+00
 3.65000000e+00   0.00000000e+00   1.00000000e+00   1.40113772e-01   9.32406874e-05   1.50314825e+00   1.56336382e+00
 3.66000000e+00   0.00000000e+00   1.00000000e+00   1.43925397e-01   5.73419991e-05   1.50860500e+00   1.56033299e+00
 3.67000000e+00   0.00000000e+00   1.00000000e+00   1.47803764e-01   2.38139644e-05   1.52134719e+00   1.55764040e+00
 3.68000000e+00   0.00000000e+00   1.00000000e+00   1.51542674e-01   3.42957655e-06   1.53779384e+00   1.55604985e+00
 3.69000000e+00   0.00000000e+00   1.00000000e+00   1.55044707e-01   2.60758893e-06   1.55387143e+00   1.55549575e+00
 3.70000000e+00   0.00000000e+00   1.00000000e+00   1.58316251e-01   2.11843173e-05   1.56682472e+00   1.55470788e+00
 3.71000000e+00   0.00000000e+00   1.00000000e+00   1.61416830e-01   5.26393884e-05   1.57594271e+00   1.55223601e+00
 3.72000000e+00   0.00000000e+00   1.00000000e+00   1.64409773e-01   8.63900013e-05   1.58191450e+00   1.54680704e+00
 3.73000000e+00   0.00000000e+00   1.00000000e+00   1.67340296e-01   1.11061859e-04   1.58596882e+00   1.53874807e+00
 3.74000000e+00   0.00000000e+00   1.00000000e+00   1.70230525e-01   1.18313985e-04   1.58942045e+00   1.52948509e+00
 3.75000000e+00   0.00000000e+00   1.00000000e+00   1.73067252e-01   1.05736391e-04   1.59386706e+00   1.52097417e+00
 3.76000000e+00   0.00000000e+00   1.00000000e+00   1.75777574e-01   7.74891907e-05   1.60114001e+00   1.51459014e+00
 3.77000000e+00   0.00000000e+00   1.00000000e+00   1.78214456e-01   4.27708897e-05   1.61236974e+00   1.51023125e+00
 3.78000000e+00   0.00000000e+00   1.00000000e+00   1.80180767e-01   1.28791361e-05   1.62713318e+00   1.50759737e+00
 3.79000000e+00   0.00000000e+00   1.00000000e+00   1.81497640e-01  -2.45019052e-06   1.64294565e+00   1.50646800e+00
 3.80000000e+00   0.00000000e+00   1.00000000e+00   1.82087969e-01   1.64307578e-06   1.65602779e+00   1.50746253e+00
 3.81000000e+00   0.00000000e+00   1.00000000e+00   1.82026496e-01   2.36392553e-05   1.66285955e+00   1.51125757e+00
 3.82000000e+00   0.00000000e+00   1.00000000e+00   1.81521133e-01   5.62708314e-05   1.66183436e+00   1.51745973e+00
 3.83000000e+00   0.00000000e+00   1.00000000e+00   1.80831466e-01   8.88170821e-05   1.65400364e+00   1.52428123e+00
 3.84000000e+00   0.00000000e+00   1.00000000e+00   1.80171585e-01   1.10600058e-04   1.64260155e+00   1.52983741e+00
 3.85000000e+00   0.00000000e+00   1.00000000e+00   1.79652168e-01   1.14599512e-04   1.63138580e+00   1.53351204e+00
 3.86000000e+00   0.00000000e+00   1.00000000e+00   1.79283847e-01   9.97139741e-05   1.62308465e+00   1.53642741e+00
 3.87000000e+00   0.00000000e+00   1.00000000e+00   1.79019051e-01   7.10073118e-05   1.61866682e+00   1.54044843e+00
 3.88000000e+00   0.00000000e+00   1.00000000e+00   1.78791661e-01   3.80664442e-05   1.61786510e+00   1.54682471e+00
 3.89000000e+00   0.00000000e+00   1.00000000e+00   1.78534778e-01   1.18350458e-05   1.61980595e+00   1.55549914e+00
 3.90000000e+00   0.00000000e+00   1.00000000e+00   1.78189585e-01   9.06358532e-07   1.62318024e+00   1.56491190e+00
 3.91000000e+00   0.00000000e+00   1.00000000e+00   1.77725165e-01   9.22274428e-06   1.61557650e+00   1.56831291e+00
 3.92000000e+00   0.00000000e+00   1.00000000e+00   1.77176215e-01   3.40998835e-05   1.61884790e+00   1.57084988e+00
 3.93000000e+00   0.00000000e+00   1.00000000e+00   1.76654833e-01   6.71026849e-05   1.62336502e+00   1.58927339e+00
 3.94000000e+00   0.00000000e+00   1.00000000e+00   1.76323314e-01   9.73587372e-05   1.61716558e+00   1.58839766e+00
 3.95000000e+00   0.00000000e+00   1.00000000e+00   1.76327273e-01   1.14827594e-04   1.60855869e+00   1.58504573e+00
 3.96000000e+00   0.00000000e+00   1.00000000e+00   1.76712320e-01   1.13993254e-04   1.60241449e+00   1.58001126e+00
 3.97000000e+00   0.00000000e+00   1.00000000e+00   1.77380264e-01   9.52820623e-05   1.60198224e+00   1.57331364e+00
 3.98000000e+00   0.00000000e+00   1.00000000e+00   1.78112180e-01   6.44838806e-05   1.60867002e+00   1.56635872e+00
 3.99000000e+00   0.00000000e+00   1.00000000e+00   1.78647633e-01   3.16188925e-05   1.62128407e+00   1.56050506e+00
 4.00000000e+00   0.00000000e+00   1.00000000e+00   1.78776617e-01   7.70743817e-06   1.63648722e+00   1.55699811e+00
 4.01000000e+00   0.00000000e+00   1.00000000e+00   1.78392039e-01   7.61560294e-07   1.65048421e+00   1.55591572e+00
 4.02000000e+00   0.00000000e+00   1.00000000e+00   1.77484171e-01   1.28952484e-05   1.66074372e+00   1.55662599e+00
 4.03000000e+00   0.00000000e+00   1.00000000e+00   1.76103532e-01   3.98518537e-05   1.66622332e+00   1.55732884e+00
 4.04000000e+00   0.00000000e+00   1.00000000e+00   1.74332121e-01   7.27801505e-05   1.66698984e+00   1.55705808e+00
 4.05000000e+00   0.00000000e+00   1.00000000e+00   1.72271559e-01   1.01112185e-04   1.66368495e+00   1.55578097e+00
 4.06000000e+00   0.00000000e+00   1.00000000e+00   1.70027019e-01   1.15792396e-04   1.65763275e+00   1.55480182e+00
 4.07000000e+00   0.00000000e+00   1.00000000e+00   1.67674595e-01   1.12081054e-04   1.65082047e+00   1.55489045e+00
 4.08000000e+00   0.00000000e+00   1.00000000e+00   1.65224014e-01   9.13433960e-05   1.64550302e+00   1.55682018e+00
 4.09000000e+00   0.00000000e+00   1.00000000e+00   1.62601023e-01   6.07664767e-05   1.64362669e+00   1.56088903e+00
 4.10000000e+00   0.00000000e+00   1.00000000e+00   1.59673840e-01   3.08040270e-05   1.64514138e+00   1.56726615e+00
 4.11000000e+00   0.00000000e+00   1.00000000e+00   1.56325139e-01   1.15324783e-05   1.64814464e+00   1.57660121e+00
 4.12000000e+00   0.00000000e+00   1.00000000e+00   1.52532057e-01   9.40099405e-06   1.64915801e+00   1.58899511e+00
 4.13000000e+00   0.00000000e+00   1.00000000e+00   1.48404492e-01   2.53857894e-05   1.64514882e+00   1.60414797e+00
 4.14000000e+00   0.00000000e+00   1.00000000e+00   1.44158873e-01   5.46923443e-05   1.63456814e+00   1.61957957e+00
 4.15000000e+00   0.00000000e+00   1.00000000e+00   1.40042350e-01   8.80401435e-05   1.61877021e+00   1.63280897e+00
 4.16000000e+00   0.00000000e+00   1.00000000e+00   1.36250408e-01   1.14653469e-04   1.60059272e+00   1.64158296e+00
 4.17000000e+00   0.00000000e+00   1.00000000e+00   1.32882039e-01   1.26072139e-04   1.58343608e+00   1.64597334e+00
 4.18000000e+00   0.00000000e+00   1.00000000e+00   1.29943324e-01   1.18990565e-04   1.56972286e+00   1.64779229e+00
 4.19000000e+00   0.00000000e+00   1.00000000e+00   1.27374989e-01   9.61152352e-05   1.56061030e+00   1.64938579e+00
 4.20000000e+00   0.00000000e+00   1.00000000e+00   1.25075979e-01   6.51529658e-05   1.55629298e+00   1.65205244e+00
 4.21000000e+00   0.00000000e+00   1.00000000e+00   1.22916788e-01   3.63715820e-05   1.55638891e+00   1.65578380e+00
 4.22000000e+00   0.00000000e+00   1.00000000e+00   1.20758567e-01   1.94200586e-05   1.55976665e+00   1.65959489e+00
 4.23000000e+00   0.00000000e+00   1.00000000e+00   1.18492507e-01   2.01183364e-05   1.56430734e+00   1.66257348e+00
 4.24000000e+00   0.00000000e+00   1.00000000e+00   1.16085988e-01   3.83187432e-05   1.56728460e+00   1.66382484e+00
 4.25000000e+00   0.00000000e+00   1.00000000e+00   1.13600977e-01   6.79707876e-05   1.56656798e+00   1.66316326e+00
 4.26000000e+00   0.00000000e+00   1.00000000e+00   1.11162074e-01   9.93701160e-05   1.56183957e+00   1.66027015e+00
 4.27000000e+00   0.00000000e+00   1.00000000e+00   1.08884450e-01   1.22422081e-04   1.55489555e+00   1.65495765e+00
 4.28000000e+00   0.00000000e+00   1.00000000e+00   1.06798948e-01   1.29753701e-04   1.54888781e+00   1.64761157e+00
 4.29000000e+00   0.00000000e+00   1.00000000e+00   1.04816922e-01   1.19028245e-04   1.54679723e+00   1.63968244e+00
 4.30000000e+00   0.00000000e+00   1.00000000e+00   1.02756455e-01   9.38637362e-05   1.54987839e+00   1.63320271e+00
 4.31000000e+00   0.00000000e+00   1.00000000e+00   1.00413736e-01   6.27892878e-05   1.55703193e+00   1.63014464e+00
 4.32000000e+00   0.00000000e+00   1.00000000e+00   9.76357454e-02   3.63291398e-05   1.56553850e+00   1.63158429e+00
 4.33000000e+00   0.00000000e+00   1.00000000e+00   9.43577445e-02   2.33401739e-05   1.57250318e+00   1.63731521e+00
 4.34000000e+00   0.00000000e+00   1.00000000e+00   9.06014091e-02   2.81708217e-05   1.57583408e+00   1.64573085e+00
 4.35000000e+00   0.00000000e+00   1.00000000e+00   8.64545704e-02   4.95024974e-05   1.57453210e+00   1.65489997e+00
 4.36000000e+00   0.00000000e+00   1.00000000e+00   8.20533080e-02   8.08337057e-05   1.56840295e+00   1.66338355e+00
 4.37000000e+00   0.00000000e+00   1.00000000e+00   7.75681904e-02   1.12379042e-04   1.55778607e+00   1.67051537e+00
 4.38000000e+00   0.00000000e+00   1.00000000e+00   7.31792888e-02   1.34099744e-04   1.54372754e+00   1.67659327e+00
 4.39000000e+00   0.00000000e+00   1.00000000e+00   6.90304151e-02   1.39184232e-04   1.52827496e+00   1.68231942e+00
 4.40000000e+00   0.00000000e+00   1.00000000e+00   6.51795610e-02   1.26429081e-04   1.51423279e+00   1.68845537e+00
 4.41000000e+00   0.00000000e+00   1.00000000e+00   6.15804082e-02   1.00524810e-04   1.50400532e+00   1.69570525e+00
 4.42000000e+00   0.00000000e+00   1.00000000e+00   5.81164926e-02   7.03619049e-05   1.49832251e+00   1.70470078e+00
 4.43000000e+00   0.00000000e+00   1.00000000e+00   5.46748074e-02   4.61390312e-05   1.49565290e+00   1.71547130e+00
 4.44000000e+00   0.00000000e+00   1.00000000e+00   5.12183043e-02   3.61107184e-05   1.49301531e+00   1.72737084e+00
 4.45000000e+00   0.00000000e+00   1.00000000e+00   4.78167071e-02   4.38532892e-05   1.48758372e+00   1.73875361e+00
 4.46000000e+00   0.00000000e+00   1.00000000e+00   4.46208384e-02   6.70228998e-05   1.47813390e+00   1.74698531e+00
 4.47000000e+00   0.00000000e+00   1.00000000e+00   4.17993729e-02   9.81514675e-05   1.46548109e+00   1.74979313e+00
 4.48000000e+00   0.00000000e+00   1.00000000e+00   3.94759820e-02   1.27206438e-04   1.45183281e+00   1.74644331e+00
 4.49000000e+00   0.00000000e+00   1.00000000e+00   3.76966057e-02   1.44876385e-04   1.43962114e+00   1.73836724e+00
 4.50000000e+00   0.00000000e+00   1.00000000e+00   3.64297405e-02   1.45446248e-04   1.43063552e+00   1.72834412e+00
 4.51000000e+00   0.00000000e+00   1.00000000e+00   3.55809886e-02   1.28590746e-04   1.42592884e+00   1.71899691e+00
 4.52000000e+00   0.00000000e+00   1.00000000e+00   3.50052769e-02   9.96808581e-05   1.42605131e+00   1.71177655e+00
 4.53000000e+00   0.00000000e+00   1.00000000e+00   3.45203524e-02   6.81932676e-05   1.43099999e+00   1.70678377e+00
 4.54000000e+00   0.00000000e+00   1.00000000e+00   3.39373648e-02   4.45215429e-05   1.43971826e+00   1.70333989e+00
 4.55000000e+00   0.00000000e+00   1.00000000e+00   3.31122330e-02   3.64208471e-05   1.44981121e+00   1.70061557e+00
 4.56000000e+00   0.00000000e+00   1.00000000e+00   3.19962347e-02   4.64640219e-05   1.45812584e+00   1.69797771e+00
 4.57000000e+00   0.00000000e+00   1.00000000e+00   3.06523938e-02   7.12947347e-05   1.46208645e+00   1.69490984e+00
 4.58000000e+00   0.00000000e+00   1.00000000e+00   2.92191385e-02   1.02766771e-04   1.46095969e+00   1.69060580e+00
 4.59000000e+00   0.00000000e+00   1.00000000e+00   2.78362253e-02   1.30582272e-04   1.45621698e+00   1.68475235e+00
 4.60000000e+00   0.00000000e+00   1.00000000e+00   2.65742317e-02   1.45671320e-04   1.45070584e+00   1.67794498e+00
 4.61000000e+00   0.00000000e+00   1.00000000e+00   2.54061951e-02   1.43203167e-04   1.44714352e+00   1.67181408e+00
 4.62000000e+00   0.00000000e+00   1.00000000e+00   2.42315285e-02   1.24150048e-04   1.44682044e+00   1.66853826e+00
 4.63000000e+00   0.00000000e+00   1.00000000e+00   2.29313163e-02   9.48924270e-05   1.44922864e+00   1.66987097e+00
 4.64000000e+00   0.00000000e+00   1.00000000e+00   2.14214716e-02   6.51159512e-05   1.45266474e+00   1.67609257e+00
 4.65000000e+00   0.00000000e+00   1.00000000e+00   1.96807413e-02   4.47333445e-05   1.45517991e+00   1.68589249e+00
 4.66000000e+00   0.00000000e+00   1.00000000e+00   1.77531451e-02   4.06952461e-05   1.45528157e+00   1.69691672e+00
 4.67000000e+00   0.00000000e+00   1.00000000e+00   1.57400819e-02   5.46180929e-05   1.45202083e+00   1.70680949e+00
 4.68000000e+00   0.00000000e+00   1.00000000e+00   1.37928383e-02   8.21261027e-05   1.44483459e+00   1.71378348e+00
 4.69000000e+00   0.00000000e+00   1.00000000e+00   1.20989085e-02   1.14281066e-04   1.43359236e+00   1.71731884e+00
 4.70000000e+00   0.00000000e+00   1.00000000e+00   1.08477335e-02   1.40623085e-04   1.41913456e+00   1.71761234e+00
 4.71000000e+00   0.00000000e+00   1.00000000e+00   1.01759184e-02   1.52658020e-04   1.40363386e+00   1.71562026e+00
 4.72000000e+00   0.00000000e+00   1.00000000e+00   1.01164181e-02   1.46577789e-04   1.39025450e+00   1.71261782e+00
 4.73000000e+00   0.00000000e+00   1.00000000e+00   1.05853043e-02   1.24451030e-04   1.38182313e+00   1.70982841e+00
 4.74000000e+00   0.00000000e+00   1.00000000e+00   1.14211499e-02   9.35530119e-05   1.37939660e+00   1.70794780e+00
 4.75000000e+00   0.00000000e+00   1.00000000e+00   1.24587850e-02   6.39204105e-05   1.38167158e+00   1.70694467e+00
 4.76000000e+00   0.00000000e+00   1.00000000e+00   1.35971070e-02   4.50348342e-05   1.38578880e+00   1.70633912e+00
 4.77000000e+00   0.00000000e+00   1.00000000e+00   1.48262170e-02   4.28012079e-05   1.38898384e+00   1.70484120e+00
 4.78000000e+00   0.00000000e+00   1.00000000e+00   1.62066424e-02   5.77392673e-05   1.38986533e+00   1.70057517e+00
 4.79000000e+00   0.00000000e+00   1.00000000e+00   1.78214328e-02   8.48223816e-05   1.38863504e+00   1.69245108e+00
 4.80000000e+00   0.00000000e+00   1.00000000e+00   1.97312308e-02   1.14935143e-04   1.38661347e+00   1.68031298e+00
 4.81000000e+00   0.00000000e+00   1.00000000e+00   2.19501821e-02   1.37737003e-04   1.38526742e+00   1.66561455e+00
 4.82000000e+00   0.00000000e+00   1.00000000e+00   2.44400827e-02   1.45247898e-04   1.38589026e+00   1.65053736e+00
 4.83000000e+00   0.00000000e+00   1.00000000e+00   2.71109575e-02   1.34683880e-04   1.38947982e+00   1.63762234e+00
 4.84000000e+00   0.00000000e+00   1.00000000e+00   2.98237188e-02   1.09341750e-04   1.39679097e+00   1.62785111e+00
 4.85000000e+00   0.00000000e+00   1.00000000e+00   3.24038470e-02   7.73136576e-05   1.40784495e+00   1.62143699e+00
 4.86000000e+00   0.00000000e+00   1.00000000e+00   3.46782561e-02   4.88505591e-05   1.42146725e+00   1.61781416e+00
 4.87000000e+00   0.00000000e+00   1.00000000e+00   3.65315981e-02   3.31377094e-05   1.43509258e+00   1.61588350e+00
 4.88000000e+00   0.00000000e+00   1.00000000e+00   3.79556398e-02   3.52488571e-05   1.44555033e+00   1.61530648e+00
 4.89000000e+00   0.00000000e+00   1.00000000e+00   3.90591437e-02   5.43492979e-05   1.45049564e+00   1.61519967e+00
 4.90000000e+00   0.00000000e+00   1.00000000e+00   4.00260525e-02   8.39645755e-05   1.44944282e+00   1.61472499e+00
 4.91000000e+00   0.00000000e+00   1.00000000e+00   4.10424092e-02   1.14222098e-04   1.44399199e+00   1.61326324e+00
 4.92000000e+00   0.00000000e+00   1.00000000e+00   4.22314051e-02   1.35143163e-04   1.43699929e+00   1.61090130e+00
 4.93000000e+00   0.00000000e+00   1.00000000e+00   4.36275489e-02   1.39828812e-04   1.43114903e+00   1.60863835e+00
 4.94000000e+00   0.00000000e+00   1.00000000e+00   4.51940906e-02   1.26668286e-04   1.42791463e+00   1.60808969e+00
 4.95000000e+00   0.00000000e+00   1.00000000e+00   4.68636654e-02   9.99592517e-05   1.42736113e+00   1.61070373e+00
 4.96000000e+00   0.00000000e+00   1.00000000e+00   4.85763931e-02   6.85623303e-05   1.42862693e+00   1.61645486e+00
 4.97000000e+00   0.00000000e+00   1.00000000e+00   5.03022214e-02   4.28625328e-05   1.43049916e+00   1.62389280e+00
 4.98000000e+00   0.00000000e+00   1.00000000e+00   5.20509455e-02   3.12023352e-05   1.43177452e+00   1.63065772e+00
 4.99000000e+00   0.00000000e+00   1.00000000e+00   5.38786862e-02   3.71765136e-05   1.43131381e+00   1.63501093e+00
 5.00000000e+00   0.00000000e+00   1.00000000e+00   5.58904920e-02   5.86195058e-05   1.42822810e+00   1.63611902e+00