  Time  Coordinate0  Coordinate1  Displacement0  Displacement1  Force0  Force1
 0.00000000e+00   0.00000000e+00   1.00000000e+00   0.00000000e+00   0.00000000e+00   0.00000000e+00   0.00000000e+00
 1.00000000e-02   0.00000000e+00   1.00000000e+00   2.38595207e-04   3.49008865e-07   1.16505504e-01  -2.79266285e+00
 2.00000000e-02   0.00000000e+00   1.00000000e+00   9.49873985e-04   3.21176746e-05   2.10586073e+00   5.27224575e+00
 3.00000000e-02   0.00000000e+00   1.00000000e+00   2.01484313e-03   9.69146437e-05   1.14184817e+00   3.27949983e+00
 4.00000000e-02   0.00000000e+00   1.00000000e+00   3.27240207e-03   1.67558886e-04   9.61121201e-01   2.83436717e+00
 5.00000000e-02   0.00000000e+00   1.00000000e+00   4.65419810e-03   2.27772148e-04   8.81462980e-01   2.59735304e+00
 6.00000000e-02   0.00000000e+00   1.00000000e+00   6.09471685e-03   2.66875884e-04   8.36581907e-01   2.45658016e+00
 7.00000000e-02   0.00000000e+00   1.00000000e+00   7.57014514e-03   2.67819212e-04   8.02592027e-01   2.35628357e+00
 8.00000000e-02   0.00000000e+00   1.00000000e+00   9.19783622e-03   2.20019780e-04   7.74796899e-01   2.28063444e+00
 9.00000000e-02   0.00000000e+00   1.00000000e+00   1.12851307e-02   1.31376002e-04   7.51312937e-01   2.21601460e+00
 1.00000000e-01   0.00000000e+00   1.00000000e+00   1.41072413e-02   3.62505674e-05   7.35654018e-01   2.15839231e+00
 1.10000000e-01   0.00000000e+00   1.00000000e+00   1.75748767e-02  -2.44387592e-05   7.31697805e-01   2.10585977e+00
 1.20000000e-01   0.00000000e+00   1.00000000e+00   2.12950211e-02  -3.60091470e-05   7.37589412e-01   2.06053170e+00
 1.30000000e-01   0.00000000e+00   1.00000000e+00   2.50253381e-02  -8.51538271e-06   7.46152660e-01   2.02302653e+00
 1.40000000e-01   0.00000000e+00   1.00000000e+00   2.88345980e-02   4.77909321e-05   7.53530028e-01   1.99158140e+00
 1.50000000e-01   0.00000000e+00   1.00000000e+00   3.27534695e-02   1.28840928e-04   7.62123959e-01   1.96520349e+00
 1.60000000e-01   0.00000000e+00   1.00000000e+00   3.66134524e-02   2.09199692e-04   7.72886394e-01   1.94355200e+00
 1.70000000e-01   0.00000000e+00   1.00000000e+00   4.03190787e-02   2.45878275e-04   7.82415969e-01   1.92626853e+00
 1.80000000e-01   0.00000000e+00   1.00000000e+00   4.39509124e-02   2.22602566e-04   7.88856078e-01   1.91046497e+00
 1.90000000e-01   0.00000000e+00   1.00000000e+00   4.75927120e-02   1.60215756e-04   7.93480583e-01   1.89347210e+00
 2.00000000e-01   0.00000000e+00   1.00000000e+00   5.13024658e-02   8.33712278e-05   7.97415158e-01   1.87500888e+00
 2.10000000e-01   0.00000000e+00   1.00000000e+00   5.51583777e-02   6.29400828e-06   8.01914642e-01   1.85647875e+00
 2.20000000e-01   0.00000000e+00   1.00000000e+00   5.91950602e-02  -5.16967735e-05   8.09029368e-01   1.83913963e+00
 2.30000000e-01   0.00000000e+00   1.00000000e+00   6.33736354e-02  -6.63390444e-05   8.19533957e-01   1.82309822e+00
 2.40000000e-01   0.00000000e+00   1.00000000e+00   6.75633567e-02  -2.60715720e-05   8.33009197e-01   1.80865901e+00
 2.50000000e-01   0.00000000e+00   1.00000000e+00   7.15036985e-02   5.43999176e-05   8.47838663e-01   1.79663238e+00
 2.60000000e-01   0.00000000e+00   1.00000000e+00   7.49758678e-02   1.38626841e-04   8.59612520e-01   1.78771248e+00
 2.70000000e-01   0.00000000e+00   1.00000000e+00   7.80567133e-02   1.95883920e-04   8.64062980e-01   1.78078279e+00
 2.80000000e-01   0.00000000e+00   1.00000000e+00   8.10498582e-02   2.18042375e-04   8.62233742e-01   1.77388017e+00
 2.90000000e-01   0.00000000e+00   1.00000000e+00   8.41809296e-02   2.02220169e-04   8.59230308e-01   1.76627658e+00
 3.00000000e-01   0.00000000e+00   1.00000000e+00   8.74620155e-02   1.42163217e-04   8.58563516e-01   1.75801959e+00
 3.10000000e-01   0.00000000e+00   1.00000000e+00   9.08392811e-02   5.18316113e-05   8.59613104e-01   1.74838178e+00
 3.20000000e-01   0.00000000e+00   1.00000000e+00   9.43783846e-02  -2.97645811e-05   8.60711176e-01   1.73674915e+00
 3.30000000e-01   0.00000000e+00   1.00000000e+00   9.82123936e-02  -6.99727000e-05   8.63190442e-01   1.72426239e+00
 3.40000000e-01   0.00000000e+00   1.00000000e+00   1.02337420e-01  -6.23854293e-05   8.70275647e-01   1.71298476e+00
 3.50000000e-01   0.00000000e+00   1.00000000e+00   1.06584448e-01  -1.66358934e-05   8.82570859e-01   1.70416270e+00
 3.60000000e-01   0.00000000e+00   1.00000000e+00   1.10792877e-01   5.49289058e-05   8.97198596e-01   1.69768714e+00
 3.70000000e-01   0.00000000e+00   1.00000000e+00   1.14899075e-01   1.35767041e-04   9.11196984e-01   1.69287061e+00
 3.80000000e-01   0.00000000e+00   1.00000000e+00   1.18865617e-01   1.98887505e-04   9.23211718e-01   1.68866572e+00
 3.90000000e-01   0.00000000e+00   1.00000000e+00   1.22678091e-01   2.15478720e-04   9.32421298e-01   1.68437594e+00
 4.00000000e-01   0.00000000e+00   1.00000000e+00   1.26459308e-01   1.77080923e-04   9.38389965e-01   1.67940852e+00
 4.10000000e-01   0.00000000e+00   1.00000000e+00   1.30448091e-01   1.03516408e-04   9.43468259e-01   1.67328961e+00
 4.20000000e-01   0.00000000e+00   1.00000000e+00   1.34780863e-01   2.36678182e-05   9.52166993e-01   1.66589706e+00
 4.30000000e-01   0.00000000e+00   1.00000000e+00   1.39353234e-01  -4.32117504e-05   9.67313239e-01   1.65782928e+00
 4.40000000e-01   0.00000000e+00   1.00000000e+00   1.43914889e-01  -8.19267253e-05   9.87632115e-01   1.64999664e+00
 4.50000000e-01   0.00000000e+00   1.00000000e+00   1.48258423e-01  -7.45875900e-05   1.00925284e+00   1.64323126e+00
 4.60000000e-01   0.00000000e+00   1.00000000e+00   1.52324095e-01  -1.68711702e-05   1.02894902e+00   1.63821674e+00
 4.70000000e-01   0.00000000e+00   1.00000000e+00   1.56137000e-01   6.81340110e-05   1.04637328e+00   1.63557559e+00
 4.80000000e-01   0.00000000e+00   1.00000000e+00   1.59655075e-01   1.45102962e-04   1.06272224e+00   1.63517424e+00
 4.90000000e-01   0.00000000e+00   1.00000000e+00   1.62755199e-01   1.89820974e-04   1.07705159e+00   1.63598516e+00
 5.00000000e-01   0.00000000e+00   1.00000000e+00   1.65406496e-01   1.93875879e-04   1.08585102e+00   1.63642007e+00
 5.10000000e-01   0.00000000e+00   1.00000000e+00   1.67764560e-01   1.56897027e-04   1.08779028e+00   1.63539410e+00
 5.20000000e-01   0.00000000e+00   1.00000000e+00   1.70037060e-01   8.50649299e-05   1.08623478e+00   1.63300367e+00
 5.30000000e-01   0.00000000e+00   1.00000000e+00   1.72332317e-01  -1.40977781e-06   1.08573591e+00   1.62991302e+00
 5.40000000e-01   0.00000000e+00   1.00000000e+00   1.74666683e-01  -6.89838694e-05   1.08845172e+00   1.62664851e+00
 5.50000000e-01   0.00000000e+00   1.00000000e+00   1.77009144e-01  -9.04228033e-05   1.09462494e+00   1.62383350e+00
 5.60000000e-01   0.00000000e+00   1.00000000e+00   1.79249057e-01  -6.29047309e-05   1.10379010e+00   1.62228547e+00
 5.70000000e-01   0.00000000e+00   1.00000000e+00   1.81197664e-01  -1.81595529e-06   1.11385654e+00   1.62242507e+00
 5.80000000e-01   0.00000000e+00   1.00000000e+00   1.82723109e-01   7.52163228e-05   1.12086743e+00   1.62401156e+00
 5.90000000e-01   0.00000000e+00   1.00000000e+00   1.83892014e-01   1.49121606e-04   1.12194142e+00   1.62649936e+00
 6.00000000e-01   0.00000000e+00   1.00000000e+00   1.84925576e-01   1.94358743e-04   1.11832926e+00   1.62943822e+00
 6.10000000e-01   0.00000000e+00   1.00000000e+00   1.86002885e-01   1.89824468e-04   1.11402421e+00   1.63206217e+00
 6.20000000e-01   0.00000000e+00   1.00000000e+00   1.87152787e-01   1.36414938e-04   1.11170469e+00   1.63337614e+00
 6.30000000e-01   0.00000000e+00   1.00000000e+00   1.88348931e-01   5.71826228e-05   1.11110714e+00   1.63280549e+00
 6.40000000e-01   0.00000000e+00   1.00000000e+00   1.89636897e-01  -1.95616591e-05   1.11141006e+00   1.63054972e+00
 6.50000000e-01   0.00000000e+00   1.00000000e+00   1.91105530e-01  -7.30529362e-05   1.11395175e+00   1.62753441e+00
 6.60000000e-01   0.00000000e+00   1.00000000e+00   1.92753802e-01  -8.94192923e-05   1.12148870e+00   1.62503583e+00
 6.70000000e-01   0.00000000e+00   1.00000000e+00   1.94428104e-01  -6.01485353e-05   1.13502539e+00   1.62412472e+00
 6.80000000e-01   0.00000000e+00   1.00000000e+00   1.95900869e-01   9.65730500e-06   1.15187036e+00   1.62518110e+00
 6.90000000e-01   0.00000000e+00   1.00000000e+00   1.97008769e-01   9.48378293e-05   1.16708428e+00   1.62775055e+00
 7.00000000e-01   0.00000000e+00   1.00000000e+00   1.97720182e-01   1.61871809e-04   1.17704917e+00   1.63091725e+00
 7.10000000e-01   0.00000000e+00   1.00000000e+00   1.98100274e-01   1.89285803e-04   1.18139875e+00   1.63389491e+00
 7.20000000e-01   0.00000000e+00   1.00000000e+00   1.98262521e-01   1.73451831e-04   1.18181301e+00   1.63624123e+00
 7.30000000e-01   0.00000000e+00   1.00000000e+00   1.98348334e-01   1.20243579e-04   1.18055948e+00   1.63762732e+00
 7.40000000e-01   0.00000000e+00   1.00000000e+00   1.98462733e-01   4.22724512e-05   1.18039567e+00   1.63784576e+00
 7.50000000e-01   0.00000000e+00   1.00000000e+00   1.98570169e-01  -3.66006178e-05   1.18365245e+00   1.63714615e+00
 7.60000000e-01   0.00000000e+00   1.00000000e+00   1.98498833e-01  -8.63225375e-05   1.18996415e+00   1.63631850e+00
 7.70000000e-01   0.00000000e+00   1.00000000e+00   1.98093401e-01  -8.76294828e-05   1.19617744e+00   1.63632847e+00
 7.80000000e-01   0.00000000e+00   1.00000000e+00   1.97326564e-01  -4.30317406e-05   1.19970319e+00   1.63797857e+00
 7.90000000e-01   0.00000000e+00   1.00000000e+00   1.96229086e-01   2.90984869e-05   1.20072209e+00   1.64165301e+00
 8.00000000e-01   0.00000000e+00   1.00000000e+00   1.94767547e-01   1.06757875e-04   1.20003686e+00   1.64716302e+00
 8.10000000e-01   0.00000000e+00   1.00000000e+00   1.92863036e-01   1.68636147e-04   1.19620132e+00   1.65374888e+00
 8.20000000e-01   0.00000000e+00   1.00000000e+00   1.90526360e-01   1.93993922e-04   1.18646172e+00   1.66023960e+00
 8.30000000e-01   0.00000000e+00   1.00000000e+00   1.87926674e-01   1.70388679e-04   1.17033147e+00   1.66539498e+00
 8.40000000e-01   0.00000000e+00   1.00000000e+00   1.85306487e-01   1.05248328e-04   1.15109037e+00   1.66854026e+00
 8.50000000e-01   0.00000000e+00   1.00000000e+00   1.82838359e-01   2.43945381e-05   1.13358086e+00   1.66996265e+00
 8.60000000e-01   0.00000000e+00   1.00000000e+00   1.80557131e-01  -4.36493638e-05   1.12103391e+00   1.67064151e+00
 8.70000000e-01   0.00000000e+00   1.00000000e+00   1.78388926e-01  -7.97486493e-05   1.11375776e+00   1.67145665e+00
 8.80000000e-01   0.00000000e+00   1.00000000e+00   1.76207834e-01  -7.43012746e-05   1.10999331e+00   1.67289116e+00
 8.90000000e-01   0.00000000e+00   1.00000000e+00   1.73882620e-01  -2.63410612e-05   1.10728937e+00   1.67533569e+00
 9.00000000e-01   0.00000000e+00   1.00000000e+00   1.71332152e-01   5.15057777e-05   1.10329683e+00   1.67919767e+00
 9.10000000e-01   0.00000000e+00   1.00000000e+00   1.68579280e-01   1.32167623e-04   1.09653424e+00   1.68445483e+00
 9.20000000e-01   0.00000000e+00   1.00000000e+00   1.65740375e-01   1.85926745e-04   1.08714281e+00   1.69017978e+00
 9.30000000e-01   0.00000000e+00   1.00000000e+00   1.62932927e-01   1.95821884e-04   1.07686192e+00   1.69506236e+00
 9.40000000e-01   0.00000000e+00   1.00000000e+00   1.60193714e-01   1.62222623e-04   1.06742022e+00   1.69827969e+00
 9.50000000e-01   0.00000000e+00   1.00000000e+00   1.57507703e-01   9.69023208e-05   1.05912631e+00   1.69965325e+00
 9.60000000e-01   0.00000000e+00   1.00000000e+00   1.54900798e-01   1.83956833e-05   1.05143692e+00   1.69918887e+00
 9.70000000e-01   0.00000000e+00   1.00000000e+00   1.52443624e-01  -4.85546595e-05   1.04538150e+00   1.69753856e+00
 9.80000000e-01   0.00000000e+00   1.00000000e+00   1.50132627e-01  -7.89138271e-05   1.04322141e+00   1.69589771e+00
 9.90000000e-01   0.00000000e+00   1.00000000e+00   1.47806017e-01  -6.05411300e-05   1.04578609e+00   1.69580442e+00
 1.00000000e+00   0.00000000e+00   1.00000000e+00   1.45222066e-01  -1.59778032e-06   1.05038162e+00   1.69814575e+00
 1.01000000e+00   0.00000000e+00   1.00000000e+00   1.42216623e-01   7.60972472e-05   1.05229413e+00   1.70256334e+00
 1.02000000e+00   0.00000000e+00   1.00000000e+00   1.38777570e-01   1.48537471e-04   1.04837338e+00   1.70802182e+00
 1.03000000e+00   0.00000000e+00   1.00000000e+00   1.35005777e-01   1.94852928e-04   1.03854062e+00   1.71360469e+00
 1.04000000e+00   0.00000000e+00   1.00000000e+00   1.31045934e-01   1.99498358e-04   1.02469395e+00   1.71877412e+00
 1.05000000e+00   0.00000000e+00   1.00000000e+00   1.27036791e-01   1.58494217e-04   1.00922978e+00   1.72276036e+00
 1.06000000e+00   0.00000000e+00   1.00000000e+00   1.23068023e-01   8.54593051e-05   9.94180104e-01   1.72503528e+00
 1.07000000e+00   0.00000000e+00   1.00000000e+00   1.19146431e-01   7.41415425e-06   9.80775106e-01   1.72556734e+00
 1.08000000e+00   0.00000000e+00   1.00000000e+00   1.15208903e-01  -4.86143929e-05   9.69154125e-01   1.72526472e+00
 1.09000000e+00   0.00000000e+00   1.00000000e+00   1.11187172e-01  -6.61105135e-05   9.58517123e-01   1.72550180e+00
 1.10000000e+00   0.00000000e+00   1.00000000e+00   1.07061072e-01  -4.05622895e-05   9.47907791e-01   1.72720768e+00
 1.11000000e+00   0.00000000e+00   1.00000000e+00   1.02838589e-01   2.17236188e-05   9.37032374e-01   1.73065982e+00
 1.12000000e+00   0.00000000e+00   1.00000000e+00   9.84972312e-02   1.02545054e-04   9.25834168e-01   1.73572099e+00
 1.13000000e+00   0.00000000e+00   1.00000000e+00   9.39887369e-02   1.74394428e-04   9.13518136e-01   1.74190203e+00
 1.14000000e+00   0.00000000e+00   1.00000000e+00   8.93326446e-02   2.11738171e-04   8.98562668e-01   1.74801120e+00
 1.15000000e+00   0.00000000e+00   1.00000000e+00   8.46883113e-02   2.03290353e-04   8.80417112e-01   1.75243709e+00
 1.16000000e+00   0.00000000e+00   1.00000000e+00   8.02946347e-02   1.54587470e-04   8.60897711e-01   1.75413040e+00
 1.17000000e+00   0.00000000e+00   1.00000000e+00   7.63208452e-02   8.21530988e-05   8.43378443e-01   1.75319365e+00
 1.18000000e+00   0.00000000e+00   1.00000000e+00   7.27763596e-02   8.01994319e-06   8.30526103e-01   1.75057927e+00
 1.19000000e+00   0.00000000e+00   1.00000000e+00   6.95471827e-02  -4.37753704e-05   8.22718651e-01   1.74732745e+00
 1.20000000e+00   0.00000000e+00   1.00000000e+00   6.64861049e-02  -5.40436239e-05   8.18475992e-01   1.74434603e+00
 1.21000000e+00   0.00000000e+00   1.00000000e+00   6.34691796e-02  -1.80493135e-05   8.15891305e-01   1.74250595e+00
 1.22000000e+00   0.00000000e+00   1.00000000e+00   6.04171744e-02   5.09933373e-05   8.13438464e-01   1.74254667e+00
 1.23000000e+00   0.00000000e+00   1.00000000e+00   5.73117287e-02   1.28954486e-04   8.10012324e-01   1.74445125e+00
 1.24000000e+00   0.00000000e+00   1.00000000e+00   5.41914379e-02   1.91399638e-04   8.05095996e-01   1.74733226e+00
 1.25000000e+00   0.00000000e+00   1.00000000e+00   5.11100313e-02   2.19756197e-04   7.98897385e-01   1.74978876e+00
 1.26000000e+00   0.00000000e+00   1.00000000e+00   4.80979848e-02   2.04323994e-04   7.92009523e-01   1.75076046e+00
 1.27000000e+00   0.00000000e+00   1.00000000e+00   4.51767949e-02   1.48492292e-04   7.84819056e-01   1.74972428e+00
 1.28000000e+00   0.00000000e+00   1.00000000e+00   4.23962159e-02   7.09165287e-05   7.77614102e-01   1.74672781e+00
 1.29000000e+00   0.00000000e+00   1.00000000e+00   3.98168935e-02  -7.75524265e-07   7.71201740e-01   1.74235034e+00
 1.30000000e+00   0.00000000e+00   1.00000000e+00   3.74288562e-02  -4.23351913e-05   7.66955835e-01   1.73773590e+00
 1.31000000e+00   0.00000000e+00   1.00000000e+00   3.50964975e-02  -4.16130562e-05   7.65656012e-01   1.73431036e+00
 1.32000000e+00   0.00000000e+00   1.00000000e+00   3.26147092e-02   3.56344584e-07   7.66156434e-01   1.73312772e+00
 1.33000000e+00   0.00000000e+00   1.00000000e+00   2.98429077e-02   7.12244651e-05   7.65619032e-01   1.73432366e+00
 1.34000000e+00   0.00000000e+00   1.00000000e+00   2.67940963e-02   1.49063570e-04   7.61504458e-01   1.73710519e+00
 1.35000000e+00   0.00000000e+00   1.00000000e+00   2.36061844e-02   2.07506839e-04   7.53299643e-01   1.74032124e+00
 1.36000000e+00   0.00000000e+00   1.00000000e+00   2.04472682e-02   2.26126614e-04   7.42363834e-01   1.74291967e+00
 1.37000000e+00   0.00000000e+00   1.00000000e+00   1.74495422e-02   1.99641131e-04   7.30521781e-01   1.74399167e+00
 1.38000000e+00   0.00000000e+00   1.00000000e+00   1.46967581e-02   1.38650648e-04   7.19078287e-01   1.74284201e+00
 1.39000000e+00   0.00000000e+00   1.00000000e+00   1.22280383e-02   6.34113451e-05   7.08845402e-01   1.73935404e+00
 1.40000000e+00   0.00000000e+00   1.00000000e+00   1.00403850e-02  -2.61817047e-06   7.00391623e-01   1.73423287e+00
 1.41000000e+00   0.00000000e+00   1.00000000e+00   8.10444496e-03  -3.78006898e-05   6.93941349e-01   1.72881244e+00
 1.42000000e+00   0.00000000e+00   1.00000000e+00   6.38621766e-03  -2.89573781e-05   6.89244147e-01   1.72443165e+00
 1.43000000e+00   0.00000000e+00   1.00000000e+00   4.84503688e-03   2.17944094e-05   6.85874241e-01   1.72185293e+00
 1.44000000e+00   0.00000000e+00   1.00000000e+00   3.41770739e-03   9.65944786e-05   6.83414701e-01   1.72108948e+00
 1.45000000e+00   0.00000000e+00   1.00000000e+00   2.04142148e-03   1.69851347e-04   6.81109608e-01   1.72152368e+00
 1.46000000e+00   0.00000000e+00   1.00000000e+00   7.25209346e-04   2.18402332e-04   6.77683327e-01   1.72210839e+00
 1.47000000e+00   0.00000000e+00   1.00000000e+00  -4.05289815e-04   2.27582109e-04   6.72142533e-01   1.72163111e+00
 1.48000000e+00   0.00000000e+00   1.00000000e+00  -1.16358467e-03   1.93927602e-04   6.64991914e-01   1.71910934e+00
 1.49000000e+00   0.00000000e+00   1.00000000e+00  -1.42661149e-03   1.27205650e-04   6.58452818e-01   1.71417285e+00
 1.50000000e+00   0.00000000e+00   1.00000000e+00  -1.21589250e-03   4.94867827e-05   6.55068391e-01   1.70729723e+00
 1.51000000e+00   0.00000000e+00   1.00000000e+00  -6.70261340e-04  -1.23663234e-05   6.55848313e-01   1.69957807e+00
 1.52000000e+00   0.00000000e+00   1.00000000e+00   4.49827358e-05  -3.78621990e-05   6.59859684e-01   1.69231342e+00
 1.53000000e+00   0.00000000e+00   1.00000000e+00   8.04768951e-04  -2.00239637e-05   6.65342328e-01   1.68652811e+00
 1.54000000e+00   0.00000000e+00   1.00000000e+00   1.53411528e-03   3.44871762e-05   6.70931034e-01   1.68284595e+00
 1.55000000e+00   0.00000000e+00   1.00000000e+00   2.19378351e-03   1.08575650e-04   6.75825852e-01   1.68134559e+00
 1.56000000e+00   0.00000000e+00   1.00000000e+00   2.77526042e-03   1.78540298e-04   6.79411395e-01   1.68140941e+00
 1.57000000e+00   0.00000000e+00   1.00000000e+00   3.30201402e-03   2.20437435e-04   6.81202082e-01   1.68181362e+00
 1.58000000e+00   0.00000000e+00   1.00000000e+00   3.82498849e-03   2.19321079e-04   6.81112507e-01   1.68122869e+00
 1.59000000e+00   0.00000000e+00   1.00000000e+00   4.41734873e-03   1.75944435e-04   6.79533171e-01   1.67883262e+00
 1.60000000e+00   0.00000000e+00   1.00000000e+00   5.16759670e-03   1.05685900e-04   6.77203319e-01   1.67458963e+00
 1.61000000e+00   0.00000000e+00   1.00000000e+00   6.14810975e-03   3.15093653e-05   6.75218744e-01   1.66905676e+00
 1.62000000e+00   0.00000000e+00   1.00000000e+00   7.35618881e-03  -2.33527660e-05   6.74956066e-01   1.66315563e+00
 1.63000000e+00   0.00000000e+00   1.00000000e+00   8.68164383e-03  -4.11265010e-05   6.77296573e-01   1.65790384e+00
 1.64000000e+00   0.00000000e+00   1.00000000e+00   9.95936597e-03  -1.50554177e-05   6.81577675e-01   1.65424282e+00
 1.65000000e+00   0.00000000e+00   1.00000000e+00   1.10823221e-02   4.66096909e-05   6.85599980e-01   1.65260451e+00
 1.66000000e+00   0.00000000e+00   1.00000000e+00   1.20765805e-02   1.22572007e-04   6.87158027e-01   1.65267053e+00
 1.67000000e+00   0.00000000e+00   1.00000000e+00   1.30752628e-02   1.87032559e-04   6.85590086e-01   1.65350886e+00
 1.68000000e+00   0.00000000e+00   1.00000000e+00   1.42312586e-02   2.19346368e-04   6.81928431e-01   1.65402831e+00
 1.69000000e+00   0.00000000e+00   1.00000000e+00   1.56542488e-02   2.09662680e-04   6.77790357e-01   1.65328119e+00
 1.70000000e+00   0.00000000e+00   1.00000000e+00   1.74057708e-02   1.60705942e-04   6.74372652e-01   1.65062664e+00
 1.71000000e+00   0.00000000e+00   1.00000000e+00   1.95182472e-02   8.75612736e-05   6.72356959e-01   1.64588738e+00
 1.72000000e+00   0.00000000e+00   1.00000000e+00   2.19986650e-02   1.42987215e-05   6.72340945e-01   1.63952804e+00
 1.73000000e+00   0.00000000e+00   1.00000000e+00   2.48168457e-02  -3.41902557e-05   6.74966257e-01   1.63274090e+00
 1.74000000e+00   0.00000000e+00   1.00000000e+00   2.78991614e-02  -4.20208059e-05   6.80555163e-01   1.62690056e+00
 1.75000000e+00   0.00000000e+00   1.00000000e+00   3.11373564e-02  -7.79092804e-06   6.88762451e-01   1.62285951e+00
 1.76000000e+00   0.00000000e+00   1.00000000e+00   3.44126483e-02   5.64792778e-05   6.98516150e-01   1.62066187e+00
 1.77000000e+00   0.00000000e+00   1.00000000e+00   3.76377240e-02   1.29990861e-04   7.08226240e-01   1.61976425e+00
 1.78000000e+00   0.00000000e+00   1.00000000e+00   4.08065405e-02   1.88765772e-04   7.16316886e-01   1.61939781e+00
 1.79000000e+00   0.00000000e+00   1.00000000e+00   4.40121919e-02   2.12592793e-04   7.22107278e-01   1.61873923e+00
 1.80000000e+00   0.00000000e+00   1.00000000e+00   4.73951090e-02   1.92647000e-04   7.26500681e-01   1.61701739e+00
 1.81000000e+00   0.00000000e+00   1.00000000e+00   5.10436656e-02   1.35563718e-04   7.31649141e-01   1.61372303e+00
 1.82000000e+00   0.00000000e+00   1.00000000e+00   5.49273594e-02   6.06243418e-05   7.39612118e-01   1.60900052e+00
 1.83000000e+00   0.00000000e+00   1.00000000e+00   5.89192689e-02  -7.91525261e-06   7.50875227e-01   1.60364117e+00
 1.84000000e+00   0.00000000e+00   1.00000000e+00   6.28765865e-02  -4.85811484e-05   7.64216532e-01   1.59862790e+00
 1.85000000e+00   0.00000000e+00   1.00000000e+00   6.66994577e-02  -4.84054166e-05   7.77928253e-01   1.59490760e+00
 1.86000000e+00   0.00000000e+00   1.00000000e+00   7.03320628e-02  -7.04305957e-06   7.90865103e-01   1.59309476e+00
 1.87000000e+00   0.00000000e+00   1.00000000e+00   7.37402007e-02   6.18533856e-05   8.02352823e-01   1.59327473e+00
 1.88000000e+00   0.00000000e+00   1.00000000e+00   7.69100968e-02   1.34662820e-04   8.11673630e-01   1.59490704e+00
 1.89000000e+00   0.00000000e+00   1.00000000e+00   7.98692045e-02   1.86692693e-04   8.18084574e-01   1.59696921e+00
 1.90000000e+00   0.00000000e+00   1.00000000e+00   8.26993071e-02   2.01084835e-04   8.21367021e-01   1.59835519e+00
 1.91000000e+00   0.00000000e+00   1.00000000e+00   8.55232029e-02   1.73515011e-04   8.22274339e-01   1.59833815e+00
 1.92000000e+00   0.00000000e+00   1.00000000e+00   8.84678024e-02   1.12643591e-04   8.22509894e-01   1.59684895e+00
 1.93000000e+00   0.00000000e+00   1.00000000e+00   9.16147969e-02   3.77798191e-05   8.24136523e-01   1.59429929e+00
 1.94000000e+00   0.00000000e+00   1.00000000e+00   9.49575518e-02  -2.64537688e-05   8.28767962e-01   1.59133824e+00
 1.95000000e+00   0.00000000e+00   1.00000000e+00   9.83953740e-02  -5.84720441e-05   8.36769789e-01   1.58873435e+00
 1.96000000e+00   0.00000000e+00   1.00000000e+00   1.01786837e-01  -4.79009520e-05   8.46865248e-01   1.58714865e+00
 1.97000000e+00   0.00000000e+00   1.00000000e+00   1.05037623e-01   9.51192787e-07   8.56773054e-01   1.58696229e+00
 1.98000000e+00   0.00000000e+00   1.00000000e+00   1.08157224e-01   7.15458474e-05   8.64656440e-01   1.58806260e+00
 1.99000000e+00   0.00000000e+00   1.00000000e+00   1.11239241e-01   1.40903901e-04   8.70307247e-01   1.58995447e+00
 2.00000000e+00   0.00000000e+00   1.00000000e+00   1.14391125e-01   1.86287745e-04   8.74924614e-01   1.59184011e+00
 2.01000000e+00   0.00000000e+00   1.00000000e+00   1.17682017e-01   1.92125708e-04   8.79894124e-01   1.59295526e+00
 2.02000000e+00   0.00000000e+00   1.00000000e+00   1.21143170e-01   1.55847768e-04   8.86083542e-01   1.59257706e+00
 2.03000000e+00   0.00000000e+00   1.00000000e+00   1.24790726e-01   8.94765052e-05   8.94010494e-01   1.59052981e+00
 2.04000000e+00   0.00000000e+00   1.00000000e+00   1.28624969e-01   1.51682067e-05   9.04322809e-01   1.58729171e+00
 2.05000000e+00   0.00000000e+00   1.00000000e+00   1.32603022e-01  -4.29698508e-05   9.17969927e-01   1.58394532e+00
 2.06000000e+00   0.00000000e+00   1.00000000e+00   1.36620460e-01  -6.65994186e-05   9.35164120e-01   1.58148229e+00
 2.07000000e+00   0.00000000e+00   1.00000000e+00   1.40528700e-01  -4.82827598e-05   9.54837169e-01   1.58052962e+00
 2.08000000e+00   0.00000000e+00   1.00000000e+00   1.44182530e-01   6.10388903e-06   9.74692451e-01   1.58114000e+00
 2.09000000e+00   0.00000000e+00   1.00000000e+00   1.47494351e-01   7.84668584e-05   9.92064381e-01   1.58292741e+00
 2.10000000e+00   0.00000000e+00   1.00000000e+00   1.50470472e-01   1.44244786e-04   1.00517313e+00   1.58531429e+00
 2.11000000e+00   0.00000000e+00   1.00000000e+00   1.53206651e-01   1.81288307e-04   1.01396506e+00   1.58766041e+00
 2.12000000e+00   0.00000000e+00   1.00000000e+00   1.55833766e-01   1.77577963e-04   1.02011576e+00   1.58936882e+00
 2.13000000e+00   0.00000000e+00   1.00000000e+00   1.58439747e-01   1.34533774e-04   1.02606579e+00   1.59012049e+00
 2.14000000e+00   0.00000000e+00   1.00000000e+00   1.61022066e-01   6.59445960e-05   1.03352102e+00   1.58990570e+00
 2.15000000e+00   0.00000000e+00   1.00000000e+00   1.63505525e-01  -6.12743010e-06   1.04266198e+00   1.58908597e+00
 2.16000000e+00   0.00000000e+00   1.00000000e+00   1.65801867e-01  -5.79089180e-05   1.05244998e+00   1.58834545e+00
 2.17000000e+00   0.00000000e+00   1.00000000e+00   1.67853244e-01  -7.20168117e-05   1.06170862e+00   1.58848740e+00
 2.18000000e+00   0.00000000e+00   1.00000000e+00   1.69630548e-01  -4.39482064e-05   1.06973046e+00   1.59008852e+00
 2.19000000e+00   0.00000000e+00   1.00000000e+00   1.71113483e-01   1.64826478e-05   1.07603189e+00   1.59329875e+00
 2.20000000e+00   0.00000000e+00   1.00000000e+00   1.72294544e-01   8.91423724e-05   1.07979713e+00   1.59766622e+00
 2.21000000e+00   0.00000000e+00   1.00000000e+00   1.73210196e-01   1.50402716e-04   1.08008858e+00   1.60230756e+00
 2.22000000e+00   0.00000000e+00   1.00000000e+00   1.73962226e-01   1.80261195e-04   1.07682041e+00   1.60629384e+00
 2.23000000e+00   0.00000000e+00   1.00000000e+00   1.74697746e-01   1.68578284e-04   1.07141899e+00   1.60901740e+00
 2.24000000e+00   0.00000000e+00   1.00000000e+00   1.75554146e-01   1.18954090e-04   1.06646093e+00   1.61033902e+00
 2.25000000e+00   0.00000000e+00   1.00000000e+00   1.76601362e-01   4.80021709e-05   1.06454140e+00   1.61053867e+00
 2.26000000e+00   0.00000000e+00   1.00000000e+00   1.77811957e-01  -2.05563909e-05   1.06712280e+00   1.61015826e+00
 2.27000000e+00   0.00000000e+00   1.00000000e+00   1.79074938e-01  -6.43033937e-05   1.07392075e+00   1.60987017e+00
 2.28000000e+00   0.00000000e+00   1.00000000e+00   1.80250659e-01  -6.92634753e-05   1.08311823e+00   1.61030946e+00
 2.29000000e+00   0.00000000e+00   1.00000000e+00   1.81239656e-01  -3.38581302e-05   1.09229139e+00   1.61188103e+00
 2.30000000e+00   0.00000000e+00   1.00000000e+00   1.82022033e-01   3.05213311e-05   1.09966868e+00   1.61460932e+00
 2.31000000e+00   0.00000000e+00   1.00000000e+00   1.82642075e-01   1.02638207e-04   1.10485746e+00   1.61814920e+00
 2.32000000e+00   0.00000000e+00   1.00000000e+00   1.83159077e-01   1.58308968e-04   1.10853195e+00   1.62184951e+00
 2.33000000e+00   0.00000000e+00   1.00000000e+00   1.83612519e-01   1.78968984e-04   1.11149680e+00   1.62493606e+00
 2.34000000e+00   0.00000000e+00   1.00000000e+00   1.84024781e-01   1.58072581e-04   1.11423326e+00   1.62680498e+00
 2.35000000e+00   0.00000000e+00   1.00000000e+00   1.84416729e-01   1.02759551e-04   1.11721792e+00   1.62729714e+00
 2.36000000e+00   0.00000000e+00   1.00000000e+00   1.84799027e-01   3.10785913e-05   1.12134767e+00   1.62681965e+00
 2.37000000e+00   0.00000000e+00   1.00000000e+00   1.85138150e-01  -3.36267332e-05   1.12766726e+00   1.62622157e+00
 2.38000000e+00   0.00000000e+00   1.00000000e+00   1.85334360e-01  -6.99313142e-05   1.13635307e+00   1.62642130e+00
 2.39000000e+00   0.00000000e+00   1.00000000e+00   1.85243948e-01  -6.55933171e-05   1.14596340e+00   1.62805640e+00
 2.40000000e+00   0.00000000e+00   1.00000000e+00   1.84738556e-01  -2.21122295e-05   1.15378106e+00   1.63130744e+00
 2.41000000e+00   0.00000000e+00   1.00000000e+00   1.83764278e-01   4.58544984e-05   1.15709726e+00   1.63589139e+00
 2.42000000e+00   0.00000000e+00   1.00000000e+00   1.82366155e-01   1.15889402e-04   1.15462195e+00   1.64120870e+00
 2.43000000e+00   0.00000000e+00   1.00000000e+00   1.80666762e-01   1.65292926e-04   1.14704555e+00   1.64657782e+00
 2.44000000e+00   0.00000000e+00   1.00000000e+00   1.78810855e-01   1.78062159e-04   1.13648741e+00   1.65134656e+00
 2.45000000e+00   0.00000000e+00   1.00000000e+00   1.76904961e-01   1.49933903e-04   1.12535959e+00   1.65502595e+00
 2.46000000e+00   0.00000000e+00   1.00000000e+00   1.74985663e-01   9.01907379e-05   1.11534469e+00   1.65748766e+00
 2.47000000e+00   0.00000000e+00   1.00000000e+00   1.73032572e-01   1.89195135e-05   1.10694508e+00   1.65902314e+00
 2.48000000e+00   0.00000000e+00   1.00000000e+00   1.71007148e-01  -3.99298707e-05   1.09983759e+00   1.66029855e+00
 2.49000000e+00   0.00000000e+00   1.00000000e+00   1.68879339e-01  -6.68657232e-05   1.09353336e+00   1.66212831e+00
 2.50000000e+00   0.00000000e+00   1.00000000e+00   1.66624874e-01  -5.31019100e-05   1.08759929e+00   1.66510881e+00
 2.51000000e+00   0.00000000e+00   1.00000000e+00   1.64215127e-01  -2.99604025e-06   1.08149429e+00   1.66946371e+00
 2.52000000e+00   0.00000000e+00   1.00000000e+00   1.61630984e-01   6.73503666e-05   1.07422536e+00   1.67486572e+00
 2.53000000e+00   0.00000000e+00   1.00000000e+00   1.58899023e-01   1.34976264e-04   1.06473794e+00   1.68050440e+00
 2.54000000e+00   0.00000000e+00   1.00000000e+00   1.56113099e-01   1.77570922e-04   1.05292783e+00   1.68549668e+00
 2.55000000e+00   0.00000000e+00   1.00000000e+00   1.53409979e-01   1.81228476e-04   1.03996373e+00   1.68896761e+00
 2.56000000e+00   0.00000000e+00   1.00000000e+00   1.50907834e-01   1.45191746e-04   1.02825527e+00   1.69075325e+00
 2.57000000e+00   0.00000000e+00   1.00000000e+00   1.48647806e-01   8.17397738e-05   1.01993540e+00   1.69104458e+00
 2.58000000e+00   0.00000000e+00   1.00000000e+00   1.46574450e-01   1.18521928e-05   1.01594039e+00   1.69043029e+00
 2.59000000e+00   0.00000000e+00   1.00000000e+00   1.44562601e-01  -4.14649479e-05   1.01564596e+00   1.68973286e+00
 2.60000000e+00   0.00000000e+00   1.00000000e+00   1.42472218e-01  -6.04220004e-05   1.01725528e+00   1.68978082e+00
 2.61000000e+00   0.00000000e+00   1.00000000e+00   1.40201325e-01  -3.84422002e-05   1.01864781e+00   1.69114173e+00
 2.62000000e+00   0.00000000e+00   1.00000000e+00   1.37710914e-01   1.73166027e-05   1.01828396e+00   1.69399004e+00
 2.63000000e+00   0.00000000e+00   1.00000000e+00   1.35013995e-01   8.83782147e-05   1.01554161e+00   1.69800892e+00
 2.64000000e+00   0.00000000e+00   1.00000000e+00   1.32146284e-01   1.51422786e-04   1.01046385e+00   1.70253273e+00
 2.65000000e+00   0.00000000e+00   1.00000000e+00   1.29147164e-01   1.86045339e-04   1.00337870e+00   1.70655022e+00
 2.66000000e+00   0.00000000e+00   1.00000000e+00   1.26061580e-01   1.81146700e-04   9.94725912e-01   1.70945789e+00
 2.67000000e+00   0.00000000e+00   1.00000000e+00   1.22943657e-01   1.38440991e-04   9.85193574e-01   1.71093990e+00
 2.68000000e+00   0.00000000e+00   1.00000000e+00   1.19837345e-01   7.21613408e-05   9.75930098e-01   1.71122432e+00
 2.69000000e+00   0.00000000e+00   1.00000000e+00   1.16738857e-01   4.54818219e-06   9.68112424e-01   1.71104422e+00
 2.70000000e+00   0.00000000e+00   1.00000000e+00   1.13576423e-01  -4.17183333e-05   9.62093807e-01   1.71134708e+00
 2.71000000e+00   0.00000000e+00   1.00000000e+00   1.10236409e-01  -5.12349317e-05   9.56863304e-01   1.71289860e+00
 2.72000000e+00   0.00000000e+00   1.00000000e+00   1.06625401e-01  -2.07867169e-05   9.50478336e-01   1.71603550e+00
 2.73000000e+00   0.00000000e+00   1.00000000e+00   1.02726666e-01   3.98861522e-05   9.41139874e-01   1.72055793e+00
 2.74000000e+00   0.00000000e+00   1.00000000e+00   9.86152751e-02   1.11247815e-04   9.28192649e-01   1.72579894e+00
 2.75000000e+00   0.00000000e+00   1.00000000e+00   9.44276772e-02   1.70125497e-04   9.12412221e-01   1.73095852e+00
 2.76000000e+00   0.00000000e+00   1.00000000e+00   9.03085892e-02   1.97321224e-04   8.95396110e-01   1.73519052e+00
 2.77000000e+00   0.00000000e+00   1.00000000e+00   8.63650168e-02   1.84196121e-04   8.78832156e-01   1.73779954e+00
 2.78000000e+00   0.00000000e+00   1.00000000e+00   8.26471473e-02   1.35585935e-04   8.63963692e-01   1.73849819e+00
 2.79000000e+00   0.00000000e+00   1.00000000e+00   7.91573974e-02   6.79496339e-05   8.51393139e-01   1.73754247e+00
 2.80000000e+00   0.00000000e+00   1.00000000e+00   7.58713478e-02   3.80318926e-06   8.41247818e-01   1.73572752e+00
 2.81000000e+00   0.00000000e+00   1.00000000e+00   7.27501876e-02  -3.55090699e-05   8.33358609e-01   1.73401246e+00
 2.82000000e+00   0.00000000e+00   1.00000000e+00   6.97401074e-02  -3.66877374e-05   8.27362008e-01   1.73324285e+00
 2.83000000e+00   0.00000000e+00   1.00000000e+00   6.67755871e-02   9.87649858e-07   8.22540875e-01   1.73378902e+00
 2.84000000e+00   0.00000000e+00   1.00000000e+00   6.38043453e-02   6.52224182e-05   8.17789264e-01   1.73550829e+00
 2.85000000e+00   0.00000000e+00   1.00000000e+00   6.08255721e-02   1.34879896e-04   8.11953027e-01   1.73773880e+00
 2.86000000e+00   0.00000000e+00   1.00000000e+00   5.79078661e-02   1.87182690e-04   8.04513896e-01   1.73953721e+00
 2.87000000e+00   0.00000000e+00   1.00000000e+00   5.51614552e-02   2.05201516e-04   7.96069337e-01   1.74010866e+00
 2.88000000e+00   0.00000000e+00   1.00000000e+00   5.26767382e-02   1.83225506e-04   7.88093526e-01   1.73900813e+00
 2.89000000e+00   0.00000000e+00   1.00000000e+00   5.04705622e-02   1.28579199e-04   7.82151448e-01   1.73631928e+00
 2.90000000e+00   0.00000000e+00   1.00000000e+00   4.84747279e-02   5.93703385e-05   7.79035032e-01   1.73260452e+00
 2.91000000e+00   0.00000000e+00   1.00000000e+00   4.65681904e-02  -1.38844342e-06   7.78397846e-01   1.72870269e+00
 2.92000000e+00   0.00000000e+00   1.00000000e+00   4.46272269e-02  -3.35054684e-05   7.79046182e-01   1.72554662e+00
 2.93000000e+00   0.00000000e+00   1.00000000e+00   4.25647055e-02  -2.63719492e-05   7.79559505e-01   1.72386713e+00
 2.94000000e+00   0.00000000e+00   1.00000000e+00   4.03442566e-02   1.76696556e-05   7.78807435e-01   1.72393498e+00
 2.95000000e+00   0.00000000e+00   1.00000000e+00   3.79731029e-02   8.42459252e-05   7.76148832e-01   1.72545247e+00
 2.96000000e+00   0.00000000e+00   1.00000000e+00   3.54883554e-02   1.51627129e-04   7.71373708e-01   1.72765544e+00
 2.97000000e+00   0.00000000e+00   1.00000000e+00   3.29499748e-02   1.97746850e-04   7.64583947e-01   1.72957055e+00
 2.98000000e+00   0.00000000e+00   1.00000000e+00   3.04396486e-02   2.07503081e-04   7.56180013e-01   1.73036382e+00
 2.99000000e+00   0.00000000e+00   1.00000000e+00   2.80507368e-02   1.77889751e-04   7.46930184e-01   1.72954110e+00
 3.00000000e+00   0.00000000e+00   1.00000000e+00   2.58581030e-02   1.18992661e-04   7.37967041e-01   1.72713259e+00
 3.01000000e+00   0.00000000e+00   1.00000000e+00   2.38798967e-02   5.04872065e-05   7.30470770e-01   1.72371812e+00
 3.02000000e+00   0.00000000e+00   1.00000000e+00   2.20626099e-02  -4.92690229e-06   7.25102876e-01   1.72017722e+00
 3.03000000e+00   0.00000000e+00   1.00000000e+00   2.03105310e-02  -2.88751988e-05   7.21531480e-01   1.71737940e+00
 3.04000000e+00   0.00000000e+00   1.00000000e+00   1.85457577e-02  -1.32644209e-05   7.18537075e-01   1.71583849e+00
 3.05000000e+00   0.00000000e+00   1.00000000e+00   1.67586076e-02   3.69525037e-05   7.14714979e-01   1.71557005e+00
 3.06000000e+00   0.00000000e+00   1.00000000e+00   1.50163614e-02   1.05300023e-04   7.09261064e-01   1.71611630e+00
 3.07000000e+00   0.00000000e+00   1.00000000e+00   1.34310931e-02   1.69287995e-04   7.02295531e-01   1.71673203e+00
 3.08000000e+00   0.00000000e+00   1.00000000e+00   1.21134327e-02   2.07951149e-04   6.94641462e-01   1.71655587e+00
 3.09000000e+00   0.00000000e+00   1.00000000e+00   1.11395686e-02   2.08718680e-04   6.87375789e-01   1.71486427e+00
 3.10000000e+00   0.00000000e+00   1.00000000e+00   1.05411055e-02   1.71417509e-04   6.81434289e-01   1.71131603e+00
 3.11000000e+00   0.00000000e+00   1.00000000e+00   1.03102431e-02   1.08307776e-04   6.77467266e-01   1.70611237e+00
 3.12000000e+00   0.00000000e+00   1.00000000e+00   1.04071430e-02   4.01600885e-05   6.75839836e-01   1.69999850e+00
 3.13000000e+00   0.00000000e+00   1.00000000e+00   1.07625461e-02  -1.05469066e-05   6.76638291e-01   1.69398181e+00
 3.14000000e+00   0.00000000e+00   1.00000000e+00   1.12808699e-02  -2.71517934e-05   6.79600597e-01   1.68896976e+00
 3.15000000e+00   0.00000000e+00   1.00000000e+00   1.18564892e-02  -4.37887111e-06   6.83963198e-01   1.68546724e+00
 3.16000000e+00   0.00000000e+00   1.00000000e+00   1.24082681e-02   5.00359457e-05   6.88480894e-01   1.68345750e+00
 3.17000000e+00   0.00000000e+00   1.00000000e+00   1.29169768e-02   1.18024818e-04   6.91823709e-01   1.68244598e+00
 3.18000000e+00   0.00000000e+00   1.00000000e+00   1.34366910e-02   1.77095444e-04   6.93223572e-01   1.68165602e+00
 3.19000000e+00   0.00000000e+00   1.00000000e+00   1.40635952e-02   2.07637640e-04   6.92940620e-01   1.68029019e+00
 3.20000000e+00   0.00000000e+00   1.00000000e+00   1.48778213e-02   1.99412047e-04   6.92151634e-01   1.67779901e+00
 3.21000000e+00   0.00000000e+00   1.00000000e+00   1.58965461e-02   1.55029000e-04   6.92255498e-01   1.67402416e+00
 3.22000000e+00   0.00000000e+00   1.00000000e+00   1.70671777e-02   8.90851187e-05   6.94091292e-01   1.66926109e+00
 3.23000000e+00   0.00000000e+00   1.00000000e+00   1.82980636e-02   2.32304929e-05   6.97571336e-01   1.66420291e+00
 3.24000000e+00   0.00000000e+00   1.00000000e+00   1.94999638e-02  -2.09963730e-05   7.01905273e-01   1.65968310e+00
 3.25000000e+00   0.00000000e+00   1.00000000e+00   2.06132467e-02  -2.91755543e-05   7.06110211e-01   1.65641349e+00
 3.26000000e+00   0.00000000e+00   1.00000000e+00   2.16150038e-02   1.31243647e-06   7.09369313e-01   1.65473224e+00
 3.27000000e+00   0.00000000e+00   1.00000000e+00   2.25161007e-02   6.03606162e-05   7.11122030e-01   1.65445667e+00
 3.28000000e+00   0.00000000e+00   1.00000000e+00   2.33594233e-02   1.28366850e-04   7.11042710e-01   1.65495791e+00
 3.29000000e+00   0.00000000e+00   1.00000000e+00   2.42208989e-02   1.82755107e-04   7.09086046e-01   1.65536398e+00
 3.30000000e+00   0.00000000e+00   1.00000000e+00   2.52044470e-02   2.05551526e-04   7.05626997e-01   1.65485118e+00
 3.31000000e+00   0.00000000e+00   1.00000000e+00   2.64202914e-02   1.89280503e-04   7.01574191e-01   1.65292941e+00
 3.32000000e+00   0.00000000e+00   1.00000000e+00   2.79471103e-02   1.39278324e-04   6.98259244e-01   1.64955504e+00
 3.33000000e+00   0.00000000e+00   1.00000000e+00   2.97962144e-02   7.19026841e-05   6.97026557e-01   1.64512605e+00
 3.34000000e+00   0.00000000e+00   1.00000000e+00   3.19040727e-02   9.23975836e-06   6.98613442e-01   1.64033795e+00
 3.35000000e+00   0.00000000e+00   1.00000000e+00   3.41651855e-02  -2.81546028e-05   7.02711766e-01   1.63596129e+00
 3.36000000e+00   0.00000000e+00   1.00000000e+00   3.64881279e-02  -2.81174283e-05   7.08119552e-01   1.63258888e+00
 3.37000000e+00   0.00000000e+00   1.00000000e+00   3.88390119e-02   9.07520102e-06   7.13446142e-01   1.63045182e+00
 3.38000000e+00   0.00000000e+00   1.00000000e+00   4.12469698e-02   7.08772376e-05   7.17864134e-01   1.62933776e+00
 3.39000000e+00   0.00000000e+00   1.00000000e+00   4.37759795e-02   1.36687259e-04   7.21410173e-01   1.62872496e+00
 3.40000000e+00   0.00000000e+00   1.00000000e+00   4.64887075e-02   1.84608693e-04   7.24716854e-01   1.62788815e+00
 3.41000000e+00   0.00000000e+00   1.00000000e+00   4.94244610e-02   1.98585647e-04   7.28583554e-01   1.62614195e+00
 3.42000000e+00   0.00000000e+00   1.00000000e+00   5.25939600e-02   1.73707421e-04   7.33683771e-01   1.62308680e+00
 3.43000000e+00   0.00000000e+00   1.00000000e+00   5.59796354e-02   1.17920040e-04   7.40574688e-01   1.61883301e+00
 3.44000000e+00   0.00000000e+00   1.00000000e+00   5.95323339e-02   4.94089906e-05   7.49680366e-01   1.61398672e+00
 3.45000000e+00   0.00000000e+00   1.00000000e+00   6.31673394e-02  -9.49757848e-06   7.61099110e-01   1.60939596e+00
 3.46000000e+00   0.00000000e+00   1.00000000e+00   6.67711845e-02  -3.97325918e-05   7.74320674e-01   1.60579356e+00
 3.47000000e+00   0.00000000e+00   1.00000000e+00   7.02276998e-02  -3.16880486e-05   7.88089674e-01   1.60361539e+00
 3.48000000e+00   0.00000000e+00   1.00000000e+00   7.34580437e-02   1.16847679e-05   8.00712335e-01   1.60285359e+00
 3.49000000e+00   0.00000000e+00   1.00000000e+00   7.64542760e-02   7.58096910e-05   8.10709754e-01   1.60313842e+00
 3.50000000e+00   0.00000000e+00   1.00000000e+00   7.92828120e-02   1.39252693e-04   8.17565131e-01   1.60390661e+00
 3.51000000e+00   0.00000000e+00   1.00000000e+00   8.20500878e-02   1.80829994e-04   8.21948360e-01   1.60452581e+00
 3.52000000e+00   0.00000000e+00   1.00000000e+00   8.48489295e-02   1.86652011e-04   8.25306863e-01   1.60444946e+00
 3.53000000e+00   0.00000000e+00   1.00000000e+00   8.77185577e-02   1.54677826e-04   8.29105373e-01   1.60340790e+00
 3.54000000e+00   0.00000000e+00   1.00000000e+00   9.06398831e-02   9.53056170e-05   8.34150903e-01   1.60149720e+00
 3.55000000e+00   0.00000000e+00   1.00000000e+00   9.35605074e-02   2.79282270e-05   8.40431397e-01   1.59917988e+00
 3.56000000e+00   0.00000000e+00   1.00000000e+00   9.64255168e-02  -2.54024716e-05   8.47423186e-01   1.59710183e+00
 3.57000000e+00   0.00000000e+00   1.00000000e+00   9.91952041e-02  -4.72300298e-05   8.54490329e-01   1.59590871e+00
 3.58000000e+00   0.00000000e+00   1.00000000e+00   1.01849600e-01  -3.05164688e-05   8.61012840e-01   1.59589444e+00
 3.59000000e+00   0.00000000e+00   1.00000000e+00   1.04391395e-01   1.89976227e-05   8.66445442e-01   1.59697857e+00
 3.60000000e+00   0.00000000e+00   1.00000000e+00   1.06853879e-01   8.47536796e-05   8.70364658e-01   1.59870978e+00
 3.61000000e+00   0.00000000e+00   1.00000000e+00   1.09307369e-01   1.44905205e-04   8.72714222e-01   1.60040213e+00
 3.62000000e+00   0.00000000e+00   1.00000000e+00   1.11850964e-01   1.79493836e-04   8.74110227e-01   1.60142727e+00
 3.63000000e+00   0.00000000e+00   1.00000000e+00   1.14583240e-01   1.76968567e-04   8.75849418e-01   1.60135311e+00
 3.64000000e+00   0.00000000e+00   1.00000000e+00   1.17561135e-01   1.37998306e-04   8.79602106e-01   1.60014086e+00
 3.65000000e+00   0.00000000e+00   1.00000000e+00   1.20769079e-01   7.52856020e-05   8.86712588e-01   1.59802557e+00
 3.66000000e+00   0.00000000e+00   1.00000000e+00   1.24119444e-01   9.35673121e-06   8.97476466e-01   1.59565284e+00
 3.67000000e+00   0.00000000e+00   1.00000000e+00   1.27487953e-01  -3.82639965e-05   9.10941095e-01   1.59352950e+00
 3.68000000e+00   0.00000000e+00   1.00000000e+00   1.30764643e-01  -5.21562346e-05   9.25541171e-01   1.59226435e+00
 3.69000000e+00   0.00000000e+00   1.00000000e+00   1.33890408e-01  -2.80309133e-05   9.39618855e-01   1.59208097e+00
 3.70000000e+00   0.00000000e+00   1.00000000e+00   1.36861208e-01   2.58955631e-05   9.52240400e-01   1.59293930e+00
 3.71000000e+00   0.00000000e+00   1.00000000e+00   1.39706559e-01   9.15898335e-05   9.63264316e-01   1.59445682e+00
 3.72000000e+00   0.00000000e+00   1.00000000e+00   1.42463882e-01   1.47126791e-04   9.73034785e-01   1.59604530e+00
 3.73000000e+00   0.00000000e+00   1.00000000e+00   1.45164188e-01   1.73955779e-04   9.82048703e-01   1.59712997e+00
 3.74000000e+00   0.00000000e+00   1.00000000e+00   1.47827195e-01   1.63066155e-04   9.90865516e-01   1.59735131e+00
 3.75000000e+00   0.00000000e+00   1.00000000e+00   1.50454786e-01   1.17936231e-04   1.00011815e+00   1.59673887e+00
 3.76000000e+00   0.00000000e+00   1.00000000e+00   1.53018773e-01   5.33145498e-05   1.01041669e+00   1.59574918e+00
 3.77000000e+00   0.00000000e+00   1.00000000e+00   1.55452468e-01  -9.65190203e-06   1.02190460e+00   1.59498373e+00
 3.78000000e+00   0.00000000e+00   1.00000000e+00   1.57660170e-01  -5.03435856e-05   1.03390975e+00   1.59501903e+00
 3.79000000e+00   0.00000000e+00   1.00000000e+00   1.59548794e-01  -5.54720608e-05   1.04489912e+00   1.59615466e+00
 3.80000000e+00   0.00000000e+00   1.00000000e+00   1.61069180e-01  -2.34986685e-05   1.05307935e+00   1.59842210e+00
 3.81000000e+00   0.00000000e+00   1.00000000e+00   1.62244069e-01   3.48780323e-05   1.05725234e+00   1.60156698e+00
 3.82000000e+00   0.00000000e+00   1.00000000e+00   1.63164259e-01   1.00301751e-04   1.05745415e+00   1.60513077e+00
 3.83000000e+00   0.00000000e+00   1.00000000e+00   1.63952754e-01   1.51157551e-04   1.05494122e+00   1.60857229e+00
 3.84000000e+00   0.00000000e+00   1.00000000e+00   1.64716923e-01   1.70671847e-04   1.05156360e+00   1.61140049e+00
 3.85000000e+00   0.00000000e+00   1.00000000e+00   1.65515524e-01   1.52418732e-04   1.04894416e+00   1.61329394e+00
 3.86000000e+00   0.00000000e+00   1.00000000e+00   1.66354847e-01   1.02440154e-04   1.04798156e+00   1.61423735e+00
 3.87000000e+00   0.00000000e+00   1.00000000e+00   1.67206716e-01   3.72625808e-05   1.04885387e+00   1.61456353e+00
 3.88000000e+00   0.00000000e+00   1.00000000e+00   1.68029475e-01  -2.15772120e-05   1.05129340e+00   1.61484690e+00
 3.89000000e+00   0.00000000e+00   1.00000000e+00   1.68779885e-01  -5.46824928e-05   1.05482234e+00   1.61568024e+00
 3.90000000e+00   0.00000000e+00   1.00000000e+00   1.69419328e-01  -5.12004826e-05   1.05876769e+00   1.61742859e+00
 3.91000000e+00   0.00000000e+00   1.00000000e+00   1.69924310e-01  -1.23585359e-05   1.06226008e+00   1.62006440e+00
 3.92000000e+00   0.00000000e+00   1.00000000e+00   1.70302604e-01   4.89718217e-05   1.06448826e+00   1.62323589e+00
 3.93000000e+00   0.00000000e+00   1.00000000e+00   1.70603210e-01   1.12508303e-04   1.06515389e+00   1.62637904e+00
 3.94000000e+00   0.00000000e+00   1.00000000e+00   1.70905759e-01   1.57249589e-04   1.06482030e+00   1.62893222e+00
 3.95000000e+00   0.00000000e+00   1.00000000e+00   1.71287303e-01   1.68434368e-04   1.06486910e+00   1.63055754e+00
 3.96000000e+00   0.00000000e+00   1.00000000e+00   1.71781459e-01   1.42409089e-04   1.06687920e+00   1.63119695e+00
 3.97000000e+00   0.00000000e+00   1.00000000e+00   1.72353272e-01   8.77827566e-05   1.07184371e+00   1.63109683e+00
 3.98000000e+00   0.00000000e+00   1.00000000e+00   1.72905797e-01   2.25587047e-05   1.07961720e+00   1.63072503e+00
 3.99000000e+00   0.00000000e+00   1.00000000e+00   1.73315609e-01  -3.17853087e-05   1.08894452e+00   1.63066790e+00
 4.00000000e+00   0.00000000e+00   1.00000000e+00   1.73477096e-01  -5.73583707e-05   1.09802471e+00   1.63146306e+00
 4.01000000e+00   0.00000000e+00   1.00000000e+00   1.73331819e-01  -4.57616555e-05   1.10521983e+00   1.63340014e+00
 4.02000000e+00   0.00000000e+00   1.00000000e+00   1.72872053e-01  -8.76385163e-07   1.10957798e+00   1.63647235e+00
 4.03000000e+00   0.00000000e+00   1.00000000e+00   1.72126087e-01   6.24420597e-05   1.11084495e+00   1.64032564e+00
 4.04000000e+00   0.00000000e+00   1.00000000e+00   1.71141365e-01   1.23308421e-04   1.10925211e+00   1.64439721e+00
 4.05000000e+00   0.00000000e+00   1.00000000e+00   1.69974197e-01   1.61719578e-04   1.10534537e+00   1.64808833e+00
 4.06000000e+00   0.00000000e+00   1.00000000e+00   1.68681533e-01   1.65139480e-04   1.09997104e+00   1.65099602e+00
 4.07000000e+00   0.00000000e+00   1.00000000e+00   1.67306451e-01   1.32603774e-04   1.09421863e+00   1.65306149e+00
 4.08000000e+00   0.00000000e+00   1.00000000e+00   1.65858695e-01   7.50219407e-05   1.08910789e+00   1.65458309e+00
 4.09000000e+00   0.00000000e+00   1.00000000e+00   1.64303757e-01   1.15640935e-05   1.08510379e+00   1.65610379e+00
 4.10000000e+00   0.00000000e+00   1.00000000e+00   1.62574514e-01  -3.66772804e-05   1.08174248e+00   1.65817469e+00
 4.11000000e+00   0.00000000e+00   1.00000000e+00   1.60605550e-01  -5.36467335e-05   1.07774562e+00   1.66115138e+00
 4.12000000e+00   0.00000000e+00   1.00000000e+00   1.58373208e-01  -3.36112318e-05   1.07165652e+00   1.66506379e+00
 4.13000000e+00   0.00000000e+00   1.00000000e+00   1.55918144e-01   1.69702616e-05   1.06272599e+00   1.66968515e+00
 4.14000000e+00   0.00000000e+00   1.00000000e+00   1.53336873e-01   8.15906961e-05   1.05126572e+00   1.67457783e+00
 4.15000000e+00   0.00000000e+00   1.00000000e+00   1.50747470e-01   1.39131935e-04   1.03854334e+00   1.67919992e+00
 4.16000000e+00   0.00000000e+00   1.00000000e+00   1.48249238e-01   1.70821415e-04   1.02599957e+00   1.68288466e+00
 4.17000000e+00   0.00000000e+00   1.00000000e+00   1.45896966e-01   1.66434963e-04   1.01502593e+00   1.68536429e+00
 4.18000000e+00   0.00000000e+00   1.00000000e+00   1.43697641e-01   1.27677921e-04   1.00637917e+00   1.68658435e+00
 4.19000000e+00   0.00000000e+00   1.00000000e+00   1.41622033e-01   6.75903936e-05   1.00025269e+00   1.68688271e+00
 4.20000000e+00   0.00000000e+00   1.00000000e+00   1.39617971e-01   6.20010672e-06   9.96467939e-01   1.68690642e+00
 4.21000000e+00   0.00000000e+00   1.00000000e+00   1.37619668e-01  -3.60927293e-05   9.94470275e-01   1.68737348e+00
 4.22000000e+00   0.00000000e+00   1.00000000e+00   1.35558289e-01  -4.52242318e-05   9.93385225e-01   1.68861983e+00
 4.23000000e+00   0.00000000e+00   1.00000000e+00   1.33380250e-01  -1.80757569e-05   9.92079361e-01   1.69083488e+00
 4.24000000e+00   0.00000000e+00   1.00000000e+00   1.31069346e-01   3.65230167e-05   9.89433796e-01   1.69375253e+00
 4.25000000e+00   0.00000000e+00   1.00000000e+00   1.28657934e-01   1.00715155e-04   9.84913910e-01   1.69683908e+00
 4.26000000e+00   0.00000000e+00   1.00000000e+00   1.26214250e-01   1.53445904e-04   9.78881977e-01   1.69955008e+00
 4.27000000e+00   0.00000000e+00   1.00000000e+00   1.23806981e-01   1.77502791e-04   9.72431080e-01   1.70145063e+00
 4.28000000e+00   0.00000000e+00   1.00000000e+00   1.21466210e-01   1.65141768e-04   9.66821340e-01   1.70240793e+00
 4.29000000e+00   0.00000000e+00   1.00000000e+00   1.19163201e-01   1.20652635e-04   9.62799057e-01   1.70256710e+00
 4.30000000e+00   0.00000000e+00   1.00000000e+00   1.16819704e-01   5.89102498e-05   9.60270618e-01   1.70241286e+00
 4.31000000e+00   0.00000000e+00   1.00000000e+00   1.14340203e-01   4.79087377e-07   9.58338238e-01   1.70256351e+00
 4.32000000e+00   0.00000000e+00   1.00000000e+00   1.11648034e-01  -3.50977883e-05   9.55711577e-01   1.70353878e+00
 4.33000000e+00   0.00000000e+00   1.00000000e+00   1.08707635e-01  -3.59377400e-05   9.51301103e-01   1.70566239e+00
 4.34000000e+00   0.00000000e+00   1.00000000e+00   1.05527600e-01  -1.73751393e-06   9.44500188e-01   1.70893424e+00
 4.35000000e+00   0.00000000e+00   1.00000000e+00   1.02152095e-01   5.63631002e-05   9.35171455e-01   1.71296366e+00
 4.36000000e+00   0.00000000e+00   1.00000000e+00   9.86508083e-02   1.19463780e-04   9.23578057e-01   1.71712834e+00
 4.37000000e+00   0.00000000e+00   1.00000000e+00   9.51101551e-02   1.67039812e-04   9.10347157e-01   1.72074031e+00
 4.38000000e+00   0.00000000e+00   1.00000000e+00   9.16202520e-02   1.83679572e-04   8.96415296e-01   1.72328707e+00
 4.39000000e+00   0.00000000e+00   1.00000000e+00   8.82532406e-02   1.64211592e-04   8.82936727e-01   1.72457473e+00
 4.40000000e+00   0.00000000e+00   1.00000000e+00   8.50392993e-02   1.15423608e-04   8.70976301e-01   1.72480624e+00
 4.41000000e+00   0.00000000e+00   1.00000000e+00   8.19558497e-02   5.38158558e-05   8.61102553e-01   1.72449067e+00
 4.42000000e+00   0.00000000e+00   1.00000000e+00   7.89419222e-02   6.55357463e-08   8.53100768e-01   1.72423037e+00
 4.43000000e+00   0.00000000e+00   1.00000000e+00   7.59338971e-02  -2.78938563e-05   8.46085487e-01   1.72451668e+00
 4.44000000e+00   0.00000000e+00   1.00000000e+00   7.29034619e-02  -2.07092298e-05   8.38948567e-01   1.72554773e+00
 4.45000000e+00   0.00000000e+00   1.00000000e+00   6.98763204e-02   1.94248474e-05   8.30940730e-01   1.72719884e+00
 4.46000000e+00   0.00000000e+00   1.00000000e+00   6.69226091e-02   7.94675270e-05   8.21983631e-01   1.72904154e+00
 4.47000000e+00   0.00000000e+00   1.00000000e+00   6.41273147e-02   1.39815690e-04   8.12631178e-01   1.73051690e+00
 4.48000000e+00   0.00000000e+00   1.00000000e+00   6.15585670e-02   1.80799045e-04   8.03750121e-01   1.73110046e+00
 4.49000000e+00   0.00000000e+00   1.00000000e+00   5.92484501e-02   1.89137647e-04   7.96158138e-01   1.73041899e+00
 4.50000000e+00   0.00000000e+00   1.00000000e+00   5.71896549e-02   1.62293680e-04   7.90420727e-01   1.72844787e+00
 4.51000000e+00   0.00000000e+00   1.00000000e+00   5.53411848e-02   1.09280477e-04   7.86785391e-01   1.72557725e+00
 4.52000000e+00   0.00000000e+00   1.00000000e+00   5.36355445e-02   4.76889153e-05   7.85168894e-01   1.72243581e+00
 4.53000000e+00   0.00000000e+00   1.00000000e+00   5.19871328e-02  -2.08033412e-06   7.85139772e-01   1.71972650e+00
 4.54000000e+00   0.00000000e+00   1.00000000e+00   5.03074539e-02  -2.35370885e-05   7.85877180e-01   1.71797452e+00
 4.55000000e+00   0.00000000e+00   1.00000000e+00   4.85294522e-02  -9.54800052e-06   7.86269772e-01   1.71736112e+00
 4.56000000e+00   0.00000000e+00   1.00000000e+00   4.66324214e-02   3.53093402e-05   7.85242746e-01   1.71769464e+00
 4.57000000e+00   0.00000000e+00   1.00000000e+00   4.46516729e-02   9.62851653e-05   7.82195972e-01   1.71848566e+00
 4.58000000e+00   0.00000000e+00   1.00000000e+00   4.26625959e-02   1.53361403e-04   7.77283862e-01   1.71916364e+00
 4.59000000e+00   0.00000000e+00   1.00000000e+00   4.07445329e-02   1.87852428e-04   7.71324926e-01   1.71920789e+00
 4.60000000e+00   0.00000000e+00   1.00000000e+00   3.89439011e-02   1.88535191e-04   7.65391306e-01   1.71832741e+00
 4.61000000e+00   0.00000000e+00   1.00000000e+00   3.72567050e-02   1.55353569e-04   7.60317205e-01   1.71655295e+00
 4.62000000e+00   0.00000000e+00   1.00000000e+00   3.56376057e-02   9.94485385e-05   7.56356618e-01   1.71421365e+00
 4.63000000e+00   0.00000000e+00   1.00000000e+00   3.40265259e-02   3.94279373e-05   7.53196181e-01   1.71185214e+00
 4.64000000e+00   0.00000000e+00   1.00000000e+00   3.23762014e-02  -4.79961339e-06   7.50197812e-01   1.71001196e+00
 4.65000000e+00   0.00000000e+00   1.00000000e+00   3.06686836e-02  -1.85400231e-05   7.46707815e-01   1.70903960e+00
 4.66000000e+00   0.00000000e+00   1.00000000e+00   2.89193458e-02   2.87101822e-06   7.42248761e-01   1.70896852e+00
 4.67000000e+00   0.00000000e+00   1.00000000e+00   2.71742305e-02   5.25195857e-05   7.36585106e-01   1.70950412e+00
 4.68000000e+00   0.00000000e+00   1.00000000e+00   2.55055632e-02   1.14167796e-04   7.29742170e-01   1.71009576e+00
 4.69000000e+00   0.00000000e+00   1.00000000e+00   2.40036935e-02   1.67582962e-04   7.22037317e-01   1.71011399e+00
 4.70000000e+00   0.00000000e+00   1.00000000e+00   2.27600868e-02   1.95233960e-04   7.14134404e-01   1.70906431e+00
 4.71000000e+00   0.00000000e+00   1.00000000e+00   2.18411648e-02   1.88127498e-04   7.06985654e-01   1.70670994e+00
 4.72000000e+00   0.00000000e+00   1.00000000e+00   2.12632325e-02   1.48754911e-04   7.01583710e-01   1.70321321e+00
 4.73000000e+00   0.00000000e+00   1.00000000e+00   2.09842819e-02   9.01890011e-05   6.98580328e-01   1.69902799e+00
 4.74000000e+00   0.00000000e+00   1.00000000e+00   2.09215588e-02   3.17493184e-05   6.97952516e-01   1.69475273e+00
 4.75000000e+00   0.00000000e+00   1.00000000e+00   2.09879137e-02  -7.31871388e-06   6.98986454e-01   1.69093483e+00
 4.76000000e+00   0.00000000e+00   1.00000000e+00   2.11274542e-02  -1.41921030e-05   7.00624358e-01   1.68790807e+00
 4.77000000e+00   0.00000000e+00   1.00000000e+00   2.13319752e-02   1.32852975e-05   7.01962127e-01   1.68570609e+00
 4.78000000e+00   0.00000000e+00   1.00000000e+00   2.16327901e-02   6.59188256e-05   7.02593199e-01   1.68407757e+00
 4.79000000e+00   0.00000000e+00   1.00000000e+00   2.20772343e-02   1.26213356e-04   7.02652446e-01   1.68256997e+00
 4.80000000e+00   0.00000000e+00   1.00000000e+00   2.27048020e-02   1.74161390e-04   7.02618366e-01   1.68066664e+00
 4.81000000e+00   0.00000000e+00   1.00000000e+00   2.35326094e-02   1.93849285e-04   7.03070316e-01   1.67798512e+00
 4.82000000e+00   0.00000000e+00   1.00000000e+00   2.45502836e-02   1.78689110e-04   7.04505678e-01   1.67441538e+00
 4.83000000e+00   0.00000000e+00   1.00000000e+00   2.57193970e-02   1.33584402e-04   7.07259183e-01   1.67022078e+00
 4.84000000e+00   0.00000000e+00   1.00000000e+00   2.69752256e-02   7.33101887e-05   7.11395266e-01   1.66588669e+00
 4.85000000e+00   0.00000000e+00   1.00000000e+00   2.82343838e-02   1.76348869e-05   7.16615375e-01   1.66198937e+00
 4.86000000e+00   0.00000000e+00   1.00000000e+00   2.94131961e-02  -1.52194071e-05   7.22183815e-01   1.65898341e+00
 4.87000000e+00   0.00000000e+00   1.00000000e+00   3.04550302e-02  -1.45867263e-05   7.27052258e-01   1.65706075e+00
 4.88000000e+00   0.00000000e+00   1.00000000e+00   3.13548640e-02   1.91620984e-05   7.30218022e-01   1.65610443e+00
 4.89000000e+00   0.00000000e+00   1.00000000e+00   3.21656758e-02   7.47671162e-05   7.31158103e-01   1.65574571e+00
 4.90000000e+00   0.00000000e+00   1.00000000e+00   3.29794575e-02   1.33789241e-04   7.30079442e-01   1.65547745e+00
 4.91000000e+00   0.00000000e+00   1.00000000e+00   3.38910659e-02   1.76687177e-04   7.27829360e-01   1.65479970e+00
 4.92000000e+00   0.00000000e+00   1.00000000e+00   3.49639903e-02   1.89265455e-04   7.25517933e-01   1.65335728e+00
 4.93000000e+00   0.00000000e+00   1.00000000e+00   3.62148881e-02   1.67348415e-04   7.24069343e-01   1.65104599e+00
 4.94000000e+00   0.00000000e+00   1.00000000e+00   3.76207381e-02   1.18141123e-04   7.23931610e-01   1.64805481e+00
 4.95000000e+00   0.00000000e+00   1.00000000e+00   3.91393526e-02   5.78338789e-05   7.25052119e-01   1.64480538e+00
 4.96000000e+00   0.00000000e+00   1.00000000e+00   4.07300488e-02   6.24186114e-06   7.27050997e-01   1.64179814e+00
 4.97000000e+00   0.00000000e+00   1.00000000e+00   4.23670308e-02  -1.97345436e-05   7.29429185e-01   1.63943115e+00
 4.98000000e+00   0.00000000e+00   1.00000000e+00   4.40461971e-02  -1.16731121e-05   7.31699989e-01   1.63781772e+00
 4.99000000e+00   0.00000000e+00   1.00000000e+00   4.57890091e-02   2.75941168e-05   7.33501021e-01   1.63681533e+00
 5.00000000e+00   0.00000000e+00   1.00000000e+00   4.76433542e-02   8.49198336e-05   7.34687918e-01   1.63603452e+00