  Time  Coordinate0  Coordinate1  Displacement0  Displacement1  Force0  Force1
 0.00000000e+00   0.00000000e+00   1.00000000e+00   0.00000000e+00   0.00000000e+00   0.00000000e+00   0.00000000e+00
 1.00000000e-02   0.00000000e+00   1.00000000e+00   5.51496290e-04   8.01962411e-07   1.83023272e+00   1.35588322e+01
 2.00000000e-02   0.00000000e+00   1.00000000e+00   1.77376424e-03   5.21447959e-05   1.93371076e+00   4.97654756e+00
 3.00000000e-02   0.00000000e+00   1.00000000e+00   3.24593944e-03   1.15132136e-04   1.77820944e+00   3.91895038e+00
 4.00000000e-02   0.00000000e+00   1.00000000e+00   4.86556101e-03   1.75110367e-04   1.65981882e+00   3.60290258e+00
 5.00000000e-02   0.00000000e+00   1.00000000e+00   6.56385100e-03   2.24033280e-04   1.57255764e+00   3.41167955e+00
 6.00000000e-02   0.00000000e+00   1.00000000e+00   8.23690714e-03   2.53712018e-04   1.50513772e+00   3.29125033e+00
 7.00000000e-02   0.00000000e+00   1.00000000e+00   9.91658876e-03   2.42188412e-04   1.44866013e+00   3.18831840e+00
 8.00000000e-02   0.00000000e+00   1.00000000e+00   1.19478375e-02   1.85364073e-04   1.39631709e+00   3.10078260e+00
 9.00000000e-02   0.00000000e+00   1.00000000e+00   1.49685833e-02   9.88474666e-05   1.34986871e+00   3.01857521e+00
 1.00000000e-01   0.00000000e+00   1.00000000e+00   1.92560864e-02   2.08863648e-05   1.32404099e+00   2.93911096e+00
 1.10000000e-01   0.00000000e+00   1.00000000e+00   2.42589527e-02  -1.81961230e-05   1.32798240e+00   2.86970488e+00
 1.20000000e-01   0.00000000e+00   1.00000000e+00   2.91900594e-02  -1.72105064e-05   1.34755330e+00   2.81160228e+00
 1.30000000e-01   0.00000000e+00   1.00000000e+00   3.39521956e-02   1.22914874e-05   1.36137001e+00   2.76624571e+00
 1.40000000e-01   0.00000000e+00   1.00000000e+00   3.88808294e-02   6.64258877e-05   1.37014557e+00   2.73036728e+00
 1.50000000e-01   0.00000000e+00   1.00000000e+00   4.38666828e-02   1.43418807e-04   1.38584368e+00   2.70267093e+00
 1.60000000e-01   0.00000000e+00   1.00000000e+00   4.85431914e-02   2.08042643e-04   1.40526014e+00   2.67766633e+00
 1.70000000e-01   0.00000000e+00   1.00000000e+00   5.29421432e-02   2.20908239e-04   1.41694064e+00   2.65465188e+00
 1.80000000e-01   0.00000000e+00   1.00000000e+00   5.72582242e-02   1.84781877e-04   1.42307290e+00   2.62704656e+00
 1.90000000e-01   0.00000000e+00   1.00000000e+00   6.15155922e-02   1.26343804e-04   1.42813879e+00   2.59702680e+00
 2.00000000e-01   0.00000000e+00   1.00000000e+00   6.58116513e-02   5.87733149e-05   1.43145200e+00   2.56989511e+00
 2.10000000e-01   0.00000000e+00   1.00000000e+00   7.03152928e-02  -8.51262471e-06   1.43588638e+00   2.54843350e+00
 2.20000000e-01   0.00000000e+00   1.00000000e+00   7.50255648e-02  -5.18058251e-05   1.44648046e+00   2.52717453e+00
 2.30000000e-01   0.00000000e+00   1.00000000e+00   7.98132031e-02  -4.97466260e-05   1.46379564e+00   2.50568424e+00
 2.40000000e-01   0.00000000e+00   1.00000000e+00   8.43740035e-02   5.30187528e-07   1.48703165e+00   2.48790678e+00
 2.50000000e-01   0.00000000e+00   1.00000000e+00   8.82105371e-02   7.69213560e-05   1.51038654e+00   2.47515701e+00
 2.60000000e-01   0.00000000e+00   1.00000000e+00   9.11391446e-02   1.44494066e-04   1.52025789e+00   2.46629783e+00
 2.70000000e-01   0.00000000e+00   1.00000000e+00   9.36030458e-02   1.84543639e-04   1.51131392e+00   2.45977598e+00
 2.80000000e-01   0.00000000e+00   1.00000000e+00   9.62050490e-02   1.96488474e-04   1.49390821e+00   2.45276298e+00
 2.90000000e-01   0.00000000e+00   1.00000000e+00   9.91569438e-02   1.72972249e-04   1.48129259e+00   2.44270288e+00
 3.00000000e-01   0.00000000e+00   1.00000000e+00   1.02295604e-01   1.07444566e-04   1.47632440e+00   2.42752609e+00
 3.10000000e-01   0.00000000e+00   1.00000000e+00   1.05528177e-01   2.39241941e-05   1.47252243e+00   2.40821374e+00
 3.20000000e-01   0.00000000e+00   1.00000000e+00   1.09080762e-01  -3.77880006e-05   1.46674340e+00   2.38962907e+00
 3.30000000e-01   0.00000000e+00   1.00000000e+00   1.13171315e-01  -5.86842612e-05   1.46568962e+00   2.37527496e+00
 3.40000000e-01   0.00000000e+00   1.00000000e+00   1.17650127e-01  -4.20009486e-05   1.47638018e+00   2.36454184e+00
 3.50000000e-01   0.00000000e+00   1.00000000e+00   1.22188038e-01   4.53086721e-06   1.49543071e+00   2.35556890e+00
 3.60000000e-01   0.00000000e+00   1.00000000e+00   1.26619537e-01   7.22321584e-05   1.51479251e+00   2.34725776e+00
 3.70000000e-01   0.00000000e+00   1.00000000e+00   1.30900311e-01   1.43338265e-04   1.53137976e+00   2.33844983e+00
 3.80000000e-01   0.00000000e+00   1.00000000e+00   1.34941954e-01   1.89571512e-04   1.54467543e+00   2.32930663e+00
 3.90000000e-01   0.00000000e+00   1.00000000e+00   1.38778684e-01   1.88165967e-04   1.55146703e+00   2.32093155e+00
 4.00000000e-01   0.00000000e+00   1.00000000e+00   1.42772099e-01   1.41651969e-04   1.55122739e+00   2.31282028e+00
 4.10000000e-01   0.00000000e+00   1.00000000e+00   1.47335701e-01   7.41291284e-05   1.55264691e+00   2.30179568e+00
 4.20000000e-01   0.00000000e+00   1.00000000e+00   1.52487067e-01   7.25724211e-06   1.56675238e+00   2.28707150e+00
 4.30000000e-01   0.00000000e+00   1.00000000e+00   1.57834326e-01  -4.75946550e-05   1.59534908e+00   2.27118599e+00
 4.40000000e-01   0.00000000e+00   1.00000000e+00   1.62915820e-01  -7.43883635e-05   1.63041048e+00   2.25777300e+00
 4.50000000e-01   0.00000000e+00   1.00000000e+00   1.67496253e-01  -5.47164140e-05   1.66211957e+00   2.24818114e+00
 4.60000000e-01   0.00000000e+00   1.00000000e+00   1.71626151e-01   7.32084248e-06   1.68669525e+00   2.24383955e+00
 4.70000000e-01   0.00000000e+00   1.00000000e+00   1.75400197e-01   8.23505971e-05   1.70765952e+00   2.24412884e+00
 4.80000000e-01   0.00000000e+00   1.00000000e+00   1.78679319e-01   1.41433155e-04   1.72797503e+00   2.24498807e+00
 4.90000000e-01   0.00000000e+00   1.00000000e+00   1.81232312e-01   1.70949509e-04   1.74238826e+00   2.24283894e+00
 5.00000000e-01   0.00000000e+00   1.00000000e+00   1.83126482e-01   1.66095979e-04   1.74349657e+00   2.23883371e+00
 5.10000000e-01   0.00000000e+00   1.00000000e+00   1.84732053e-01   1.25013496e-04   1.73351402e+00   2.23600931e+00
 5.20000000e-01   0.00000000e+00   1.00000000e+00   1.86354213e-01   5.48769142e-05   1.72234848e+00   2.23445279e+00
 5.30000000e-01   0.00000000e+00   1.00000000e+00   1.88077141e-01  -2.02321265e-05   1.71646293e+00   2.23263287e+00
 5.40000000e-01   0.00000000e+00   1.00000000e+00   1.89894439e-01  -6.82032452e-05   1.71662832e+00   2.23025174e+00
 5.50000000e-01   0.00000000e+00   1.00000000e+00   1.91725293e-01  -7.21527292e-05   1.72298307e+00   2.22855728e+00
 5.60000000e-01   0.00000000e+00   1.00000000e+00   1.93307357e-01  -3.84912425e-05   1.73457264e+00   2.22812976e+00
 5.70000000e-01   0.00000000e+00   1.00000000e+00   1.94309007e-01   1.86816667e-05   1.74514662e+00   2.23006017e+00
 5.80000000e-01   0.00000000e+00   1.00000000e+00   1.94660318e-01   8.74019483e-05   1.74592806e+00   2.23594727e+00
 5.90000000e-01   0.00000000e+00   1.00000000e+00   1.94688684e-01   1.49223174e-04   1.73457627e+00   2.24528940e+00
 6.00000000e-01   0.00000000e+00   1.00000000e+00   1.94832290e-01   1.78169782e-04   1.71812801e+00   2.25402424e+00
 6.10000000e-01   0.00000000e+00   1.00000000e+00   1.95263749e-01   1.59644683e-04   1.70558999e+00   2.25781254e+00
 6.20000000e-01   0.00000000e+00   1.00000000e+00   1.95889785e-01   1.03530851e-04   1.69919514e+00   2.25627432e+00
 6.30000000e-01   0.00000000e+00   1.00000000e+00   1.96658370e-01   3.39416911e-05   1.69515794e+00   2.25167472e+00
 6.40000000e-01   0.00000000e+00   1.00000000e+00   1.97703952e-01  -2.77721872e-05   1.69222105e+00   2.24729999e+00
 6.50000000e-01   0.00000000e+00   1.00000000e+00   1.99164930e-01  -6.71540193e-05   1.69516840e+00   2.24443601e+00
 6.60000000e-01   0.00000000e+00   1.00000000e+00   2.00948901e-01  -7.18440966e-05   1.70941814e+00   2.24353293e+00
 6.70000000e-01   0.00000000e+00   1.00000000e+00   2.02715566e-01  -3.47345608e-05   1.73409524e+00   2.24350458e+00
 6.80000000e-01   0.00000000e+00   1.00000000e+00   2.04086078e-01   3.40989187e-05   1.76083824e+00   2.24331776e+00
 6.90000000e-01   0.00000000e+00   1.00000000e+00   2.04875308e-01   1.06540262e-04   1.78051006e+00   2.24406856e+00
 7.00000000e-01   0.00000000e+00   1.00000000e+00   2.05130072e-01   1.54844897e-04   1.78977267e+00   2.24689509e+00
 7.10000000e-01   0.00000000e+00   1.00000000e+00   2.05012832e-01   1.67527099e-04   1.79063781e+00   2.25069891e+00
 7.20000000e-01   0.00000000e+00   1.00000000e+00   2.04737764e-01   1.45202076e-04   1.78658399e+00   2.25392504e+00
 7.30000000e-01   0.00000000e+00   1.00000000e+00   2.04536540e-01   9.20601063e-05   1.78179514e+00   2.25452778e+00
 7.40000000e-01   0.00000000e+00   1.00000000e+00   2.04488874e-01   2.04681693e-05   1.78224626e+00   2.25203683e+00
 7.50000000e-01   0.00000000e+00   1.00000000e+00   2.04370581e-01  -4.42878583e-05   1.79113459e+00   2.24755367e+00
 7.60000000e-01   0.00000000e+00   1.00000000e+00   2.03821338e-01  -7.56558800e-05   1.80382948e+00   2.24441678e+00
 7.70000000e-01   0.00000000e+00   1.00000000e+00   2.02682782e-01  -6.32753945e-05   1.81234945e+00   2.24630251e+00
 7.80000000e-01   0.00000000e+00   1.00000000e+00   2.01049512e-01  -1.59647580e-05   1.81417951e+00   2.25395370e+00
 7.90000000e-01   0.00000000e+00   1.00000000e+00   1.98993987e-01   4.91431491e-05   1.81288161e+00   2.26493604e+00
 8.00000000e-01   0.00000000e+00   1.00000000e+00   1.96401100e-01   1.14887563e-04   1.80965671e+00   2.27580046e+00
 8.10000000e-01   0.00000000e+00   1.00000000e+00   1.93144913e-01   1.62703992e-04   1.79998779e+00   2.28617947e+00
 8.20000000e-01   0.00000000e+00   1.00000000e+00   1.89345769e-01   1.73718732e-04   1.77878170e+00   2.29641143e+00
 8.30000000e-01   0.00000000e+00   1.00000000e+00   1.85378670e-01   1.40798383e-04   1.74831973e+00   2.30614544e+00
 8.40000000e-01   0.00000000e+00   1.00000000e+00   1.81639397e-01   7.75834597e-05   1.71652469e+00   2.31447231e+00
 8.50000000e-01   0.00000000e+00   1.00000000e+00   1.78322154e-01   9.63176144e-06   1.69142418e+00   2.32039134e+00
 8.60000000e-01   0.00000000e+00   1.00000000e+00   1.75382205e-01  -4.16157652e-05   1.67639172e+00   2.32398151e+00
 8.70000000e-01   0.00000000e+00   1.00000000e+00   1.72630294e-01  -6.34722803e-05   1.66996988e+00   2.32613476e+00
 8.80000000e-01   0.00000000e+00   1.00000000e+00   1.69832642e-01  -4.84833723e-05   1.66842888e+00   2.32914394e+00
 8.90000000e-01   0.00000000e+00   1.00000000e+00   1.66797689e-01   2.81907745e-06   1.66736252e+00   2.33586517e+00
 9.00000000e-01   0.00000000e+00   1.00000000e+00   1.63479128e-01   7.49048111e-05   1.66235958e+00   2.34655127e+00
 9.10000000e-01   0.00000000e+00   1.00000000e+00   1.60027469e-01   1.40686621e-04   1.65131088e+00   2.35883623e+00
 9.20000000e-01   0.00000000e+00   1.00000000e+00   1.56684922e-01   1.76624306e-04   1.63644961e+00   2.36807588e+00
 9.30000000e-01   0.00000000e+00   1.00000000e+00   1.53583117e-01   1.73910001e-04   1.62277956e+00   2.37202696e+00
 9.40000000e-01   0.00000000e+00   1.00000000e+00   1.50673199e-01   1.36573618e-04   1.61298163e+00   2.37084143e+00
 9.50000000e-01   0.00000000e+00   1.00000000e+00   1.47889654e-01   7.53668307e-05   1.60531599e+00   2.36703904e+00
 9.60000000e-01   0.00000000e+00   1.00000000e+00   1.45315671e-01   7.33330010e-06   1.59801848e+00   2.36334256e+00
 9.70000000e-01   0.00000000e+00   1.00000000e+00   1.43074828e-01  -4.41058981e-05   1.59431602e+00   2.36020305e+00
 9.80000000e-01   0.00000000e+00   1.00000000e+00   1.41065209e-01  -5.83630717e-05   1.59958599e+00   2.35824291e+00
 9.90000000e-01   0.00000000e+00   1.00000000e+00   1.38909781e-01  -3.06131492e-05   1.61371859e+00   2.35821544e+00
 1.00000000e+00   0.00000000e+00   1.00000000e+00   1.36208870e-01   2.66509287e-05   1.62872309e+00   2.36100821e+00
 1.01000000e+00   0.00000000e+00   1.00000000e+00   1.32794703e-01   9.37683586e-05   1.63562535e+00   2.36704202e+00
 1.02000000e+00   0.00000000e+00   1.00000000e+00   1.28757262e-01   1.51856616e-04   1.63109765e+00   2.37591535e+00
 1.03000000e+00   0.00000000e+00   1.00000000e+00   1.24323088e-01   1.83794392e-04   1.61714456e+00   2.38622462e+00
 1.04000000e+00   0.00000000e+00   1.00000000e+00   1.19743894e-01   1.77036875e-04   1.59776581e+00   2.39544473e+00
 1.05000000e+00   0.00000000e+00   1.00000000e+00   1.15216001e-01   1.31880872e-04   1.57717818e+00   2.40071041e+00
 1.06000000e+00   0.00000000e+00   1.00000000e+00   1.10806232e-01   6.52061430e-05   1.55909322e+00   2.40124105e+00
 1.07000000e+00   0.00000000e+00   1.00000000e+00   1.06432441e-01   2.06254178e-06   1.54528431e+00   2.40034550e+00
 1.08000000e+00   0.00000000e+00   1.00000000e+00   1.01951662e-01  -3.71217267e-05   1.53469605e+00   2.40200444e+00
 1.09000000e+00   0.00000000e+00   1.00000000e+00   9.72946295e-02  -4.18974258e-05   1.52422467e+00   2.40863311e+00
 1.10000000e+00   0.00000000e+00   1.00000000e+00   9.25012988e-02  -1.03026025e-05   1.51219762e+00   2.41897528e+00
 1.11000000e+00   0.00000000e+00   1.00000000e+00   8.76100121e-02   5.05342824e-05   1.49944702e+00   2.43099929e+00
 1.12000000e+00   0.00000000e+00   1.00000000e+00   8.25549395e-02   1.21691061e-04   1.48696476e+00   2.44301550e+00
 1.13000000e+00   0.00000000e+00   1.00000000e+00   7.72519343e-02   1.77547830e-04   1.47263908e+00   2.45416169e+00
 1.14000000e+00   0.00000000e+00   1.00000000e+00   7.18067717e-02   1.98893685e-04   1.45241991e+00   2.46320827e+00
 1.15000000e+00   0.00000000e+00   1.00000000e+00   6.65746928e-02   1.81374342e-04   1.42520198e+00   2.46883879e+00
 1.16000000e+00   0.00000000e+00   1.00000000e+00   6.19520900e-02   1.33118546e-04   1.39566691e+00   2.46970987e+00
 1.17000000e+00   0.00000000e+00   1.00000000e+00   5.81089176e-02   6.88988425e-05   1.37148866e+00   2.46594266e+00
 1.18000000e+00   0.00000000e+00   1.00000000e+00   5.49280545e-02   7.99166475e-06   1.35752934e+00   2.45893166e+00
 1.19000000e+00   0.00000000e+00   1.00000000e+00   5.21510686e-02  -2.85038719e-05   1.35310954e+00   2.45127573e+00
 1.20000000e+00   0.00000000e+00   1.00000000e+00   4.95322307e-02  -2.61773841e-05   1.35433921e+00   2.44588263e+00
 1.21000000e+00   0.00000000e+00   1.00000000e+00   4.68998795e-02   1.41463663e-05   1.35735979e+00   2.44481505e+00
 1.22000000e+00   0.00000000e+00   1.00000000e+00   4.41800995e-02   7.70487555e-05   1.35914365e+00   2.44800464e+00
 1.23000000e+00   0.00000000e+00   1.00000000e+00   4.14084344e-02   1.41427668e-04   1.35782157e+00   2.45231402e+00
 1.24000000e+00   0.00000000e+00   1.00000000e+00   3.86774000e-02   1.88287663e-04   1.35354610e+00   2.45390971e+00
 1.25000000e+00   0.00000000e+00   1.00000000e+00   3.60399153e-02   2.03306885e-04   1.34811110e+00   2.45108285e+00
 1.26000000e+00   0.00000000e+00   1.00000000e+00   3.34871771e-02   1.79812124e-04   1.34273131e+00   2.44476905e+00
 1.27000000e+00   0.00000000e+00   1.00000000e+00   3.10344309e-02   1.24218748e-04   1.33680586e+00   2.43687235e+00
 1.28000000e+00   0.00000000e+00   1.00000000e+00   2.87797233e-02   5.64394645e-05   1.32988135e+00   2.42877008e+00
 1.29000000e+00   0.00000000e+00   1.00000000e+00   2.68111114e-02   7.93887025e-07   1.32426299e+00   2.42121532e+00
 1.30000000e+00   0.00000000e+00   1.00000000e+00   2.50379373e-02  -2.51396174e-05   1.32408085e+00   2.41539266e+00
 1.31000000e+00   0.00000000e+00   1.00000000e+00   2.31529842e-02  -1.47235323e-05   1.33078605e+00   2.41288126e+00
 1.32000000e+00   0.00000000e+00   1.00000000e+00   2.08132766e-02   2.89523271e-05   1.34010369e+00   2.41444133e+00
 1.33000000e+00   0.00000000e+00   1.00000000e+00   1.78837533e-02   9.35748221e-05   1.34470567e+00   2.41976292e+00
 1.34000000e+00   0.00000000e+00   1.00000000e+00   1.45123648e-02   1.58435071e-04   1.34001598e+00   2.42741475e+00
 1.35000000e+00   0.00000000e+00   1.00000000e+00   1.09948160e-02   2.00797735e-04   1.32683949e+00   2.43489394e+00
 1.36000000e+00   0.00000000e+00   1.00000000e+00   7.59843104e-03   2.06272830e-04   1.30923961e+00   2.43898400e+00
 1.37000000e+00   0.00000000e+00   1.00000000e+00   4.49168325e-03   1.74925470e-04   1.29101105e+00   2.43779092e+00
 1.38000000e+00   0.00000000e+00   1.00000000e+00   1.75672685e-03   1.18580029e-04   1.27437672e+00   2.43165156e+00
 1.39000000e+00   0.00000000e+00   1.00000000e+00  -5.93268212e-04   5.48881355e-05   1.26043881e+00   2.42347120e+00
 1.40000000e+00   0.00000000e+00   1.00000000e+00  -2.59282773e-03   3.62066563e-06   1.24956105e+00   2.41686429e+00
 1.41000000e+00   0.00000000e+00   1.00000000e+00  -4.28055374e-03  -1.73365849e-05   1.24128269e+00   2.41352593e+00
 1.42000000e+00   0.00000000e+00   1.00000000e+00  -5.68199653e-03   7.35099259e-07   1.23505706e+00   2.41275203e+00
 1.43000000e+00   0.00000000e+00   1.00000000e+00  -6.85511415e-03   5.17005537e-05   1.23111216e+00   2.41308825e+00
 1.44000000e+00   0.00000000e+00   1.00000000e+00  -7.91915418e-03   1.17182802e-04   1.22958735e+00   2.41329240e+00
 1.45000000e+00   0.00000000e+00   1.00000000e+00  -8.96735217e-03   1.75466312e-04   1.22827364e+00   2.41268169e+00
 1.46000000e+00   0.00000000e+00   1.00000000e+00  -9.92016805e-03   2.08920919e-04   1.22308801e+00   2.41021802e+00
 1.47000000e+00   0.00000000e+00   1.00000000e+00  -1.05008804e-02   2.07168301e-04   1.21177379e+00   2.40446479e+00
 1.48000000e+00   0.00000000e+00   1.00000000e+00  -1.04081466e-02   1.69416517e-04   1.19724936e+00   2.39432580e+00
 1.49000000e+00   0.00000000e+00   1.00000000e+00  -9.53781712e-03   1.06984781e-04   1.18638482e+00   2.38028742e+00
 1.50000000e+00   0.00000000e+00   1.00000000e+00  -8.04886312e-03   4.12427041e-05   1.18468980e+00   2.36443578e+00
 1.51000000e+00   0.00000000e+00   1.00000000e+00  -6.23803817e-03  -5.20601444e-06   1.19226178e+00   2.34973645e+00
 1.52000000e+00   0.00000000e+00   1.00000000e+00  -4.36907543e-03  -1.80442781e-05   1.20503318e+00   2.33864459e+00
 1.53000000e+00   0.00000000e+00   1.00000000e+00  -2.59820822e-03   5.24838775e-06   1.21876464e+00   2.33245310e+00
 1.54000000e+00   0.00000000e+00   1.00000000e+00  -9.98075606e-04   5.69917444e-05   1.23120198e+00   2.33057347e+00
 1.55000000e+00   0.00000000e+00   1.00000000e+00   4.03633943e-04   1.21323986e-04   1.24143562e+00   2.33053686e+00
 1.56000000e+00   0.00000000e+00   1.00000000e+00   1.61379362e-03   1.76955694e-04   1.24877855e+00   2.32940077e+00
 1.57000000e+00   0.00000000e+00   1.00000000e+00   2.67312923e-03   2.04006978e-04   1.25271185e+00   2.32569764e+00
 1.58000000e+00   0.00000000e+00   1.00000000e+00   3.65559995e-03   1.92853035e-04   1.25319911e+00   2.31953626e+00
 1.59000000e+00   0.00000000e+00   1.00000000e+00   4.67808951e-03   1.48157334e-04   1.25056639e+00   2.31205395e+00
 1.60000000e+00   0.00000000e+00   1.00000000e+00   5.89035744e-03   8.54269270e-05   1.24595844e+00   2.30440050e+00
 1.61000000e+00   0.00000000e+00   1.00000000e+00   7.39308323e-03   2.44154969e-05   1.24224598e+00   2.29702940e+00
 1.62000000e+00   0.00000000e+00   1.00000000e+00   9.12182654e-03  -1.59261364e-05   1.24320658e+00   2.29073615e+00
 1.63000000e+00   0.00000000e+00   1.00000000e+00   1.08335776e-02  -2.19045273e-05   1.25028124e+00   2.28672543e+00
 1.64000000e+00   0.00000000e+00   1.00000000e+00   1.22630172e-02   9.48845367e-06   1.26003190e+00   2.28605788e+00
 1.65000000e+00   0.00000000e+00   1.00000000e+00   1.33259297e-02   6.76452007e-05   1.26630275e+00   2.28864076e+00
 1.66000000e+00   0.00000000e+00   1.00000000e+00   1.41802852e-02   1.32217225e-04   1.26505867e+00   2.29294960e+00
 1.67000000e+00   0.00000000e+00   1.00000000e+00   1.51056786e-02   1.81789627e-04   1.25697339e+00   2.29643798e+00
 1.68000000e+00   0.00000000e+00   1.00000000e+00   1.63399814e-02   2.01073441e-04   1.24587935e+00   2.29646609e+00
 1.69000000e+00   0.00000000e+00   1.00000000e+00   1.80130755e-02   1.84082766e-04   1.23540334e+00   2.29171946e+00
 1.70000000e+00   0.00000000e+00   1.00000000e+00   2.01797540e-02   1.35398789e-04   1.22730618e+00   2.28272671e+00
 1.71000000e+00   0.00000000e+00   1.00000000e+00   2.28633072e-02   7.02122189e-05   1.22220828e+00   2.27170794e+00
 1.72000000e+00   0.00000000e+00   1.00000000e+00   2.60565740e-02   1.04554239e-05   1.22099433e+00   2.26143804e+00
 1.73000000e+00   0.00000000e+00   1.00000000e+00   2.96991619e-02  -2.35585479e-05   1.22484375e+00   2.25349098e+00
 1.74000000e+00   0.00000000e+00   1.00000000e+00   3.36650792e-02  -2.13215573e-05   1.23441716e+00   2.24794719e+00
 1.75000000e+00   0.00000000e+00   1.00000000e+00   3.77737794e-02   1.50870290e-05   1.24897739e+00   2.24394449e+00
 1.76000000e+00   0.00000000e+00   1.00000000e+00   4.18350246e-02   7.33376063e-05   1.26604159e+00   2.24061069e+00
 1.77000000e+00   0.00000000e+00   1.00000000e+00   4.57354214e-02   1.34717167e-04   1.28178212e+00   2.23746126e+00
 1.78000000e+00   0.00000000e+00   1.00000000e+00   4.95251878e-02   1.78736587e-04   1.29261227e+00   2.23421251e+00
 1.79000000e+00   0.00000000e+00   1.00000000e+00   5.34125317e-02   1.89671483e-04   1.29800121e+00   2.22977843e+00
 1.80000000e+00   0.00000000e+00   1.00000000e+00   5.76235757e-02   1.63158175e-04   1.30161976e+00   2.22309101e+00
 1.81000000e+00   0.00000000e+00   1.00000000e+00   6.22245931e-02   1.08240462e-04   1.30923418e+00   2.21376807e+00
 1.82000000e+00   0.00000000e+00   1.00000000e+00   6.70652768e-02   4.32235833e-05   1.32429131e+00   2.20321775e+00
 1.83000000e+00   0.00000000e+00   1.00000000e+00   7.18872230e-02  -1.13837340e-05   1.34542212e+00   2.19368940e+00
 1.84000000e+00   0.00000000e+00   1.00000000e+00   7.64771629e-02  -3.87401312e-05   1.36845755e+00   2.18727298e+00
 1.85000000e+00   0.00000000e+00   1.00000000e+00   8.07264779e-02  -2.99284928e-05   1.38989221e+00   2.18521343e+00
 1.86000000e+00   0.00000000e+00   1.00000000e+00   8.45902256e-02   1.25730071e-05   1.40838458e+00   2.18685690e+00
 1.87000000e+00   0.00000000e+00   1.00000000e+00   8.80410259e-02   7.43376422e-05   1.42317533e+00   2.19027265e+00
 1.88000000e+00   0.00000000e+00   1.00000000e+00   9.10795066e-02   1.33951093e-04   1.43311808e+00   2.19346832e+00
 1.89000000e+00   0.00000000e+00   1.00000000e+00   9.37750005e-02   1.71420346e-04   1.43702580e+00   2.19522856e+00
 1.90000000e+00   0.00000000e+00   1.00000000e+00   9.62828435e-02   1.74908613e-04   1.43501095e+00   2.19548307e+00
 1.91000000e+00   0.00000000e+00   1.00000000e+00   9.88160681e-02   1.43449822e-04   1.42907180e+00   2.19481886e+00
 1.92000000e+00   0.00000000e+00   1.00000000e+00   1.01576754e-01   8.68321632e-05   1.42277760e+00   2.19350699e+00
 1.93000000e+00   0.00000000e+00   1.00000000e+00   1.04665753e-01   2.32875811e-05   1.42027213e+00   2.19156761e+00
 1.94000000e+00   0.00000000e+00   1.00000000e+00   1.08017011e-01  -2.59573576e-05   1.42452245e+00   2.18929778e+00
 1.95000000e+00   0.00000000e+00   1.00000000e+00   1.11421935e-01  -4.43805455e-05   1.43517949e+00   2.18776376e+00
 1.96000000e+00   0.00000000e+00   1.00000000e+00   1.14660269e-01  -2.63528267e-05   1.44824735e+00   2.18819606e+00
 1.97000000e+00   0.00000000e+00   1.00000000e+00   1.17652312e-01   2.14994878e-05   1.45854263e+00   2.19112812e+00
 1.98000000e+00   0.00000000e+00   1.00000000e+00   1.20505801e-01   8.33542273e-05   1.46340956e+00   2.19582996e+00
 1.99000000e+00   0.00000000e+00   1.00000000e+00   1.23421997e-01   1.39190661e-04   1.46422160e+00   2.20020703e+00
 2.00000000e+00   0.00000000e+00   1.00000000e+00   1.26560838e-01   1.70438990e-04   1.46448068e+00   2.20195495e+00
 2.01000000e+00   0.00000000e+00   1.00000000e+00   1.29988358e-01   1.66041131e-04   1.46690718e+00   2.19992762e+00
 2.02000000e+00   0.00000000e+00   1.00000000e+00   1.33718733e-01   1.27069814e-04   1.47242747e+00   2.19475286e+00
 2.03000000e+00   0.00000000e+00   1.00000000e+00   1.37760421e-01   6.66562919e-05   1.48152486e+00   2.18821875e+00
 2.04000000e+00   0.00000000e+00   1.00000000e+00   1.42098057e-01   4.75079354e-06   1.49560581e+00   2.18232465e+00
 2.05000000e+00   0.00000000e+00   1.00000000e+00   1.46637556e-01  -3.89847000e-05   1.51622046e+00   2.17810037e+00
 2.06000000e+00   0.00000000e+00   1.00000000e+00   1.51185105e-01  -5.09113694e-05   1.54326635e+00   2.17573887e+00
 2.07000000e+00   0.00000000e+00   1.00000000e+00   1.55491042e-01  -2.72460965e-05   1.57367890e+00   2.17448453e+00
 2.08000000e+00   0.00000000e+00   1.00000000e+00   1.59337287e-01   2.42427361e-05   1.60244198e+00   2.17446103e+00
 2.09000000e+00   0.00000000e+00   1.00000000e+00   1.62627563e-01   8.61066673e-05   1.62465694e+00   2.17555288e+00
 2.10000000e+00   0.00000000e+00   1.00000000e+00   1.65434323e-01   1.37272200e-04   1.63800279e+00   2.17777186e+00
 2.11000000e+00   0.00000000e+00   1.00000000e+00   1.67959813e-01   1.60705738e-04   1.64385680e+00   2.18015661e+00
 2.12000000e+00   0.00000000e+00   1.00000000e+00   1.70412675e-01   1.48924068e-04   1.64665346e+00   2.18141461e+00
 2.13000000e+00   0.00000000e+00   1.00000000e+00   1.72877081e-01   1.05738575e-04   1.65120081e+00   2.18058428e+00
 2.14000000e+00   0.00000000e+00   1.00000000e+00   1.75276123e-01   4.48745513e-05   1.65975570e+00   2.17821988e+00
 2.15000000e+00   0.00000000e+00   1.00000000e+00   1.77453082e-01  -1.38705768e-05   1.67108391e+00   2.17616906e+00
 2.16000000e+00   0.00000000e+00   1.00000000e+00   1.79285162e-01  -5.07878848e-05   1.68233155e+00   2.17654125e+00
 2.17000000e+00   0.00000000e+00   1.00000000e+00   1.80725797e-01  -5.34223503e-05   1.69148424e+00   2.18034137e+00
 2.18000000e+00   0.00000000e+00   1.00000000e+00   1.81765123e-01  -2.12710199e-05   1.69786093e+00   2.18704589e+00
 2.19000000e+00   0.00000000e+00   1.00000000e+00   1.82389832e-01   3.46195254e-05   1.70085988e+00   2.19526406e+00
 2.20000000e+00   0.00000000e+00   1.00000000e+00   1.82607635e-01   9.59679390e-05   1.69900958e+00   2.20343505e+00
 2.21000000e+00   0.00000000e+00   1.00000000e+00   1.82509938e-01   1.42917640e-04   1.69099978e+00   2.21070696e+00
 2.22000000e+00   0.00000000e+00   1.00000000e+00   1.82295290e-01   1.59934704e-04   1.67752084e+00   2.21695262e+00
 2.23000000e+00   0.00000000e+00   1.00000000e+00   1.82215164e-01   1.41099526e-04   1.66182413e+00   2.22188533e+00
 2.24000000e+00   0.00000000e+00   1.00000000e+00   1.82472387e-01   9.27482542e-05   1.64890474e+00   2.22495903e+00
 2.25000000e+00   0.00000000e+00   1.00000000e+00   1.83131687e-01   3.14070331e-05   1.64297763e+00   2.22603036e+00
 2.26000000e+00   0.00000000e+00   1.00000000e+00   1.84090157e-01  -2.24532577e-05   1.64589848e+00   2.22572745e+00
 2.27000000e+00   0.00000000e+00   1.00000000e+00   1.85129371e-01  -5.15318999e-05   1.65615442e+00   2.22543842e+00
 2.28000000e+00   0.00000000e+00   1.00000000e+00   1.86031052e-01  -4.67224834e-05   1.66932589e+00   2.22679172e+00
 2.29000000e+00   0.00000000e+00   1.00000000e+00   1.86688368e-01  -9.50026739e-06   1.68084153e+00   2.23063393e+00
 2.30000000e+00   0.00000000e+00   1.00000000e+00   1.87134263e-01   4.81287364e-05   1.68832595e+00   2.23620940e+00
 2.31000000e+00   0.00000000e+00   1.00000000e+00   1.87472328e-01   1.06918210e-04   1.69242480e+00   2.24175249e+00
 2.32000000e+00   0.00000000e+00   1.00000000e+00   1.87783477e-01   1.47058119e-04   1.69512586e+00   2.24526648e+00
 2.33000000e+00   0.00000000e+00   1.00000000e+00   1.88094584e-01   1.55334082e-04   1.69780869e+00   2.24581778e+00
 2.34000000e+00   0.00000000e+00   1.00000000e+00   1.88414514e-01   1.29418302e-04   1.70085585e+00   2.24402953e+00
 2.35000000e+00   0.00000000e+00   1.00000000e+00   1.88764486e-01   7.79520513e-05   1.70510988e+00   2.24150704e+00
 2.36000000e+00   0.00000000e+00   1.00000000e+00   1.89146036e-01   1.75860937e-05   1.71224204e+00   2.23941205e+00
 2.37000000e+00   0.00000000e+00   1.00000000e+00   1.89474752e-01  -3.19495850e-05   1.72397072e+00   2.23860258e+00
 2.38000000e+00   0.00000000e+00   1.00000000e+00   1.89557538e-01  -5.40963112e-05   1.73973185e+00   2.23936360e+00
 2.39000000e+00   0.00000000e+00   1.00000000e+00   1.89153378e-01  -4.13672889e-05   1.75587316e+00   2.24194867e+00
 2.40000000e+00   0.00000000e+00   1.00000000e+00   1.88082480e-01   1.80444045e-06   1.76714324e+00   2.24691235e+00
 2.41000000e+00   0.00000000e+00   1.00000000e+00   1.86313679e-01   6.09071789e-05   1.76936037e+00   2.25438621e+00
 2.42000000e+00   0.00000000e+00   1.00000000e+00   1.83980123e-01   1.16682709e-04   1.76164592e+00   2.26405363e+00
 2.43000000e+00   0.00000000e+00   1.00000000e+00   1.81316058e-01   1.51272392e-04   1.74619778e+00   2.27403302e+00
 2.44000000e+00   0.00000000e+00   1.00000000e+00   1.78548054e-01   1.53483866e-04   1.72750919e+00   2.28243084e+00
 2.45000000e+00   0.00000000e+00   1.00000000e+00   1.75801924e-01   1.22489662e-04   1.70978277e+00   2.28812646e+00
 2.46000000e+00   0.00000000e+00   1.00000000e+00   1.73082399e-01   6.87223542e-05   1.69521526e+00   2.29175398e+00
 2.47000000e+00   0.00000000e+00   1.00000000e+00   1.70329874e-01   1.05186403e-05   1.68377573e+00   2.29523747e+00
 2.48000000e+00   0.00000000e+00   1.00000000e+00   1.67493522e-01  -3.25012202e-05   1.67419358e+00   2.30046240e+00
 2.49000000e+00   0.00000000e+00   1.00000000e+00   1.64553288e-01  -4.61632541e-05   1.66557059e+00   2.30840893e+00
 2.50000000e+00   0.00000000e+00   1.00000000e+00   1.61489523e-01  -2.59513345e-05   1.65749032e+00   2.31843628e+00
 2.51000000e+00   0.00000000e+00   1.00000000e+00   1.58263711e-01   2.18815241e-05   1.64907907e+00   2.32924217e+00
 2.52000000e+00   0.00000000e+00   1.00000000e+00   1.54858197e-01   8.20819278e-05   1.63845437e+00   2.33955226e+00
 2.53000000e+00   0.00000000e+00   1.00000000e+00   1.51344482e-01   1.34964695e-04   1.62387674e+00   2.34860131e+00
 2.54000000e+00   0.00000000e+00   1.00000000e+00   1.47903596e-01   1.63119210e-04   1.60549784e+00   2.35554494e+00
 2.55000000e+00   0.00000000e+00   1.00000000e+00   1.44760624e-01   1.57616908e-04   1.58614970e+00   2.35972609e+00
 2.56000000e+00   0.00000000e+00   1.00000000e+00   1.42072393e-01   1.20828607e-04   1.57023221e+00   2.36058395e+00
 2.57000000e+00   0.00000000e+00   1.00000000e+00   1.39844273e-01   6.51342703e-05   1.56144904e+00   2.35848123e+00
 2.58000000e+00   0.00000000e+00   1.00000000e+00   1.37925582e-01   8.75164069e-06   1.56100457e+00   2.35488785e+00
 2.59000000e+00   0.00000000e+00   1.00000000e+00   1.36080100e-01  -2.97825696e-05   1.56702083e+00   2.35199387e+00
 2.60000000e+00   0.00000000e+00   1.00000000e+00   1.34088214e-01  -3.74807150e-05   1.57560511e+00   2.35170508e+00
 2.61000000e+00   0.00000000e+00   1.00000000e+00   1.31824118e-01  -1.15108311e-05   1.58280932e+00   2.35481311e+00
 2.62000000e+00   0.00000000e+00   1.00000000e+00   1.29268731e-01   3.96102069e-05   1.58630511e+00   2.36031054e+00
 2.63000000e+00   0.00000000e+00   1.00000000e+00   1.26463868e-01   9.90690729e-05   1.58569160e+00   2.36617024e+00
 2.64000000e+00   0.00000000e+00   1.00000000e+00   1.23457787e-01   1.47589716e-04   1.58162314e+00   2.37066996e+00
 2.65000000e+00   0.00000000e+00   1.00000000e+00   1.20291585e-01   1.69608406e-04   1.57472547e+00   2.37322891e+00
 2.66000000e+00   0.00000000e+00   1.00000000e+00   1.17022409e-01   1.58048463e-04   1.56552203e+00   2.37406477e+00
 2.67000000e+00   0.00000000e+00   1.00000000e+00   1.13730005e-01   1.16764208e-04   1.55514395e+00   2.37409001e+00
 2.68000000e+00   0.00000000e+00   1.00000000e+00   1.10469695e-01   5.96908133e-05   1.54573304e+00   2.37435406e+00
 2.69000000e+00   0.00000000e+00   1.00000000e+00   1.07203919e-01   6.21607010e-06   1.53948271e+00   2.37558785e+00
 2.70000000e+00   0.00000000e+00   1.00000000e+00   1.03785041e-01  -2.57469718e-05   1.53665080e+00   2.37872047e+00
 2.71000000e+00   0.00000000e+00   1.00000000e+00   1.00023896e-01  -2.57894316e-05   1.53483052e+00   2.38443879e+00
 2.72000000e+00   0.00000000e+00   1.00000000e+00   9.58020841e-02   6.19626142e-06   1.53002751e+00   2.39319542e+00
 2.73000000e+00   0.00000000e+00   1.00000000e+00   9.11496687e-02   6.03365279e-05   1.51917962e+00   2.40448090e+00
 2.74000000e+00   0.00000000e+00   1.00000000e+00   8.62409343e-02   1.19455915e-04   1.50149325e+00   2.41661825e+00
 2.75000000e+00   0.00000000e+00   1.00000000e+00   8.13200247e-02   1.64271337e-04   1.47886132e+00   2.42729468e+00
 2.76000000e+00   0.00000000e+00   1.00000000e+00   7.66065346e-02   1.80205649e-04   1.45446551e+00   2.43419855e+00
 2.77000000e+00   0.00000000e+00   1.00000000e+00   7.22323477e-02   1.62627926e-04   1.43146571e+00   2.43666606e+00
 2.78000000e+00   0.00000000e+00   1.00000000e+00   6.82347962e-02   1.18006303e-04   1.41189271e+00   2.43582777e+00
 2.79000000e+00   0.00000000e+00   1.00000000e+00   6.45929637e-02   6.13298776e-05   1.39635232e+00   2.43383991e+00
 2.80000000e+00   0.00000000e+00   1.00000000e+00   6.12657250e-02   1.13235837e-05   1.38464369e+00   2.43262921e+00
 2.81000000e+00   0.00000000e+00   1.00000000e+00   5.81981798e-02  -1.52452085e-05   1.37645942e+00   2.43302691e+00
 2.82000000e+00   0.00000000e+00   1.00000000e+00   5.53061700e-02  -9.10611104e-06   1.37146198e+00   2.43479826e+00
 2.83000000e+00   0.00000000e+00   1.00000000e+00   5.24831645e-02   2.79809184e-05   1.36860159e+00   2.43710981e+00
 2.84000000e+00   0.00000000e+00   1.00000000e+00   4.96543689e-02   8.36384023e-05   1.36565674e+00   2.43922010e+00
 2.85000000e+00   0.00000000e+00   1.00000000e+00   4.68435188e-02   1.39514449e-04   1.36016643e+00   2.44019101e+00
 2.86000000e+00   0.00000000e+00   1.00000000e+00   4.41856438e-02   1.77654238e-04   1.35113445e+00   2.43911888e+00
 2.87000000e+00   0.00000000e+00   1.00000000e+00   4.18566776e-02   1.85924143e-04   1.34010212e+00   2.43522462e+00
 2.88000000e+00   0.00000000e+00   1.00000000e+00   3.99635906e-02   1.61494446e-04   1.33055889e+00   2.42829630e+00
 2.89000000e+00   0.00000000e+00   1.00000000e+00   3.84727504e-02   1.12071267e-04   1.32585683e+00   2.41914556e+00
 2.90000000e+00   0.00000000e+00   1.00000000e+00   3.72204769e-02   5.40083005e-05   1.32727242e+00   2.40972111e+00
 2.91000000e+00   0.00000000e+00   1.00000000e+00   3.59878935e-02   6.88536877e-06   1.33344096e+00   2.40232198e+00
 2.92000000e+00   0.00000000e+00   1.00000000e+00   3.45866124e-02  -1.36134615e-05   1.34135462e+00   2.39866271e+00
 2.93000000e+00   0.00000000e+00   1.00000000e+00   3.29092721e-02  -9.90038100e-07   1.34803382e+00   2.39888032e+00
 2.94000000e+00   0.00000000e+00   1.00000000e+00   3.09314019e-02   4.04929202e-05   1.35153893e+00   2.40180622e+00
 2.95000000e+00   0.00000000e+00   1.00000000e+00   2.86835754e-02   9.74059194e-05   1.35115764e+00   2.40539777e+00
 2.96000000e+00   0.00000000e+00   1.00000000e+00   2.62274296e-02   1.51218182e-04   1.34688273e+00   2.40800397e+00
 2.97000000e+00   0.00000000e+00   1.00000000e+00   2.36549663e-02   1.84276298e-04   1.33890816e+00   2.40869468e+00
 2.98000000e+00   0.00000000e+00   1.00000000e+00   2.10958758e-02   1.85927205e-04   1.32770460e+00   2.40754470e+00
 2.99000000e+00   0.00000000e+00   1.00000000e+00   1.86977128e-02   1.56105613e-04   1.31455259e+00   2.40484633e+00
 3.00000000e+00   0.00000000e+00   1.00000000e+00   1.65657065e-02   1.05109613e-04   1.30177685e+00   2.40136080e+00
 3.01000000e+00   0.00000000e+00   1.00000000e+00   1.46989130e-02   4.97383627e-05   1.29202085e+00   2.39800287e+00
 3.02000000e+00   0.00000000e+00   1.00000000e+00   1.29829438e-02   8.03518278e-06   1.28661023e+00   2.39581489e+00
 3.03000000e+00   0.00000000e+00   1.00000000e+00   1.12614939e-02  -5.95283073e-06   1.28437176e+00   2.39565889e+00
 3.04000000e+00   0.00000000e+00   1.00000000e+00   9.44184783e-03   1.30636589e-05   1.28227367e+00   2.39759251e+00
 3.05000000e+00   0.00000000e+00   1.00000000e+00   7.56035583e-03   5.90783546e-05   1.27724194e+00   2.40091458e+00
 3.06000000e+00   0.00000000e+00   1.00000000e+00   5.76833104e-03   1.16665620e-04   1.26800980e+00   2.40391387e+00
 3.07000000e+00   0.00000000e+00   1.00000000e+00   4.25972202e-03   1.66770877e-04   1.25548001e+00   2.40428779e+00
 3.08000000e+00   0.00000000e+00   1.00000000e+00   3.19486457e-03   1.93157147e-04   1.24186460e+00   2.40057388e+00
 3.09000000e+00   0.00000000e+00   1.00000000e+00   2.66111338e-03   1.87403085e-04   1.22951903e+00   2.39285277e+00
 3.10000000e+00   0.00000000e+00   1.00000000e+00   2.67456019e-03   1.51444806e-04   1.22014920e+00   2.38230589e+00
 3.11000000e+00   0.00000000e+00   1.00000000e+00   3.20005077e-03   9.70598068e-05   1.21463330e+00   2.37104269e+00
 3.12000000e+00   0.00000000e+00   1.00000000e+00   4.16326119e-03   4.19937739e-05   1.21351439e+00   2.36080355e+00
 3.13000000e+00   0.00000000e+00   1.00000000e+00   5.44741379e-03   4.16380130e-06   1.21708582e+00   2.35237743e+00
 3.14000000e+00   0.00000000e+00   1.00000000e+00   6.89348039e-03  -4.08956601e-06   1.22498954e+00   2.34605622e+00
 3.15000000e+00   0.00000000e+00   1.00000000e+00   8.33146408e-03   1.95247150e-05   1.23566293e+00   2.34129397e+00
 3.16000000e+00   0.00000000e+00   1.00000000e+00   9.64537897e-03   6.67808431e-05   1.24617252e+00   2.33749832e+00
 3.17000000e+00   0.00000000e+00   1.00000000e+00   1.08328697e-02   1.22006447e-04   1.25352338e+00   2.33387217e+00
 3.18000000e+00   0.00000000e+00   1.00000000e+00   1.20064363e-02   1.66957422e-04   1.25637000e+00   2.32957895e+00
 3.19000000e+00   0.00000000e+00   1.00000000e+00   1.33212050e-02   1.86444047e-04   1.25596455e+00   2.32359008e+00
 3.20000000e+00   0.00000000e+00   1.00000000e+00   1.48742711e-02   1.73662784e-04   1.25533419e+00   2.31561828e+00
 3.21000000e+00   0.00000000e+00   1.00000000e+00   1.66450822e-02   1.32731530e-04   1.25744050e+00   2.30634082e+00
 3.22000000e+00   0.00000000e+00   1.00000000e+00   1.85114122e-02   7.71573707e-05   1.26337879e+00   2.29729511e+00
 3.23000000e+00   0.00000000e+00   1.00000000e+00   2.03166774e-02   2.50251572e-05   1.27209574e+00   2.29043156e+00
 3.24000000e+00   0.00000000e+00   1.00000000e+00   2.19358670e-02  -6.79713832e-06   1.28141364e+00   2.28674852e+00
 3.25000000e+00   0.00000000e+00   1.00000000e+00   2.33054373e-02  -7.95007944e-06   1.28930639e+00   2.28651374e+00
 3.26000000e+00   0.00000000e+00   1.00000000e+00   2.44195441e-02   2.19945129e-05   1.29449365e+00   2.28845308e+00
 3.27000000e+00   0.00000000e+00   1.00000000e+00   2.53172430e-02   7.31450605e-05   1.29628357e+00   2.29094131e+00
 3.28000000e+00   0.00000000e+00   1.00000000e+00   2.60805659e-02   1.28435553e-04   1.29429317e+00   2.29253949e+00
 3.29000000e+00   0.00000000e+00   1.00000000e+00   2.68411755e-02   1.69459589e-04   1.28846969e+00   2.29240168e+00
 3.30000000e+00   0.00000000e+00   1.00000000e+00   2.77734143e-02   1.82771463e-04   1.27949554e+00   2.29024183e+00
 3.31000000e+00   0.00000000e+00   1.00000000e+00   2.90532342e-02   1.64141455e-04   1.26926072e+00   2.28618640e+00
 3.32000000e+00   0.00000000e+00   1.00000000e+00   3.07901056e-02   1.19647509e-04   1.26068123e+00   2.28072312e+00
 3.33000000e+00   0.00000000e+00   1.00000000e+00   3.29725574e-02   6.37320917e-05   1.25670085e+00   2.27457347e+00
 3.34000000e+00   0.00000000e+00   1.00000000e+00   3.54734311e-02   1.47129436e-05   1.25857239e+00   2.26877290e+00
 3.35000000e+00   0.00000000e+00   1.00000000e+00   3.81227838e-02  -1.12771030e-05   1.26499234e+00   2.26435205e+00
 3.36000000e+00   0.00000000e+00   1.00000000e+00   4.08031528e-02  -5.87177697e-06   1.27289092e+00   2.26179453e+00
 3.37000000e+00   0.00000000e+00   1.00000000e+00   4.35035658e-02   2.87717926e-05   1.27944061e+00   2.26065318e+00
 3.38000000e+00   0.00000000e+00   1.00000000e+00   4.63035930e-02   8.09132482e-05   1.28358016e+00   2.25959025e+00
 3.39000000e+00   0.00000000e+00   1.00000000e+00   4.93127448e-02   1.33149890e-04   1.28611909e+00   2.25700110e+00
 3.40000000e+00   0.00000000e+00   1.00000000e+00   5.26146433e-02   1.68008699e-04   1.28877295e+00   2.25183110e+00
 3.41000000e+00   0.00000000e+00   1.00000000e+00   5.62451282e-02   1.73614554e-04   1.29314277e+00   2.24408985e+00
 3.42000000e+00   0.00000000e+00   1.00000000e+00   6.01965709e-02   1.47680429e-04   1.30033344e+00   2.23469859e+00
 3.43000000e+00   0.00000000e+00   1.00000000e+00   6.44232541e-02   9.84057987e-05   1.31119315e+00   2.22525753e+00
 3.44000000e+00   0.00000000e+00   1.00000000e+00   6.88343406e-02   4.17818241e-05   1.32630428e+00   2.21713487e+00
 3.45000000e+00   0.00000000e+00   1.00000000e+00   7.32848500e-02  -3.87796617e-06   1.34570641e+00   2.21098514e+00
 3.46000000e+00   0.00000000e+00   1.00000000e+00   7.75884468e-02  -2.40213587e-05   1.36807545e+00   2.20686065e+00
 3.47000000e+00   0.00000000e+00   1.00000000e+00   8.15660041e-02  -1.24367333e-05   1.39062067e+00   2.20455241e+00
 3.48000000e+00   0.00000000e+00   1.00000000e+00   8.51150130e-02   2.67693445e-05   1.40970151e+00   2.20380957e+00
 3.49000000e+00   0.00000000e+00   1.00000000e+00   8.82580810e-02   8.03365109e-05   1.42270190e+00   2.20416095e+00
 3.50000000e+00   0.00000000e+00   1.00000000e+00   9.11312581e-02   1.30225905e-04   1.42918412e+00   2.20487327e+00
 3.51000000e+00   0.00000000e+00   1.00000000e+00   9.39110309e-02   1.59723142e-04   1.43125905e+00   2.20488053e+00
 3.52000000e+00   0.00000000e+00   1.00000000e+00   9.67248639e-02   1.58966095e-04   1.43220083e+00   2.20345546e+00
 3.53000000e+00   0.00000000e+00   1.00000000e+00   9.96022984e-02   1.28106051e-04   1.43467253e+00   2.20072046e+00
 3.54000000e+00   0.00000000e+00   1.00000000e+00   1.02489831e-01   7.71797599e-05   1.43967228e+00   2.19771994e+00
 3.55000000e+00   0.00000000e+00   1.00000000e+00   1.05303990e-01   2.28162653e-05   1.44652399e+00   2.19583122e+00
 3.56000000e+00   0.00000000e+00   1.00000000e+00   1.07977382e-01  -1.71726988e-05   1.45392123e+00   2.19611956e+00
 3.57000000e+00   0.00000000e+00   1.00000000e+00   1.10474459e-01  -2.96605831e-05   1.46072058e+00   2.19858354e+00
 3.58000000e+00   0.00000000e+00   1.00000000e+00   1.12788498e-01  -1.06294749e-05   1.46598460e+00   2.20251565e+00
 3.59000000e+00   0.00000000e+00   1.00000000e+00   1.14943755e-01   3.34474694e-05   1.46887771e+00   2.20681579e+00
 3.60000000e+00   0.00000000e+00   1.00000000e+00   1.17010454e-01   8.78104956e-05   1.46875613e+00   2.21033535e+00
 3.61000000e+00   0.00000000e+00   1.00000000e+00   1.19115879e-01   1.34397935e-04   1.46568368e+00   2.21244306e+00
 3.62000000e+00   0.00000000e+00   1.00000000e+00   1.21426900e-01   1.57778593e-04   1.46105287e+00   2.21285788e+00
 3.63000000e+00   0.00000000e+00   1.00000000e+00   1.24095869e-01   1.50157121e-04   1.45762779e+00   2.21145660e+00
 3.64000000e+00   0.00000000e+00   1.00000000e+00   1.27191622e-01   1.13923648e-04   1.45872459e+00   2.20844177e+00
 3.65000000e+00   0.00000000e+00   1.00000000e+00   1.30657364e-01   6.08762599e-05   1.46671676e+00   2.20435318e+00
 3.66000000e+00   0.00000000e+00   1.00000000e+00   1.34328215e-01   8.30554834e-06   1.48166341e+00   2.20022802e+00
 3.67000000e+00   0.00000000e+00   1.00000000e+00   1.38003578e-01  -2.66801327e-05   1.50119886e+00   2.19714603e+00
 3.68000000e+00   0.00000000e+00   1.00000000e+00   1.41530587e-01  -3.28055796e-05   1.52181017e+00   2.19582456e+00
 3.69000000e+00   0.00000000e+00   1.00000000e+00   1.44848136e-01  -8.33535469e-06   1.54061298e+00   2.19619592e+00
 3.70000000e+00   0.00000000e+00   1.00000000e+00   1.47973664e-01   3.83532804e-05   1.55641257e+00   2.19741556e+00
 3.71000000e+00   0.00000000e+00   1.00000000e+00   1.50957918e-01   9.15496560e-05   1.56950070e+00   2.19828924e+00
 3.72000000e+00   0.00000000e+00   1.00000000e+00   1.53847853e-01   1.33388013e-04   1.58079776e+00   2.19790777e+00
 3.73000000e+00   0.00000000e+00   1.00000000e+00   1.56674993e-01   1.49786834e-04   1.59114248e+00   2.19594641e+00
 3.74000000e+00   0.00000000e+00   1.00000000e+00   1.59455510e-01   1.35127684e-04   1.60161679e+00   2.19314513e+00
 3.75000000e+00   0.00000000e+00   1.00000000e+00   1.62180417e-01   9.40941997e-05   1.61320786e+00   2.19030651e+00
 3.76000000e+00   0.00000000e+00   1.00000000e+00   1.64793741e-01   4.01463157e-05   1.62700786e+00   2.18853901e+00
 3.77000000e+00   0.00000000e+00   1.00000000e+00   1.67179797e-01  -9.00361948e-06   1.64290478e+00   2.18814164e+00
 3.78000000e+00   0.00000000e+00   1.00000000e+00   1.69184256e-01  -3.72968358e-05   1.65922715e+00   2.18936814e+00
 3.79000000e+00   0.00000000e+00   1.00000000e+00   1.70671929e-01  -3.56093656e-05   1.67287092e+00   2.19233815e+00
 3.80000000e+00   0.00000000e+00   1.00000000e+00   1.71594056e-01  -4.68220850e-06   1.68062055e+00   2.19713125e+00
 3.81000000e+00   0.00000000e+00   1.00000000e+00   1.72024227e-01   4.51388809e-05   1.68081657e+00   2.20345194e+00
 3.82000000e+00   0.00000000e+00   1.00000000e+00   1.72136099e-01   9.73601902e-05   1.67431980e+00   2.21051820e+00
 3.83000000e+00   0.00000000e+00   1.00000000e+00   1.72132476e-01   1.34799979e-04   1.66382574e+00   2.21691027e+00
 3.84000000e+00   0.00000000e+00   1.00000000e+00   1.72168484e-01   1.45187036e-04   1.65288919e+00   2.22160910e+00
 3.85000000e+00   0.00000000e+00   1.00000000e+00   1.72312520e-01   1.25191602e-04   1.64422090e+00   2.22438156e+00
 3.86000000e+00   0.00000000e+00   1.00000000e+00   1.72557535e-01   8.15441063e-05   1.63893150e+00   2.22604457e+00
 3.87000000e+00   0.00000000e+00   1.00000000e+00   1.72858570e-01   2.88565810e-05   1.63696234e+00   2.22793461e+00
 3.88000000e+00   0.00000000e+00   1.00000000e+00   1.73162232e-01  -1.53023559e-05   1.63764034e+00   2.23098505e+00
 3.89000000e+00   0.00000000e+00   1.00000000e+00   1.73415912e-01  -3.63464669e-05   1.64008113e+00   2.23541784e+00
 3.90000000e+00   0.00000000e+00   1.00000000e+00   1.73571861e-01  -2.74561464e-05   1.64311707e+00   2.24074292e+00
 3.91000000e+00   0.00000000e+00   1.00000000e+00   1.73604162e-01   8.49995735e-06   1.64771868e+00   2.25538975e+00
 3.92000000e+00   0.00000000e+00   1.00000000e+00   1.73537163e-01   5.97853834e-05   1.65101703e+00   2.23944509e+00
 3.93000000e+00   0.00000000e+00   1.00000000e+00   1.73460825e-01   1.09638468e-04   1.64307488e+00   2.25331499e+00
 3.94000000e+00   0.00000000e+00   1.00000000e+00   1.73505167e-01   1.41210263e-04   1.63924540e+00   2.25680553e+00
 3.95000000e+00   0.00000000e+00   1.00000000e+00   1.73779716e-01   1.43923205e-04   1.63720408e+00   2.25683257e+00
 3.96000000e+00   0.00000000e+00   1.00000000e+00   1.74309532e-01   1.17127498e-04   1.63952913e+00   2.25524041e+00
 3.97000000e+00   0.00000000e+00   1.00000000e+00   1.75004617e-01   6.98379198e-05   1.64787933e+00   2.25259037e+00
 3.98000000e+00   0.00000000e+00   1.00000000e+00   1.75685348e-01   1.74554883e-05   1.66144181e+00   2.24998150e+00
 3.99000000e+00   0.00000000e+00   1.00000000e+00   1.76150597e-01  -2.29378814e-05   1.67758048e+00   2.24882921e+00
 4.00000000e+00   0.00000000e+00   1.00000000e+00   1.76248467e-01  -3.80317414e-05   1.69262800e+00   2.25000502e+00
 4.01000000e+00   0.00000000e+00   1.00000000e+00   1.75911605e-01  -2.27678236e-05   1.70390877e+00   2.25354136e+00
 4.02000000e+00   0.00000000e+00   1.00000000e+00   1.75146848e-01   1.78015295e-05   1.71016665e+00   2.25865237e+00
 4.03000000e+00   0.00000000e+00   1.00000000e+00   1.74002909e-01   7.01439089e-05   1.71136691e+00   2.26417699e+00
 4.04000000e+00   0.00000000e+00   1.00000000e+00   1.72547478e-01   1.16963280e-04   1.70808312e+00   2.26918767e+00
 4.05000000e+00   0.00000000e+00   1.00000000e+00   1.70860471e-01   1.43048598e-04   1.70138272e+00   2.27321788e+00
 4.06000000e+00   0.00000000e+00   1.00000000e+00   1.69025033e-01   1.40129910e-04   1.69275111e+00   2.27653172e+00
 4.07000000e+00   0.00000000e+00   1.00000000e+00   1.67101465e-01   1.09262986e-04   1.68409385e+00   2.27973868e+00
 4.08000000e+00   0.00000000e+00   1.00000000e+00   1.65094305e-01   6.06580871e-05   1.67708236e+00   2.28340430e+00
 4.09000000e+00   0.00000000e+00   1.00000000e+00   1.62938902e-01   1.06405309e-05   1.67230045e+00   2.28798625e+00
 4.10000000e+00   0.00000000e+00   1.00000000e+00   1.60527537e-01  -2.39084306e-05   1.66855644e+00   2.29400239e+00
 4.11000000e+00   0.00000000e+00   1.00000000e+00   1.57770340e-01  -3.14735128e-05   1.66340954e+00   2.30199642e+00
 4.12000000e+00   0.00000000e+00   1.00000000e+00   1.54657996e-01  -9.53135617e-06   1.65441032e+00   2.31185458e+00
 4.13000000e+00   0.00000000e+00   1.00000000e+00   1.51287092e-01   3.49480349e-05   1.64045419e+00   2.32288035e+00
 4.14000000e+00   0.00000000e+00   1.00000000e+00   1.47832430e-01   8.77063659e-05   1.62232084e+00   2.33351307e+00
 4.15000000e+00   0.00000000e+00   1.00000000e+00   1.44483183e-01   1.31664605e-04   1.60235823e+00   2.34212107e+00
 4.16000000e+00   0.00000000e+00   1.00000000e+00   1.41379729e-01   1.52549866e-04   1.58338349e+00   2.34756521e+00
 4.17000000e+00   0.00000000e+00   1.00000000e+00   1.38583587e-01   1.43709861e-04   1.56762363e+00   2.35000668e+00
 4.18000000e+00   0.00000000e+00   1.00000000e+00   1.36085821e-01   1.08411913e-04   1.55620889e+00   2.35051728e+00
 4.19000000e+00   0.00000000e+00   1.00000000e+00   1.33832168e-01   5.86816344e-05   1.54934861e+00   2.35057116e+00
 4.20000000e+00   0.00000000e+00   1.00000000e+00   1.31740789e-01   1.10836499e-05   1.54663670e+00   2.35128913e+00
 4.21000000e+00   0.00000000e+00   1.00000000e+00   1.29709986e-01  -1.86755409e-05   1.54718118e+00   2.35309297e+00
 4.22000000e+00   0.00000000e+00   1.00000000e+00   1.27632159e-01  -2.06522990e-05   1.54944844e+00   2.35586931e+00
 4.23000000e+00   0.00000000e+00   1.00000000e+00   1.25425678e-01   6.04125709e-06   1.55133818e+00   2.35909801e+00
 4.24000000e+00   0.00000000e+00   1.00000000e+00   1.23072297e-01   5.26868504e-05   1.55084340e+00   2.36232991e+00
 4.25000000e+00   0.00000000e+00   1.00000000e+00   1.20630667e-01   1.03880831e-04   1.54711538e+00   2.36489413e+00
 4.26000000e+00   0.00000000e+00   1.00000000e+00   1.18206945e-01   1.42863747e-04   1.54095622e+00   2.36626067e+00
 4.27000000e+00   0.00000000e+00   1.00000000e+00   1.15893057e-01   1.57080362e-04   1.53451867e+00   2.36604998e+00
 4.28000000e+00   0.00000000e+00   1.00000000e+00   1.13707315e-01   1.42112185e-04   1.53018978e+00   2.36427550e+00
 4.29000000e+00   0.00000000e+00   1.00000000e+00   1.11572553e-01   1.02983024e-04   1.52927279e+00   2.36181791e+00
 4.30000000e+00   0.00000000e+00   1.00000000e+00   1.09343858e-01   5.26371416e-05   1.53129113e+00   2.36015022e+00
 4.31000000e+00   0.00000000e+00   1.00000000e+00   1.06867648e-01   7.86303556e-06   1.53427345e+00   2.36080909e+00
 4.32000000e+00   0.00000000e+00   1.00000000e+00   1.04037078e-01  -1.62713072e-05   1.53575217e+00   2.36439795e+00
 4.33000000e+00   0.00000000e+00   1.00000000e+00   1.00816932e-01  -1.16043382e-05   1.53379532e+00   2.37076622e+00
 4.34000000e+00   0.00000000e+00   1.00000000e+00   9.72370891e-02   2.04253874e-05   1.52748081e+00   2.37873761e+00
 4.35000000e+00   0.00000000e+00   1.00000000e+00   9.33739504e-02   6.94614081e-05   1.51664816e+00   2.38702900e+00
 4.36000000e+00   0.00000000e+00   1.00000000e+00   8.93371852e-02   1.19721197e-04   1.50197612e+00   2.39442492e+00
 4.37000000e+00   0.00000000e+00   1.00000000e+00   8.52608691e-02   1.55013887e-04   1.48432367e+00   2.40013434e+00
 4.38000000e+00   0.00000000e+00   1.00000000e+00   8.12843383e-02   1.64003648e-04   1.46527004e+00   2.40415912e+00
 4.39000000e+00   0.00000000e+00   1.00000000e+00   7.75151038e-02   1.44085989e-04   1.44685926e+00   2.40675141e+00
 4.40000000e+00   0.00000000e+00   1.00000000e+00   7.39891921e-02   1.02286970e-04   1.43111371e+00   2.40848672e+00
 4.41000000e+00   0.00000000e+00   1.00000000e+00   7.06586720e-02   5.28138831e-05   1.41916393e+00   2.41012395e+00
 4.42000000e+00   0.00000000e+00   1.00000000e+00   6.74234252e-02   1.22803664e-05   1.41057598e+00   2.41245651e+00
 4.43000000e+00   0.00000000e+00   1.00000000e+00   6.41934846e-02  -5.70371929e-06   1.40351815e+00   2.41601053e+00
 4.44000000e+00   0.00000000e+00   1.00000000e+00   6.09459996e-02   5.08629686e-06   1.39576768e+00   2.42055691e+00
 4.45000000e+00   0.00000000e+00   1.00000000e+00   5.77442415e-02   4.14069832e-05   1.38589788e+00   2.42507856e+00
 4.46000000e+00   0.00000000e+00   1.00000000e+00   5.47107442e-02   9.14983392e-05   1.37387752e+00   2.42817109e+00
 4.47000000e+00   0.00000000e+00   1.00000000e+00   5.19743094e-02   1.38947745e-04   1.36095002e+00   2.42842671e+00
 4.48000000e+00   0.00000000e+00   1.00000000e+00   4.96225173e-02   1.68252858e-04   1.34892976e+00   2.42544355e+00
 4.49000000e+00   0.00000000e+00   1.00000000e+00   4.76807812e-02   1.69982599e-04   1.33944479e+00   2.41973652e+00
 4.50000000e+00   0.00000000e+00   1.00000000e+00   4.61165830e-02   1.43752241e-04   1.33352536e+00   2.41257362e+00
 4.51000000e+00   0.00000000e+00   1.00000000e+00   4.48523883e-02   9.82560339e-05   1.33158140e+00   2.40546525e+00
 4.52000000e+00   0.00000000e+00   1.00000000e+00   4.37747344e-02   4.84716207e-05   1.33350035e+00   2.39954593e+00
 4.53000000e+00   0.00000000e+00   1.00000000e+00   4.27437842e-02   1.08068566e-05   1.33857209e+00   2.39540388e+00
 4.54000000e+00   0.00000000e+00   1.00000000e+00   4.16172513e-02  -2.30481084e-06   1.34523305e+00   2.39303636e+00
 4.55000000e+00   0.00000000e+00   1.00000000e+00   4.02917656e-02   1.34468077e-05   1.35121752e+00   2.39209970e+00
 4.56000000e+00   0.00000000e+00   1.00000000e+00   3.87429706e-02   5.28764027e-05   1.35428560e+00   2.39200534e+00
 4.57000000e+00   0.00000000e+00   1.00000000e+00   3.70356210e-02   1.03058065e-04   1.35321052e+00   2.39193818e+00
 4.58000000e+00   0.00000000e+00   1.00000000e+00   3.52896569e-02   1.47541987e-04   1.34838322e+00   2.39104349e+00
 4.59000000e+00   0.00000000e+00   1.00000000e+00   3.36178672e-02   1.71731642e-04   1.34157469e+00   2.38874056e+00
 4.60000000e+00   0.00000000e+00   1.00000000e+00   3.20709466e-02   1.67735143e-04   1.33501359e+00   2.38510115e+00
 4.61000000e+00   0.00000000e+00   1.00000000e+00   3.06202906e-02   1.37028671e-04   1.33025604e+00   2.38103382e+00
 4.62000000e+00   0.00000000e+00   1.00000000e+00   2.91830387e-02   8.99338600e-05   1.32758114e+00   2.37777960e+00
 4.63000000e+00   0.00000000e+00   1.00000000e+00   2.76686073e-02   4.21587234e-05   1.32605943e+00   2.37653448e+00
 4.64000000e+00   0.00000000e+00   1.00000000e+00   2.60187275e-02   9.59830384e-06   1.32429669e+00   2.37764518e+00
 4.65000000e+00   0.00000000e+00   1.00000000e+00   2.42251899e-02   3.14177337e-06   1.32105705e+00   2.38062648e+00
 4.66000000e+00   0.00000000e+00   1.00000000e+00   2.23284595e-02   2.50984919e-05   1.31557453e+00   2.38424767e+00
 4.67000000e+00   0.00000000e+00   1.00000000e+00   2.04105762e-02   6.83878516e-05   1.30750402e+00   2.38721850e+00
 4.68000000e+00   0.00000000e+00   1.00000000e+00   1.85898861e-02   1.18886931e-04   1.29684615e+00   2.38853268e+00
 4.69000000e+00   0.00000000e+00   1.00000000e+00   1.70107642e-02   1.60133729e-04   1.28409464e+00   2.38757578e+00
 4.70000000e+00   0.00000000e+00   1.00000000e+00   1.58160519e-02   1.78738065e-04   1.27046515e+00   2.38421199e+00
 4.71000000e+00   0.00000000e+00   1.00000000e+00   1.51030362e-02   1.68715094e-04   1.25793526e+00   2.37886306e+00
 4.72000000e+00   0.00000000e+00   1.00000000e+00   1.48837849e-02   1.33395556e-04   1.24874406e+00   2.37221552e+00
 4.73000000e+00   0.00000000e+00   1.00000000e+00   1.50779900e-02   8.44044898e-05   1.24435577e+00   2.36528709e+00
 4.74000000e+00   0.00000000e+00   1.00000000e+00   1.55493167e-02   3.78965984e-05   1.24465876e+00   2.35911136e+00
 4.75000000e+00   0.00000000e+00   1.00000000e+00   1.61673049e-02   9.14005200e-06   1.24799324e+00   2.35419683e+00
 4.76000000e+00   0.00000000e+00   1.00000000e+00   1.68599417e-02   7.42534885e-06   1.25206952e+00   2.35051195e+00
 4.77000000e+00   0.00000000e+00   1.00000000e+00   1.76297516e-02   3.31339071e-05   1.25516029e+00   2.34723958e+00
 4.78000000e+00   0.00000000e+00   1.00000000e+00   1.85313969e-02   7.76219737e-05   1.25671891e+00   2.34334312e+00
 4.79000000e+00   0.00000000e+00   1.00000000e+00   1.96313198e-02   1.25990964e-04   1.25730055e+00   2.33794548e+00
 4.80000000e+00   0.00000000e+00   1.00000000e+00   2.09739984e-02   1.62060036e-04   1.25802607e+00   2.33061225e+00
 4.81000000e+00   0.00000000e+00   1.00000000e+00   2.25665598e-02   1.73765715e-04   1.25997180e+00   2.32179028e+00
 4.82000000e+00   0.00000000e+00   1.00000000e+00   2.43769062e-02   1.57004895e-04   1.26394899e+00   2.31254562e+00
 4.83000000e+00   0.00000000e+00   1.00000000e+00   2.63345867e-02   1.17051954e-04   1.27046138e+00   2.30416523e+00
 4.84000000e+00   0.00000000e+00   1.00000000e+00   2.83320840e-02   6.69202655e-05   1.27961429e+00   2.29736105e+00
 4.85000000e+00   0.00000000e+00   1.00000000e+00   3.02357158e-02   2.29959538e-05   1.29076153e+00   2.29253149e+00
 4.86000000e+00   0.00000000e+00   1.00000000e+00   3.19159553e-02  -4.75410860e-07   1.30231836e+00   2.28976809e+00
 4.87000000e+00   0.00000000e+00   1.00000000e+00   3.32928068e-02   4.00244491e-06   1.31203107e+00   2.28867181e+00
 4.88000000e+00   0.00000000e+00   1.00000000e+00   3.43737333e-02   3.48019909e-05   1.31780448e+00   2.28872075e+00
 4.89000000e+00   0.00000000e+00   1.00000000e+00   3.52576949e-02   8.16612068e-05   1.31871165e+00   2.28910810e+00
 4.90000000e+00   0.00000000e+00   1.00000000e+00   3.60970252e-02   1.29032690e-04   1.31539396e+00   2.28886543e+00
 4.91000000e+00   0.00000000e+00   1.00000000e+00   3.70364850e-02   1.61216751e-04   1.30977338e+00   2.28729657e+00
 4.92000000e+00   0.00000000e+00   1.00000000e+00   3.81632837e-02   1.67556657e-04   1.30414446e+00   2.28424678e+00
 4.93000000e+00   0.00000000e+00   1.00000000e+00   3.94920062e-02   1.45963552e-04   1.30020134e+00   2.28037009e+00
 4.94000000e+00   0.00000000e+00   1.00000000e+00   4.09840699e-02   1.03574163e-04   1.29860144e+00   2.27665605e+00
 4.95000000e+00   0.00000000e+00   1.00000000e+00   4.25822226e-02   5.43262454e-05   1.29899400e+00   2.27401660e+00
 4.96000000e+00   0.00000000e+00   1.00000000e+00   4.42390757e-02   1.43719738e-05   1.30057444e+00   2.27274420e+00
 4.97000000e+00   0.00000000e+00   1.00000000e+00   4.59316729e-02  -3.19026886e-06   1.30244884e+00   2.27254159e+00
 4.98000000e+00   0.00000000e+00   1.00000000e+00   4.76675243e-02   7.34816704e-06   1.30379553e+00   2.27268167e+00
 4.99000000e+00   0.00000000e+00   1.00000000e+00   4.94896469e-02   4.23349182e-05   1.30399281e+00   2.27217290e+00
 5.00000000e+00   0.00000000e+00   1.00000000e+00   5.14790153e-02   8.99944774e-05   1.30277928e+00   2.27034242e+00