  Time  Coordinate0  Coordinate1  Displacement0  Displacement1  Force0  Force1
 0.00000000e+00   0.00000000e+00   1.00000000e+00   0.00000000e+00   0.00000000e+00   0.00000000e+00   0.00000000e+00
 1.00000000e-02   0.00000000e+00   1.00000000e+00   2.14194866e-04   5.02260881e-07  -3.56611750e-01  -2.75549339e+00
 2.00000000e-02   0.00000000e+00   1.00000000e+00   8.69229251e-04   2.84338825e-05   1.49258609e+00   4.86584520e+00
 3.00000000e-02   0.00000000e+00   1.00000000e+00   1.88005649e-03   8.51363346e-05   8.41993543e-01   3.56712782e+00
 4.00000000e-02   0.00000000e+00   1.00000000e+00   3.10047705e-03   1.47774146e-04   7.25597446e-01   3.11585839e+00
 5.00000000e-02   0.00000000e+00   1.00000000e+00   4.45295908e-03   2.02338842e-04   6.70024944e-01   2.85233818e+00
 6.00000000e-02   0.00000000e+00   1.00000000e+00   5.86652521e-03   2.39183515e-04   6.37660882e-01   2.68001481e+00
 7.00000000e-02   0.00000000e+00   1.00000000e+00   7.31612897e-03   2.42741714e-04   6.12342622e-01   2.55594317e+00
 8.00000000e-02   0.00000000e+00   1.00000000e+00   8.91891483e-03   2.03503878e-04   5.90739830e-01   2.46330302e+00
 9.00000000e-02   0.00000000e+00   1.00000000e+00   1.09825364e-02   1.27815310e-04   5.73437286e-01   2.38924827e+00
 1.00000000e-01   0.00000000e+00   1.00000000e+00   1.37845346e-02   4.41505084e-05   5.65006162e-01   2.33022080e+00
 1.10000000e-01   0.00000000e+00   1.00000000e+00   1.72394263e-02  -1.21980442e-05   5.68003233e-01   2.28184332e+00
 1.20000000e-01   0.00000000e+00   1.00000000e+00   2.09544025e-02  -2.65539170e-05   5.78464403e-01   2.24144069e+00
 1.30000000e-01   0.00000000e+00   1.00000000e+00   2.46814902e-02  -5.36131782e-06   5.89587054e-01   2.20752677e+00
 1.40000000e-01   0.00000000e+00   1.00000000e+00   2.84849791e-02   4.25539064e-05   5.99632611e-01   2.17981401e+00
 1.50000000e-01   0.00000000e+00   1.00000000e+00   3.24014078e-02   1.12763130e-04   6.11095865e-01   2.15798704e+00
 1.60000000e-01   0.00000000e+00   1.00000000e+00   3.62760488e-02   1.83895224e-04   6.23623669e-01   2.14030079e+00
 1.70000000e-01   0.00000000e+00   1.00000000e+00   4.00205804e-02   2.19280675e-04   6.34300825e-01   2.12572917e+00
 1.80000000e-01   0.00000000e+00   1.00000000e+00   4.37055342e-02   2.02964014e-04   6.42621205e-01   2.11237803e+00
 1.90000000e-01   0.00000000e+00   1.00000000e+00   4.73925035e-02   1.50633230e-04   6.49742049e-01   2.09786506e+00
 2.00000000e-01   0.00000000e+00   1.00000000e+00   5.11231568e-02   8.33772055e-05   6.56126704e-01   2.08176434e+00
 2.10000000e-01   0.00000000e+00   1.00000000e+00   5.49791553e-02   1.44779647e-05   6.63025959e-01   2.06600840e+00
 2.20000000e-01   0.00000000e+00   1.00000000e+00   5.90092397e-02  -3.86667246e-05   6.72506289e-01   2.05236587e+00
 2.30000000e-01   0.00000000e+00   1.00000000e+00   6.31788342e-02  -5.46289927e-05   6.85464044e-01   2.04113016e+00
 2.40000000e-01   0.00000000e+00   1.00000000e+00   6.73505971e-02  -2.27975961e-05   7.01272590e-01   2.03209797e+00
 2.50000000e-01   0.00000000e+00   1.00000000e+00   7.12620663e-02   4.54072410e-05   7.16906726e-01   2.02447585e+00
 2.60000000e-01   0.00000000e+00   1.00000000e+00   7.46989014e-02   1.19669466e-04   7.27099326e-01   2.01723700e+00
 2.70000000e-01   0.00000000e+00   1.00000000e+00   7.77384101e-02   1.72591445e-04   7.29319954e-01   2.00968737e+00
 2.80000000e-01   0.00000000e+00   1.00000000e+00   8.06831604e-02   1.94997090e-04   7.26683623e-01   2.00188668e+00
 2.90000000e-01   0.00000000e+00   1.00000000e+00   8.37645803e-02   1.83587678e-04   7.24486376e-01   1.99455096e+00
 3.00000000e-01   0.00000000e+00   1.00000000e+00   8.70001271e-02   1.33158059e-04   7.25083672e-01   1.98756929e+00
 3.10000000e-01   0.00000000e+00   1.00000000e+00   9.03291370e-02   5.50441182e-05   7.27078453e-01   1.97944002e+00
 3.20000000e-01   0.00000000e+00   1.00000000e+00   9.38041165e-02  -1.78744474e-05   7.29246208e-01   1.96950059e+00
 3.30000000e-01   0.00000000e+00   1.00000000e+00   9.75545487e-02  -5.65883440e-05   7.33585569e-01   1.95980503e+00
 3.40000000e-01   0.00000000e+00   1.00000000e+00   1.01588177e-01  -5.36365407e-05   7.42745500e-01   1.95272298e+00
 3.50000000e-01   0.00000000e+00   1.00000000e+00   1.05755068e-01  -1.59424305e-05   7.56267101e-01   1.94867335e+00
 3.60000000e-01   0.00000000e+00   1.00000000e+00   1.09907478e-01   4.59442666e-05   7.71401837e-01   1.94691335e+00
 3.70000000e-01   0.00000000e+00   1.00000000e+00   1.13979117e-01   1.17213358e-04   7.86035249e-01   1.94645584e+00
 3.80000000e-01   0.00000000e+00   1.00000000e+00   1.17920442e-01   1.74288487e-04   7.98880572e-01   1.94598875e+00
 3.90000000e-01   0.00000000e+00   1.00000000e+00   1.21710734e-01   1.91972923e-04   8.08423730e-01   1.94421905e+00
 4.00000000e-01   0.00000000e+00   1.00000000e+00   1.25476505e-01   1.61707506e-04   8.14949847e-01   1.94111877e+00
 4.10000000e-01   0.00000000e+00   1.00000000e+00   1.29460552e-01   9.89657717e-05   8.22389455e-01   1.93786603e+00
 4.20000000e-01   0.00000000e+00   1.00000000e+00   1.33796584e-01   2.83822993e-05   8.35518588e-01   1.93542301e+00
 4.30000000e-01   0.00000000e+00   1.00000000e+00   1.38374151e-01  -3.22249926e-05   8.55690941e-01   1.93388798e+00
 4.40000000e-01   0.00000000e+00   1.00000000e+00   1.42938831e-01  -6.87219668e-05   8.79980474e-01   1.93284213e+00
 4.50000000e-01   0.00000000e+00   1.00000000e+00   1.47281203e-01  -6.53545549e-05   9.03963178e-01   1.93204686e+00
 4.60000000e-01   0.00000000e+00   1.00000000e+00   1.51340647e-01  -1.76590160e-05   9.25075030e-01   1.93193248e+00
 4.70000000e-01   0.00000000e+00   1.00000000e+00   1.55146197e-01   5.55933487e-05   9.43919268e-01   1.93363501e+00
 4.80000000e-01   0.00000000e+00   1.00000000e+00   1.58665737e-01   1.24163453e-04   9.61583849e-01   1.93736419e+00
 4.90000000e-01   0.00000000e+00   1.00000000e+00   1.61781358e-01   1.66078868e-04   9.76274649e-01   1.94138888e+00
 5.00000000e-01   0.00000000e+00   1.00000000e+00   1.64451616e-01   1.72571348e-04   9.84590531e-01   1.94339995e+00
 5.10000000e-01   0.00000000e+00   1.00000000e+00   1.66813011e-01   1.42417849e-04   9.86340686e-01   1.94261590e+00
 5.20000000e-01   0.00000000e+00   1.00000000e+00   1.69063637e-01   8.07906396e-05   9.85447100e-01   1.94024730e+00
 5.30000000e-01   0.00000000e+00   1.00000000e+00   1.71317550e-01   5.02008180e-06   9.86014440e-01   1.93779590e+00
 5.40000000e-01   0.00000000e+00   1.00000000e+00   1.73602031e-01  -5.60836943e-05   9.89909003e-01   1.93611559e+00
 5.50000000e-01   0.00000000e+00   1.00000000e+00   1.75891473e-01  -7.82961860e-05   9.97514937e-01   1.93587567e+00
 5.60000000e-01   0.00000000e+00   1.00000000e+00   1.78073723e-01  -5.75410889e-05   1.00788021e+00   1.93745764e+00
 5.70000000e-01   0.00000000e+00   1.00000000e+00   1.79957352e-01  -5.84216133e-06   1.01763644e+00   1.94016422e+00
 5.80000000e-01   0.00000000e+00   1.00000000e+00   1.81412903e-01   6.16178128e-05   1.02215622e+00   1.94250396e+00
 5.90000000e-01   0.00000000e+00   1.00000000e+00   1.82514720e-01   1.27769611e-04   1.01989750e+00   1.94402525e+00
 6.00000000e-01   0.00000000e+00   1.00000000e+00   1.83491183e-01   1.70049534e-04   1.01420115e+00   1.94560918e+00
 6.10000000e-01   0.00000000e+00   1.00000000e+00   1.84523336e-01   1.69500353e-04   1.00976526e+00   1.94777555e+00
 6.20000000e-01   0.00000000e+00   1.00000000e+00   1.85637333e-01   1.25642812e-04   1.00827212e+00   1.94956604e+00
 6.30000000e-01   0.00000000e+00   1.00000000e+00   1.86801130e-01   5.72890272e-05   1.00849171e+00   1.94975519e+00
 6.40000000e-01   0.00000000e+00   1.00000000e+00   1.88053062e-01  -1.11097612e-05   1.00983784e+00   1.94845744e+00
 6.50000000e-01   0.00000000e+00   1.00000000e+00   1.89479008e-01  -6.05562536e-05   1.01427466e+00   1.94724765e+00
 6.60000000e-01   0.00000000e+00   1.00000000e+00   1.91085995e-01  -7.79164451e-05   1.02438825e+00   1.94795755e+00
 6.70000000e-01   0.00000000e+00   1.00000000e+00   1.92735629e-01  -5.51509827e-05   1.04029762e+00   1.95140919e+00
 6.80000000e-01   0.00000000e+00   1.00000000e+00   1.94208841e-01   3.94660992e-06   1.05854297e+00   1.95694401e+00
 6.90000000e-01   0.00000000e+00   1.00000000e+00   1.95336442e-01   7.83498700e-05   1.07407111e+00   1.96294036e+00
 7.00000000e-01   0.00000000e+00   1.00000000e+00   1.96074642e-01   1.39082411e-04   1.08367829e+00   1.96795641e+00
 7.10000000e-01   0.00000000e+00   1.00000000e+00   1.96482835e-01   1.66361101e-04   1.08742395e+00   1.97145801e+00
 7.20000000e-01   0.00000000e+00   1.00000000e+00   1.96676989e-01   1.55523391e-04   1.08746540e+00   1.97367166e+00
 7.30000000e-01   0.00000000e+00   1.00000000e+00   1.96800776e-01   1.10890062e-04   1.08686151e+00   1.97514024e+00
 7.40000000e-01   0.00000000e+00   1.00000000e+00   1.96954961e-01   4.32541075e-05   1.08887770e+00   1.97650460e+00
 7.50000000e-01   0.00000000e+00   1.00000000e+00   1.97095564e-01  -2.67545707e-05   1.09496201e+00   1.97809526e+00
 7.60000000e-01   0.00000000e+00   1.00000000e+00   1.97044058e-01  -7.28909354e-05   1.10292677e+00   1.97972309e+00
 7.70000000e-01   0.00000000e+00   1.00000000e+00   1.96643683e-01  -7.75064646e-05   1.10877030e+00   1.98130370e+00
 7.80000000e-01   0.00000000e+00   1.00000000e+00   1.95871469e-01  -4.13020392e-05   1.11071703e+00   1.98348919e+00
 7.90000000e-01   0.00000000e+00   1.00000000e+00   1.94766210e-01   2.07726899e-05   1.10992921e+00   1.98718976e+00
 8.00000000e-01   0.00000000e+00   1.00000000e+00   1.93301606e-01   8.95295778e-05   1.10709618e+00   1.99232697e+00
 8.10000000e-01   0.00000000e+00   1.00000000e+00   1.91399797e-01   1.45785324e-04   1.10011555e+00   1.99739391e+00
 8.20000000e-01   0.00000000e+00   1.00000000e+00   1.89064539e-01   1.70913398e-04   1.08641291e+00   2.00058187e+00
 8.30000000e-01   0.00000000e+00   1.00000000e+00   1.86453977e-01   1.53390092e-04   1.06660920e+00   2.00110013e+00
 8.40000000e-01   0.00000000e+00   1.00000000e+00   1.83804789e-01   9.85710184e-05   1.04496109e+00   1.99962816e+00
 8.50000000e-01   0.00000000e+00   1.00000000e+00   1.81294844e-01   2.80254162e-05   1.02635558e+00   1.99764786e+00
 8.60000000e-01   0.00000000e+00   1.00000000e+00   1.78970378e-01  -3.32725989e-05   1.01347264e+00   1.99657342e+00
 8.70000000e-01   0.00000000e+00   1.00000000e+00   1.76763793e-01  -6.76357546e-05   1.00600518e+00   1.99690122e+00
 8.80000000e-01   0.00000000e+00   1.00000000e+00   1.74546888e-01  -6.56732565e-05   1.00163579e+00   1.99828812e+00
 8.90000000e-01   0.00000000e+00   1.00000000e+00   1.72185577e-01  -2.58842180e-05   9.97331316e-01   2.00019783e+00
 9.00000000e-01   0.00000000e+00   1.00000000e+00   1.69603099e-01   4.12989234e-05   9.90609925e-01   2.00241452e+00
 9.10000000e-01   0.00000000e+00   1.00000000e+00   1.66831650e-01   1.12778288e-04   9.80720046e-01   2.00495346e+00
 9.20000000e-01   0.00000000e+00   1.00000000e+00   1.63994003e-01   1.62486767e-04   9.69056924e-01   2.00770300e+00
 9.30000000e-01   0.00000000e+00   1.00000000e+00   1.61206851e-01   1.74526379e-04   9.57949486e-01   2.01019945e+00
 9.40000000e-01   0.00000000e+00   1.00000000e+00   1.58500351e-01   1.47854522e-04   9.48618098e-01   2.01170947e+00
 9.50000000e-01   0.00000000e+00   1.00000000e+00   1.55850590e-01   9.20016504e-05   9.40522125e-01   2.01158828e+00
 9.60000000e-01   0.00000000e+00   1.00000000e+00   1.53276454e-01   2.30639925e-05   9.33181794e-01   2.00988373e+00
 9.70000000e-01   0.00000000e+00   1.00000000e+00   1.50847589e-01  -3.72387568e-05   9.28069142e-01   2.00781490e+00
 9.80000000e-01   0.00000000e+00   1.00000000e+00   1.48566683e-01  -6.66908616e-05   9.27411976e-01   2.00715632e+00
 9.90000000e-01   0.00000000e+00   1.00000000e+00   1.46280608e-01  -5.37270513e-05   9.31058894e-01   2.00889054e+00
 1.00000000e+00   0.00000000e+00   1.00000000e+00   1.43750833e-01  -4.18258204e-06   9.35310614e-01   2.01243143e+00
 1.01000000e+00   0.00000000e+00   1.00000000e+00   1.40807526e-01   6.36325538e-05   9.35445708e-01   2.01625149e+00
 1.02000000e+00   0.00000000e+00   1.00000000e+00   1.37429012e-01   1.28557058e-04   9.28980309e-01   2.01903634e+00
 1.03000000e+00   0.00000000e+00   1.00000000e+00   1.33711106e-01   1.71678737e-04   9.16515906e-01   2.02037076e+00
 1.04000000e+00   0.00000000e+00   1.00000000e+00   1.29800426e-01   1.78724691e-04   9.00511693e-01   2.02055361e+00
 1.05000000e+00   0.00000000e+00   1.00000000e+00   1.25838467e-01   1.45448725e-04   8.83727709e-01   2.01986660e+00
 1.06000000e+00   0.00000000e+00   1.00000000e+00   1.21911355e-01   8.28238898e-05   8.68210821e-01   2.01825468e+00
 1.07000000e+00   0.00000000e+00   1.00000000e+00   1.18017057e-01   1.38703175e-05   8.54638238e-01   2.01561089e+00
 1.08000000e+00   0.00000000e+00   1.00000000e+00   1.14086395e-01  -3.74664306e-05   8.42300047e-01   2.01220705e+00
 1.09000000e+00   0.00000000e+00   1.00000000e+00   1.10053580e-01  -5.56875123e-05   8.29917971e-01   2.00879749e+00
 1.10000000e+00   0.00000000e+00   1.00000000e+00   1.05907538e-01  -3.58052974e-05   8.16910785e-01   2.00635226e+00
 1.11000000e+00   0.00000000e+00   1.00000000e+00   1.01666135e-01   1.73104603e-05   8.03578919e-01   2.00537962e+00
 1.12000000e+00   0.00000000e+00   1.00000000e+00   9.73130950e-02   8.81587643e-05   7.89932905e-01   2.00569404e+00
 1.13000000e+00   0.00000000e+00   1.00000000e+00   9.28005745e-02   1.52854880e-04   7.74851131e-01   2.00613111e+00
 1.14000000e+00   0.00000000e+00   1.00000000e+00   8.81428863e-02   1.88603096e-04   7.56949024e-01   2.00517429e+00
 1.15000000e+00   0.00000000e+00   1.00000000e+00   8.34925783e-02   1.84398499e-04   7.36474523e-01   2.00192699e+00
 1.16000000e+00   0.00000000e+00   1.00000000e+00   7.90865445e-02   1.43936334e-04   7.16009447e-01   1.99686959e+00
 1.17000000e+00   0.00000000e+00   1.00000000e+00   7.50993092e-02   8.11424093e-05   6.98886919e-01   1.99134097e+00
 1.18000000e+00   0.00000000e+00   1.00000000e+00   7.15480307e-02   1.53400777e-05   6.86992634e-01   1.98632729e+00
 1.19000000e+00   0.00000000e+00   1.00000000e+00   6.83218254e-02  -3.21397783e-05   6.79941377e-01   1.98205058e+00
 1.20000000e+00   0.00000000e+00   1.00000000e+00   6.52707247e-02  -4.39401866e-05   6.75906403e-01   1.97847332e+00
 1.21000000e+00   0.00000000e+00   1.00000000e+00   6.22680011e-02  -1.49470793e-05   6.72879336e-01   1.97570108e+00
 1.22000000e+00   0.00000000e+00   1.00000000e+00   5.92374427e-02   4.43172164e-05   6.69385863e-01   1.97399365e+00
 1.23000000e+00   0.00000000e+00   1.00000000e+00   5.61682179e-02   1.13187756e-04   6.64694699e-01   1.97341101e+00
 1.24000000e+00   0.00000000e+00   1.00000000e+00   5.31036108e-02   1.69920964e-04   6.58872755e-01   1.97351874e+00
 1.25000000e+00   0.00000000e+00   1.00000000e+00   5.00935722e-02   1.97500425e-04   6.52463834e-01   1.97336970e+00
 1.26000000e+00   0.00000000e+00   1.00000000e+00   4.71579680e-02   1.86668042e-04   6.45864010e-01   1.97187175e+00
 1.27000000e+00   0.00000000e+00   1.00000000e+00   4.43074621e-02   1.39628321e-04   6.39115822e-01   1.96839788e+00
 1.28000000e+00   0.00000000e+00   1.00000000e+00   4.15861549e-02   7.20208999e-05   6.32471878e-01   1.96323527e+00
 1.29000000e+00   0.00000000e+00   1.00000000e+00   3.90553672e-02   7.82879331e-06   6.26918171e-01   1.95755368e+00
 1.30000000e+00   0.00000000e+00   1.00000000e+00   3.67099915e-02  -3.11479171e-05   6.23675140e-01   1.95271988e+00
 1.31000000e+00   0.00000000e+00   1.00000000e+00   3.44195483e-02  -3.32557488e-05   6.22857199e-01   1.94942304e+00
 1.32000000e+00   0.00000000e+00   1.00000000e+00   3.19801369e-02   1.47237270e-06   6.22659647e-01   1.94735789e+00
 1.33000000e+00   0.00000000e+00   1.00000000e+00   2.92471235e-02   6.27346505e-05   6.20272916e-01   1.94561800e+00
 1.34000000e+00   0.00000000e+00   1.00000000e+00   2.62279869e-02   1.31578975e-04   6.13892365e-01   1.94341225e+00
 1.35000000e+00   0.00000000e+00   1.00000000e+00   2.30593073e-02   1.84852077e-04   6.03818504e-01   1.94051675e+00
 1.36000000e+00   0.00000000e+00   1.00000000e+00   1.99128394e-02   2.04077301e-04   5.91775952e-01   1.93693330e+00
 1.37000000e+00   0.00000000e+00   1.00000000e+00   1.69238639e-02   1.83601742e-04   5.79565074e-01   1.93250372e+00
 1.38000000e+00   0.00000000e+00   1.00000000e+00   1.41734708e-02   1.31765234e-04   5.68326275e-01   1.92684720e+00
 1.39000000e+00   0.00000000e+00   1.00000000e+00   1.16941389e-02   6.59201730e-05   5.58603145e-01   1.91986092e+00
 1.40000000e+00   0.00000000e+00   1.00000000e+00   9.47945714e-03   6.74722447e-06   5.50580912e-01   1.91201149e+00
 1.41000000e+00   0.00000000e+00   1.00000000e+00   7.50493959e-03  -2.63765247e-05   5.44172857e-01   1.90434516e+00
 1.42000000e+00   0.00000000e+00   1.00000000e+00   5.74770461e-03  -2.12130269e-05   5.39145033e-01   1.89808449e+00
 1.43000000e+00   0.00000000e+00   1.00000000e+00   4.17772070e-03   2.13125694e-05   5.35261347e-01   1.89393368e+00
 1.44000000e+00   0.00000000e+00   1.00000000e+00   2.73651250e-03   8.63311300e-05   5.32145598e-01   1.89157211e+00
 1.45000000e+00   0.00000000e+00   1.00000000e+00   1.35941709e-03   1.51581436e-04   5.28978248e-01   1.88982141e+00
 1.46000000e+00   0.00000000e+00   1.00000000e+00   5.01976010e-05   1.96293569e-04   5.24687467e-01   1.88750381e+00
 1.47000000e+00   0.00000000e+00   1.00000000e+00  -1.07003690e-03   2.06892103e-04   5.18864227e-01   1.88415494e+00
 1.48000000e+00   0.00000000e+00   1.00000000e+00  -1.81574202e-03   1.79647579e-04   5.12509911e-01   1.88005253e+00
 1.49000000e+00   0.00000000e+00   1.00000000e+00  -2.06127778e-03   1.22460368e-04   5.07715848e-01   1.87567478e+00
 1.50000000e+00   0.00000000e+00   1.00000000e+00  -1.82532725e-03   5.41468231e-05   5.06333106e-01   1.87128025e+00
 1.51000000e+00   0.00000000e+00   1.00000000e+00  -1.24745892e-03  -1.79275909e-06   5.08698978e-01   1.86704519e+00
 1.52000000e+00   0.00000000e+00   1.00000000e+00  -4.97274649e-04  -2.67731706e-05   5.13606805e-01   1.86327516e+00
 1.53000000e+00   0.00000000e+00   1.00000000e+00   2.97017871e-04  -1.37306431e-05   5.19372623e-01   1.86039549e+00
 1.54000000e+00   0.00000000e+00   1.00000000e+00   1.06277047e-03   3.22588534e-05   5.24799124e-01   1.85880351e+00
 1.55000000e+00   0.00000000e+00   1.00000000e+00   1.76666488e-03   9.66438553e-05   5.29275012e-01   1.85857232e+00
 1.56000000e+00   0.00000000e+00   1.00000000e+00   2.40274792e-03   1.58835679e-04   5.32453238e-01   1.85917482e+00
 1.57000000e+00   0.00000000e+00   1.00000000e+00   2.98898840e-03   1.97676353e-04   5.34115138e-01   1.85954244e+00
 1.58000000e+00   0.00000000e+00   1.00000000e+00   3.56525395e-03   1.99351240e-04   5.34262269e-01   1.85852786e+00
 1.59000000e+00   0.00000000e+00   1.00000000e+00   4.19498016e-03   1.63488685e-04   5.33218750e-01   1.85558393e+00
 1.60000000e+00   0.00000000e+00   1.00000000e+00   4.96341377e-03   1.02814281e-04   5.31691216e-01   1.85110762e+00
 1.61000000e+00   0.00000000e+00   1.00000000e+00   5.94608041e-03   3.72911457e-05   5.30785656e-01   1.84620154e+00
 1.62000000e+00   0.00000000e+00   1.00000000e+00   7.14607421e-03  -1.25023236e-05   5.31658216e-01   1.84188779e+00
 1.63000000e+00   0.00000000e+00   1.00000000e+00   8.45762976e-03  -3.05524602e-05   5.34651611e-01   1.83856473e+00
 1.64000000e+00   0.00000000e+00   1.00000000e+00   9.71675630e-03  -1.02202066e-05   5.38601080e-01   1.83607955e+00
 1.65000000e+00   0.00000000e+00   1.00000000e+00   1.08152094e-02   4.21717283e-05   5.41370776e-01   1.83410506e+00
 1.66000000e+00   0.00000000e+00   1.00000000e+00   1.17785240e-02   1.08609875e-04   5.41408684e-01   1.83246088e+00
 1.67000000e+00   0.00000000e+00   1.00000000e+00   1.27423292e-02   1.66474005e-04   5.38789487e-01   1.83107466e+00
 1.68000000e+00   0.00000000e+00   1.00000000e+00   1.38640785e-02   1.97097173e-04   5.34868214e-01   1.82977202e+00
 1.69000000e+00   0.00000000e+00   1.00000000e+00   1.52559942e-02   1.91094553e-04   5.31189219e-01   1.82815411e+00
 1.70000000e+00   0.00000000e+00   1.00000000e+00   1.69770778e-02   1.50139677e-04   5.28743817e-01   1.82573836e+00
 1.71000000e+00   0.00000000e+00   1.00000000e+00   1.90542787e-02   8.68212212e-05   5.28027868e-01   1.82232608e+00
 1.72000000e+00   0.00000000e+00   1.00000000e+00   2.14924192e-02   2.18590711e-05   5.29434909e-01   1.81838884e+00
 1.73000000e+00   0.00000000e+00   1.00000000e+00   2.42666346e-02  -2.27471927e-05   5.33357343e-01   1.81496847e+00
 1.74000000e+00   0.00000000e+00   1.00000000e+00   2.73135641e-02  -3.23000914e-05   5.39960017e-01   1.81319715e+00
 1.75000000e+00   0.00000000e+00   1.00000000e+00   3.05332762e-02  -4.61920376e-06   5.48864808e-01   1.81354764e+00
 1.76000000e+00   0.00000000e+00   1.00000000e+00   3.38085196e-02   5.04244778e-05   5.59001972e-01   1.81549070e+00
 1.77000000e+00   0.00000000e+00   1.00000000e+00   3.70474385e-02   1.14879110e-04   5.68819131e-01   1.81796709e+00
 1.78000000e+00   0.00000000e+00   1.00000000e+00   4.02376559e-02   1.67717359e-04   5.76981037e-01   1.82008711e+00
 1.79000000e+00   0.00000000e+00   1.00000000e+00   4.34679066e-02   1.90850938e-04   5.83308955e-01   1.82155418e+00
 1.80000000e+00   0.00000000e+00   1.00000000e+00   4.68772366e-02   1.75741008e-04   5.89183224e-01   1.82253671e+00
 1.81000000e+00   0.00000000e+00   1.00000000e+00   5.05540185e-02   1.27264193e-04   5.96799643e-01   1.82325851e+00
 1.82000000e+00   0.00000000e+00   1.00000000e+00   5.44665690e-02   6.17453011e-05   6.07589409e-01   1.82367261e+00
 1.83000000e+00   0.00000000e+00   1.00000000e+00   5.84843681e-02   4.51076901e-07   6.21302635e-01   1.82380909e+00
 1.84000000e+00   0.00000000e+00   1.00000000e+00   6.24602697e-02  -3.73817838e-05   6.36343558e-01   1.82397472e+00
 1.85000000e+00   0.00000000e+00   1.00000000e+00   6.62929564e-02  -3.97958956e-05   6.51009569e-01   1.82469416e+00
 1.86000000e+00   0.00000000e+00   1.00000000e+00   6.99299921e-02  -5.76492047e-06   6.64284294e-01   1.82643721e+00
 1.87000000e+00   0.00000000e+00   1.00000000e+00   7.33427827e-02   5.35090784e-05   6.75675725e-01   1.82925972e+00
 1.88000000e+00   0.00000000e+00   1.00000000e+00   7.65197063e-02   1.17745262e-04   6.84637274e-01   1.83265428e+00
 1.89000000e+00   0.00000000e+00   1.00000000e+00   7.94835460e-02   1.65053999e-04   6.90667217e-01   1.83558553e+00
 1.90000000e+00   0.00000000e+00   1.00000000e+00   8.23072326e-02   1.79917683e-04   6.93783619e-01   1.83716304e+00
 1.91000000e+00   0.00000000e+00   1.00000000e+00   8.51070101e-02   1.57784419e-04   6.94947565e-01   1.83716946e+00
 1.92000000e+00   0.00000000e+00   1.00000000e+00   8.80099657e-02   1.05687388e-04   6.95962990e-01   1.83616674e+00
 1.93000000e+00   0.00000000e+00   1.00000000e+00   9.11035663e-02   4.01611899e-05   6.98876937e-01   1.83515573e+00
 1.94000000e+00   0.00000000e+00   1.00000000e+00   9.43879175e-02  -1.73382886e-05   7.05002129e-01   1.83483225e+00
 1.95000000e+00   0.00000000e+00   1.00000000e+00   9.77665149e-02  -4.75180788e-05   7.14172783e-01   1.83548449e+00
 1.96000000e+00   0.00000000e+00   1.00000000e+00   1.01099409e-01  -4.04852225e-05   7.24575397e-01   1.83690121e+00
 1.97000000e+00   0.00000000e+00   1.00000000e+00   1.04293153e-01   7.50521552e-07   7.33895111e-01   1.83884529e+00
 1.98000000e+00   0.00000000e+00   1.00000000e+00   1.07359539e-01   6.20846289e-05   7.40857335e-01   1.84121281e+00
 1.99000000e+00   0.00000000e+00   1.00000000e+00   1.10396139e-01   1.23439942e-04   7.46001072e-01   1.84406478e+00
 2.00000000e+00   0.00000000e+00   1.00000000e+00   1.13513950e-01   1.64734953e-04   7.50958796e-01   1.84729438e+00
 2.01000000e+00   0.00000000e+00   1.00000000e+00   1.16782169e-01   1.71891153e-04   7.57164837e-01   1.85041230e+00
 2.02000000e+00   0.00000000e+00   1.00000000e+00   1.20227564e-01   1.41928266e-04   7.65285329e-01   1.85280340e+00
 2.03000000e+00   0.00000000e+00   1.00000000e+00   1.23860255e-01   8.46442881e-05   7.75585029e-01   1.85416416e+00
 2.04000000e+00   0.00000000e+00   1.00000000e+00   1.27678182e-01   1.91390076e-05   7.88644263e-01   1.85510115e+00
 2.05000000e+00   0.00000000e+00   1.00000000e+00   1.31642413e-01  -3.32263337e-05   8.05144616e-01   1.85668582e+00
 2.06000000e+00   0.00000000e+00   1.00000000e+00   1.35655879e-01  -5.58713029e-05   8.25025478e-01   1.85976326e+00
 2.07000000e+00   0.00000000e+00   1.00000000e+00   1.39574805e-01  -4.17491943e-05   8.46911578e-01   1.86442730e+00
 2.08000000e+00   0.00000000e+00   1.00000000e+00   1.43252504e-01   4.51202411e-06   8.68261552e-01   1.87003633e+00
 2.09000000e+00   0.00000000e+00   1.00000000e+00   1.46595081e-01   6.75094586e-05   8.86382718e-01   1.87561890e+00
 2.10000000e+00   0.00000000e+00   1.00000000e+00   1.49602281e-01   1.25857573e-04   8.99754661e-01   1.88044314e+00
 2.11000000e+00   0.00000000e+00   1.00000000e+00   1.52366206e-01   1.59806200e-04   9.08928352e-01   1.88431286e+00
 2.12000000e+00   0.00000000e+00   1.00000000e+00   1.55016623e-01   1.58212360e-04   9.16172493e-01   1.88745539e+00
 2.13000000e+00   0.00000000e+00   1.00000000e+00   1.57640472e-01   1.21794789e-04   9.24030866e-01   1.89016830e+00
 2.14000000e+00   0.00000000e+00   1.00000000e+00   1.60232622e-01   6.22942517e-05   9.33746318e-01   1.89255352e+00
 2.15000000e+00   0.00000000e+00   1.00000000e+00   1.62714219e-01  -1.16669178e-06   9.44736547e-01   1.89459189e+00
 2.16000000e+00   0.00000000e+00   1.00000000e+00   1.64994798e-01  -4.77512325e-05   9.55464727e-01   1.89645828e+00
 2.17000000e+00   0.00000000e+00   1.00000000e+00   1.67018265e-01  -6.18643143e-05   9.64719109e-01   1.89868640e+00
 2.18000000e+00   0.00000000e+00   1.00000000e+00   1.68761297e-01  -3.89191957e-05   9.72014042e-01   1.90184249e+00
 2.19000000e+00   0.00000000e+00   1.00000000e+00   1.70210159e-01   1.30722403e-05   9.77001914e-01   1.90596243e+00
 2.20000000e+00   0.00000000e+00   1.00000000e+00   1.71360096e-01   7.67069265e-05   9.79018141e-01   1.91045267e+00
 2.21000000e+00   0.00000000e+00   1.00000000e+00   1.72244530e-01   1.31194369e-04   9.77409480e-01   1.91435266e+00
 2.22000000e+00   0.00000000e+00   1.00000000e+00   1.72959299e-01   1.58757780e-04   9.72520024e-01   1.91694660e+00
 2.23000000e+00   0.00000000e+00   1.00000000e+00   1.73648096e-01   1.50121387e-04   9.66215755e-01   1.91824622e+00
 2.24000000e+00   0.00000000e+00   1.00000000e+00   1.74450564e-01   1.07919277e-04   9.61345457e-01   1.91890295e+00
 2.25000000e+00   0.00000000e+00   1.00000000e+00   1.75442849e-01   4.62536082e-05   9.60414892e-01   1.91971448e+00
 2.26000000e+00   0.00000000e+00   1.00000000e+00   1.76603361e-01  -1.42402225e-05   9.64466365e-01   1.92126029e+00
 2.27000000e+00   0.00000000e+00   1.00000000e+00   1.77823875e-01  -5.37281321e-05   9.72593247e-01   1.92371301e+00
 2.28000000e+00   0.00000000e+00   1.00000000e+00   1.78965225e-01  -5.95836237e-05   9.82394890e-01   1.92692830e+00
 2.29000000e+00   0.00000000e+00   1.00000000e+00   1.79928737e-01  -2.99827818e-05   9.91249640e-01   1.93060197e+00
 2.30000000e+00   0.00000000e+00   1.00000000e+00   1.80697003e-01   2.55325412e-05   9.97849521e-01   1.93465854e+00
 2.31000000e+00   0.00000000e+00   1.00000000e+00   1.81317280e-01   8.86834833e-05   1.00252262e+00   1.93908971e+00
 2.32000000e+00   0.00000000e+00   1.00000000e+00   1.81849547e-01   1.38314735e-04   1.00638817e+00   1.94368433e+00
 2.33000000e+00   0.00000000e+00   1.00000000e+00   1.82329727e-01   1.57826649e-04   1.01026273e+00   1.94786707e+00
 2.34000000e+00   0.00000000e+00   1.00000000e+00   1.82773170e-01   1.40948818e-04   1.01436513e+00   1.95098573e+00
 2.35000000e+00   0.00000000e+00   1.00000000e+00   1.83193812e-01   9.34630796e-05   1.01900020e+00   1.95291735e+00
 2.36000000e+00   0.00000000e+00   1.00000000e+00   1.83599575e-01   3.09180510e-05   1.02500047e+00   1.95429221e+00
 2.37000000e+00   0.00000000e+00   1.00000000e+00   1.83959611e-01  -2.62873826e-05   1.03320544e+00   1.95612256e+00
 2.38000000e+00   0.00000000e+00   1.00000000e+00   1.84179270e-01  -5.92304816e-05   1.04336053e+00   1.95914053e+00
 2.39000000e+00   0.00000000e+00   1.00000000e+00   1.84117434e-01  -5.68283560e-05   1.05350188e+00   1.96337610e+00
 2.40000000e+00   0.00000000e+00   1.00000000e+00   1.83643326e-01  -1.99385999e-05   1.06057522e+00   1.96819769e+00
 2.41000000e+00   0.00000000e+00   1.00000000e+00   1.82697495e-01   3.89650688e-05   1.06189183e+00   1.97270687e+00
 2.42000000e+00   0.00000000e+00   1.00000000e+00   1.81320377e-01   1.00401779e-04   1.05672962e+00   1.97634839e+00
 2.43000000e+00   0.00000000e+00   1.00000000e+00   1.79633090e-01   1.44441483e-04   1.04655192e+00   1.97901421e+00
 2.44000000e+00   0.00000000e+00   1.00000000e+00   1.77780858e-01   1.56851211e-04   1.03410348e+00   1.98091089e+00
 2.45000000e+00   0.00000000e+00   1.00000000e+00   1.75869972e-01   1.33526083e-04   1.02194391e+00   1.98221284e+00
 2.46000000e+00   0.00000000e+00   1.00000000e+00   1.73935036e-01   8.21541711e-05   1.01133847e+00   1.98290076e+00
 2.47000000e+00   0.00000000e+00   1.00000000e+00   1.71953620e-01   2.00157641e-05   1.00218041e+00   1.98303129e+00
 2.48000000e+00   0.00000000e+00   1.00000000e+00   1.69887938e-01  -3.19610359e-05   9.93768034e-01   1.98292437e+00
 2.49000000e+00   0.00000000e+00   1.00000000e+00   1.67712950e-01  -5.65057587e-05   9.85601431e-01   1.98322378e+00
 2.50000000e+00   0.00000000e+00   1.00000000e+00   1.65412190e-01  -4.55864551e-05   9.77473928e-01   1.98455698e+00
 2.51000000e+00   0.00000000e+00   1.00000000e+00   1.62963872e-01  -2.64914576e-06   9.68934935e-01   1.98697619e+00
 2.52000000e+00   0.00000000e+00   1.00000000e+00   1.60351202e-01   5.85375644e-05   9.59029886e-01   1.98986412e+00
 2.53000000e+00   0.00000000e+00   1.00000000e+00   1.57598037e-01   1.18045234e-04   9.46933516e-01   1.99227919e+00
 2.54000000e+00   0.00000000e+00   1.00000000e+00   1.54793553e-01   1.56264463e-04   9.32915771e-01   1.99352755e+00
 2.55000000e+00   0.00000000e+00   1.00000000e+00   1.52072193e-01   1.60721205e-04   9.18742060e-01   1.99359477e+00
 2.56000000e+00   0.00000000e+00   1.00000000e+00   1.49554076e-01   1.30369503e-04   9.06921973e-01   1.99303073e+00
 2.57000000e+00   0.00000000e+00   1.00000000e+00   1.47284627e-01   7.56215663e-05   8.99398528e-01   1.99249080e+00
 2.58000000e+00   0.00000000e+00   1.00000000e+00   1.45211380e-01   1.46140490e-05   8.96557585e-01   1.99237688e+00
 2.59000000e+00   0.00000000e+00   1.00000000e+00   1.43209156e-01  -3.25749088e-05   8.97104177e-01   1.99279305e+00
 2.60000000e+00   0.00000000e+00   1.00000000e+00   1.41136434e-01  -5.02077606e-05   8.98774906e-01   1.99374449e+00
 2.61000000e+00   0.00000000e+00   1.00000000e+00   1.38890899e-01  -3.21640523e-05   8.99405292e-01   1.99523811e+00
 2.62000000e+00   0.00000000e+00   1.00000000e+00   1.36435009e-01   1.57098026e-05   8.97787940e-01   1.99731215e+00
 2.63000000e+00   0.00000000e+00   1.00000000e+00   1.33782967e-01   7.75528526e-05   8.93750284e-01   1.99980053e+00
 2.64000000e+00   0.00000000e+00   1.00000000e+00   1.30968603e-01   1.33058463e-04   8.87662944e-01   2.00223302e+00
 2.65000000e+00   0.00000000e+00   1.00000000e+00   1.28025364e-01   1.64261282e-04   8.79876581e-01   2.00388207e+00
 2.66000000e+00   0.00000000e+00   1.00000000e+00   1.24990217e-01   1.61184974e-04   8.70737950e-01   2.00417612e+00
 2.67000000e+00   0.00000000e+00   1.00000000e+00   1.21911068e-01   1.24961715e-04   8.60922669e-01   2.00305276e+00
 2.68000000e+00   0.00000000e+00   1.00000000e+00   1.18830410e-01   6.76710093e-05   8.51552358e-01   2.00108045e+00
 2.69000000e+00   0.00000000e+00   1.00000000e+00   1.15747692e-01   8.55048877e-06   8.43599128e-01   1.99914646e+00
 2.70000000e+00   0.00000000e+00   1.00000000e+00   1.12595902e-01  -3.25213844e-05   8.37039227e-01   1.99791970e+00
 2.71000000e+00   0.00000000e+00   1.00000000e+00   1.09263882e-01  -4.18110922e-05   8.30417373e-01   1.99744034e+00
 2.72000000e+00   0.00000000e+00   1.00000000e+00   1.05657075e-01  -1.61303032e-05   8.21679623e-01   1.99733121e+00
 2.73000000e+00   0.00000000e+00   1.00000000e+00   1.01756001e-01   3.63498761e-05   8.09273522e-01   1.99703448e+00
 2.74000000e+00   0.00000000e+00   1.00000000e+00   9.76344597e-02   9.87693473e-05   7.93194145e-01   1.99613695e+00
 2.75000000e+00   0.00000000e+00   1.00000000e+00   9.34302139e-02   1.50962651e-04   7.74798485e-01   1.99464027e+00
 2.76000000e+00   0.00000000e+00   1.00000000e+00   8.92901679e-02   1.75998591e-04   7.56025262e-01   1.99248781e+00
 2.77000000e+00   0.00000000e+00   1.00000000e+00   8.53219764e-02   1.65890336e-04   7.38551654e-01   1.98959730e+00
 2.78000000e+00   0.00000000e+00   1.00000000e+00   8.15745726e-02   1.24381454e-04   7.23305857e-01   1.98584747e+00
 2.79000000e+00   0.00000000e+00   1.00000000e+00   7.80495596e-02   6.55811302e-05   7.10511146e-01   1.98135429e+00
 2.80000000e+00   0.00000000e+00   1.00000000e+00   7.47249510e-02   9.14681011e-06   7.00015078e-01   1.97667574e+00
 2.81000000e+00   0.00000000e+00   1.00000000e+00   7.15681204e-02  -2.61143111e-05   6.91571286e-01   1.97261191e+00
 2.82000000e+00   0.00000000e+00   1.00000000e+00   6.85327443e-02  -2.82881938e-05   6.84809762e-01   1.96978013e+00
 2.83000000e+00   0.00000000e+00   1.00000000e+00   6.55583543e-02   3.66469916e-06   6.79015095e-01   1.96822607e+00
 2.84000000e+00   0.00000000e+00   1.00000000e+00   6.25928381e-02   5.93911008e-05   6.73121640e-01   1.96738493e+00
 2.85000000e+00   0.00000000e+00   1.00000000e+00   5.96312858e-02   1.20610766e-04   6.66185656e-01   1.96646040e+00
 2.86000000e+00   0.00000000e+00   1.00000000e+00   5.67371345e-02   1.67359190e-04   6.58056750e-01   1.96486961e+00
 2.87000000e+00   0.00000000e+00   1.00000000e+00   5.40176424e-02   1.84532421e-04   6.49644976e-01   1.96250124e+00
 2.88000000e+00   0.00000000e+00   1.00000000e+00   5.15632802e-02   1.66640444e-04   6.42470917e-01   1.95960727e+00
 2.89000000e+00   0.00000000e+00   1.00000000e+00   4.93921138e-02   1.19601326e-04   6.37797479e-01   1.95646480e+00
 2.90000000e+00   0.00000000e+00   1.00000000e+00   4.74357339e-02   5.90157771e-05   6.35926954e-01   1.95324169e+00
 2.91000000e+00   0.00000000e+00   1.00000000e+00   4.55708421e-02   5.11593028e-06   6.36066313e-01   1.95006335e+00
 2.92000000e+00   0.00000000e+00   1.00000000e+00   4.36712908e-02  -2.40873837e-05   6.36781017e-01   1.94714159e+00
 2.93000000e+00   0.00000000e+00   1.00000000e+00   4.16494714e-02  -1.89056662e-05   6.36684197e-01   1.94474665e+00
 2.94000000e+00   0.00000000e+00   1.00000000e+00   3.94703963e-02   1.89280365e-05   6.34886409e-01   1.94303461e+00
 2.95000000e+00   0.00000000e+00   1.00000000e+00   3.71420683e-02   7.70114297e-05   6.31065522e-01   1.94181993e+00
 2.96000000e+00   0.00000000e+00   1.00000000e+00   3.46991640e-02   1.36350833e-04   6.25254608e-01   1.94053001e+00
 2.97000000e+00   0.00000000e+00   1.00000000e+00   3.21958228e-02   1.77496762e-04   6.17686436e-01   1.93843213e+00
 2.98000000e+00   0.00000000e+00   1.00000000e+00   2.97072605e-02   1.86980380e-04   6.08827926e-01   1.93500702e+00
 2.99000000e+00   0.00000000e+00   1.00000000e+00   2.73233338e-02   1.61893644e-04   5.99488987e-01   1.93025301e+00
 3.00000000e+00   0.00000000e+00   1.00000000e+00   2.51202265e-02   1.10836601e-04   5.90747483e-01   1.92466051e+00
 3.01000000e+00   0.00000000e+00   1.00000000e+00   2.31211041e-02   5.09042619e-05   5.83554554e-01   1.91894938e+00
 3.02000000e+00   0.00000000e+00   1.00000000e+00   2.12780406e-02   1.99123823e-06   5.78204552e-01   1.91365784e+00
 3.03000000e+00   0.00000000e+00   1.00000000e+00   1.94987020e-02  -1.96281207e-05   5.74073613e-01   1.90897426e+00
 3.04000000e+00   0.00000000e+00   1.00000000e+00   1.77059191e-02  -6.58380960e-06   5.69925635e-01   1.90482831e+00
 3.05000000e+00   0.00000000e+00   1.00000000e+00   1.58899465e-02   3.70654448e-05   5.64667546e-01   1.90107074e+00
 3.06000000e+00   0.00000000e+00   1.00000000e+00   1.41192542e-02   9.70216209e-05   5.57961903e-01   1.89763422e+00
 3.07000000e+00   0.00000000e+00   1.00000000e+00   1.25084746e-02   1.53506256e-04   5.50303822e-01   1.89442356e+00
 3.08000000e+00   0.00000000e+00   1.00000000e+00   1.11702866e-02   1.87966481e-04   5.42667030e-01   1.89125224e+00
 3.09000000e+00   0.00000000e+00   1.00000000e+00   1.01806492e-02   1.89215619e-04   5.36032564e-01   1.88775964e+00
 3.10000000e+00   0.00000000e+00   1.00000000e+00   9.56912628e-03   1.56980124e-04   5.31106617e-01   1.88365826e+00
 3.11000000e+00   0.00000000e+00   1.00000000e+00   9.32667915e-03   1.01937061e-04   5.28274140e-01   1.87905077e+00
 3.12000000e+00   0.00000000e+00   1.00000000e+00   9.41541559e-03   4.22772704e-05   5.27677245e-01   1.87446873e+00
 3.13000000e+00   0.00000000e+00   1.00000000e+00   9.77102221e-03  -2.27523413e-06   5.29261208e-01   1.87066374e+00
 3.14000000e+00   0.00000000e+00   1.00000000e+00   1.03029866e-02  -1.70960999e-05   5.32672016e-01   1.86811975e+00
 3.15000000e+00   0.00000000e+00   1.00000000e+00   1.09075340e-02   2.47553498e-06   5.37111158e-01   1.86683043e+00
 3.16000000e+00   0.00000000e+00   1.00000000e+00   1.15008080e-02   4.97596981e-05   5.41406961e-01   1.86630757e+00
 3.17000000e+00   0.00000000e+00   1.00000000e+00   1.20578102e-02   1.09010797e-04   5.44462976e-01   1.86592760e+00
 3.18000000e+00   0.00000000e+00   1.00000000e+00   1.26268738e-02   1.60568417e-04   5.45857780e-01   1.86524677e+00
 3.19000000e+00   0.00000000e+00   1.00000000e+00   1.33007347e-02   1.87283334e-04   5.46133437e-01   1.86410124e+00
 3.20000000e+00   0.00000000e+00   1.00000000e+00   1.41583592e-02   1.80174879e-04   5.46486099e-01   1.86249594e+00
 3.21000000e+00   0.00000000e+00   1.00000000e+00   1.52162821e-02   1.41475487e-04   5.48042308e-01   1.86042929e+00
 3.22000000e+00   0.00000000e+00   1.00000000e+00   1.64203296e-02   8.38954506e-05   5.51219667e-01   1.85789105e+00
 3.23000000e+00   0.00000000e+00   1.00000000e+00   1.76766018e-02   2.63252324e-05   5.55574339e-01   1.85504333e+00
 3.24000000e+00   0.00000000e+00   1.00000000e+00   1.88947356e-02  -1.24125422e-05   5.60156260e-01   1.85222763e+00
 3.25000000e+00   0.00000000e+00   1.00000000e+00   2.00164897e-02  -1.96915340e-05   5.64032096e-01   1.84987661e+00
 3.26000000e+00   0.00000000e+00   1.00000000e+00   2.10220081e-02   6.79359672e-06   5.66571981e-01   1.84824595e+00
 3.27000000e+00   0.00000000e+00   1.00000000e+00   2.19241603e-02   5.82118975e-05   5.67460928e-01   1.84722724e+00
 3.28000000e+00   0.00000000e+00   1.00000000e+00   2.27646174e-02   1.17458975e-04   5.66607271e-01   1.84634423e+00
 3.29000000e+00   0.00000000e+00   1.00000000e+00   2.36153488e-02   1.64859667e-04   5.64162975e-01   1.84500015e+00
 3.30000000e+00   0.00000000e+00   1.00000000e+00   2.45765097e-02   1.84757137e-04   5.60663551e-01   1.84284128e+00
 3.31000000e+00   0.00000000e+00   1.00000000e+00   2.57578384e-02   1.70642215e-04   5.57086991e-01   1.83992849e+00
 3.32000000e+00   0.00000000e+00   1.00000000e+00   2.72416873e-02   1.27167157e-04   5.54689238e-01   1.83668839e+00
 3.33000000e+00   0.00000000e+00   1.00000000e+00   2.90453951e-02   6.85718228e-05   5.54558688e-01   1.83363526e+00
 3.34000000e+00   0.00000000e+00   1.00000000e+00   3.11109039e-02   1.40660490e-05   5.57065187e-01   1.83111091e+00
 3.35000000e+00   0.00000000e+00   1.00000000e+00   3.33358248e-02  -1.84756250e-05   5.61609047e-01   1.82924591e+00
 3.36000000e+00   0.00000000e+00   1.00000000e+00   3.56297963e-02  -1.84811040e-05   5.66955854e-01   1.82809551e+00
 3.37000000e+00   0.00000000e+00   1.00000000e+00   3.79595712e-02   1.37987233e-05   5.71956701e-01   1.82767069e+00
 3.38000000e+00   0.00000000e+00   1.00000000e+00   4.03556029e-02   6.74452097e-05   5.76186267e-01   1.82799316e+00
 3.39000000e+00   0.00000000e+00   1.00000000e+00   4.28832588e-02   1.24536251e-04   5.80008152e-01   1.82894125e+00
 3.40000000e+00   0.00000000e+00   1.00000000e+00   4.56049679e-02   1.66023353e-04   5.84204118e-01   1.83016720e+00
 3.41000000e+00   0.00000000e+00   1.00000000e+00   4.85572772e-02   1.77959706e-04   5.89537164e-01   1.83119908e+00
 3.42000000e+00   0.00000000e+00   1.00000000e+00   5.17468298e-02   1.56118055e-04   5.96544213e-01   1.83169562e+00
 3.43000000e+00   0.00000000e+00   1.00000000e+00   5.51533325e-02   1.07449753e-04   6.05571014e-01   1.83171657e+00
 3.44000000e+00   0.00000000e+00   1.00000000e+00   5.87281790e-02   4.77782898e-05   6.16788174e-01   1.83170223e+00
 3.45000000e+00   0.00000000e+00   1.00000000e+00   6.23897817e-02  -3.49155631e-06   6.30077646e-01   1.83223974e+00
 3.46000000e+00   0.00000000e+00   1.00000000e+00   6.60274337e-02  -2.98084124e-05   6.44748573e-01   1.83368525e+00
 3.47000000e+00   0.00000000e+00   1.00000000e+00   6.95245619e-02  -2.28672010e-05   6.59398881e-01   1.83591240e+00
 3.48000000e+00   0.00000000e+00   1.00000000e+00   7.27983110e-02   1.47255267e-05   6.72328281e-01   1.83846440e+00
 3.49000000e+00   0.00000000e+00   1.00000000e+00   7.58350787e-02   7.02666997e-05   6.82322224e-01   1.84084397e+00
 3.50000000e+00   0.00000000e+00   1.00000000e+00   7.86966165e-02   1.25125049e-04   6.89235516e-01   1.84285001e+00
 3.51000000e+00   0.00000000e+00   1.00000000e+00   8.14870769e-02   1.60943400e-04   6.94094206e-01   1.84443161e+00
 3.52000000e+00   0.00000000e+00   1.00000000e+00   8.42987783e-02   1.65730287e-04   6.98504800e-01   1.84564636e+00
 3.53000000e+00   0.00000000e+00   1.00000000e+00   8.71707291e-02   1.37785364e-04   7.03698303e-01   1.84641370e+00
 3.54000000e+00   0.00000000e+00   1.00000000e+00   9.00832095e-02   8.62011565e-05   7.10086576e-01   1.84671253e+00
 3.55000000e+00   0.00000000e+00   1.00000000e+00   9.29835946e-02   2.78201063e-05   7.17320774e-01   1.84670580e+00
 3.56000000e+00   0.00000000e+00   1.00000000e+00   9.58186754e-02  -1.82735322e-05   7.24716616e-01   1.84677389e+00
 3.57000000e+00   0.00000000e+00   1.00000000e+00   9.85528330e-02  -3.70158088e-05   7.31619098e-01   1.84731870e+00
 3.58000000e+00   0.00000000e+00   1.00000000e+00   1.01171018e-01  -2.23845226e-05   7.37597726e-01   1.84861295e+00
 3.59000000e+00   0.00000000e+00   1.00000000e+00   1.03679033e-01   2.05798502e-05   7.42321076e-01   1.85055314e+00
 3.60000000e+00   0.00000000e+00   1.00000000e+00   1.06109908e-01   7.74850654e-05   7.45591481e-01   1.85271631e+00
 3.61000000e+00   0.00000000e+00   1.00000000e+00   1.08531305e-01   1.29399403e-04   7.47614202e-01   1.85461831e+00
 3.62000000e+00   0.00000000e+00   1.00000000e+00   1.11040116e-01   1.59075044e-04   7.49255960e-01   1.85604259e+00
 3.63000000e+00   0.00000000e+00   1.00000000e+00   1.13735606e-01   1.56587328e-04   7.52012522e-01   1.85710884e+00
 3.64000000e+00   0.00000000e+00   1.00000000e+00   1.16678447e-01   1.22610566e-04   7.57514690e-01   1.85818761e+00
 3.65000000e+00   0.00000000e+00   1.00000000e+00   1.19857818e-01   6.82158012e-05   7.66766382e-01   1.85956226e+00
 3.66000000e+00   0.00000000e+00   1.00000000e+00   1.23189494e-01   1.11960447e-05   7.79666553e-01   1.86144424e+00
 3.67000000e+00   0.00000000e+00   1.00000000e+00   1.26550350e-01  -2.98449674e-05   7.94938544e-01   1.86386795e+00
 3.68000000e+00   0.00000000e+00   1.00000000e+00   1.29830119e-01  -4.16616374e-05   8.10768751e-01   1.86681241e+00
 3.69000000e+00   0.00000000e+00   1.00000000e+00   1.32969259e-01  -2.07062108e-05   8.25629516e-01   1.87024865e+00
 3.70000000e+00   0.00000000e+00   1.00000000e+00   1.35963563e-01   2.58319734e-05   8.38940966e-01   1.87414024e+00
 3.71000000e+00   0.00000000e+00   1.00000000e+00   1.38841679e-01   8.23943056e-05   8.50918723e-01   1.87834717e+00
 3.72000000e+00   0.00000000e+00   1.00000000e+00   1.41638105e-01   1.30059055e-04   8.62083753e-01   1.88252088e+00
 3.73000000e+00   0.00000000e+00   1.00000000e+00   1.44378822e-01   1.52877466e-04   8.72892453e-01   1.88619521e+00
 3.74000000e+00   0.00000000e+00   1.00000000e+00   1.47078273e-01   1.43191727e-04   8.83782740e-01   1.88910603e+00
 3.75000000e+00   0.00000000e+00   1.00000000e+00   1.49735333e-01   1.04086305e-04   8.95249034e-01   1.89143034e+00
 3.76000000e+00   0.00000000e+00   1.00000000e+00   1.52322242e-01   4.82997183e-05   9.07671229e-01   1.89362212e+00
 3.77000000e+00   0.00000000e+00   1.00000000e+00   1.54774996e-01  -5.93385818e-06   9.20915157e-01   1.89620337e+00
 3.78000000e+00   0.00000000e+00   1.00000000e+00   1.57000089e-01  -4.08557243e-05   9.33967533e-01   1.89936791e+00
 3.79000000e+00   0.00000000e+00   1.00000000e+00   1.58904052e-01  -4.50790531e-05   9.45077028e-01   1.90296384e+00
 3.80000000e+00   0.00000000e+00   1.00000000e+00   1.60434859e-01  -1.74215594e-05   9.52429168e-01   1.90655450e+00
 3.81000000e+00   0.00000000e+00   1.00000000e+00   1.61611862e-01   3.27228996e-05   9.55116281e-01   1.90975532e+00
 3.82000000e+00   0.00000000e+00   1.00000000e+00   1.62523957e-01   8.86351354e-05   9.53753380e-01   1.91247325e+00
 3.83000000e+00   0.00000000e+00   1.00000000e+00   1.63294229e-01   1.31878164e-04   9.50135677e-01   1.91478706e+00
 3.84000000e+00   0.00000000e+00   1.00000000e+00   1.64031147e-01   1.48295839e-04   9.46352408e-01   1.91680354e+00
 3.85000000e+00   0.00000000e+00   1.00000000e+00   1.64794431e-01   1.32540430e-04   9.43899423e-01   1.91851144e+00
 3.86000000e+00   0.00000000e+00   1.00000000e+00   1.65591129e-01   8.97950975e-05   9.43306567e-01   1.91988005e+00
 3.87000000e+00   0.00000000e+00   1.00000000e+00   1.66394778e-01   3.41471670e-05   9.44418606e-01   1.92103760e+00
 3.88000000e+00   0.00000000e+00   1.00000000e+00   1.67167473e-01  -1.59750362e-05   9.46793582e-01   1.92239048e+00
 3.89000000e+00   0.00000000e+00   1.00000000e+00   1.67871411e-01  -4.39218876e-05   9.49891067e-01   1.92431722e+00
 3.90000000e+00   0.00000000e+00   1.00000000e+00   1.68473081e-01  -4.04190502e-05   9.53108876e-01   1.92702825e+00
 3.91000000e+00   0.00000000e+00   1.00000000e+00   1.68951404e-01  -6.66238666e-06   9.55715721e-01   1.93033823e+00
 3.92000000e+00   0.00000000e+00   1.00000000e+00   1.69313042e-01   4.61004041e-05   9.57085981e-01   1.93378943e+00
 3.93000000e+00   0.00000000e+00   1.00000000e+00   1.69603784e-01   1.00346332e-04   9.57204642e-01   1.93691565e+00
 3.94000000e+00   0.00000000e+00   1.00000000e+00   1.69900612e-01   1.38108189e-04   9.56964468e-01   1.93953020e+00
 3.95000000e+00   0.00000000e+00   1.00000000e+00   1.70280247e-01   1.46908538e-04   9.57946957e-01   1.94178606e+00
 3.96000000e+00   0.00000000e+00   1.00000000e+00   1.70777999e-01   1.23853923e-04   9.61643571e-01   1.94394332e+00
 3.97000000e+00   0.00000000e+00   1.00000000e+00   1.71360835e-01   7.65596508e-05   9.68684936e-01   1.94624616e+00
 3.98000000e+00   0.00000000e+00   1.00000000e+00   1.71932311e-01   2.06147561e-05   9.78417475e-01   1.94882790e+00
 3.99000000e+00   0.00000000e+00   1.00000000e+00   1.72367906e-01  -2.55789368e-05   9.89110284e-01   1.95170607e+00
 4.00000000e+00   0.00000000e+00   1.00000000e+00   1.72560388e-01  -4.68409386e-05   9.98694614e-01   1.95488505e+00
 4.01000000e+00   0.00000000e+00   1.00000000e+00   1.72450125e-01  -3.61895818e-05   1.00562006e+00   1.95834115e+00
 4.02000000e+00   0.00000000e+00   1.00000000e+00   1.72028383e-01   2.82137008e-06   1.00919914e+00   1.96198023e+00
 4.03000000e+00   0.00000000e+00   1.00000000e+00   1.71321410e-01   5.72446230e-05   1.00953141e+00   1.96561763e+00
 4.04000000e+00   0.00000000e+00   1.00000000e+00   1.70372696e-01   1.09043566e-04   1.00709143e+00   1.96892295e+00
 4.05000000e+00   0.00000000e+00   1.00000000e+00   1.69233342e-01   1.41118473e-04   1.00250994e+00   1.97147682e+00
 4.06000000e+00   0.00000000e+00   1.00000000e+00   1.67955961e-01   1.43020891e-04   9.96652728e-01   1.97314152e+00
 4.07000000e+00   0.00000000e+00   1.00000000e+00   1.66582321e-01   1.14362961e-04   9.90539520e-01   1.97407868e+00
 4.08000000e+00   0.00000000e+00   1.00000000e+00   1.65124346e-01   6.48230080e-05   9.85031810e-01   1.97476387e+00
 4.09000000e+00   0.00000000e+00   1.00000000e+00   1.63551553e-01   1.09134385e-05   9.80346511e-01   1.97567919e+00
 4.10000000e+00   0.00000000e+00   1.00000000e+00   1.61800162e-01  -2.94304715e-05   9.75669564e-01   1.97698976e+00
 4.11000000e+00   0.00000000e+00   1.00000000e+00   1.59805928e-01  -4.27406621e-05   9.69562711e-01   1.97856809e+00
 4.12000000e+00   0.00000000e+00   1.00000000e+00   1.57544608e-01  -2.44804968e-05   9.60715490e-01   1.98015535e+00
 4.13000000e+00   0.00000000e+00   1.00000000e+00   1.55056165e-01   1.94484395e-05   9.48719629e-01   1.98149077e+00
 4.14000000e+00   0.00000000e+00   1.00000000e+00   1.52437617e-01   7.47066442e-05   9.34439237e-01   1.98252022e+00
 4.15000000e+00   0.00000000e+00   1.00000000e+00   1.49808658e-01   1.23284195e-04   9.19533651e-01   1.98325458e+00
 4.16000000e+00   0.00000000e+00   1.00000000e+00   1.47270256e-01   1.49404983e-04   9.05732587e-01   1.98369441e+00
 4.17000000e+00   0.00000000e+00   1.00000000e+00   1.44878186e-01   1.44674430e-04   8.94217046e-01   1.98376990e+00
 4.18000000e+00   0.00000000e+00   1.00000000e+00   1.42640221e-01   1.10861433e-04   8.85433592e-01   1.98345399e+00
 4.19000000e+00   0.00000000e+00   1.00000000e+00   1.40528985e-01   5.93681156e-05   8.79278798e-01   1.98294401e+00
 4.20000000e+00   0.00000000e+00   1.00000000e+00   1.38495905e-01   7.45534765e-06   8.75350374e-01   1.98266129e+00
 4.21000000e+00   0.00000000e+00   1.00000000e+00   1.36479619e-01  -2.75458845e-05   8.72994502e-01   1.98300265e+00
 4.22000000e+00   0.00000000e+00   1.00000000e+00   1.34414410e-01  -3.40106186e-05   8.71278272e-01   1.98411508e+00
 4.23000000e+00   0.00000000e+00   1.00000000e+00   1.32246668e-01  -9.78388296e-06   8.69053727e-01   1.98575093e+00
 4.24000000e+00   0.00000000e+00   1.00000000e+00   1.29956904e-01   3.72151606e-05   8.65366112e-01   1.98744873e+00
 4.25000000e+00   0.00000000e+00   1.00000000e+00   1.27572713e-01   9.16263411e-05   8.59944093e-01   1.98877723e+00
 4.26000000e+00   0.00000000e+00   1.00000000e+00   1.25158255e-01   1.35691492e-04   8.53425553e-01   1.98954176e+00
 4.27000000e+00   0.00000000e+00   1.00000000e+00   1.22780391e-01   1.55120832e-04   8.47072805e-01   1.98983022e+00
 4.28000000e+00   0.00000000e+00   1.00000000e+00   1.20469088e-01   1.43755461e-04   8.42046809e-01   1.98981416e+00
 4.29000000e+00   0.00000000e+00   1.00000000e+00   1.18195472e-01   1.05507556e-04   8.38762042e-01   1.98962393e+00
 4.30000000e+00   0.00000000e+00   1.00000000e+00   1.15880261e-01   5.30879259e-05   8.36643894e-01   1.98931192e+00
 4.31000000e+00   0.00000000e+00   1.00000000e+00   1.13426384e-01   3.90626637e-06   8.34419203e-01   1.98893296e+00
 4.32000000e+00   0.00000000e+00   1.00000000e+00   1.10756035e-01  -2.56194380e-05   8.30710944e-01   1.98858198e+00
 4.33000000e+00   0.00000000e+00   1.00000000e+00   1.07833386e-01  -2.55651508e-05   8.24594775e-01   1.98837009e+00
 4.34000000e+00   0.00000000e+00   1.00000000e+00   1.04666966e-01   4.15284486e-06   8.15679164e-01   1.98824476e+00
 4.35000000e+00   0.00000000e+00   1.00000000e+00   1.01299749e-01   5.38631601e-05   8.04177848e-01   1.98803237e+00
 4.36000000e+00   0.00000000e+00   1.00000000e+00   9.77986030e-02   1.07453215e-04   7.90572876e-01   1.98734849e+00
 4.37000000e+00   0.00000000e+00   1.00000000e+00   9.42465731e-02   1.47638346e-04   7.75668518e-01   1.98581265e+00
 4.38000000e+00   0.00000000e+00   1.00000000e+00   9.07319470e-02   1.61523151e-04   7.60498610e-01   1.98337367e+00
 4.39000000e+00   0.00000000e+00   1.00000000e+00   8.73281920e-02   1.44784636e-04   7.46182561e-01   1.98024962e+00
 4.40000000e+00   0.00000000e+00   1.00000000e+00   8.40697870e-02   1.03214534e-04   7.33633753e-01   1.97686836e+00
 4.41000000e+00   0.00000000e+00   1.00000000e+00   8.09395671e-02   5.09052566e-05   7.23132340e-01   1.97359979e+00
 4.42000000e+00   0.00000000e+00   1.00000000e+00   7.78808473e-02   5.47182609e-06   7.14210435e-01   1.97065627e+00
 4.43000000e+00   0.00000000e+00   1.00000000e+00   7.48320847e-02  -1.78865446e-05   7.05855844e-01   1.96802600e+00
 4.44000000e+00   0.00000000e+00   1.00000000e+00   7.17654667e-02  -1.12886532e-05   6.97077300e-01   1.96560676e+00
 4.45000000e+00   0.00000000e+00   1.00000000e+00   6.87070449e-02   2.33468494e-05   6.87437002e-01   1.96333073e+00
 4.46000000e+00   0.00000000e+00   1.00000000e+00   6.57278856e-02   7.48617739e-05   6.77225799e-01   1.96118456e+00
 4.47000000e+00   0.00000000e+00   1.00000000e+00   6.29139296e-02   1.26452670e-04   6.67235122e-01   1.95909696e+00
 4.48000000e+00   0.00000000e+00   1.00000000e+00   6.03333702e-02   1.61253117e-04   6.58361558e-01   1.95691514e+00
 4.49000000e+00   0.00000000e+00   1.00000000e+00   5.80174261e-02   1.68013574e-04   6.51278407e-01   1.95445832e+00
 4.50000000e+00   0.00000000e+00   1.00000000e+00   5.59579707e-02   1.44819135e-04   6.46306426e-01   1.95165779e+00
 4.51000000e+00   0.00000000e+00   1.00000000e+00   5.41144326e-02   9.95352431e-05   6.43444643e-01   1.94870484e+00
 4.52000000e+00   0.00000000e+00   1.00000000e+00   5.24212804e-02   4.71287148e-05   6.42414983e-01   1.94595472e+00
 4.53000000e+00   0.00000000e+00   1.00000000e+00   5.07952281e-02   4.88854706e-06   6.42642458e-01   1.94374378e+00
 4.54000000e+00   0.00000000e+00   1.00000000e+00   4.91484741e-02  -1.31442599e-05   6.43234187e-01   1.94213465e+00
 4.55000000e+00   0.00000000e+00   1.00000000e+00   4.74116551e-02  -9.19652398e-07   6.43108853e-01   1.94091641e+00
 4.56000000e+00   0.00000000e+00   1.00000000e+00   4.55591781e-02   3.75172697e-05   6.41354250e-01   1.93971234e+00
 4.57000000e+00   0.00000000e+00   1.00000000e+00   4.36208991e-02   8.94713925e-05   6.37635908e-01   1.93819529e+00
 4.58000000e+00   0.00000000e+00   1.00000000e+00   4.16682272e-02   1.37921004e-04   6.32366536e-01   1.93622553e+00
 4.59000000e+00   0.00000000e+00   1.00000000e+00   3.97787147e-02   1.67086231e-04   6.26477451e-01   1.93379845e+00
 4.60000000e+00   0.00000000e+00   1.00000000e+00   3.79984503e-02   1.67492377e-04   6.20938605e-01   1.93094481e+00
 4.61000000e+00   0.00000000e+00   1.00000000e+00   3.63233998e-02   1.39080462e-04   6.16307493e-01   1.92767994e+00
 4.62000000e+00   0.00000000e+00   1.00000000e+00   3.47079913e-02   9.13622351e-05   6.12529112e-01   1.92404140e+00
 4.63000000e+00   0.00000000e+00   1.00000000e+00   3.30922651e-02   4.03091880e-05   6.09084236e-01   1.92016569e+00
 4.64000000e+00   0.00000000e+00   1.00000000e+00   3.14301724e-02   2.94263625e-06   6.05306802e-01   1.91628983e+00
 4.65000000e+00   0.00000000e+00   1.00000000e+00   2.97058958e-02  -8.33272423e-06   6.00676644e-01   1.91262978e+00
 4.66000000e+00   0.00000000e+00   1.00000000e+00   2.79366282e-02   1.02747099e-05   5.94937680e-01   1.90926167e+00
 4.67000000e+00   0.00000000e+00   1.00000000e+00   2.61686907e-02   5.27987002e-05   5.88097558e-01   1.90606058e+00
 4.68000000e+00   0.00000000e+00   1.00000000e+00   2.44730073e-02   1.05448325e-04   5.80378055e-01   1.90274784e+00
 4.69000000e+00   0.00000000e+00   1.00000000e+00   2.29383812e-02   1.50958784e-04   5.72248308e-01   1.89911908e+00
 4.70000000e+00   0.00000000e+00   1.00000000e+00   2.16563493e-02   1.74320088e-04   5.64426674e-01   1.89513966e+00
 4.71000000e+00   0.00000000e+00   1.00000000e+00   2.06960750e-02   1.67961592e-04   5.57792486e-01   1.89097924e+00
 4.72000000e+00   0.00000000e+00   1.00000000e+00   2.00786661e-02   1.34237886e-04   5.53134661e-01   1.88689655e+00
 4.73000000e+00   0.00000000e+00   1.00000000e+00   1.97670742e-02   8.44158250e-05   5.50820447e-01   1.88313218e+00
 4.74000000e+00   0.00000000e+00   1.00000000e+00   1.96818174e-02   3.48838125e-05   5.50589281e-01   1.87981677e+00
 4.75000000e+00   0.00000000e+00   1.00000000e+00   1.97368189e-02   1.88827276e-06   5.51640646e-01   1.87698712e+00
 4.76000000e+00   0.00000000e+00   1.00000000e+00   1.98758738e-02  -3.72408313e-06   5.53022627e-01   1.87464997e+00
 4.77000000e+00   0.00000000e+00   1.00000000e+00   2.00901459e-02   1.98666867e-05   5.54074611e-01   1.87281141e+00
 4.78000000e+00   0.00000000e+00   1.00000000e+00   2.04102382e-02   6.47601957e-05   5.54656994e-01   1.87144527e+00
 4.79000000e+00   0.00000000e+00   1.00000000e+00   2.08821264e-02   1.15978765e-04   5.55077571e-01   1.87039132e+00
 4.80000000e+00   0.00000000e+00   1.00000000e+00   2.15428461e-02   1.56512401e-04   5.55844293e-01   1.86939838e+00
 4.81000000e+00   0.00000000e+00   1.00000000e+00   2.24063758e-02   1.72909710e-04   5.57434711e-01   1.86819312e+00
 4.82000000e+00   0.00000000e+00   1.00000000e+00   2.34598193e-02   1.59624999e-04   5.60167132e-01   1.86664770e+00
 4.83000000e+00   0.00000000e+00   1.00000000e+00   2.46640381e-02   1.20875536e-04   5.64173154e-01   1.86490644e+00
 4.84000000e+00   0.00000000e+00   1.00000000e+00   2.59553516e-02   6.93502110e-05   5.69326363e-01   1.86321401e+00
 4.85000000e+00   0.00000000e+00   1.00000000e+00   2.72516836e-02   2.19946471e-05   5.75168947e-01   1.86179401e+00
 4.86000000e+00   0.00000000e+00   1.00000000e+00   2.84691031e-02  -5.71275788e-06   5.80875960e-01   1.86068191e+00
 4.87000000e+00   0.00000000e+00   1.00000000e+00   2.95483728e-02  -4.86912284e-06   5.85436527e-01   1.85972835e+00
 4.88000000e+00   0.00000000e+00   1.00000000e+00   3.04803162e-02   2.40711536e-05   5.88034343e-01   1.85871517e+00
 4.89000000e+00   0.00000000e+00   1.00000000e+00   3.13139833e-02   7.15081389e-05   5.88436869e-01   1.85749979e+00
 4.90000000e+00   0.00000000e+00   1.00000000e+00   3.21391801e-02   1.21743918e-04   5.87122635e-01   1.85604891e+00
 4.91000000e+00   0.00000000e+00   1.00000000e+00   3.30506300e-02   1.58058865e-04   5.85069808e-01   1.85440142e+00
 4.92000000e+00   0.00000000e+00   1.00000000e+00   3.41129463e-02   1.68333439e-04   5.83315126e-01   1.85255344e+00
 4.93000000e+00   0.00000000e+00   1.00000000e+00   3.53442579e-02   1.49177363e-04   5.82557612e-01   1.85045166e+00
 4.94000000e+00   0.00000000e+00   1.00000000e+00   3.67232111e-02   1.06962869e-04   5.82996710e-01   1.84814100e+00
 4.95000000e+00   0.00000000e+00   1.00000000e+00   3.82100137e-02   5.55794103e-05   5.84401898e-01   1.84578907e+00
 4.96000000e+00   0.00000000e+00   1.00000000e+00   3.97673977e-02   1.18381866e-05   5.86345239e-01   1.84365836e+00
 4.97000000e+00   0.00000000e+00   1.00000000e+00   4.13733062e-02  -9.97209154e-06   5.88410684e-01   1.84201160e+00
 4.98000000e+00   0.00000000e+00   1.00000000e+00   4.30263028e-02  -2.74599911e-06   5.90272374e-01   1.84092424e+00
 4.99000000e+00   0.00000000e+00   1.00000000e+00   4.47484124e-02   3.10121990e-05   5.91752775e-01   1.84029736e+00
 5.00000000e+00   0.00000000e+00   1.00000000e+00   4.65862560e-02   7.99532842e-05   5.92905259e-01   1.83992061e+00