  Time  Coordinate0  Coordinate1  Displacement0  Displacement1  Force0  Force1
 0.00000000e+00   0.00000000e+00   1.00000000e+00   0.00000000e+00   0.00000000e+00   0.00000000e+00   0.00000000e+00
 1.00000000e-02   0.00000000e+00   1.00000000e+00   5.43899854e-04   1.19075325e-07   1.80204120e+00   1.30386125e+01
 2.00000000e-02   0.00000000e+00   1.00000000e+00   1.76172663e-03   5.10790642e-05   1.92323950e+00   5.01377550e+00
 3.00000000e-02   0.00000000e+00   1.00000000e+00   3.22984113e-03   1.15648718e-04   1.78601232e+00   3.95805442e+00
 4.00000000e-02   0.00000000e+00   1.00000000e+00   4.83846510e-03   1.76369536e-04   1.66623653e+00   3.63099854e+00
 5.00000000e-02   0.00000000e+00   1.00000000e+00   6.52615784e-03   2.25141714e-04   1.57750509e+00   3.44147549e+00
 6.00000000e-02   0.00000000e+00   1.00000000e+00   8.19160777e-03   2.55069144e-04   1.51083768e+00   3.32485346e+00
 7.00000000e-02   0.00000000e+00   1.00000000e+00   9.86239231e-03   2.43196524e-04   1.45586829e+00   3.22249440e+00
 8.00000000e-02   0.00000000e+00   1.00000000e+00   1.18644247e-02   1.87272177e-04   1.40492516e+00   3.14141261e+00
 9.00000000e-02   0.00000000e+00   1.00000000e+00   1.48099439e-02   9.96692980e-05   1.35829919e+00   3.05581020e+00
 1.00000000e-01   0.00000000e+00   1.00000000e+00   1.89704734e-02   2.01977941e-05   1.33000970e+00   2.96777869e+00
 1.10000000e-01   0.00000000e+00   1.00000000e+00   2.38235443e-02  -1.91283293e-05   1.33047358e+00   2.88622015e+00
 1.20000000e-01   0.00000000e+00   1.00000000e+00   2.86127243e-02  -1.73072460e-05   1.34808109e+00   2.81803060e+00
 1.30000000e-01   0.00000000e+00   1.00000000e+00   3.32432988e-02   1.29473949e-05   1.36076969e+00   2.76409467e+00
 1.40000000e-01   0.00000000e+00   1.00000000e+00   3.80379695e-02   6.70047588e-05   1.36722924e+00   2.71944487e+00
 1.50000000e-01   0.00000000e+00   1.00000000e+00   4.28907547e-02   1.44552968e-04   1.38046952e+00   2.68145113e+00
 1.60000000e-01   0.00000000e+00   1.00000000e+00   4.74503409e-02   2.10350822e-04   1.39803194e+00   2.64975667e+00
 1.70000000e-01   0.00000000e+00   1.00000000e+00   5.17546016e-02   2.24113792e-04   1.40842674e+00   2.62124695e+00
 1.80000000e-01   0.00000000e+00   1.00000000e+00   5.59968689e-02   1.87281794e-04   1.41295603e+00   2.58982318e+00
 1.90000000e-01   0.00000000e+00   1.00000000e+00   6.01955334e-02   1.27643530e-04   1.41702155e+00   2.55601114e+00
 2.00000000e-01   0.00000000e+00   1.00000000e+00   6.44395909e-02   5.97983875e-05   1.41937537e+00   2.52529775e+00
 2.10000000e-01   0.00000000e+00   1.00000000e+00   6.88929619e-02  -7.59330886e-06   1.42214721e+00   2.49890727e+00
 2.20000000e-01   0.00000000e+00   1.00000000e+00   7.35555673e-02  -5.14875872e-05   1.43043798e+00   2.47143094e+00
 2.30000000e-01   0.00000000e+00   1.00000000e+00   7.83033890e-02  -5.00383145e-05   1.44487675e+00   2.44293113e+00
 2.40000000e-01   0.00000000e+00   1.00000000e+00   8.28455454e-02   4.03264182e-07   1.46554146e+00   2.41750945e+00
 2.50000000e-01   0.00000000e+00   1.00000000e+00   8.67028905e-02   7.80970537e-05   1.48834315e+00   2.39907659e+00
 2.60000000e-01   0.00000000e+00   1.00000000e+00   8.96938290e-02   1.46918098e-04   1.50041403e+00   2.38864562e+00
 2.70000000e-01   0.00000000e+00   1.00000000e+00   9.22372379e-02   1.86958487e-04   1.49439108e+00   2.38382301e+00
 2.80000000e-01   0.00000000e+00   1.00000000e+00   9.49083301e-02   1.98593992e-04   1.47859979e+00   2.37898098e+00
 2.90000000e-01   0.00000000e+00   1.00000000e+00   9.79138583e-02   1.75319635e-04   1.46630177e+00   2.36968390e+00
 3.00000000e-01   0.00000000e+00   1.00000000e+00   1.01100632e-01   1.09674190e-04   1.46167215e+00   2.35446935e+00
 3.10000000e-01   0.00000000e+00   1.00000000e+00   1.04376086e-01   2.50238435e-05   1.45871287e+00   2.33522042e+00
 3.20000000e-01   0.00000000e+00   1.00000000e+00   1.07952962e-01  -3.79756596e-05   1.45312076e+00   2.31610478e+00
 3.30000000e-01   0.00000000e+00   1.00000000e+00   1.12038659e-01  -5.91800246e-05   1.45071289e+00   2.29881318e+00
 3.40000000e-01   0.00000000e+00   1.00000000e+00   1.16487057e-01  -4.18917594e-05   1.45917103e+00   2.28246228e+00
 3.50000000e-01   0.00000000e+00   1.00000000e+00   1.20981934e-01   5.12133120e-06   1.47607328e+00   2.26741784e+00
 3.60000000e-01   0.00000000e+00   1.00000000e+00   1.25368426e-01   7.28596882e-05   1.49340428e+00   2.25367168e+00
 3.70000000e-01   0.00000000e+00   1.00000000e+00   1.29606996e-01   1.44396609e-04   1.50809463e+00   2.24014167e+00
 3.80000000e-01   0.00000000e+00   1.00000000e+00   1.33611188e-01   1.91749911e-04   1.52032061e+00   2.22739906e+00
 3.90000000e-01   0.00000000e+00   1.00000000e+00   1.37410874e-01   1.91075742e-04   1.52695581e+00   2.21685968e+00
 4.00000000e-01   0.00000000e+00   1.00000000e+00   1.41353843e-01   1.44104723e-04   1.52589851e+00   2.20714383e+00
 4.10000000e-01   0.00000000e+00   1.00000000e+00   1.45841850e-01   7.55519450e-05   1.52428385e+00   2.19350868e+00
 4.20000000e-01   0.00000000e+00   1.00000000e+00   1.50896761e-01   8.07681538e-06   1.53317381e+00   2.17370327e+00
 4.30000000e-01   0.00000000e+00   1.00000000e+00   1.56145419e-01  -4.68949858e-05   1.55601679e+00   2.15107579e+00
 4.40000000e-01   0.00000000e+00   1.00000000e+00   1.61145864e-01  -7.39619502e-05   1.58611478e+00   2.13022809e+00
 4.50000000e-01   0.00000000e+00   1.00000000e+00   1.65670508e-01  -5.45632717e-05   1.61421258e+00   2.11380017e+00
 4.60000000e-01   0.00000000e+00   1.00000000e+00   1.69764107e-01   7.92410456e-06   1.63578842e+00   2.10364526e+00
 4.70000000e-01   0.00000000e+00   1.00000000e+00   1.73517302e-01   8.41156411e-05   1.65355336e+00   2.09880110e+00
 4.80000000e-01   0.00000000e+00   1.00000000e+00   1.76800879e-01   1.44249186e-04   1.67141766e+00   2.09514178e+00
 4.90000000e-01   0.00000000e+00   1.00000000e+00   1.79395427e-01   1.74066955e-04   1.68546959e+00   2.08979195e+00
 5.00000000e-01   0.00000000e+00   1.00000000e+00   1.81363597e-01   1.68974085e-04   1.68811142e+00   2.08490126e+00
 5.10000000e-01   0.00000000e+00   1.00000000e+00   1.83057880e-01   1.27661832e-04   1.67995732e+00   2.08282596e+00
 5.20000000e-01   0.00000000e+00   1.00000000e+00   1.84769092e-01   5.71782054e-05   1.66977609e+00   2.08208533e+00
 5.30000000e-01   0.00000000e+00   1.00000000e+00   1.86575664e-01  -1.89205479e-05   1.66408941e+00   2.08019709e+00
 5.40000000e-01   0.00000000e+00   1.00000000e+00   1.88470329e-01  -6.81634598e-05   1.66366339e+00   2.07687775e+00
 5.50000000e-01   0.00000000e+00   1.00000000e+00   1.90376551e-01  -7.25981037e-05   1.66865064e+00   2.07331135e+00
 5.60000000e-01   0.00000000e+00   1.00000000e+00   1.92042190e-01  -3.84483611e-05   1.67920980e+00   2.07031586e+00
 5.70000000e-01   0.00000000e+00   1.00000000e+00   1.93144039e-01   1.94276647e-05   1.69066142e+00   2.06977071e+00
 5.80000000e-01   0.00000000e+00   1.00000000e+00   1.93608374e-01   8.87032887e-05   1.69447924e+00   2.07452254e+00
 5.90000000e-01   0.00000000e+00   1.00000000e+00   1.93746624e-01   1.51166989e-04   1.68662321e+00   2.08491770e+00
 6.00000000e-01   0.00000000e+00   1.00000000e+00   1.93981314e-01   1.80935989e-04   1.67236000e+00   2.09602020e+00
 6.10000000e-01   0.00000000e+00   1.00000000e+00   1.94481112e-01   1.62768693e-04   1.66062321e+00   2.10197706e+00
 6.20000000e-01   0.00000000e+00   1.00000000e+00   1.95157973e-01   1.06001281e-04   1.65461465e+00   2.10172896e+00
 6.30000000e-01   0.00000000e+00   1.00000000e+00   1.95962094e-01   3.52209604e-05   1.65091978e+00   2.09806616e+00
 6.40000000e-01   0.00000000e+00   1.00000000e+00   1.97021175e-01  -2.73827795e-05   1.64741327e+00   2.09381292e+00
 6.50000000e-01   0.00000000e+00   1.00000000e+00   1.98466254e-01  -6.71640031e-05   1.64799876e+00   2.08995383e+00
 6.60000000e-01   0.00000000e+00   1.00000000e+00   2.00209614e-01  -7.21055749e-05   1.65821743e+00   2.08599414e+00
 6.70000000e-01   0.00000000e+00   1.00000000e+00   2.01928662e-01  -3.50440840e-05   1.67838892e+00   2.08147304e+00
 6.80000000e-01   0.00000000e+00   1.00000000e+00   2.03262990e-01   3.44275295e-05   1.70172520e+00   2.07688950e+00
 6.90000000e-01   0.00000000e+00   1.00000000e+00   2.04035345e-01   1.08145511e-04   1.71962878e+00   2.07421680e+00
 7.00000000e-01   0.00000000e+00   1.00000000e+00   2.04290400e-01   1.57528713e-04   1.72840961e+00   2.07506740e+00
 7.10000000e-01   0.00000000e+00   1.00000000e+00   2.04184593e-01   1.70474477e-04   1.72951855e+00   2.07830338e+00
 7.20000000e-01   0.00000000e+00   1.00000000e+00   2.03924706e-01   1.47853975e-04   1.72565122e+00   2.08155853e+00
 7.30000000e-01   0.00000000e+00   1.00000000e+00   2.03736119e-01   9.43121480e-05   1.72005149e+00   2.08283387e+00
 7.40000000e-01   0.00000000e+00   1.00000000e+00   2.03700203e-01   2.20985684e-05   1.71818350e+00   2.08043866e+00
 7.50000000e-01   0.00000000e+00   1.00000000e+00   2.03604220e-01  -4.37021431e-05   1.72437040e+00   2.07471388e+00
 7.60000000e-01   0.00000000e+00   1.00000000e+00   2.03099042e-01  -7.60646232e-05   1.73576046e+00   2.06925797e+00
 7.70000000e-01   0.00000000e+00   1.00000000e+00   2.02027506e-01  -6.38950557e-05   1.74463384e+00   2.06899142e+00
 7.80000000e-01   0.00000000e+00   1.00000000e+00   2.00478512e-01  -1.59424777e-05   1.74735456e+00   2.07506872e+00
 7.90000000e-01   0.00000000e+00   1.00000000e+00   1.98522271e-01   5.00560493e-05   1.74712818e+00   2.08537087e+00
 8.00000000e-01   0.00000000e+00   1.00000000e+00   1.96048524e-01   1.16524405e-04   1.74607883e+00   2.09639072e+00
 8.10000000e-01   0.00000000e+00   1.00000000e+00   1.92935548e-01   1.64994774e-04   1.74055015e+00   2.10839834e+00
 8.20000000e-01   0.00000000e+00   1.00000000e+00   1.89297232e-01   1.76614341e-04   1.72531381e+00   2.12271868e+00
 8.30000000e-01   0.00000000e+00   1.00000000e+00   1.85490790e-01   1.43734682e-04   1.70052530e+00   2.13869177e+00
 8.40000000e-01   0.00000000e+00   1.00000000e+00   1.81893250e-01   7.96495152e-05   1.67306485e+00   2.15349768e+00
 8.50000000e-01   0.00000000e+00   1.00000000e+00   1.78690187e-01   1.04164678e-05   1.65059598e+00   2.16461243e+00
 8.60000000e-01   0.00000000e+00   1.00000000e+00   1.75839853e-01  -4.17694605e-05   1.63679900e+00   2.17141331e+00
 8.70000000e-01   0.00000000e+00   1.00000000e+00   1.73161201e-01  -6.40585356e-05   1.63095291e+00   2.17531968e+00
 8.80000000e-01   0.00000000e+00   1.00000000e+00   1.70428000e-01  -4.92008055e-05   1.63015803e+00   2.17931057e+00
 8.90000000e-01   0.00000000e+00   1.00000000e+00   1.67453085e-01   2.30999300e-06   1.63059565e+00   2.18713973e+00
 9.00000000e-01   0.00000000e+00   1.00000000e+00   1.64189589e-01   7.51844448e-05   1.62794667e+00   2.19996023e+00
 9.10000000e-01   0.00000000e+00   1.00000000e+00   1.60782139e-01   1.42206882e-04   1.61944061e+00   2.21564197e+00
 9.20000000e-01   0.00000000e+00   1.00000000e+00   1.57466540e-01   1.79132965e-04   1.60636745e+00   2.22916095e+00
 9.30000000e-01   0.00000000e+00   1.00000000e+00   1.54374255e-01   1.76593024e-04   1.59346340e+00   2.23700314e+00
 9.40000000e-01   0.00000000e+00   1.00000000e+00   1.51461952e-01   1.38826095e-04   1.58401070e+00   2.23899028e+00
 9.50000000e-01   0.00000000e+00   1.00000000e+00   1.48666891e-01   7.69784040e-05   1.57673846e+00   2.23793183e+00
 9.60000000e-01   0.00000000e+00   1.00000000e+00   1.46068198e-01   8.07474981e-06   1.56933390e+00   2.23608664e+00
 9.70000000e-01   0.00000000e+00   1.00000000e+00   1.43786073e-01  -4.44546970e-05   1.56411782e+00   2.23326640e+00
 9.80000000e-01   0.00000000e+00   1.00000000e+00   1.41725797e-01  -5.94965521e-05   1.56669833e+00   2.22947846e+00
 9.90000000e-01   0.00000000e+00   1.00000000e+00   1.39527665e-01  -3.16150967e-05   1.57831145e+00   2.22656424e+00
 1.00000000e+00   0.00000000e+00   1.00000000e+00   1.36808882e-01   2.66290954e-05   1.59235080e+00   2.22727045e+00
 1.01000000e+00   0.00000000e+00   1.00000000e+00   1.33408559e-01   9.49330504e-05   1.60016026e+00   2.23342850e+00
 1.02000000e+00   0.00000000e+00   1.00000000e+00   1.29412330e-01   1.53959314e-04   1.59793611e+00   2.24512308e+00
 1.03000000e+00   0.00000000e+00   1.00000000e+00   1.25036866e-01   1.86511641e-04   1.58690063e+00   2.26052512e+00
 1.04000000e+00   0.00000000e+00   1.00000000e+00   1.20524965e-01   1.79971631e-04   1.57037139e+00   2.27600071e+00
 1.05000000e+00   0.00000000e+00   1.00000000e+00   1.16068020e-01   1.34388948e-04   1.55214829e+00   2.28745948e+00
 1.06000000e+00   0.00000000e+00   1.00000000e+00   1.11731983e-01   6.65779593e-05   1.53571779e+00   2.29360385e+00
 1.07000000e+00   0.00000000e+00   1.00000000e+00   1.07436499e-01   2.05222462e-06   1.52349959e+00   2.29727241e+00
 1.08000000e+00   0.00000000e+00   1.00000000e+00   1.03040225e-01  -3.81538056e-05   1.51485134e+00   2.30335138e+00
 1.09000000e+00   0.00000000e+00   1.00000000e+00   9.84722777e-02  -4.33362961e-05   1.50684105e+00   2.31476387e+00
 1.10000000e+00   0.00000000e+00   1.00000000e+00   9.37682664e-02  -1.16306764e-05   1.49729978e+00   2.33028356e+00
 1.11000000e+00   0.00000000e+00   1.00000000e+00   8.89645587e-02   4.97003068e-05   1.48694475e+00   2.34819116e+00
 1.12000000e+00   0.00000000e+00   1.00000000e+00   8.39986066e-02   1.21797418e-04   1.47707252e+00   2.36697117e+00
 1.13000000e+00   0.00000000e+00   1.00000000e+00   7.87891389e-02   1.78840699e-04   1.46607898e+00   2.38677157e+00
 1.14000000e+00   0.00000000e+00   1.00000000e+00   7.34354620e-02   2.00931412e-04   1.44966261e+00   2.40697100e+00
 1.15000000e+00   0.00000000e+00   1.00000000e+00   6.82769029e-02   1.83295194e-04   1.42568931e+00   2.42429827e+00
 1.16000000e+00   0.00000000e+00   1.00000000e+00   6.36948669e-02   1.34290800e-04   1.39807792e+00   2.43514400e+00
 1.17000000e+00   0.00000000e+00   1.00000000e+00   5.98549252e-02   6.91712402e-05   1.37440397e+00   2.43756960e+00
 1.18000000e+00   0.00000000e+00   1.00000000e+00   5.66464046e-02   7.33884343e-06   1.36012704e+00   2.43328498e+00
 1.19000000e+00   0.00000000e+00   1.00000000e+00   5.38217773e-02  -3.01164625e-05   1.35512691e+00   2.42629391e+00
 1.20000000e+00   0.00000000e+00   1.00000000e+00   5.11448854e-02  -2.82886734e-05   1.35589682e+00   2.42077536e+00
 1.21000000e+00   0.00000000e+00   1.00000000e+00   4.84499790e-02   1.25199057e-05   1.35875579e+00   2.41987549e+00
 1.22000000e+00   0.00000000e+00   1.00000000e+00   4.56655230e-02   7.66501040e-05   1.36069922e+00   2.42417209e+00
 1.23000000e+00   0.00000000e+00   1.00000000e+00   4.28276939e-02   1.42426652e-04   1.35958208e+00   2.43074924e+00
 1.24000000e+00   0.00000000e+00   1.00000000e+00   4.00302830e-02   1.90554129e-04   1.35528869e+00   2.43499805e+00
 1.25000000e+00   0.00000000e+00   1.00000000e+00   3.73290370e-02   2.06644460e-04   1.34963183e+00   2.43487912e+00
 1.26000000e+00   0.00000000e+00   1.00000000e+00   3.47177464e-02   1.83846957e-04   1.34406755e+00   2.43122649e+00
 1.27000000e+00   0.00000000e+00   1.00000000e+00   3.22110513e-02   1.28108021e-04   1.33809501e+00   2.42588879e+00
 1.28000000e+00   0.00000000e+00   1.00000000e+00   2.99030055e-02   5.90528521e-05   1.33092319e+00   2.41963616e+00
 1.29000000e+00   0.00000000e+00   1.00000000e+00   2.78791490e-02   1.44271882e-06   1.32451917e+00   2.41215923e+00
 1.30000000e+00   0.00000000e+00   1.00000000e+00   2.60538802e-02  -2.63143906e-05   1.32316220e+00   2.40469808e+00
 1.31000000e+00   0.00000000e+00   1.00000000e+00   2.41327102e-02  -1.69461294e-05   1.32903664e+00   2.40028468e+00
 1.32000000e+00   0.00000000e+00   1.00000000e+00   2.17848110e-02   2.66369680e-05   1.33861052e+00   2.40206747e+00
 1.33000000e+00   0.00000000e+00   1.00000000e+00   1.88774686e-02   9.20655760e-05   1.34468629e+00   2.41109686e+00
 1.34000000e+00   0.00000000e+00   1.00000000e+00   1.55502974e-02   1.58457825e-04   1.34208591e+00   2.42566510e+00
 1.35000000e+00   0.00000000e+00   1.00000000e+00   1.20868358e-02   2.02569179e-04   1.33086442e+00   2.44174936e+00
 1.36000000e+00   0.00000000e+00   1.00000000e+00   8.74481025e-03   2.09424829e-04   1.31476416e+00   2.45474102e+00
 1.37000000e+00   0.00000000e+00   1.00000000e+00   5.68694448e-03   1.78541223e-04   1.29760199e+00   2.46141316e+00
 1.38000000e+00   0.00000000e+00   1.00000000e+00   2.99188598e-03   1.21579642e-04   1.28165014e+00   2.46181033e+00
 1.39000000e+00   0.00000000e+00   1.00000000e+00   6.70312368e-04   5.65960338e-05   1.26819254e+00   2.45868440e+00
 1.40000000e+00   0.00000000e+00   1.00000000e+00  -1.31458602e-03   3.69864948e-06   1.25781324e+00   2.45567819e+00
 1.41000000e+00   0.00000000e+00   1.00000000e+00  -3.00360607e-03  -1.89278446e-05   1.25001159e+00   2.45502126e+00
 1.42000000e+00   0.00000000e+00   1.00000000e+00  -4.42272859e-03  -1.96396686e-06   1.24414402e+00   2.45603439e+00
 1.43000000e+00   0.00000000e+00   1.00000000e+00  -5.62663864e-03   4.89900458e-05   1.24041191e+00   2.45756208e+00
 1.44000000e+00   0.00000000e+00   1.00000000e+00  -6.72877735e-03   1.15561047e-04   1.23913534e+00   2.45944570e+00
 1.45000000e+00   0.00000000e+00   1.00000000e+00  -7.81899164e-03   1.75493811e-04   1.23837105e+00   2.46174102e+00
 1.46000000e+00   0.00000000e+00   1.00000000e+00  -8.82143274e-03   2.10507850e-04   1.23381924e+00   2.46352249e+00
 1.47000000e+00   0.00000000e+00   1.00000000e+00  -9.46907827e-03   2.09888350e-04   1.22274722e+00   2.46156682e+00
 1.48000000e+00   0.00000000e+00   1.00000000e+00  -9.46920417e-03   1.72618056e-04   1.20773322e+00   2.45255840e+00
 1.49000000e+00   0.00000000e+00   1.00000000e+00  -8.71796364e-03   1.09721433e-04   1.19571357e+00   2.43585628e+00
 1.50000000e+00   0.00000000e+00   1.00000000e+00  -7.36536981e-03   4.25924145e-05   1.19252186e+00   2.41445364e+00
 1.51000000e+00   0.00000000e+00   1.00000000e+00  -5.69573118e-03  -5.55088105e-06   1.19866077e+00   2.39281697e+00
 1.52000000e+00   0.00000000e+00   1.00000000e+00  -3.96323274e-03  -1.96302542e-05   1.21024753e+00   2.37487937e+00
 1.53000000e+00   0.00000000e+00   1.00000000e+00  -2.31887679e-03   3.22951116e-06   1.22305164e+00   2.36275822e+00
 1.54000000e+00   0.00000000e+00   1.00000000e+00  -8.31972016e-04   5.53281263e-05   1.23477401e+00   2.35605686e+00
 1.55000000e+00   0.00000000e+00   1.00000000e+00   4.73040936e-04   1.20722700e-04   1.24445252e+00   2.35262247e+00
 1.56000000e+00   0.00000000e+00   1.00000000e+00   1.60570686e-03   1.77959569e-04   1.25140085e+00   2.34966615e+00
 1.57000000e+00   0.00000000e+00   1.00000000e+00   2.60742860e-03   2.06660453e-04   1.25513170e+00   2.34531346e+00
 1.58000000e+00   0.00000000e+00   1.00000000e+00   3.54977482e-03   1.96498019e-04   1.25562278e+00   2.33933883e+00
 1.59000000e+00   0.00000000e+00   1.00000000e+00   4.54391284e-03   1.51757336e-04   1.25307571e+00   2.33235838e+00
 1.60000000e+00   0.00000000e+00   1.00000000e+00   5.73231731e-03   8.80768116e-05   1.24838220e+00   2.32448433e+00
 1.61000000e+00   0.00000000e+00   1.00000000e+00   7.21124315e-03   2.56283812e-05   1.24417717e+00   2.31534247e+00
 1.62000000e+00   0.00000000e+00   1.00000000e+00   8.91854963e-03  -1.62569719e-05   1.24440065e+00   2.30582605e+00
 1.63000000e+00   0.00000000e+00   1.00000000e+00   1.06188764e-02  -2.35105111e-05   1.25102642e+00   2.29843739e+00
 1.64000000e+00   0.00000000e+00   1.00000000e+00   1.20532915e-02   7.35073911e-06   1.26117762e+00   2.29590725e+00
 1.65000000e+00   0.00000000e+00   1.00000000e+00   1.31365504e-02   6.60275119e-05   1.26867450e+00   2.29919424e+00
 1.66000000e+00   0.00000000e+00   1.00000000e+00   1.40180516e-02   1.31966901e-04   1.26891506e+00   2.30638485e+00
 1.67000000e+00   0.00000000e+00   1.00000000e+00   1.49664876e-02   1.83129340e-04   1.26200601e+00   2.31353634e+00
 1.68000000e+00   0.00000000e+00   1.00000000e+00   1.62117100e-02   2.03693357e-04   1.25156357e+00   2.31658210e+00
 1.69000000e+00   0.00000000e+00   1.00000000e+00   1.78796491e-02   1.87389716e-04   1.24128959e+00   2.31365721e+00
 1.70000000e+00   0.00000000e+00   1.00000000e+00   2.00229068e-02   1.38601255e-04   1.23311419e+00   2.30474531e+00
 1.71000000e+00   0.00000000e+00   1.00000000e+00   2.26623927e-02   7.24338488e-05   1.22766026e+00   2.29175316e+00
 1.72000000e+00   0.00000000e+00   1.00000000e+00   2.57892413e-02   1.11080568e-05   1.22572601e+00   2.27758257e+00
 1.73000000e+00   0.00000000e+00   1.00000000e+00   2.93443075e-02  -2.44556787e-05   1.22849776e+00   2.26395037e+00
 1.74000000e+00   0.00000000e+00   1.00000000e+00   3.32069260e-02  -2.31584983e-05   1.23668780e+00   2.25132758e+00
 1.75000000e+00   0.00000000e+00   1.00000000e+00   3.72050105e-02   1.32001286e-05   1.24966529e+00   2.24007565e+00
 1.76000000e+00   0.00000000e+00   1.00000000e+00   4.11571507e-02   7.22184626e-05   1.26535471e+00   2.23010973e+00
 1.77000000e+00   0.00000000e+00   1.00000000e+00   4.49552281e-02   1.34986999e-04   1.28013336e+00   2.22183236e+00
 1.78000000e+00   0.00000000e+00   1.00000000e+00   4.86483366e-02   1.80687684e-04   1.29033360e+00   2.21481051e+00
 1.79000000e+00   0.00000000e+00   1.00000000e+00   5.24387062e-02   1.93046950e-04   1.29476702e+00   2.20717230e+00
 1.80000000e+00   0.00000000e+00   1.00000000e+00   5.65475581e-02   1.67137591e-04   1.29663204e+00   2.19604605e+00
 1.81000000e+00   0.00000000e+00   1.00000000e+00   6.10425187e-02   1.11831823e-04   1.30160008e+00   2.18052019e+00
 1.82000000e+00   0.00000000e+00   1.00000000e+00   6.57807174e-02   4.56408362e-05   1.31358236e+00   2.16224416e+00
 1.83000000e+00   0.00000000e+00   1.00000000e+00   7.05125651e-02  -1.05419662e-05   1.33185201e+00   2.14460479e+00
 1.84000000e+00   0.00000000e+00   1.00000000e+00   7.50306286e-02  -3.93907451e-05   1.35257299e+00   2.13063377e+00
 1.85000000e+00   0.00000000e+00   1.00000000e+00   7.92286612e-02  -3.14663813e-05   1.37223756e+00   2.12188864e+00
 1.86000000e+00   0.00000000e+00   1.00000000e+00   8.30629162e-02   1.11513527e-05   1.38943949e+00   2.11806380e+00
 1.87000000e+00   0.00000000e+00   1.00000000e+00   8.65074249e-02   7.40970870e-05   1.40361317e+00   2.11749597e+00
 1.88000000e+00   0.00000000e+00   1.00000000e+00   8.95632068e-02   1.35531029e-04   1.41362893e+00   2.11841618e+00
 1.89000000e+00   0.00000000e+00   1.00000000e+00   9.22966593e-02   1.74746336e-04   1.41828636e+00   2.11960980e+00
 1.90000000e+00   0.00000000e+00   1.00000000e+00   9.48558412e-02   1.79332384e-04   1.41737658e+00   2.12051324e+00
 1.91000000e+00   0.00000000e+00   1.00000000e+00   9.74436969e-02   1.48053783e-04   1.41242753e+00   2.12072859e+00
 1.92000000e+00   0.00000000e+00   1.00000000e+00   1.00252859e-01   9.05840535e-05   1.40650226e+00   2.11951115e+00
 1.93000000e+00   0.00000000e+00   1.00000000e+00   1.03379130e-01   2.52508235e-05   1.40351481e+00   2.11621934e+00
 1.94000000e+00   0.00000000e+00   1.00000000e+00   1.06757665e-01  -2.61433851e-05   1.40670293e+00   2.11099744e+00
 1.95000000e+00   0.00000000e+00   1.00000000e+00   1.10185354e-01  -4.61784199e-05   1.41633426e+00   2.10555223e+00
 1.96000000e+00   0.00000000e+00   1.00000000e+00   1.13446663e-01  -2.86014900e-05   1.42899337e+00   2.10235832e+00
 1.97000000e+00   0.00000000e+00   1.00000000e+00   1.16461514e-01   1.99348468e-05   1.43960614e+00   2.10287730e+00
 1.98000000e+00   0.00000000e+00   1.00000000e+00   1.19332416e-01   8.31866106e-05   1.44504085e+00   2.10633104e+00
 1.99000000e+00   0.00000000e+00   1.00000000e+00   1.22254677e-01   1.40718684e-04   1.44603364e+00   2.11000295e+00
 2.00000000e+00   0.00000000e+00   1.00000000e+00   1.25385071e-01   1.73556282e-04   1.44580019e+00   2.11080462e+00
 2.01000000e+00   0.00000000e+00   1.00000000e+00   1.28789205e-01   1.70100607e-04   1.44710577e+00   2.10711403e+00
 2.02000000e+00   0.00000000e+00   1.00000000e+00   1.32481376e-01   1.30938308e-04   1.45093715e+00   2.09943730e+00
 2.03000000e+00   0.00000000e+00   1.00000000e+00   1.36469758e-01   6.92124231e-05   1.45764639e+00   2.08929975e+00
 2.04000000e+00   0.00000000e+00   1.00000000e+00   1.40739829e-01   5.47601787e-06   1.46850094e+00   2.07844978e+00
 2.05000000e+00   0.00000000e+00   1.00000000e+00   1.45201901e-01  -3.98528754e-05   1.48515216e+00   2.06807996e+00
 2.06000000e+00   0.00000000e+00   1.00000000e+00   1.49670732e-01  -5.26772011e-05   1.50782993e+00   2.05861987e+00
 2.07000000e+00   0.00000000e+00   1.00000000e+00   1.53907412e-01  -2.89638218e-05   1.53411714e+00   2.05048858e+00
 2.08000000e+00   0.00000000e+00   1.00000000e+00   1.57702953e-01   2.36341963e-05   1.55973230e+00   2.04441829e+00
 2.09000000e+00   0.00000000e+00   1.00000000e+00   1.60965115e-01   8.74290929e-05   1.58012788e+00   2.04095324e+00
 2.10000000e+00   0.00000000e+00   1.00000000e+00   1.63764269e-01   1.40658711e-04   1.59261668e+00   2.04023274e+00
 2.11000000e+00   0.00000000e+00   1.00000000e+00   1.66296731e-01   1.65489584e-04   1.59786166e+00   2.04098478e+00
 2.12000000e+00   0.00000000e+00   1.00000000e+00   1.68766038e-01   1.54040826e-04   1.59960418e+00   2.04104002e+00
 2.13000000e+00   0.00000000e+00   1.00000000e+00   1.71255282e-01   1.10136566e-04   1.60246932e+00   2.03874841e+00
 2.14000000e+00   0.00000000e+00   1.00000000e+00   1.73689993e-01   4.76703116e-05   1.60916856e+00   2.03424707e+00
 2.15000000e+00   0.00000000e+00   1.00000000e+00   1.75916421e-01  -1.31846258e-05   1.61907718e+00   2.02955299e+00
 2.16000000e+00   0.00000000e+00   1.00000000e+00   1.77812457e-01  -5.20908507e-05   1.62958917e+00   2.02711406e+00
 2.17000000e+00   0.00000000e+00   1.00000000e+00   1.79330195e-01  -5.59189112e-05   1.63865745e+00   2.02839696e+00
 2.18000000e+00   0.00000000e+00   1.00000000e+00   1.80458635e-01  -2.37561426e-05   1.64550806e+00   2.03307731e+00
 2.19000000e+00   0.00000000e+00   1.00000000e+00   1.81184302e-01   3.32899637e-05   1.64973777e+00   2.04019579e+00
 2.20000000e+00   0.00000000e+00   1.00000000e+00   1.81513673e-01   9.65108567e-05   1.65002673e+00   2.04848112e+00
 2.21000000e+00   0.00000000e+00   1.00000000e+00   1.81533226e-01   1.45511586e-04   1.64488114e+00   2.05730272e+00
 2.22000000e+00   0.00000000e+00   1.00000000e+00   1.81432668e-01   1.64183947e-04   1.63440924e+00   2.06618409e+00
 2.23000000e+00   0.00000000e+00   1.00000000e+00   1.81453344e-01   1.46041335e-04   1.62101898e+00   2.07402977e+00
 2.24000000e+00   0.00000000e+00   1.00000000e+00   1.81790295e-01   9.70376144e-05   1.60911789e+00   2.07938342e+00
 2.25000000e+00   0.00000000e+00   1.00000000e+00   1.82505829e-01   3.37545337e-05   1.60278218e+00   2.08109678e+00
 2.26000000e+00   0.00000000e+00   1.00000000e+00   1.83500414e-01  -2.27260273e-05   1.60431854e+00   2.07983111e+00
 2.27000000e+00   0.00000000e+00   1.00000000e+00   1.84562360e-01  -5.41525288e-05   1.61285498e+00   2.07731686e+00
 2.28000000e+00   0.00000000e+00   1.00000000e+00   1.85479484e-01  -5.05290454e-05   1.62474464e+00   2.07609451e+00
 2.29000000e+00   0.00000000e+00   1.00000000e+00   1.86147642e-01  -1.28283065e-05   1.63554080e+00   2.07755807e+00
 2.30000000e+00   0.00000000e+00   1.00000000e+00   1.86599503e-01   4.68612386e-05   1.64264015e+00   2.08160731e+00
 2.31000000e+00   0.00000000e+00   1.00000000e+00   1.86938195e-01   1.08604754e-04   1.64622143e+00   2.08638457e+00
 2.32000000e+00   0.00000000e+00   1.00000000e+00   1.87245772e-01   1.51490661e-04   1.64808160e+00   2.08955170e+00
 2.33000000e+00   0.00000000e+00   1.00000000e+00   1.87551029e-01   1.61376836e-04   1.64965668e+00   2.08985088e+00
 2.34000000e+00   0.00000000e+00   1.00000000e+00   1.87863798e-01   1.35491906e-04   1.65143443e+00   2.08769566e+00
 2.35000000e+00   0.00000000e+00   1.00000000e+00   1.88205190e-01   8.24999631e-05   1.65397443e+00   2.08438323e+00
 2.36000000e+00   0.00000000e+00   1.00000000e+00   1.88577597e-01   1.94893272e-05   1.65879709e+00   2.08074905e+00
 2.37000000e+00   0.00000000e+00   1.00000000e+00   1.88900790e-01  -3.29701306e-05   1.66774405e+00   2.07743219e+00
 2.38000000e+00   0.00000000e+00   1.00000000e+00   1.88989318e-01  -5.73118941e-05   1.68080470e+00   2.07493339e+00
 2.39000000e+00   0.00000000e+00   1.00000000e+00   1.88610629e-01  -4.52869335e-05   1.69528642e+00   2.07436874e+00
 2.40000000e+00   0.00000000e+00   1.00000000e+00   1.87590583e-01  -1.10562358e-06   1.70659546e+00   2.07712257e+00
 2.41000000e+00   0.00000000e+00   1.00000000e+00   1.85898310e-01   6.03564615e-05   1.71060318e+00   2.08396280e+00
 2.42000000e+00   0.00000000e+00   1.00000000e+00   1.83661872e-01   1.19040018e-04   1.70581652e+00   2.09482387e+00
 2.43000000e+00   0.00000000e+00   1.00000000e+00   1.81107606e-01   1.56146556e-04   1.69378199e+00   2.10775466e+00
 2.44000000e+00   0.00000000e+00   1.00000000e+00   1.78454923e-01   1.59676131e-04   1.67802722e+00   2.12002061e+00
 2.45000000e+00   0.00000000e+00   1.00000000e+00   1.75825436e-01   1.28341462e-04   1.66274390e+00   2.12958033e+00
 2.46000000e+00   0.00000000e+00   1.00000000e+00   1.73221956e-01   7.26253263e-05   1.65025930e+00   2.13640747e+00
 2.47000000e+00   0.00000000e+00   1.00000000e+00   1.70583240e-01   1.15066531e-05   1.64081758e+00   2.14241036e+00
 2.48000000e+00   0.00000000e+00   1.00000000e+00   1.67856299e-01  -3.43977466e-05   1.63336145e+00   2.14974874e+00
 2.49000000e+00   0.00000000e+00   1.00000000e+00   1.65019264e-01  -4.99727947e-05   1.62681467e+00   2.15974048e+00
 2.50000000e+00   0.00000000e+00   1.00000000e+00   1.62052229e-01  -3.01196874e-05   1.62085608e+00   2.17196973e+00
 2.51000000e+00   0.00000000e+00   1.00000000e+00   1.58917747e-01   1.90014649e-05   1.61482678e+00   2.18555139e+00
 2.52000000e+00   0.00000000e+00   1.00000000e+00   1.55598358e-01   8.17208015e-05   1.60706882e+00   2.19972705e+00
 2.53000000e+00   0.00000000e+00   1.00000000e+00   1.52162584e-01   1.37558919e-04   1.59561963e+00   2.21372514e+00
 2.54000000e+00   0.00000000e+00   1.00000000e+00   1.48785298e-01   1.68092466e-04   1.58009125e+00   2.22646488e+00
 2.55000000e+00   0.00000000e+00   1.00000000e+00   1.45684930e-01   1.63549835e-04   1.56268792e+00   2.23602056e+00
 2.56000000e+00   0.00000000e+00   1.00000000e+00   1.43014696e-01   1.26042135e-04   1.54737839e+00   2.24076839e+00
 2.57000000e+00   0.00000000e+00   1.00000000e+00   1.40781486e-01   6.82830045e-05   1.53798886e+00   2.24039602e+00
 2.58000000e+00   0.00000000e+00   1.00000000e+00   1.38840843e-01   9.18547116e-06   1.53617648e+00   2.23657989e+00
 2.59000000e+00   0.00000000e+00   1.00000000e+00   1.36964897e-01  -3.18592265e-05   1.54071473e+00   2.23229718e+00
 2.60000000e+00   0.00000000e+00   1.00000000e+00   1.34941431e-01  -4.10121318e-05   1.54825247e+00   2.23053063e+00
 2.61000000e+00   0.00000000e+00   1.00000000e+00   1.32649496e-01  -1.48907299e-05   1.55502110e+00   2.23272245e+00
 2.62000000e+00   0.00000000e+00   1.00000000e+00   1.30072801e-01   3.79090348e-05   1.55857129e+00   2.23844399e+00
 2.63000000e+00   0.00000000e+00   1.00000000e+00   1.27255192e-01   9.98261637e-05   1.55832703e+00   2.24567867e+00
 2.64000000e+00   0.00000000e+00   1.00000000e+00   1.24246686e-01   1.50560050e-04   1.55486305e+00   2.25248002e+00
 2.65000000e+00   0.00000000e+00   1.00000000e+00   1.21089000e-01   1.73765817e-04   1.54881680e+00   2.25816159e+00
 2.66000000e+00   0.00000000e+00   1.00000000e+00   1.17837785e-01   1.62072928e-04   1.54064958e+00   2.26244684e+00
 2.67000000e+00   0.00000000e+00   1.00000000e+00   1.14569912e-01   1.19455291e-04   1.53118317e+00   2.26575647e+00
 2.68000000e+00   0.00000000e+00   1.00000000e+00   1.11338834e-01   6.02211895e-05   1.52233787e+00   2.26867955e+00
 2.69000000e+00   0.00000000e+00   1.00000000e+00   1.08108139e-01   4.36205775e-06   1.51639720e+00   2.27183486e+00
 2.70000000e+00   0.00000000e+00   1.00000000e+00   1.04734258e-01  -2.93705829e-05   1.51411920e+00   2.27650161e+00
 2.71000000e+00   0.00000000e+00   1.00000000e+00   1.01032562e-01  -2.97731490e-05   1.51366313e+00   2.28437724e+00
 2.72000000e+00   0.00000000e+00   1.00000000e+00   9.68864131e-02   3.44049395e-06   1.51134363e+00   2.29705829e+00
 2.73000000e+00   0.00000000e+00   1.00000000e+00   9.23229681e-02   5.97935036e-05   1.50382000e+00   2.31474082e+00
 2.74000000e+00   0.00000000e+00   1.00000000e+00   8.75096236e-02   1.21282384e-04   1.48979861e+00   2.33538555e+00
 2.75000000e+00   0.00000000e+00   1.00000000e+00   8.26822510e-02   1.68004827e-04   1.47056242e+00   2.35566962e+00
 2.76000000e+00   0.00000000e+00   1.00000000e+00   7.80533885e-02   1.84822155e-04   1.44892104e+00   2.37216326e+00
 2.77000000e+00   0.00000000e+00   1.00000000e+00   7.37501557e-02   1.66629318e-04   1.42798677e+00   2.38309708e+00
 2.78000000e+00   0.00000000e+00   1.00000000e+00   6.98069911e-02   1.19992257e-04   1.40992281e+00   2.38912490e+00
 2.79000000e+00   0.00000000e+00   1.00000000e+00   6.62011280e-02   6.07353697e-05   1.39551840e+00   2.39244681e+00
 2.80000000e+00   0.00000000e+00   1.00000000e+00   6.28905691e-02   8.66549463e-06   1.38462686e+00   2.39510952e+00
 2.81000000e+00   0.00000000e+00   1.00000000e+00   5.98213985e-02  -1.87868800e-05   1.37700127e+00   2.39827682e+00
 2.82000000e+00   0.00000000e+00   1.00000000e+00   5.69128728e-02  -1.22625643e-05   1.37240802e+00   2.40231678e+00
 2.83000000e+00   0.00000000e+00   1.00000000e+00   5.40631815e-02   2.62891599e-05   1.36998793e+00   2.40704720e+00
 2.84000000e+00   0.00000000e+00   1.00000000e+00   5.12010753e-02   8.41908956e-05   1.36769631e+00   2.41229552e+00
 2.85000000e+00   0.00000000e+00   1.00000000e+00   4.83506715e-02   1.42437276e-04   1.36298596e+00   2.41727536e+00
 2.86000000e+00   0.00000000e+00   1.00000000e+00   4.56444575e-02   1.82122014e-04   1.35450756e+00   2.42054491e+00
 2.87000000e+00   0.00000000e+00   1.00000000e+00   4.32553892e-02   1.90472551e-04   1.34344361e+00   2.42016667e+00
 2.88000000e+00   0.00000000e+00   1.00000000e+00   4.12899467e-02   1.64788564e-04   1.33319615e+00   2.41470631e+00
 2.89000000e+00   0.00000000e+00   1.00000000e+00   3.97178474e-02   1.13410634e-04   1.32728809e+00   2.40483097e+00
 2.90000000e+00   0.00000000e+00   1.00000000e+00   3.83817969e-02   5.32545396e-05   1.32733992e+00   2.39325731e+00
 2.91000000e+00   0.00000000e+00   1.00000000e+00   3.70701733e-02   4.31487984e-06   1.33236713e+00   2.38326955e+00
 2.92000000e+00   0.00000000e+00   1.00000000e+00   3.56005262e-02  -1.71295165e-05   1.33962097e+00   2.37764604e+00
 2.93000000e+00   0.00000000e+00   1.00000000e+00   3.38692577e-02  -4.04184997e-06   1.34616109e+00   2.37730550e+00
 2.94000000e+00   0.00000000e+00   1.00000000e+00   3.18539497e-02   3.92481236e-05   1.34997567e+00   2.38132812e+00
 2.95000000e+00   0.00000000e+00   1.00000000e+00   2.95861136e-02   9.86562493e-05   1.35023234e+00   2.38777466e+00
 2.96000000e+00   0.00000000e+00   1.00000000e+00   2.71268925e-02   1.54822969e-04   1.34686633e+00   2.39465175e+00
 2.97000000e+00   0.00000000e+00   1.00000000e+00   2.45653542e-02   1.89315751e-04   1.33999175e+00   2.40069277e+00
 2.98000000e+00   0.00000000e+00   1.00000000e+00   2.20258559e-02   1.90856321e-04   1.32989746e+00   2.40527494e+00
 2.99000000e+00   0.00000000e+00   1.00000000e+00   1.96497198e-02   1.59278291e-04   1.31760621e+00   2.40798024e+00
 3.00000000e+00   0.00000000e+00   1.00000000e+00   1.75374507e-02   1.05424386e-04   1.30534341e+00   2.40865135e+00
 3.01000000e+00   0.00000000e+00   1.00000000e+00   1.56867411e-02   4.72525076e-05   1.29588102e+00   2.40803972e+00
 3.02000000e+00   0.00000000e+00   1.00000000e+00   1.39847715e-02   3.93549612e-06   1.29082219e+00   2.40781525e+00
 3.03000000e+00   0.00000000e+00   1.00000000e+00   1.22773236e-02  -1.01614994e-05   1.28927945e+00   2.40998495e+00
 3.04000000e+00   0.00000000e+00   1.00000000e+00   1.04718682e-02   9.91825813e-06   1.28829014e+00   2.41552641e+00
 3.05000000e+00   0.00000000e+00   1.00000000e+00   8.60200211e-03   5.78668254e-05   1.28456057e+00   2.42386872e+00
 3.06000000e+00   0.00000000e+00   1.00000000e+00   6.81407933e-03   1.18025275e-04   1.27647383e+00   2.43274073e+00
 3.07000000e+00   0.00000000e+00   1.00000000e+00   5.29673019e-03   1.70645471e-04   1.26469164e+00   2.43874505e+00
 3.08000000e+00   0.00000000e+00   1.00000000e+00   4.20624029e-03   1.98476918e-04   1.25133557e+00   2.43946576e+00
 3.09000000e+00   0.00000000e+00   1.00000000e+00   3.62773683e-03   1.92410786e-04   1.23886003e+00   2.43418181e+00
 3.10000000e+00   0.00000000e+00   1.00000000e+00   3.57661637e-03   1.54411413e-04   1.22909100e+00   2.42387106e+00
 3.11000000e+00   0.00000000e+00   1.00000000e+00   4.01827968e-03   9.69000893e-05   1.22299291e+00   2.41076884e+00
 3.12000000e+00   0.00000000e+00   1.00000000e+00   4.88061638e-03   3.88033757e-05   1.22106689e+00   2.39702949e+00
 3.13000000e+00   0.00000000e+00   1.00000000e+00   6.05140733e-03  -8.06714312e-07   1.22368159e+00   2.38392039e+00
 3.14000000e+00   0.00000000e+00   1.00000000e+00   7.37842856e-03  -9.11151634e-06   1.23063012e+00   2.37228176e+00
 3.15000000e+00   0.00000000e+00   1.00000000e+00   8.69896998e-03   1.63572184e-05   1.24047620e+00   2.36278912e+00
 3.16000000e+00   0.00000000e+00   1.00000000e+00   9.90232916e-03   6.70206801e-05   1.25044058e+00   2.35567611e+00
 3.17000000e+00   0.00000000e+00   1.00000000e+00   1.09879579e-02   1.25915196e-04   1.25746165e+00   2.35030467e+00
 3.18000000e+00   0.00000000e+00   1.00000000e+00   1.20672180e-02   1.73320626e-04   1.25992950e+00   2.34500622e+00
 3.19000000e+00   0.00000000e+00   1.00000000e+00   1.32932577e-02   1.93329055e-04   1.25883928e+00   2.33766744e+00
 3.20000000e+00   0.00000000e+00   1.00000000e+00   1.47625284e-02   1.79201906e-04   1.25715363e+00   2.32732884e+00
 3.21000000e+00   0.00000000e+00   1.00000000e+00   1.64560511e-02   1.35501598e-04   1.25800605e+00   2.31448433e+00
 3.22000000e+00   0.00000000e+00   1.00000000e+00   1.82546231e-02   7.64660148e-05   1.26278451e+00   2.30118614e+00
 3.23000000e+00   0.00000000e+00   1.00000000e+00   2.00047431e-02   2.12830095e-05   1.27067609e+00   2.29009199e+00
 3.24000000e+00   0.00000000e+00   1.00000000e+00   2.15835878e-02  -1.20375760e-05   1.27962652e+00   2.28313563e+00
 3.25000000e+00   0.00000000e+00   1.00000000e+00   2.29284922e-02  -1.25280278e-05   1.28759354e+00   2.28086615e+00
 3.26000000e+00   0.00000000e+00   1.00000000e+00   2.40332126e-02   1.99204107e-05   1.29324726e+00   2.28233030e+00
 3.27000000e+00   0.00000000e+00   1.00000000e+00   2.49352719e-02   7.44181932e-05   1.29581509e+00   2.28583716e+00
 3.28000000e+00   0.00000000e+00   1.00000000e+00   2.57136520e-02   1.32832064e-04   1.29481320e+00   2.28975396e+00
 3.29000000e+00   0.00000000e+00   1.00000000e+00   2.64947541e-02   1.75915205e-04   1.29002301e+00   2.29271208e+00
 3.30000000e+00   0.00000000e+00   1.00000000e+00   2.74457649e-02   1.89534562e-04   1.28188615e+00   2.29358837e+00
 3.31000000e+00   0.00000000e+00   1.00000000e+00   2.87354524e-02   1.69160811e-04   1.27205979e+00   2.29140789e+00
 3.32000000e+00   0.00000000e+00   1.00000000e+00   3.04684648e-02   1.21400770e-04   1.26337309e+00   2.28591322e+00
 3.33000000e+00   0.00000000e+00   1.00000000e+00   3.26322219e-02   6.19468114e-05   1.25891196e+00   2.27771421e+00
 3.34000000e+00   0.00000000e+00   1.00000000e+00   3.51015532e-02   1.03609947e-05   1.26020253e+00   2.26850493e+00
 3.35000000e+00   0.00000000e+00   1.00000000e+00   3.77095150e-02  -1.65074727e-05   1.26623336e+00   2.26014504e+00
 3.36000000e+00   0.00000000e+00   1.00000000e+00   4.03406609e-02  -1.00974935e-05   1.27395319e+00   2.25429371e+00
 3.37000000e+00   0.00000000e+00   1.00000000e+00   4.29843891e-02   2.71762922e-05   1.28041952e+00   2.25064288e+00
 3.38000000e+00   0.00000000e+00   1.00000000e+00   4.57195787e-02   8.28263716e-05   1.28432575e+00   2.24748305e+00
 3.39000000e+00   0.00000000e+00   1.00000000e+00   4.86549832e-02   1.38305867e-04   1.28627398e+00   2.24260548e+00
 3.40000000e+00   0.00000000e+00   1.00000000e+00   5.18740826e-02   1.74974188e-04   1.28789480e+00   2.23439671e+00
 3.41000000e+00   0.00000000e+00   1.00000000e+00   5.54132738e-02   1.80316923e-04   1.29076726e+00   2.22273412e+00
 3.42000000e+00   0.00000000e+00   1.00000000e+00   5.92661118e-02   1.52264590e-04   1.29606193e+00   2.20799678e+00
 3.43000000e+00   0.00000000e+00   1.00000000e+00   6.33889717e-02   9.98369631e-05   1.30462849e+00   2.19206711e+00
 3.44000000e+00   0.00000000e+00   1.00000000e+00   6.76946012e-02   3.99665442e-05   1.31710141e+00   2.17646154e+00
 3.45000000e+00   0.00000000e+00   1.00000000e+00   7.20434736e-02  -8.05808377e-06   1.33371465e+00   2.16230847e+00
 3.46000000e+00   0.00000000e+00   1.00000000e+00   7.62560463e-02  -2.87827123e-05   1.35351945e+00   2.15046729e+00
 3.47000000e+00   0.00000000e+00   1.00000000e+00   8.01596120e-02  -1.56748673e-05   1.37407805e+00   2.14151065e+00
 3.48000000e+00   0.00000000e+00   1.00000000e+00   8.36554745e-02   2.65928941e-05   1.39198593e+00   2.13577909e+00
 3.49000000e+00   0.00000000e+00   1.00000000e+00   8.67662408e-02   8.36785606e-05   1.40446838e+00   2.13302835e+00
 3.50000000e+00   0.00000000e+00   1.00000000e+00   8.96249125e-02   1.36422741e-04   1.41079682e+00   2.13201563e+00
 3.51000000e+00   0.00000000e+00   1.00000000e+00   9.24038918e-02   1.67252014e-04   1.41261811e+00   2.13089733e+00
 3.52000000e+00   0.00000000e+00   1.00000000e+00   9.52272574e-02   1.65911552e-04   1.41303092e+00   2.12812310e+00
 3.53000000e+00   0.00000000e+00   1.00000000e+00   9.81224872e-02   1.32691125e-04   1.41475676e+00   2.12342029e+00
 3.54000000e+00   0.00000000e+00   1.00000000e+00   1.01034925e-01   7.83238370e-05   1.41901891e+00   2.11791426e+00
 3.55000000e+00   0.00000000e+00   1.00000000e+00   1.03880196e-01   2.06050796e-05   1.42538155e+00   2.11333441e+00
 3.56000000e+00   0.00000000e+00   1.00000000e+00   1.06589943e-01  -2.14617829e-05   1.43259622e+00   2.11100525e+00
 3.57000000e+00   0.00000000e+00   1.00000000e+00   1.09127637e-01  -3.40897588e-05   1.43954453e+00   2.11123418e+00
 3.58000000e+00   0.00000000e+00   1.00000000e+00   1.11485469e-01  -1.33180577e-05   1.44527237e+00   2.11369232e+00
 3.59000000e+00   0.00000000e+00   1.00000000e+00   1.13686027e-01   3.38269544e-05   1.44894015e+00   2.11743676e+00
 3.60000000e+00   0.00000000e+00   1.00000000e+00   1.15796584e-01   9.17455005e-05   1.44978330e+00   2.12123518e+00
 3.61000000e+00   0.00000000e+00   1.00000000e+00   1.17939875e-01   1.41267925e-04   1.44758740e+00   2.12409661e+00
 3.62000000e+00   0.00000000e+00   1.00000000e+00   1.20277266e-01   1.65859392e-04   1.44335500e+00   2.12509723e+00
 3.63000000e+00   0.00000000e+00   1.00000000e+00   1.22956334e-01   1.57188815e-04   1.43949706e+00   2.12326213e+00
 3.64000000e+00   0.00000000e+00   1.00000000e+00   1.26043809e-01   1.18019778e-04   1.43919896e+00   2.11817926e+00
 3.65000000e+00   0.00000000e+00   1.00000000e+00   1.29484405e-01   6.12353634e-05   1.44496577e+00   2.11028470e+00
 3.66000000e+00   0.00000000e+00   1.00000000e+00   1.33117555e-01   5.39479488e-06   1.45726286e+00   2.10106221e+00
 3.67000000e+00   0.00000000e+00   1.00000000e+00   1.36747983e-01  -3.13992325e-05   1.47418433e+00   2.09240497e+00
 3.68000000e+00   0.00000000e+00   1.00000000e+00   1.40227505e-01  -3.73209163e-05   1.49248394e+00   2.08579785e+00
 3.69000000e+00   0.00000000e+00   1.00000000e+00   1.43498434e-01  -1.06482462e-05   1.50927469e+00   2.08153376e+00
 3.70000000e+00   0.00000000e+00   1.00000000e+00   1.46580647e-01   3.95841287e-05   1.52321622e+00   2.07894794e+00
 3.71000000e+00   0.00000000e+00   1.00000000e+00   1.49526777e-01   9.64771834e-05   1.53446124e+00   2.07662482e+00
 3.72000000e+00   0.00000000e+00   1.00000000e+00   1.52385024e-01   1.40921424e-04   1.54385967e+00   2.07354119e+00
 3.73000000e+00   0.00000000e+00   1.00000000e+00   1.55187513e-01   1.58005629e-04   1.55225057e+00   2.06903334e+00
 3.74000000e+00   0.00000000e+00   1.00000000e+00   1.57950734e-01   1.41881504e-04   1.56050434e+00   2.06346285e+00
 3.75000000e+00   0.00000000e+00   1.00000000e+00   1.60666386e-01   9.76270661e-05   1.56973328e+00   2.05762390e+00
 3.76000000e+00   0.00000000e+00   1.00000000e+00   1.63280147e-01   3.96424228e-05   1.58100994e+00   2.05230743e+00
 3.77000000e+00   0.00000000e+00   1.00000000e+00   1.65679316e-01  -1.30141957e-05   1.59459321e+00   2.04803582e+00
 3.78000000e+00   0.00000000e+00   1.00000000e+00   1.67713261e-01  -4.29726722e-05   1.60929781e+00   2.04547720e+00
 3.79000000e+00   0.00000000e+00   1.00000000e+00   1.69249564e-01  -4.04437357e-05   1.62243388e+00   2.04533754e+00
 3.80000000e+00   0.00000000e+00   1.00000000e+00   1.70239833e-01  -6.48653033e-06   1.63088970e+00   2.04824014e+00
 3.81000000e+00   0.00000000e+00   1.00000000e+00   1.70754894e-01   4.75137410e-05   1.63278910e+00   2.05425691e+00
 3.82000000e+00   0.00000000e+00   1.00000000e+00   1.70963131e-01   1.03764448e-04   1.62838734e+00   2.06241921e+00
 3.83000000e+00   0.00000000e+00   1.00000000e+00   1.71061340e-01   1.43836519e-04   1.61998994e+00   2.07090170e+00
 3.84000000e+00   0.00000000e+00   1.00000000e+00   1.71199301e-01   1.54528148e-04   1.61063679e+00   2.07766605e+00
 3.85000000e+00   0.00000000e+00   1.00000000e+00   1.71441264e-01   1.32251593e-04   1.60295517e+00   2.08203582e+00
 3.86000000e+00   0.00000000e+00   1.00000000e+00   1.71777207e-01   8.43748780e-05   1.59827400e+00   2.08436958e+00
 3.87000000e+00   0.00000000e+00   1.00000000e+00   1.72160200e-01   2.68377370e-05   1.59673095e+00   2.08622465e+00
 3.88000000e+00   0.00000000e+00   1.00000000e+00   1.72535955e-01  -2.12222688e-05   1.59768382e+00   2.08869758e+00
 3.89000000e+00   0.00000000e+00   1.00000000e+00   1.72852131e-01  -4.38824602e-05   1.60038204e+00   2.09227400e+00
 3.90000000e+00   0.00000000e+00   1.00000000e+00   1.73061998e-01  -3.36930644e-05   1.60372315e+00   2.09680749e+00
 3.91000000e+00   0.00000000e+00   1.00000000e+00   1.73140609e-01   6.04507696e-06   1.60940796e+00   2.11276021e+00
 3.92000000e+00   0.00000000e+00   1.00000000e+00   1.73111838e-01   6.28187555e-05   1.61257270e+00   2.09544286e+00
 3.93000000e+00   0.00000000e+00   1.00000000e+00   1.73064733e-01   1.18064988e-04   1.60550229e+00   2.11088883e+00
 3.94000000e+00   0.00000000e+00   1.00000000e+00   1.73127546e-01   1.51904591e-04   1.60166565e+00   2.11459313e+00
 3.95000000e+00   0.00000000e+00   1.00000000e+00   1.73408340e-01   1.53503507e-04   1.59870672e+00   2.11523846e+00
 3.96000000e+00   0.00000000e+00   1.00000000e+00   1.73932852e-01   1.22998482e-04   1.59920396e+00   2.11276620e+00
 3.97000000e+00   0.00000000e+00   1.00000000e+00   1.74614454e-01   7.07035500e-05   1.60502308e+00   2.10799118e+00
 3.98000000e+00   0.00000000e+00   1.00000000e+00   1.75279018e-01   1.34669637e-05   1.61599299e+00   2.10237491e+00
 3.99000000e+00   0.00000000e+00   1.00000000e+00   1.75731393e-01  -3.01523230e-05   1.62971100e+00   2.09777013e+00
 4.00000000e+00   0.00000000e+00   1.00000000e+00   1.75824614e-01  -4.58342608e-05   1.64316048e+00   2.09593474e+00
 4.01000000e+00   0.00000000e+00   1.00000000e+00   1.75494817e-01  -2.81680089e-05   1.65362388e+00   2.09716935e+00
 4.02000000e+00   0.00000000e+00   1.00000000e+00   1.74751217e-01   1.71925700e-05   1.65978012e+00   2.10111893e+00
 4.03000000e+00   0.00000000e+00   1.00000000e+00   1.73643847e-01   7.49537347e-05   1.66147412e+00   2.10664897e+00
 4.04000000e+00   0.00000000e+00   1.00000000e+00   1.72240119e-01   1.25720770e-04   1.65915639e+00   2.11256641e+00
 4.05000000e+00   0.00000000e+00   1.00000000e+00   1.70617916e-01   1.53116690e-04   1.65366217e+00   2.11846704e+00
 4.06000000e+00   0.00000000e+00   1.00000000e+00   1.68857453e-01   1.48850932e-04   1.64627551e+00   2.12363402e+00
 4.07000000e+00   0.00000000e+00   1.00000000e+00   1.67016277e-01   1.14278088e-04   1.63871524e+00   2.12855131e+00
 4.08000000e+00   0.00000000e+00   1.00000000e+00   1.65097029e-01   6.04100419e-05   1.63263918e+00   2.13345081e+00
 4.09000000e+00   0.00000000e+00   1.00000000e+00   1.63034483e-01   5.42396539e-06   1.62885960e+00   2.13887815e+00
 4.10000000e+00   0.00000000e+00   1.00000000e+00   1.60721438e-01  -3.18075058e-05   1.62665049e+00   2.14576602e+00
 4.11000000e+00   0.00000000e+00   1.00000000e+00   1.58068385e-01  -3.89755374e-05   1.62382049e+00   2.15541845e+00
 4.12000000e+00   0.00000000e+00   1.00000000e+00   1.55064716e-01  -1.39695083e-05   1.61790833e+00   2.16817816e+00
 4.13000000e+00   0.00000000e+00   1.00000000e+00   1.51803417e-01   3.52142397e-05   1.60749517e+00   2.18360073e+00
 4.14000000e+00   0.00000000e+00   1.00000000e+00   1.48454027e-01   9.29005326e-05   1.59288473e+00   2.19983682e+00
 4.15000000e+00   0.00000000e+00   1.00000000e+00   1.45200424e-01   1.40510831e-04   1.57589429e+00   2.21430215e+00
 4.16000000e+00   0.00000000e+00   1.00000000e+00   1.42178965e-01   1.62494740e-04   1.55910959e+00   2.22514335e+00
 4.17000000e+00   0.00000000e+00   1.00000000e+00   1.39448530e-01   1.51591419e-04   1.54476030e+00   2.23183383e+00
 4.18000000e+00   0.00000000e+00   1.00000000e+00   1.36998659e-01   1.11785499e-04   1.53413486e+00   2.23526587e+00
 4.19000000e+00   0.00000000e+00   1.00000000e+00   1.34774955e-01   5.69088825e-05   1.52756164e+00   2.23697661e+00
 4.20000000e+00   0.00000000e+00   1.00000000e+00   1.32697256e-01   5.18657347e-06   1.52477853e+00   2.23828208e+00
 4.21000000e+00   0.00000000e+00   1.00000000e+00   1.30667205e-01  -2.66696016e-05   1.52509629e+00   2.24018929e+00
 4.22000000e+00   0.00000000e+00   1.00000000e+00   1.28581525e-01  -2.80043467e-05   1.52722236e+00   2.24299573e+00
 4.23000000e+00   0.00000000e+00   1.00000000e+00   1.26362784e-01   2.14018950e-06   1.52925801e+00   2.24681970e+00
 4.24000000e+00   0.00000000e+00   1.00000000e+00   1.23995604e-01   5.39096572e-05   1.52922683e+00   2.25146280e+00
 4.25000000e+00   0.00000000e+00   1.00000000e+00   1.21539798e-01   1.09997410e-04   1.52603752e+00   2.25623183e+00
 4.26000000e+00   0.00000000e+00   1.00000000e+00   1.19101538e-01   1.51957783e-04   1.52017847e+00   2.26000405e+00
 4.27000000e+00   0.00000000e+00   1.00000000e+00   1.16772632e-01   1.66377962e-04   1.51358211e+00   2.26186363e+00
 4.28000000e+00   0.00000000e+00   1.00000000e+00   1.14572333e-01   1.48870428e-04   1.50865311e+00   2.26118515e+00
 4.29000000e+00   0.00000000e+00   1.00000000e+00   1.12426129e-01   1.05222049e-04   1.50691138e+00   2.25888794e+00
 4.30000000e+00   0.00000000e+00   1.00000000e+00   1.10192895e-01   4.97385446e-05   1.50828875e+00   2.25688219e+00
 4.31000000e+00   0.00000000e+00   1.00000000e+00   1.07722639e-01   9.74171065e-07   1.51118020e+00   2.25739165e+00
 4.32000000e+00   0.00000000e+00   1.00000000e+00   1.04910947e-01  -2.45022024e-05   1.51331272e+00   2.26181491e+00
 4.33000000e+00   0.00000000e+00   1.00000000e+00   1.01723761e-01  -1.81269791e-05   1.51273033e+00   2.27032895e+00
 4.34000000e+00   0.00000000e+00   1.00000000e+00   9.81909814e-02   1.78354983e-05   1.50840010e+00   2.28219611e+00
 4.35000000e+00   0.00000000e+00   1.00000000e+00   9.43877042e-02   7.17052393e-05   1.50002428e+00   2.29596083e+00
 4.36000000e+00   0.00000000e+00   1.00000000e+00   9.04205857e-02   1.26339094e-04   1.48795235e+00   2.31010233e+00
 4.37000000e+00   0.00000000e+00   1.00000000e+00   8.64190453e-02   1.64145782e-04   1.47289349e+00   2.32320968e+00
 4.38000000e+00   0.00000000e+00   1.00000000e+00   8.25169937e-02   1.72735562e-04   1.45611048e+00   2.33449540e+00
 4.39000000e+00   0.00000000e+00   1.00000000e+00   7.88170348e-02   1.49573837e-04   1.43948334e+00   2.34353478e+00
 4.40000000e+00   0.00000000e+00   1.00000000e+00   7.53518578e-02   1.02944893e-04   1.42508627e+00   2.35048117e+00
 4.41000000e+00   0.00000000e+00   1.00000000e+00   7.20721480e-02   4.87485531e-05   1.41426986e+00   2.35624871e+00
 4.42000000e+00   0.00000000e+00   1.00000000e+00   6.88779397e-02   5.01668628e-06   1.40686654e+00   2.36220960e+00
 4.43000000e+00   0.00000000e+00   1.00000000e+00   6.56798819e-02  -1.37615035e-05   1.40121589e+00   2.36982553e+00
 4.44000000e+00   0.00000000e+00   1.00000000e+00   6.24550464e-02  -1.08442201e-06   1.39506195e+00   2.37919448e+00
 4.45000000e+00   0.00000000e+00   1.00000000e+00   5.92654610e-02   3.93210899e-05   1.38675800e+00   2.38934202e+00
 4.46000000e+00   0.00000000e+00   1.00000000e+00   5.62316773e-02   9.43660198e-05   1.37601376e+00   2.39816907e+00
 4.47000000e+00   0.00000000e+00   1.00000000e+00   5.34807018e-02   1.45855781e-04   1.36387138e+00   2.40350260e+00
 4.48000000e+00   0.00000000e+00   1.00000000e+00   5.10992175e-02   1.76904994e-04   1.35207222e+00   2.40430210e+00
 4.49000000e+00   0.00000000e+00   1.00000000e+00   4.91128240e-02   1.77676785e-04   1.34233802e+00   2.40085619e+00
 4.50000000e+00   0.00000000e+00   1.00000000e+00   4.74901906e-02   1.48209948e-04   1.33581821e+00   2.39421247e+00
 4.51000000e+00   0.00000000e+00   1.00000000e+00   4.61560591e-02   9.81569465e-05   1.33302010e+00   2.38610668e+00
 4.52000000e+00   0.00000000e+00   1.00000000e+00   4.50006915e-02   4.39451891e-05   1.33396680e+00   2.37826663e+00
 4.53000000e+00   0.00000000e+00   1.00000000e+00   4.38894182e-02   3.62420167e-06   1.33811997e+00   2.37184231e+00
 4.54000000e+00   0.00000000e+00   1.00000000e+00   4.26856238e-02  -9.37156127e-06   1.34413146e+00   2.36770712e+00
 4.55000000e+00   0.00000000e+00   1.00000000e+00   4.12906880e-02   9.11177077e-06   1.34987383e+00   2.36628232e+00
 4.56000000e+00   0.00000000e+00   1.00000000e+00   3.96831238e-02   5.28118982e-05   1.35307891e+00   2.36726286e+00
 4.57000000e+00   0.00000000e+00   1.00000000e+00   3.79284309e-02   1.07382384e-04   1.35233894e+00   2.36951158e+00
 4.58000000e+00   0.00000000e+00   1.00000000e+00   3.61456269e-02   1.55073781e-04   1.34780622e+00   2.37152790e+00
 4.59000000e+00   0.00000000e+00   1.00000000e+00   3.44458587e-02   1.80319592e-04   1.34111696e+00   2.37188095e+00
 4.60000000e+00   0.00000000e+00   1.00000000e+00   3.28784768e-02   1.74792171e-04   1.33449060e+00   2.37026938e+00
 4.61000000e+00   0.00000000e+00   1.00000000e+00   3.14143686e-02   1.40393238e-04   1.32965479e+00   2.36752618e+00
 4.62000000e+00   0.00000000e+00   1.00000000e+00   2.99708127e-02   8.87631485e-05   1.32708926e+00   2.36535494e+00
 4.63000000e+00   0.00000000e+00   1.00000000e+00   2.84573441e-02   3.72106817e-05   1.32601635e+00   2.36550367e+00
 4.64000000e+00   0.00000000e+00   1.00000000e+00   2.68153053e-02   2.78773903e-06   1.32506929e+00   2.36886523e+00
 4.65000000e+00   0.00000000e+00   1.00000000e+00   2.50354380e-02  -3.16248203e-06   1.32293561e+00   2.37526430e+00
 4.66000000e+00   0.00000000e+00   1.00000000e+00   2.31564688e-02   2.14864331e-05   1.31873338e+00   2.38340624e+00
 4.67000000e+00   0.00000000e+00   1.00000000e+00   2.12578988e-02   6.88736993e-05   1.31197922e+00   2.39190142e+00
 4.68000000e+00   0.00000000e+00   1.00000000e+00   1.94544254e-02   1.23516105e-04   1.30251866e+00   2.39921053e+00
 4.69000000e+00   0.00000000e+00   1.00000000e+00   1.78857087e-02   1.67442572e-04   1.29068637e+00   2.40395518e+00
 4.70000000e+00   0.00000000e+00   1.00000000e+00   1.66896895e-02   1.86326412e-04   1.27757219e+00   2.40509970e+00
 4.71000000e+00   0.00000000e+00   1.00000000e+00   1.59597889e-02   1.74199915e-04   1.26513341e+00   2.40237622e+00
 4.72000000e+00   0.00000000e+00   1.00000000e+00   1.57063655e-02   1.35194176e-04   1.25570142e+00   2.39623273e+00
 4.73000000e+00   0.00000000e+00   1.00000000e+00   1.58497886e-02   8.20990941e-05   1.25091786e+00   2.38813447e+00
 4.74000000e+00   0.00000000e+00   1.00000000e+00   1.62560712e-02   3.23071155e-05   1.25086874e+00   2.37973842e+00
 4.75000000e+00   0.00000000e+00   1.00000000e+00   1.67978316e-02   2.21872087e-06   1.25396849e+00   2.37251267e+00
 4.76000000e+00   0.00000000e+00   1.00000000e+00   1.74059870e-02   1.70707521e-06   1.25788589e+00   2.36698758e+00
 4.77000000e+00   0.00000000e+00   1.00000000e+00   1.80852489e-02   3.07144366e-05   1.26078597e+00   2.36243425e+00
 4.78000000e+00   0.00000000e+00   1.00000000e+00   1.88917622e-02   7.94230133e-05   1.26198787e+00   2.35745942e+00
 4.79000000e+00   0.00000000e+00   1.00000000e+00   1.98931959e-02   1.31677002e-04   1.26194139e+00   2.35072015e+00
 4.80000000e+00   0.00000000e+00   1.00000000e+00   2.11354042e-02   1.70201242e-04   1.26174449e+00   2.34133748e+00
 4.81000000e+00   0.00000000e+00   1.00000000e+00   2.26270400e-02   1.82088954e-04   1.26255742e+00   2.32943849e+00
 4.82000000e+00   0.00000000e+00   1.00000000e+00   2.43376091e-02   1.63120266e-04   1.26521057e+00   2.31623866e+00
 4.83000000e+00   0.00000000e+00   1.00000000e+00   2.61987542e-02   1.19332110e-04   1.27030668e+00   2.30307453e+00
 4.84000000e+00   0.00000000e+00   1.00000000e+00   2.81059963e-02   6.50122814e-05   1.27808348e+00   2.29111456e+00
 4.85000000e+00   0.00000000e+00   1.00000000e+00   2.99294627e-02   1.78564493e-05   1.28809581e+00   2.28150638e+00
 4.86000000e+00   0.00000000e+00   1.00000000e+00   3.15433634e-02  -6.86910150e-06   1.29896162e+00   2.27491865e+00
 4.87000000e+00   0.00000000e+00   1.00000000e+00   3.28702259e-02  -1.26321958e-06   1.30854433e+00   2.27167396e+00
 4.88000000e+00   0.00000000e+00   1.00000000e+00   3.39179173e-02   3.27243960e-05   1.31469135e+00   2.27129102e+00
 4.89000000e+00   0.00000000e+00   1.00000000e+00   3.47835354e-02   8.38335324e-05   1.31620476e+00   2.27270179e+00
 4.90000000e+00   0.00000000e+00   1.00000000e+00   3.56159444e-02   1.35055391e-04   1.31346451e+00   2.27416800e+00
 4.91000000e+00   0.00000000e+00   1.00000000e+00   3.65558754e-02   1.69342738e-04   1.30820382e+00   2.27414499e+00
 4.92000000e+00   0.00000000e+00   1.00000000e+00   3.76867648e-02   1.75393183e-04   1.30269433e+00   2.27193539e+00
 4.93000000e+00   0.00000000e+00   1.00000000e+00   3.90201189e-02   1.51294264e-04   1.29875373e+00   2.26794051e+00
 4.94000000e+00   0.00000000e+00   1.00000000e+00   4.05150923e-02   1.04966017e-04   1.29713239e+00   2.26338874e+00
 4.95000000e+00   0.00000000e+00   1.00000000e+00   4.21128314e-02   5.15633333e-05   1.29759325e+00   2.25953872e+00
 4.96000000e+00   0.00000000e+00   1.00000000e+00   4.37648135e-02   8.62726147e-06   1.29936466e+00   2.25697444e+00
 4.97000000e+00   0.00000000e+00   1.00000000e+00   4.54472988e-02  -9.69138113e-06   1.30156010e+00   2.25570606e+00
 4.98000000e+00   0.00000000e+00   1.00000000e+00   4.71671864e-02   2.54901057e-06   1.30327228e+00   2.25532107e+00
 4.99000000e+00   0.00000000e+00   1.00000000e+00   4.89666494e-02   4.10686113e-05   1.30380851e+00   2.25474444e+00
 5.00000000e+00   0.00000000e+00   1.00000000e+00   5.09251571e-02   9.29170876e-05   1.30278738e+00   2.25283279e+00