  Time  Coordinate0  Coordinate1  Displacement0  Displacement1  Force0  Force1
 0.00000000e+00   0.00000000e+00   1.00000000e+00   0.00000000e+00   0.00000000e+00   0.00000000e+00   0.00000000e+00
 1.00000000e-02   0.00000000e+00   1.00000000e+00   3.16610990e-04  -3.49872801e-06   2.61098760e-01  -4.53872332e+00
 2.00000000e-02   0.00000000e+00   1.00000000e+00   1.14562430e-03   5.09766042e-05   2.69129319e+00   1.15476659e+01
 3.00000000e-02   0.00000000e+00   1.00000000e+00   2.25536030e-03   1.38373849e-04   2.79869396e-01  -2.18243174e+00
 4.00000000e-02   0.00000000e+00   1.00000000e+00   3.52530596e-03   2.11292049e-04   1.03726344e+00   5.47355387e+00
 5.00000000e-02   0.00000000e+00   1.00000000e+00   4.90622332e-03   2.63815016e-04   7.78532673e-01   6.06231064e-01
 6.00000000e-02   0.00000000e+00   1.00000000e+00   6.31619078e-03   2.91796607e-04   7.30858537e-01   3.16966723e+00
 7.00000000e-02   0.00000000e+00   1.00000000e+00   7.76197614e-03   2.72617333e-04   7.66409719e-01   1.66298764e+00
 8.00000000e-02   0.00000000e+00   1.00000000e+00   9.42100435e-03   1.99037611e-04   6.78414535e-01   2.32242348e+00
 9.00000000e-02   0.00000000e+00   1.00000000e+00   1.16587761e-02   8.56316501e-05   7.03197128e-01   1.93130686e+00
 1.00000000e-01   0.00000000e+00   1.00000000e+00   1.46796619e-02  -1.18225895e-05   6.65865389e-01   2.02374418e+00
 1.10000000e-01   0.00000000e+00   1.00000000e+00   1.82138217e-02  -4.98248157e-05   6.83334522e-01   1.91646943e+00
 1.20000000e-01   0.00000000e+00   1.00000000e+00   2.18041722e-02  -3.30066685e-05   6.84549677e-01   1.89785776e+00
 1.30000000e-01   0.00000000e+00   1.00000000e+00   2.53546674e-02   1.32312377e-05   6.97636657e-01   1.85815359e+00
 1.40000000e-01   0.00000000e+00   1.00000000e+00   2.90584764e-02   8.22641839e-05   7.02748803e-01   1.83335466e+00
 1.50000000e-01   0.00000000e+00   1.00000000e+00   3.28718885e-02   1.78962413e-04   7.13904192e-01   1.80840948e+00
 1.60000000e-01   0.00000000e+00   1.00000000e+00   3.65516874e-02   2.59377907e-04   7.24989377e-01   1.79064263e+00
 1.70000000e-01   0.00000000e+00   1.00000000e+00   4.00733630e-02   2.68726797e-04   7.34015646e-01   1.77638701e+00
 1.80000000e-01   0.00000000e+00   1.00000000e+00   4.35651395e-02   2.10548729e-04   7.39256851e-01   1.76111894e+00
 1.90000000e-01   0.00000000e+00   1.00000000e+00   4.70766886e-02   1.28858996e-04   7.43490691e-01   1.74331352e+00
 2.00000000e-01   0.00000000e+00   1.00000000e+00   5.06755052e-02   4.69085722e-05   7.47358577e-01   1.72468505e+00
 2.10000000e-01   0.00000000e+00   1.00000000e+00   5.44654524e-02  -2.96363925e-05   7.52819899e-01   1.70759904e+00
 2.20000000e-01   0.00000000e+00   1.00000000e+00   5.84514097e-02  -7.75239288e-05   7.61874351e-01   1.69192149e+00
 2.30000000e-01   0.00000000e+00   1.00000000e+00   6.25613319e-02  -6.87240417e-05   7.74173046e-01   1.67648159e+00
 2.40000000e-01   0.00000000e+00   1.00000000e+00   6.66321340e-02   3.00690074e-06   7.88829365e-01   1.66225852e+00
 2.50000000e-01   0.00000000e+00   1.00000000e+00   7.03681359e-02   1.06231317e-04   8.03548776e-01   1.65126290e+00
 2.60000000e-01   0.00000000e+00   1.00000000e+00   7.36130951e-02   1.89418005e-04   8.13149586e-01   1.64453403e+00
 2.70000000e-01   0.00000000e+00   1.00000000e+00   7.65819260e-02   2.28620257e-04   8.14549279e-01   1.63856312e+00
 2.80000000e-01   0.00000000e+00   1.00000000e+00   7.96200804e-02   2.32619811e-04   8.11625661e-01   1.63129314e+00
 2.90000000e-01   0.00000000e+00   1.00000000e+00   8.28606887e-02   1.98015361e-04   8.10226951e-01   1.62321455e+00
 3.00000000e-01   0.00000000e+00   1.00000000e+00   8.62160378e-02   1.12862702e-04   8.11831935e-01   1.61459967e+00
 3.10000000e-01   0.00000000e+00   1.00000000e+00   8.96326621e-02   5.23186805e-06   8.13915574e-01   1.60359677e+00
 3.20000000e-01   0.00000000e+00   1.00000000e+00   9.32462568e-02  -6.96804090e-05   8.15665198e-01   1.59021141e+00
 3.30000000e-01   0.00000000e+00   1.00000000e+00   9.72030106e-02  -8.48087450e-05   8.20400731e-01   1.57726724e+00
 3.40000000e-01   0.00000000e+00   1.00000000e+00   1.01425519e-01  -5.07403568e-05   8.31142867e-01   1.56690534e+00
 3.50000000e-01   0.00000000e+00   1.00000000e+00   1.05695612e-01   1.39829729e-05   8.46413422e-01   1.55923109e+00
 3.60000000e-01   0.00000000e+00   1.00000000e+00   1.09880821e-01   9.79640657e-05   8.62346624e-01   1.55329168e+00
 3.70000000e-01   0.00000000e+00   1.00000000e+00   1.13948378e-01   1.84092280e-04   8.76467019e-01   1.54806377e+00
 3.80000000e-01   0.00000000e+00   1.00000000e+00   1.17854511e-01   2.37859549e-04   8.87994842e-01   1.54297520e+00
 3.90000000e-01   0.00000000e+00   1.00000000e+00   1.21605501e-01   2.27392084e-04   8.96231569e-01   1.53798307e+00
 4.00000000e-01   0.00000000e+00   1.00000000e+00   1.25391638e-01   1.57330882e-04   9.01720809e-01   1.53255300e+00
 4.10000000e-01   0.00000000e+00   1.00000000e+00   1.29467536e-01   6.59641337e-05   9.08110369e-01   1.52557490e+00
 4.20000000e-01   0.00000000e+00   1.00000000e+00   1.33883458e-01  -1.44103485e-05   9.20016682e-01   1.51732133e+00
 4.30000000e-01   0.00000000e+00   1.00000000e+00   1.38439370e-01  -7.34994454e-05   9.38449912e-01   1.50882807e+00
 4.40000000e-01   0.00000000e+00   1.00000000e+00   1.42871701e-01  -9.77400104e-05   9.60296767e-01   1.50104238e+00
 4.50000000e-01   0.00000000e+00   1.00000000e+00   1.47034645e-01  -6.48050009e-05   9.81352065e-01   1.49441389e+00
 4.60000000e-01   0.00000000e+00   1.00000000e+00   1.50943773e-01   2.16144699e-05   9.99695373e-01   1.48994960e+00
 4.70000000e-01   0.00000000e+00   1.00000000e+00   1.54644000e-01   1.20941585e-04   1.01648187e+00   1.48838931e+00
 4.80000000e-01   0.00000000e+00   1.00000000e+00   1.58044174e-01   1.91262613e-04   1.03272647e+00   1.48896383e+00
 4.90000000e-01   0.00000000e+00   1.00000000e+00   1.60990443e-01   2.16686110e-04   1.04556064e+00   1.48950878e+00
 5.00000000e-01   0.00000000e+00   1.00000000e+00   1.63507442e-01   1.98891912e-04   1.05085543e+00   1.48813958e+00
 5.10000000e-01   0.00000000e+00   1.00000000e+00   1.65821788e-01   1.40764046e-04   1.04968352e+00   1.48521442e+00
 5.20000000e-01   0.00000000e+00   1.00000000e+00   1.68135502e-01   4.99344898e-05   1.04765011e+00   1.48212298e+00
 5.30000000e-01   0.00000000e+00   1.00000000e+00   1.70505664e-01  -4.51710876e-05   1.04873966e+00   1.47906112e+00
 5.40000000e-01   0.00000000e+00   1.00000000e+00   1.72921078e-01  -1.01450846e-04   1.05355066e+00   1.47576582e+00
 5.50000000e-01   0.00000000e+00   1.00000000e+00   1.75334153e-01  -9.57429150e-05   1.06181080e+00   1.47312397e+00
 5.60000000e-01   0.00000000e+00   1.00000000e+00   1.77598468e-01  -4.13484346e-05   1.07257238e+00   1.47208710e+00
 5.70000000e-01   0.00000000e+00   1.00000000e+00   1.79510673e-01   3.64945332e-05   1.08259798e+00   1.47250446e+00
 5.80000000e-01   0.00000000e+00   1.00000000e+00   1.80994591e-01   1.21549105e-04   1.08767828e+00   1.47378369e+00
 5.90000000e-01   0.00000000e+00   1.00000000e+00   1.82203841e-01   1.94438567e-04   1.08673174e+00   1.47599901e+00
 6.00000000e-01   0.00000000e+00   1.00000000e+00   1.83382843e-01   2.24205998e-04   1.08294740e+00   1.47891109e+00
 6.10000000e-01   0.00000000e+00   1.00000000e+00   1.84643740e-01   1.91404936e-04   1.08029345e+00   1.48118138e+00
 6.20000000e-01   0.00000000e+00   1.00000000e+00   1.85941748e-01   1.10439167e-04   1.07983580e+00   1.48136841e+00
 6.30000000e-01   0.00000000e+00   1.00000000e+00   1.87250113e-01   1.77427776e-05   1.08023655e+00   1.47932190e+00
 6.40000000e-01   0.00000000e+00   1.00000000e+00   1.88659465e-01  -5.64405085e-05   1.08141542e+00   1.47611466e+00
 6.50000000e-01   0.00000000e+00   1.00000000e+00   1.90269343e-01  -9.72098332e-05   1.08606977e+00   1.47323526e+00
 6.60000000e-01   0.00000000e+00   1.00000000e+00   1.92033149e-01  -9.42231664e-05   1.09708265e+00   1.47186268e+00
 6.70000000e-01   0.00000000e+00   1.00000000e+00   1.93742162e-01  -4.00294517e-05   1.11385921e+00   1.47230446e+00
 6.80000000e-01   0.00000000e+00   1.00000000e+00   1.95158049e-01   5.30403934e-05   1.13167171e+00   1.47412541e+00
 6.90000000e-01   0.00000000e+00   1.00000000e+00   1.96160931e-01   1.46982115e-04   1.14504241e+00   1.47653786e+00
 7.00000000e-01   0.00000000e+00   1.00000000e+00   1.96776482e-01   2.03096332e-04   1.15185561e+00   1.47898986e+00
 7.10000000e-01   0.00000000e+00   1.00000000e+00   1.97101216e-01   2.08183600e-04   1.15354901e+00   1.48120626e+00
 7.20000000e-01   0.00000000e+00   1.00000000e+00   1.97258292e-01   1.69222729e-04   1.15246704e+00   1.48287412e+00
 7.30000000e-01   0.00000000e+00   1.00000000e+00   1.97387687e-01   9.59675287e-05   1.15091098e+00   1.48359798e+00
 7.40000000e-01   0.00000000e+00   1.00000000e+00   1.97560442e-01   3.77136063e-06   1.15158397e+00   1.48318504e+00
 7.50000000e-01   0.00000000e+00   1.00000000e+00   1.97677242e-01  -7.63383906e-05   1.15601898e+00   1.48196057e+00
 7.60000000e-01   0.00000000e+00   1.00000000e+00   1.97538914e-01  -1.09688696e-04   1.16230601e+00   1.48067625e+00
 7.70000000e-01   0.00000000e+00   1.00000000e+00   1.97040597e-01  -8.34415988e-05   1.16685287e+00   1.48052251e+00
 7.80000000e-01   0.00000000e+00   1.00000000e+00   1.96222277e-01  -1.34865863e-05   1.16845766e+00   1.48254201e+00
 7.90000000e-01   0.00000000e+00   1.00000000e+00   1.95117523e-01   7.30370502e-05   1.16846279e+00   1.48686025e+00
 8.00000000e-01   0.00000000e+00   1.00000000e+00   1.93646840e-01   1.53510540e-04   1.16687571e+00   1.49249563e+00
 8.10000000e-01   0.00000000e+00   1.00000000e+00   1.91717652e-01   2.07393395e-04   1.16083284e+00   1.49831126e+00
 8.20000000e-01   0.00000000e+00   1.00000000e+00   1.89388577e-01   2.12935347e-04   1.14772223e+00   1.50337636e+00
 8.30000000e-01   0.00000000e+00   1.00000000e+00   1.86885160e-01   1.61581597e-04   1.12887748e+00   1.50695904e+00
 8.40000000e-01   0.00000000e+00   1.00000000e+00   1.84454937e-01   7.28876399e-05   1.10923040e+00   1.50881969e+00
 8.50000000e-01   0.00000000e+00   1.00000000e+00   1.82221691e-01  -1.62603965e-05   1.09371302e+00   1.50960398e+00
 8.60000000e-01   0.00000000e+00   1.00000000e+00   1.80160151e-01  -7.67260770e-05   1.08419859e+00   1.51021046e+00
 8.70000000e-01   0.00000000e+00   1.00000000e+00   1.78159759e-01  -9.55930690e-05   1.07939991e+00   1.51111698e+00
 8.80000000e-01   0.00000000e+00   1.00000000e+00   1.76085889e-01  -6.79544870e-05   1.07676951e+00   1.51250444e+00
 8.90000000e-01   0.00000000e+00   1.00000000e+00   1.73821264e-01   3.53376511e-06   1.07399126e+00   1.51506913e+00
 9.00000000e-01   0.00000000e+00   1.00000000e+00   1.71320011e-01   9.85818477e-05   1.06923626e+00   1.51955730e+00
 9.10000000e-01   0.00000000e+00   1.00000000e+00   1.68647389e-01   1.80988875e-04   1.06155007e+00   1.52552895e+00
 9.20000000e-01   0.00000000e+00   1.00000000e+00   1.65935282e-01   2.19318764e-04   1.05167892e+00   1.53135418e+00
 9.30000000e-01   0.00000000e+00   1.00000000e+00   1.63270180e-01   2.04701186e-04   1.04161941e+00   1.53556254e+00
 9.40000000e-01   0.00000000e+00   1.00000000e+00   1.60642278e-01   1.47632113e-04   1.03263357e+00   1.53772843e+00
 9.50000000e-01   0.00000000e+00   1.00000000e+00   1.58029169e-01   6.52483420e-05   1.02426056e+00   1.53810381e+00
 9.60000000e-01   0.00000000e+00   1.00000000e+00   1.55493272e-01  -2.10061679e-05   1.01638775e+00   1.53703072e+00
 9.70000000e-01   0.00000000e+00   1.00000000e+00   1.53124247e-01  -8.22462126e-05   1.01100909e+00   1.53525860e+00
 9.80000000e-01   0.00000000e+00   1.00000000e+00   1.50876897e-01  -9.22864521e-05   1.01055692e+00   1.53411530e+00
 9.90000000e-01   0.00000000e+00   1.00000000e+00   1.48529512e-01  -4.65094485e-05   1.01445002e+00   1.53506584e+00
 1.00000000e+00   0.00000000e+00   1.00000000e+00   1.45834628e-01   3.47436863e-05   1.01825392e+00   1.53849226e+00
 1.01000000e+00   0.00000000e+00   1.00000000e+00   1.42684512e-01   1.22291804e-04   1.01710483e+00   1.54355982e+00
 1.02000000e+00   0.00000000e+00   1.00000000e+00   1.39132441e-01   1.91883835e-04   1.00931426e+00   1.54932772e+00
 1.03000000e+00   0.00000000e+00   1.00000000e+00   1.35313158e-01   2.24455566e-04   9.96307488e-01   1.55529927e+00
 1.04000000e+00   0.00000000e+00   1.00000000e+00   1.31373605e-01   2.06442434e-04   9.80594156e-01   1.56078822e+00
 1.05000000e+00   0.00000000e+00   1.00000000e+00   1.27434059e-01   1.39800371e-04   9.64350185e-01   1.56480909e+00
 1.06000000e+00   0.00000000e+00   1.00000000e+00   1.23550941e-01   4.86105871e-05   9.49108089e-01   1.56651970e+00
 1.07000000e+00   0.00000000e+00   1.00000000e+00   1.19697446e-01  -3.20495669e-05   9.35706794e-01   1.56649286e+00
 1.08000000e+00   0.00000000e+00   1.00000000e+00   1.15800492e-01  -7.56837702e-05   9.23962905e-01   1.56651276e+00
 1.09000000e+00   0.00000000e+00   1.00000000e+00   1.11813711e-01  -7.23267035e-05   9.12949513e-01   1.56811480e+00
 1.10000000e+00   0.00000000e+00   1.00000000e+00   1.07745480e-01  -2.36828389e-05   9.01913698e-01   1.57169807e+00
 1.11000000e+00   0.00000000e+00   1.00000000e+00   1.03603666e-01   5.88963319e-05   8.90733245e-01   1.57690702e+00
 1.12000000e+00   0.00000000e+00   1.00000000e+00   9.93375990e-02   1.50534934e-04   8.79161329e-01   1.58358986e+00
 1.13000000e+00   0.00000000e+00   1.00000000e+00   9.48864297e-02   2.17676455e-04   8.65831763e-01   1.59128656e+00
 1.14000000e+00   0.00000000e+00   1.00000000e+00   9.03046698e-02   2.35697344e-04   8.49174890e-01   1.59862133e+00
 1.15000000e+00   0.00000000e+00   1.00000000e+00   8.58045046e-02   2.01893381e-04   8.29571013e-01   1.60365078e+00
 1.16000000e+00   0.00000000e+00   1.00000000e+00   8.16333105e-02   1.31347815e-04   8.10022317e-01   1.60536214e+00
 1.17000000e+00   0.00000000e+00   1.00000000e+00   7.79059115e-02   4.59735201e-05   7.94180486e-01   1.60423907e+00
 1.18000000e+00   0.00000000e+00   1.00000000e+00   7.45607389e-02  -2.96414004e-05   7.83773191e-01   1.60148245e+00
 1.19000000e+00   0.00000000e+00   1.00000000e+00   7.14490185e-02  -6.98177002e-05   7.77958958e-01   1.59832572e+00
 1.20000000e+00   0.00000000e+00   1.00000000e+00   6.84312362e-02  -5.72873020e-05   7.74689963e-01   1.59592230e+00
 1.21000000e+00   0.00000000e+00   1.00000000e+00   6.54089920e-02   4.56534328e-06   7.72181725e-01   1.59542443e+00
 1.22000000e+00   0.00000000e+00   1.00000000e+00   6.23308883e-02   9.19516481e-05   7.69208727e-01   1.59750203e+00
 1.23000000e+00   0.00000000e+00   1.00000000e+00   5.92035726e-02   1.74700415e-04   7.64913785e-01   1.60147236e+00
 1.24000000e+00   0.00000000e+00   1.00000000e+00   5.60756304e-02   2.28813418e-04   7.59014358e-01   1.60555976e+00
 1.25000000e+00   0.00000000e+00   1.00000000e+00   5.29882385e-02   2.39014723e-04   7.51931020e-01   1.60826509e+00
 1.26000000e+00   0.00000000e+00   1.00000000e+00   4.99553320e-02   1.99789451e-04   7.44246028e-01   1.60901396e+00
 1.27000000e+00   0.00000000e+00   1.00000000e+00   4.70045918e-02   1.21389522e-04   7.36293031e-01   1.60781696e+00
 1.28000000e+00   0.00000000e+00   1.00000000e+00   4.42096814e-02   3.14018177e-05   7.28554378e-01   1.60481816e+00
 1.29000000e+00   0.00000000e+00   1.00000000e+00   4.16363060e-02  -3.71378301e-05   7.22199924e-01   1.60050837e+00
 1.30000000e+00   0.00000000e+00   1.00000000e+00   3.92397608e-02  -6.21411617e-05   7.18617037e-01   1.59629627e+00
 1.31000000e+00   0.00000000e+00   1.00000000e+00   3.68380853e-02  -3.85300831e-05   7.17869522e-01   1.59396439e+00
 1.32000000e+00   0.00000000e+00   1.00000000e+00   3.42195612e-02   2.57330364e-05   7.17814017e-01   1.59470698e+00
 1.33000000e+00   0.00000000e+00   1.00000000e+00   3.12935850e-02   1.12719629e-04   7.15284152e-01   1.59831688e+00
 1.34000000e+00   0.00000000e+00   1.00000000e+00   2.81411904e-02   1.95174155e-04   7.08465606e-01   1.60356138e+00
 1.35000000e+00   0.00000000e+00   1.00000000e+00   2.49344675e-02   2.43558841e-04   6.97945422e-01   1.60893349e+00
 1.36000000e+00   0.00000000e+00   1.00000000e+00   2.18290307e-02   2.40351020e-04   6.85661564e-01   1.61296581e+00
 1.37000000e+00   0.00000000e+00   1.00000000e+00   1.89244284e-02   1.88978776e-04   6.73369008e-01   1.61452461e+00
 1.38000000e+00   0.00000000e+00   1.00000000e+00   1.62772923e-02   1.09056107e-04   6.62055486e-01   1.61308926e+00
 1.39000000e+00   0.00000000e+00   1.00000000e+00   1.39099776e-02   2.57991732e-05   6.52331053e-01   1.60913634e+00
 1.40000000e+00   0.00000000e+00   1.00000000e+00   1.18116043e-02  -3.58542088e-05   6.44646058e-01   1.60411226e+00
 1.41000000e+00   0.00000000e+00   1.00000000e+00   9.95480470e-03  -5.48148619e-05   6.39041769e-01   1.59959564e+00
 1.42000000e+00   0.00000000e+00   1.00000000e+00   8.30963381e-03  -2.19296054e-05   6.35120863e-01   1.59663697e+00
 1.43000000e+00   0.00000000e+00   1.00000000e+00   6.82692875e-03   5.22003961e-05   6.32384737e-01   1.59554156e+00
 1.44000000e+00   0.00000000e+00   1.00000000e+00   5.42586457e-03   1.40543962e-04   6.30284759e-01   1.59609674e+00
 1.45000000e+00   0.00000000e+00   1.00000000e+00   4.04437107e-03   2.13160852e-04   6.27805622e-01   1.59769847e+00
 1.46000000e+00   0.00000000e+00   1.00000000e+00   2.72681275e-03   2.48524351e-04   6.23645454e-01   1.59917518e+00
 1.47000000e+00   0.00000000e+00   1.00000000e+00   1.64222635e-03   2.36577422e-04   6.17351688e-01   1.59893181e+00
 1.48000000e+00   0.00000000e+00   1.00000000e+00   9.81879382e-04   1.79506940e-04   6.10305331e-01   1.59553981e+00
 1.49000000e+00   0.00000000e+00   1.00000000e+00   8.21662655e-04   9.41855977e-05   6.05207838e-01   1.58880884e+00
 1.50000000e+00   0.00000000e+00   1.00000000e+00   1.07792563e-03   9.90214759e-06   6.04141040e-01   1.57995472e+00
 1.51000000e+00   0.00000000e+00   1.00000000e+00   1.58233320e-03  -4.34643452e-05   6.07064701e-01   1.57091816e+00
 1.52000000e+00   0.00000000e+00   1.00000000e+00   2.18495385e-03  -4.90940963e-05   6.12276568e-01   1.56329552e+00
 1.53000000e+00   0.00000000e+00   1.00000000e+00   2.79605642e-03  -7.65816526e-06   6.18002071e-01   1.55804144e+00
 1.54000000e+00   0.00000000e+00   1.00000000e+00   3.36784345e-03   6.69510588e-05   6.23247281e-01   1.55542146e+00
 1.55000000e+00   0.00000000e+00   1.00000000e+00   3.87322464e-03   1.52248842e-04   6.27470979e-01   1.55505391e+00
 1.56000000e+00   0.00000000e+00   1.00000000e+00   4.30871475e-03   2.20691186e-04   6.30116152e-01   1.55581389e+00
 1.57000000e+00   0.00000000e+00   1.00000000e+00   4.70220536e-03   2.47654503e-04   6.30779588e-01   1.55618145e+00
 1.58000000e+00   0.00000000e+00   1.00000000e+00   5.11124587e-03   2.23001284e-04   6.29599892e-01   1.55493016e+00
 1.59000000e+00   0.00000000e+00   1.00000000e+00   5.61994785e-03   1.56421149e-04   6.27235296e-01   1.55164914e+00
 1.60000000e+00   0.00000000e+00   1.00000000e+00   6.32650468e-03   7.14441107e-05   6.24648779e-01   1.54658206e+00
 1.61000000e+00   0.00000000e+00   1.00000000e+00   7.29460272e-03  -5.05304746e-06   6.23090895e-01   1.54030320e+00
 1.62000000e+00   0.00000000e+00   1.00000000e+00   8.48579262e-03  -4.98091296e-05   6.23850074e-01   1.53378052e+00
 1.63000000e+00   0.00000000e+00   1.00000000e+00   9.74988443e-03  -4.76881851e-05   6.27259643e-01   1.52836535e+00
 1.64000000e+00   0.00000000e+00   1.00000000e+00   1.09172105e-02   2.39063930e-06   6.31865733e-01   1.52534160e+00
 1.65000000e+00   0.00000000e+00   1.00000000e+00   1.19235993e-02   8.38225169e-05   6.35130842e-01   1.52503522e+00
 1.66000000e+00   0.00000000e+00   1.00000000e+00   1.28514642e-02   1.67820411e-04   6.35324582e-01   1.52652048e+00
 1.67000000e+00   0.00000000e+00   1.00000000e+00   1.38586121e-02   2.26087343e-04   6.32685531e-01   1.52822002e+00
 1.68000000e+00   0.00000000e+00   1.00000000e+00   1.50797079e-02   2.41022510e-04   6.28824993e-01   1.52863868e+00
 1.69000000e+00   0.00000000e+00   1.00000000e+00   1.65889248e-02   2.08624553e-04   6.25332517e-01   1.52690240e+00
 1.70000000e+00   0.00000000e+00   1.00000000e+00   1.84232849e-02   1.38144031e-04   6.23055454e-01   1.52265052e+00
 1.71000000e+00   0.00000000e+00   1.00000000e+00   2.06069615e-02   5.13709307e-05   6.22461120e-01   1.51604320e+00
 1.72000000e+00   0.00000000e+00   1.00000000e+00   2.31434668e-02  -2.23438888e-05   6.24169816e-01   1.50813937e+00
 1.73000000e+00   0.00000000e+00   1.00000000e+00   2.59945376e-02  -5.74179941e-05   6.28783851e-01   1.50048441e+00
 1.74000000e+00   0.00000000e+00   1.00000000e+00   2.90736454e-02  -4.30416181e-05   6.36381827e-01   1.49445434e+00
 1.75000000e+00   0.00000000e+00   1.00000000e+00   3.22602896e-02   1.41437526e-05   6.46209150e-01   1.49047342e+00
 1.76000000e+00   0.00000000e+00   1.00000000e+00   3.54332761e-02   9.49540241e-05   6.56818229e-01   1.48822371e+00
 1.77000000e+00   0.00000000e+00   1.00000000e+00   3.85231159e-02   1.73934061e-04   6.66480688e-01   1.48710977e+00
 1.78000000e+00   0.00000000e+00   1.00000000e+00   4.15617439e-02   2.25178200e-04   6.73891494e-01   1.48639602e+00
 1.79000000e+00   0.00000000e+00   1.00000000e+00   4.46787389e-02   2.30213113e-04   6.79037592e-01   1.48508195e+00
 1.80000000e+00   0.00000000e+00   1.00000000e+00   4.80182753e-02   1.86365854e-04   6.83549158e-01   1.48210825e+00
 1.81000000e+00   0.00000000e+00   1.00000000e+00   5.16311492e-02   1.08907048e-04   6.89857461e-01   1.47711085e+00
 1.82000000e+00   0.00000000e+00   1.00000000e+00   5.54373253e-02   2.41279263e-05   6.99450698e-01   1.47064646e+00
 1.83000000e+00   0.00000000e+00   1.00000000e+00   5.92890755e-02  -4.10997117e-05   7.11921830e-01   1.46401640e+00
 1.84000000e+00   0.00000000e+00   1.00000000e+00   6.30627082e-02  -6.68199796e-05   7.25541301e-01   1.45843021e+00
 1.85000000e+00   0.00000000e+00   1.00000000e+00   6.66926293e-02  -4.44700703e-05   7.38836193e-01   1.45478771e+00
 1.86000000e+00   0.00000000e+00   1.00000000e+00   7.01440124e-02   1.95681598e-05   7.51069511e-01   1.45344309e+00
 1.87000000e+00   0.00000000e+00   1.00000000e+00   7.33866121e-02   1.03862604e-04   7.61722453e-01   1.45421449e+00
 1.88000000e+00   0.00000000e+00   1.00000000e+00   7.64086737e-02   1.79117945e-04   7.69925366e-01   1.45607016e+00
 1.89000000e+00   0.00000000e+00   1.00000000e+00   7.92486754e-02   2.19994989e-04   7.74940219e-01   1.45775795e+00
 1.90000000e+00   0.00000000e+00   1.00000000e+00   8.20051873e-02   2.13955335e-04   7.76910750e-01   1.45822441e+00
 1.91000000e+00   0.00000000e+00   1.00000000e+00   8.48126272e-02   1.63473001e-04   7.77198426e-01   1.45716548e+00
 1.92000000e+00   0.00000000e+00   1.00000000e+00   8.77937934e-02   8.41934877e-05   7.77894124e-01   1.45478945e+00
 1.93000000e+00   0.00000000e+00   1.00000000e+00   9.10050778e-02   1.30067862e-06   7.81029182e-01   1.45152915e+00
 1.94000000e+00   0.00000000e+00   1.00000000e+00   9.43996601e-02  -5.74040625e-05   7.87738534e-01   1.44799797e+00
 1.95000000e+00   0.00000000e+00   1.00000000e+00   9.78435242e-02  -7.17779111e-05   7.97607890e-01   1.44505152e+00
 1.96000000e+00   0.00000000e+00   1.00000000e+00   1.01193616e-01  -3.76711100e-05   8.08692127e-01   1.44341749e+00
 1.97000000e+00   0.00000000e+00   1.00000000e+00   1.04389558e-01   3.23447208e-05   8.18629395e-01   1.44358642e+00
 1.98000000e+00   0.00000000e+00   1.00000000e+00   1.07483910e-01   1.14986554e-04   8.26120740e-01   1.44509466e+00
 1.99000000e+00   0.00000000e+00   1.00000000e+00   1.10587898e-01   1.83829961e-04   8.31826814e-01   1.44721692e+00
 2.00000000e+00   0.00000000e+00   1.00000000e+00   1.13791694e-01   2.16200682e-04   8.37175012e-01   1.44885028e+00
 2.01000000e+00   0.00000000e+00   1.00000000e+00   1.17134396e-01   2.00274162e-04   8.43343248e-01   1.44912190e+00
 2.02000000e+00   0.00000000e+00   1.00000000e+00   1.20630818e-01   1.40628056e-04   8.50816051e-01   1.44749876e+00
 2.03000000e+00   0.00000000e+00   1.00000000e+00   1.24297370e-01   5.75308108e-05   8.60078851e-01   1.44419841e+00
 2.04000000e+00   0.00000000e+00   1.00000000e+00   1.28134510e-01  -2.11412721e-05   8.72102449e-01   1.44025783e+00
 2.05000000e+00   0.00000000e+00   1.00000000e+00   1.32087116e-01  -7.02722130e-05   8.87767694e-01   1.43688218e+00
 2.06000000e+00   0.00000000e+00   1.00000000e+00   1.36031855e-01  -7.47759565e-05   9.06858101e-01   1.43494300e+00
 2.07000000e+00   0.00000000e+00   1.00000000e+00   1.39810227e-01  -3.31651157e-05   9.27512773e-01   1.43454097e+00
 2.08000000e+00   0.00000000e+00   1.00000000e+00   1.43287504e-01   4.13793002e-05   9.46922801e-01   1.43544233e+00
 2.09000000e+00   0.00000000e+00   1.00000000e+00   1.46407609e-01   1.23883102e-04   9.62549628e-01   1.43719084e+00
 2.10000000e+00   0.00000000e+00   1.00000000e+00   1.49218167e-01   1.86041108e-04   9.73362831e-01   1.43933196e+00
 2.11000000e+00   0.00000000e+00   1.00000000e+00   1.51845015e-01   2.07047608e-04   9.80300126e-01   1.44129575e+00
 2.12000000e+00   0.00000000e+00   1.00000000e+00   1.54418447e-01   1.80629381e-04   9.85692275e-01   1.44249378e+00
 2.13000000e+00   0.00000000e+00   1.00000000e+00   1.56995041e-01   1.15701723e-04   9.91892058e-01   1.44255495e+00
 2.14000000e+00   0.00000000e+00   1.00000000e+00   1.59534483e-01   3.28635148e-05   9.99952519e-01   1.44155972e+00
 2.15000000e+00   0.00000000e+00   1.00000000e+00   1.61946477e-01  -4.11869905e-05   1.00933185e+00   1.44007009e+00
 2.16000000e+00   0.00000000e+00   1.00000000e+00   1.64157152e-01  -8.15881056e-05   1.01880755e+00   1.43901322e+00
 2.17000000e+00   0.00000000e+00   1.00000000e+00   1.66132687e-01  -7.45292371e-05   1.02749490e+00   1.43927210e+00
 2.18000000e+00   0.00000000e+00   1.00000000e+00   1.67854917e-01  -2.29674340e-05   1.03503596e+00   1.44136664e+00
 2.19000000e+00   0.00000000e+00   1.00000000e+00   1.69299800e-01   5.51620379e-05   1.04079628e+00   1.44499771e+00
 2.20000000e+00   0.00000000e+00   1.00000000e+00   1.70458335e-01   1.34167267e-04   1.04360961e+00   1.44931147e+00
 2.21000000e+00   0.00000000e+00   1.00000000e+00   1.71379953e-01   1.88709289e-04   1.04256031e+00   1.45331331e+00
 2.22000000e+00   0.00000000e+00   1.00000000e+00   1.72186574e-01   2.00923090e-04   1.03818155e+00   1.45628390e+00
 2.23000000e+00   0.00000000e+00   1.00000000e+00   1.73033885e-01   1.66133282e-04   1.03273422e+00   1.45804436e+00
 2.24000000e+00   0.00000000e+00   1.00000000e+00   1.74044081e-01   9.55917946e-05   1.02915665e+00   1.45863984e+00
 2.25000000e+00   0.00000000e+00   1.00000000e+00   1.75251232e-01   1.31809929e-05   1.02973177e+00   1.45836533e+00
 2.26000000e+00   0.00000000e+00   1.00000000e+00   1.76587007e-01  -5.35523589e-05   1.03508595e+00   1.45771984e+00
 2.27000000e+00   0.00000000e+00   1.00000000e+00   1.77914755e-01  -8.31851889e-05   1.04404355e+00   1.45736599e+00
 2.28000000e+00   0.00000000e+00   1.00000000e+00   1.79098567e-01  -6.65978369e-05   1.05421728e+00   1.45791491e+00
 2.29000000e+00   0.00000000e+00   1.00000000e+00   1.80068821e-01  -9.05095724e-06   1.06326777e+00   1.45970784e+00
 2.30000000e+00   0.00000000e+00   1.00000000e+00   1.80839571e-01   7.09664558e-05   1.07005545e+00   1.46273005e+00
 2.31000000e+00   0.00000000e+00   1.00000000e+00   1.81469168e-01   1.46838269e-04   1.07480853e+00   1.46643317e+00
 2.32000000e+00   0.00000000e+00   1.00000000e+00   1.82006581e-01   1.92876176e-04   1.07833134e+00   1.46993735e+00
 2.33000000e+00   0.00000000e+00   1.00000000e+00   1.82474173e-01   1.93861856e-04   1.08117539e+00   1.47235262e+00
 2.34000000e+00   0.00000000e+00   1.00000000e+00   1.82889293e-01   1.50080579e-04   1.08362669e+00   1.47320804e+00
 2.35000000e+00   0.00000000e+00   1.00000000e+00   1.83279413e-01   7.61792328e-05   1.08640849e+00   1.47274761e+00
 2.36000000e+00   0.00000000e+00   1.00000000e+00   1.83656990e-01  -3.98013356e-06   1.09079292e+00   1.47174189e+00
 2.37000000e+00   0.00000000e+00   1.00000000e+00   1.83974650e-01  -6.43029280e-05   1.09780606e+00   1.47116413e+00
 2.38000000e+00   0.00000000e+00   1.00000000e+00   1.84111927e-01  -8.45327956e-05   1.10697468e+00   1.47169833e+00
 2.39000000e+00   0.00000000e+00   1.00000000e+00   1.83917595e-01  -5.76498840e-05   1.11598942e+00   1.47364019e+00
 2.40000000e+00   0.00000000e+00   1.00000000e+00   1.83281323e-01   7.14548886e-06   1.12170759e+00   1.47691043e+00
 2.41000000e+00   0.00000000e+00   1.00000000e+00   1.82187139e-01   8.80083962e-05   1.12187096e+00   1.48123079e+00
 2.42000000e+00   0.00000000e+00   1.00000000e+00   1.80719158e-01   1.58487257e-04   1.11619307e+00   1.48612044e+00
 2.43000000e+00   0.00000000e+00   1.00000000e+00   1.79020490e-01   1.95987067e-04   1.10631531e+00   1.49097316e+00
 2.44000000e+00   0.00000000e+00   1.00000000e+00   1.77228340e-01   1.88336584e-04   1.09471585e+00   1.49505831e+00
 2.45000000e+00   0.00000000e+00   1.00000000e+00   1.75420124e-01   1.37767615e-04   1.08356945e+00   1.49785996e+00
 2.46000000e+00   0.00000000e+00   1.00000000e+00   1.73601436e-01   6.10094256e-05   1.07396757e+00   1.49933931e+00
 2.47000000e+00   0.00000000e+00   1.00000000e+00   1.71737986e-01  -1.59923887e-05   1.06596249e+00   1.50007503e+00
 2.48000000e+00   0.00000000e+00   1.00000000e+00   1.69796892e-01  -6.74035257e-05   1.05913093e+00   1.50100253e+00
 2.49000000e+00   0.00000000e+00   1.00000000e+00   1.67758326e-01  -7.64702994e-05   1.05314053e+00   1.50301425e+00
 2.50000000e+00   0.00000000e+00   1.00000000e+00   1.65597825e-01  -4.04234116e-05   1.04761661e+00   1.50654530e+00
 2.51000000e+00   0.00000000e+00   1.00000000e+00   1.63278319e-01   2.92197292e-05   1.04172118e+00   1.51148547e+00
 2.52000000e+00   0.00000000e+00   1.00000000e+00   1.60779687e-01   1.10048871e-04   1.03408163e+00   1.51715401e+00
 2.53000000e+00   0.00000000e+00   1.00000000e+00   1.58144024e-01   1.75480263e-04   1.02374704e+00   1.52269799e+00
 2.54000000e+00   0.00000000e+00   1.00000000e+00   1.55486859e-01   2.03746244e-04   1.01119942e+00   1.52724758e+00
 2.55000000e+00   0.00000000e+00   1.00000000e+00   1.52951928e-01   1.85784740e-04   9.98361659e-01   1.53012602e+00
 2.56000000e+00   0.00000000e+00   1.00000000e+00   1.50638099e-01   1.28188539e-04   9.87870113e-01   1.53125703e+00
 2.57000000e+00   0.00000000e+00   1.00000000e+00   1.48548716e-01   5.02881992e-05   9.81501372e-01   1.53097382e+00
 2.58000000e+00   0.00000000e+00   1.00000000e+00   1.46592432e-01  -2.24318950e-05   9.79397161e-01   1.52997088e+00
 2.59000000e+00   0.00000000e+00   1.00000000e+00   1.44628696e-01  -6.60935491e-05   9.80208358e-01   1.52921859e+00
 2.60000000e+00   0.00000000e+00   1.00000000e+00   1.42528637e-01  -6.59141527e-05   9.81826638e-01   1.52961931e+00
 2.61000000e+00   0.00000000e+00   1.00000000e+00   1.40218994e-01  -2.15689967e-05   9.82352370e-01   1.53174634e+00
 2.62000000e+00   0.00000000e+00   1.00000000e+00   1.37689105e-01   5.22288063e-05   9.80671778e-01   1.53554138e+00
 2.63000000e+00   0.00000000e+00   1.00000000e+00   1.34965510e-01   1.30945274e-04   9.76487631e-01   1.54037172e+00
 2.64000000e+00   0.00000000e+00   1.00000000e+00   1.32082384e-01   1.88887175e-04   9.69951710e-01   1.54511818e+00
 2.65000000e+00   0.00000000e+00   1.00000000e+00   1.29074945e-01   2.07499891e-04   9.61411795e-01   1.54903357e+00
 2.66000000e+00   0.00000000e+00   1.00000000e+00   1.25992137e-01   1.80898101e-04   9.51336778e-01   1.55152683e+00
 2.67000000e+00   0.00000000e+00   1.00000000e+00   1.22896471e-01   1.17803629e-04   9.40778409e-01   1.55262737e+00
 2.68000000e+00   0.00000000e+00   1.00000000e+00   1.19830427e-01   3.92127032e-05   9.31107740e-01   1.55274342e+00
 2.69000000e+00   0.00000000e+00   1.00000000e+00   1.16771998e-01  -2.84063986e-05   9.23398228e-01   1.55278632e+00
 2.70000000e+00   0.00000000e+00   1.00000000e+00   1.13626036e-01  -6.23642459e-05   9.17457284e-01   1.55373804e+00
 2.71000000e+00   0.00000000e+00   1.00000000e+00   1.10271329e-01  -5.15008751e-05   9.11654470e-01   1.55637347e+00
 2.72000000e+00   0.00000000e+00   1.00000000e+00   1.06633321e-01   5.83424919e-07   9.03805403e-01   1.56088874e+00
 2.73000000e+00   0.00000000e+00   1.00000000e+00   1.02731146e-01   7.71352661e-05   8.92482518e-01   1.56696123e+00
 2.74000000e+00   0.00000000e+00   1.00000000e+00   9.86714380e-02   1.53486253e-04   8.77730880e-01   1.57376974e+00
 2.75000000e+00   0.00000000e+00   1.00000000e+00   9.46007083e-02   2.04731846e-04   8.60830493e-01   1.58016914e+00
 2.76000000e+00   0.00000000e+00   1.00000000e+00   9.06492760e-02   2.14088232e-04   8.43551332e-01   1.58507262e+00
 2.77000000e+00   0.00000000e+00   1.00000000e+00   8.68959652e-02   1.78862679e-04   8.27407974e-01   1.58772256e+00
 2.78000000e+00   0.00000000e+00   1.00000000e+00   8.33649876e-02   1.11290940e-04   8.13367856e-01   1.58818116e+00
 2.79000000e+00   0.00000000e+00   1.00000000e+00   8.00455755e-02   3.40471578e-05   8.01792581e-01   1.58712560e+00
 2.80000000e+00   0.00000000e+00   1.00000000e+00   7.69114149e-02  -2.73419744e-05   7.92688226e-01   1.58567546e+00
 2.81000000e+00   0.00000000e+00   1.00000000e+00   7.39228873e-02  -5.25170574e-05   7.85820585e-01   1.58482769e+00
 2.82000000e+00   0.00000000e+00   1.00000000e+00   7.10195857e-02  -3.27829332e-05   7.80667681e-01   1.58527231e+00
 2.83000000e+00   0.00000000e+00   1.00000000e+00   6.81289857e-02   2.56933781e-05   7.76262410e-01   1.58719853e+00
 2.84000000e+00   0.00000000e+00   1.00000000e+00   6.52039010e-02   1.03632300e-04   7.71296559e-01   1.59027420e+00
 2.85000000e+00   0.00000000e+00   1.00000000e+00   6.22649085e-02   1.75296578e-04   7.64722144e-01   1.59363906e+00
 2.86000000e+00   0.00000000e+00   1.00000000e+00   5.94055779e-02   2.17352502e-04   7.56487454e-01   1.59616050e+00
 2.87000000e+00   0.00000000e+00   1.00000000e+00   5.67443890e-02   2.16378243e-04   7.47731780e-01   1.59686819e+00
 2.88000000e+00   0.00000000e+00   1.00000000e+00   5.43539464e-02   1.72877883e-04   7.40186799e-01   1.59538130e+00
 2.89000000e+00   0.00000000e+00   1.00000000e+00   5.22177910e-02   1.01155621e-04   7.35200356e-01   1.59204614e+00
 2.90000000e+00   0.00000000e+00   1.00000000e+00   5.02403400e-02   2.49651333e-05   7.33026620e-01   1.58784654e+00
 2.91000000e+00   0.00000000e+00   1.00000000e+00   4.82947071e-02  -3.02766857e-05   7.32810864e-01   1.58401454e+00
 2.92000000e+00   0.00000000e+00   1.00000000e+00   4.62733124e-02  -4.61941289e-05   7.33154300e-01   1.58172053e+00
 2.93000000e+00   0.00000000e+00   1.00000000e+00   4.41154100e-02  -1.76269020e-05   7.32733022e-01   1.58156916e+00
 2.94000000e+00   0.00000000e+00   1.00000000e+00   4.18072476e-02   4.59655924e-05   7.30660944e-01   1.58350309e+00
 2.95000000e+00   0.00000000e+00   1.00000000e+00   3.93677748e-02   1.23854402e-04   7.26510082e-01   1.58678947e+00
 2.96000000e+00   0.00000000e+00   1.00000000e+00   3.68378657e-02   1.90675919e-04   7.20213278e-01   1.59038556e+00
 2.97000000e+00   0.00000000e+00   1.00000000e+00   3.42813355e-02   2.24518029e-04   7.11998708e-01   1.59323791e+00
 2.98000000e+00   0.00000000e+00   1.00000000e+00   3.17872158e-02   2.14271227e-04   7.02455797e-01   1.59455376e+00
 2.99000000e+00   0.00000000e+00   1.00000000e+00   2.94529851e-02   1.63589086e-04   6.92591038e-01   1.59393458e+00
 3.00000000e+00   0.00000000e+00   1.00000000e+00   2.73437125e-02   8.96091152e-05   6.83684083e-01   1.59155864e+00
 3.01000000e+00   0.00000000e+00   1.00000000e+00   2.54523727e-02   1.69564732e-05   6.76809249e-01   1.58823904e+00
 3.02000000e+00   0.00000000e+00   1.00000000e+00   2.36986544e-02  -3.04208487e-05   6.72220395e-01   1.58515188e+00
 3.03000000e+00   0.00000000e+00   1.00000000e+00   2.19776784e-02  -3.68476062e-05   6.69071160e-01   1.58340431e+00
 3.04000000e+00   0.00000000e+00   1.00000000e+00   2.02277299e-02   3.81607710e-08   6.65874764e-01   1.58346934e+00
 3.05000000e+00   0.00000000e+00   1.00000000e+00   1.84694207e-02   6.82830084e-05   6.61365101e-01   1.58507316e+00
 3.06000000e+00   0.00000000e+00   1.00000000e+00   1.67935765e-02   1.45400124e-04   6.55166124e-01   1.58732643e+00
 3.07000000e+00   0.00000000e+00   1.00000000e+00   1.53150806e-02   2.05960026e-04   6.47824147e-01   1.58897090e+00
 3.08000000e+00   0.00000000e+00   1.00000000e+00   1.41280614e-02   2.30175404e-04   6.40393668e-01   1.58896533e+00
 3.09000000e+00   0.00000000e+00   1.00000000e+00   1.32850960e-02   2.10301575e-04   6.33923007e-01   1.58657214e+00
 3.10000000e+00   0.00000000e+00   1.00000000e+00   1.27991028e-02   1.52934126e-04   6.29193202e-01   1.58185856e+00
 3.11000000e+00   0.00000000e+00   1.00000000e+00   1.26526102e-02   7.68631649e-05   6.26674346e-01   1.57545509e+00
 3.12000000e+00   0.00000000e+00   1.00000000e+00   1.28010738e-02   7.12506551e-06   6.26579298e-01   1.56850632e+00
 3.13000000e+00   0.00000000e+00   1.00000000e+00   1.31695084e-02  -3.32242519e-05   6.28840740e-01   1.56214498e+00
 3.14000000e+00   0.00000000e+00   1.00000000e+00   1.36553019e-02  -3.09563376e-05   6.32960931e-01   1.55724435e+00
 3.15000000e+00   0.00000000e+00   1.00000000e+00   1.41521721e-02   1.28922619e-05   6.37901383e-01   1.55418777e+00
 3.16000000e+00   0.00000000e+00   1.00000000e+00   1.45934355e-02   8.36068157e-05   6.42255654e-01   1.55280449e+00
 3.17000000e+00   0.00000000e+00   1.00000000e+00   1.49882941e-02   1.57820684e-04   6.44826974e-01   1.55236657e+00
 3.18000000e+00   0.00000000e+00   1.00000000e+00   1.54187182e-02   2.11065733e-04   6.45290310e-01   1.55181512e+00
 3.19000000e+00   0.00000000e+00   1.00000000e+00   1.59902815e-02   2.25649446e-04   6.44428171e-01   1.55013596e+00
 3.20000000e+00   0.00000000e+00   1.00000000e+00   1.67679957e-02   1.96578756e-04   6.43687010e-01   1.54670929e+00
 3.21000000e+00   0.00000000e+00   1.00000000e+00   1.77411537e-02   1.33392360e-04   6.44349638e-01   1.54168040e+00
 3.22000000e+00   0.00000000e+00   1.00000000e+00   1.88363827e-02   5.69577238e-05   6.46838240e-01   1.53579540e+00
 3.23000000e+00   0.00000000e+00   1.00000000e+00   1.99605282e-02  -7.62330572e-06   6.50664127e-01   1.53014374e+00
 3.24000000e+00   0.00000000e+00   1.00000000e+00   2.10393348e-02  -3.93010145e-05   6.54883368e-01   1.52574348e+00
 3.25000000e+00   0.00000000e+00   1.00000000e+00   2.20326990e-02  -2.78032565e-05   6.58589091e-01   1.52321710e+00
 3.26000000e+00   0.00000000e+00   1.00000000e+00   2.29318181e-02   2.30657285e-05   6.61118489e-01   1.52259892e+00
 3.27000000e+00   0.00000000e+00   1.00000000e+00   2.37546559e-02   9.65016546e-05   6.62024094e-01   1.52332011e+00
 3.28000000e+00   0.00000000e+00   1.00000000e+00   2.45489495e-02   1.68123075e-04   6.61082636e-01   1.52450128e+00
 3.29000000e+00   0.00000000e+00   1.00000000e+00   2.53973022e-02   2.14165242e-04   6.58395305e-01   1.52506819e+00
 3.30000000e+00   0.00000000e+00   1.00000000e+00   2.64097437e-02   2.19474215e-04   6.54599361e-01   1.52425047e+00
 3.31000000e+00   0.00000000e+00   1.00000000e+00   2.76936990e-02   1.82389705e-04   6.50854311e-01   1.52155538e+00
 3.32000000e+00   0.00000000e+00   1.00000000e+00   2.93093374e-02   1.15080971e-04   6.48618192e-01   1.51711785e+00
 3.33000000e+00   0.00000000e+00   1.00000000e+00   3.12372985e-02   3.95528956e-05   6.49061018e-01   1.51155142e+00
 3.34000000e+00   0.00000000e+00   1.00000000e+00   3.33862336e-02  -1.94372508e-05   6.52468981e-01   1.50590197e+00
 3.35000000e+00   0.00000000e+00   1.00000000e+00   3.56420920e-02  -4.25286414e-05   6.58012219e-01   1.50114890e+00
 3.36000000e+00   0.00000000e+00   1.00000000e+00   3.79284097e-02  -2.22977017e-05   6.64219340e-01   1.49787352e+00
 3.37000000e+00   0.00000000e+00   1.00000000e+00   4.02377216e-02   3.42573818e-05   6.69836519e-01   1.49611942e+00
 3.38000000e+00   0.00000000e+00   1.00000000e+00   4.26185341e-02   1.08190834e-04   6.74412425e-01   1.49531937e+00
 3.39000000e+00   0.00000000e+00   1.00000000e+00   4.51367363e-02   1.74957834e-04   6.78316532e-01   1.49459797e+00
 3.40000000e+00   0.00000000e+00   1.00000000e+00   4.78431072e-02   2.12390990e-04   6.82298952e-01   1.49303437e+00
 3.41000000e+00   0.00000000e+00   1.00000000e+00   5.07624909e-02   2.07880728e-04   6.87086948e-01   1.48999706e+00
 3.42000000e+00   0.00000000e+00   1.00000000e+00   5.38964343e-02   1.62602069e-04   6.93278956e-01   1.48542309e+00
 3.43000000e+00   0.00000000e+00   1.00000000e+00   5.72230018e-02   9.12688984e-05   7.01358895e-01   1.47972513e+00
 3.44000000e+00   0.00000000e+00   1.00000000e+00   6.06884202e-02   1.72375621e-05   7.11691121e-01   1.47385556e+00
 3.45000000e+00   0.00000000e+00   1.00000000e+00   6.42008334e-02  -3.53625467e-05   7.24176011e-01   1.46866237e+00
 3.46000000e+00   0.00000000e+00   1.00000000e+00   6.76417212e-02  -4.95912583e-05   7.37968340e-01   1.46488049e+00
 3.47000000e+00   0.00000000e+00   1.00000000e+00   7.09006882e-02  -2.11147981e-05   7.51524548e-01   1.46275497e+00
 3.48000000e+00   0.00000000e+00   1.00000000e+00   7.39204704e-02   4.04358023e-05   7.63088296e-01   1.46212575e+00
 3.49000000e+00   0.00000000e+00   1.00000000e+00   7.67248565e-02   1.14532945e-04   7.71529512e-01   1.46254757e+00
 3.50000000e+00   0.00000000e+00   1.00000000e+00   7.94068838e-02   1.76457536e-04   7.76895904e-01   1.46329225e+00
 3.51000000e+00   0.00000000e+00   1.00000000e+00   8.20798195e-02   2.05548190e-04   7.80372189e-01   1.46359090e+00
 3.52000000e+00   0.00000000e+00   1.00000000e+00   8.48210321e-02   1.92101918e-04   7.83585106e-01   1.46283337e+00
 3.53000000e+00   0.00000000e+00   1.00000000e+00   8.76441112e-02   1.40490717e-04   7.87784284e-01   1.46084949e+00
 3.54000000e+00   0.00000000e+00   1.00000000e+00   9.05112015e-02   6.75914211e-05   7.93385787e-01   1.45798525e+00
 3.55000000e+00   0.00000000e+00   1.00000000e+00   9.33667041e-02  -2.78242544e-06   8.00100282e-01   1.45498764e+00
 3.56000000e+00   0.00000000e+00   1.00000000e+00   9.61638912e-02  -4.76175512e-05   8.07345454e-01   1.45267583e+00
 3.57000000e+00   0.00000000e+00   1.00000000e+00   9.88725358e-02  -5.22514079e-05   8.14558574e-01   1.45162311e+00
 3.58000000e+00   0.00000000e+00   1.00000000e+00   1.01477612e-01  -1.53203680e-05   8.21165710e-01   1.45202113e+00
 3.59000000e+00   0.00000000e+00   1.00000000e+00   1.03984302e-01   5.07396611e-05   8.26567107e-01   1.45346080e+00
 3.60000000e+00   0.00000000e+00   1.00000000e+00   1.06430976e-01   1.23906824e-04   8.30359858e-01   1.45527832e+00
 3.61000000e+00   0.00000000e+00   1.00000000e+00   1.08896192e-01   1.79926274e-04   8.32666641e-01   1.45667359e+00
 3.62000000e+00   0.00000000e+00   1.00000000e+00   1.11483989e-01   2.00239730e-04   8.34466127e-01   1.45710733e+00
 3.63000000e+00   0.00000000e+00   1.00000000e+00   1.14285664e-01   1.78012684e-04   8.37367779e-01   1.45626421e+00
 3.64000000e+00   0.00000000e+00   1.00000000e+00   1.17335368e-01   1.20403302e-04   8.43013838e-01   1.45426296e+00
 3.65000000e+00   0.00000000e+00   1.00000000e+00   1.20586643e-01   4.62542918e-05   8.52394111e-01   1.45149016e+00
 3.66000000e+00   0.00000000e+00   1.00000000e+00   1.23928068e-01  -2.01351256e-05   8.65200117e-01   1.44859400e+00
 3.67000000e+00   0.00000000e+00   1.00000000e+00   1.27231556e-01  -5.70999497e-05   8.80033767e-01   1.44627705e+00
 3.68000000e+00   0.00000000e+00   1.00000000e+00   1.30404082e-01  -5.27710947e-05   8.95084820e-01   1.44509088e+00
 3.69000000e+00   0.00000000e+00   1.00000000e+00   1.33412168e-01  -8.89295195e-06   9.08962988e-01   1.44519350e+00
 3.70000000e+00   0.00000000e+00   1.00000000e+00   1.36270809e-01   5.98311127e-05   9.21137996e-01   1.44637648e+00
 3.71000000e+00   0.00000000e+00   1.00000000e+00   1.39014885e-01   1.30527812e-04   9.31726154e-01   1.44801650e+00
 3.72000000e+00   0.00000000e+00   1.00000000e+00   1.41677835e-01   1.79632833e-04   9.41119577e-01   1.44937711e+00
 3.73000000e+00   0.00000000e+00   1.00000000e+00   1.44286062e-01   1.90728685e-04   9.49781958e-01   1.44985831e+00
 3.74000000e+00   0.00000000e+00   1.00000000e+00   1.46857925e-01   1.60037466e-04   9.58346490e-01   1.44934291e+00
 3.75000000e+00   0.00000000e+00   1.00000000e+00   1.49393902e-01   9.76077879e-05   9.67553086e-01   1.44807081e+00
 3.76000000e+00   0.00000000e+00   1.00000000e+00   1.51859670e-01   2.38969581e-05   9.78033093e-01   1.44673968e+00
 3.77000000e+00   0.00000000e+00   1.00000000e+00   1.54178798e-01  -3.69604362e-05   9.89634693e-01   1.44585398e+00
 3.78000000e+00   0.00000000e+00   1.00000000e+00   1.56250194e-01  -6.50559376e-05   1.00129274e+00   1.44597543e+00
 3.79000000e+00   0.00000000e+00   1.00000000e+00   1.57988594e-01  -5.12699487e-05   1.01112415e+00   1.44715967e+00
 3.80000000e+00   0.00000000e+00   1.00000000e+00   1.59367649e-01  -3.02413702e-07   1.01743092e+00   1.44941013e+00
 3.81000000e+00   0.00000000e+00   1.00000000e+00   1.60439129e-01   7.08841096e-05   1.01952767e+00   1.45247036e+00
 3.82000000e+00   0.00000000e+00   1.00000000e+00   1.61314241e-01   1.38721037e-04   1.01810938e+00   1.45585731e+00
 3.83000000e+00   0.00000000e+00   1.00000000e+00   1.62116743e-01   1.80841973e-04   1.01488331e+00   1.45897468e+00
 3.84000000e+00   0.00000000e+00   1.00000000e+00   1.62935806e-01   1.83397996e-04   1.01171017e+00   1.46124583e+00
 3.85000000e+00   0.00000000e+00   1.00000000e+00   1.63804769e-01   1.45556962e-04   1.00989256e+00   1.46238383e+00
 3.86000000e+00   0.00000000e+00   1.00000000e+00   1.64710856e-01   7.98060366e-05   1.00994829e+00   1.46252659e+00
 3.87000000e+00   0.00000000e+00   1.00000000e+00   1.65618775e-01   7.87474702e-06   1.01183483e+00   1.46225601e+00
 3.88000000e+00   0.00000000e+00   1.00000000e+00   1.66487434e-01  -4.64851573e-05   1.01522145e+00   1.46229164e+00
 3.89000000e+00   0.00000000e+00   1.00000000e+00   1.67274654e-01  -6.53985075e-05   1.01959069e+00   1.46321686e+00
 3.90000000e+00   0.00000000e+00   1.00000000e+00   1.67941303e-01  -4.27324098e-05   1.02413083e+00   1.46520979e+00
 3.91000000e+00   0.00000000e+00   1.00000000e+00   1.68465881e-01   1.39488679e-05   1.02781891e+00   1.46802092e+00
 3.92000000e+00   0.00000000e+00   1.00000000e+00   1.68864597e-01   8.58968998e-05   1.02984644e+00   1.47111952e+00
 3.93000000e+00   0.00000000e+00   1.00000000e+00   1.69198659e-01   1.49339285e-04   1.03021683e+00   1.47394182e+00
 3.94000000e+00   0.00000000e+00   1.00000000e+00   1.69554599e-01   1.83320219e-04   1.02995159e+00   1.47602575e+00
 3.95000000e+00   0.00000000e+00   1.00000000e+00   1.70002417e-01   1.76645009e-04   1.03072133e+00   1.47712454e+00
 3.96000000e+00   0.00000000e+00   1.00000000e+00   1.70554291e-01   1.31579267e-04   1.03399932e+00   1.47724323e+00
 3.97000000e+00   0.00000000e+00   1.00000000e+00   1.71149179e-01   6.30271540e-05   1.04032327e+00   1.47670147e+00
 3.98000000e+00   0.00000000e+00   1.00000000e+00   1.71673612e-01  -6.44742290e-06   1.04893747e+00   1.47599558e+00
 3.99000000e+00   0.00000000e+00   1.00000000e+00   1.72006460e-01  -5.40145284e-05   1.05820819e+00   1.47579969e+00
 4.00000000e+00   0.00000000e+00   1.00000000e+00   1.72061289e-01  -6.40244313e-05   1.06631149e+00   1.47664903e+00
 4.01000000e+00   0.00000000e+00   1.00000000e+00   1.71804490e-01  -3.31890257e-05   1.07192020e+00   1.47878147e+00
 4.02000000e+00   0.00000000e+00   1.00000000e+00   1.71247006e-01   2.82666156e-05   1.07446217e+00   1.48204598e+00
 4.03000000e+00   0.00000000e+00   1.00000000e+00   1.70425439e-01   1.00007628e-04   1.07390669e+00   1.48589150e+00
 4.04000000e+00   0.00000000e+00   1.00000000e+00   1.69389228e-01   1.58383304e-04   1.07060774e+00   1.48965107e+00
 4.05000000e+00   0.00000000e+00   1.00000000e+00   1.68195967e-01   1.84259070e-04   1.06520917e+00   1.49273006e+00
 4.06000000e+00   0.00000000e+00   1.00000000e+00   1.66903637e-01   1.69273228e-04   1.05874674e+00   1.49488287e+00
 4.07000000e+00   0.00000000e+00   1.00000000e+00   1.65551585e-01   1.18534948e-04   1.05246573e+00   1.49626956e+00
 4.08000000e+00   0.00000000e+00   1.00000000e+00   1.64138010e-01   4.89380180e-05   1.04731817e+00   1.49731161e+00
 4.09000000e+00   0.00000000e+00   1.00000000e+00   1.62613181e-01  -1.63958658e-05   1.04342443e+00   1.49858883e+00
 4.10000000e+00   0.00000000e+00   1.00000000e+00   1.60901072e-01  -5.57636139e-05   1.03987781e+00   1.50062777e+00
 4.11000000e+00   0.00000000e+00   1.00000000e+00   1.58941953e-01  -5.60701217e-05   1.03512750e+00   1.50371014e+00
 4.12000000e+00   0.00000000e+00   1.00000000e+00   1.56731716e-01  -1.71223027e-05   1.02789168e+00   1.50789447e+00
 4.13000000e+00   0.00000000e+00   1.00000000e+00   1.54334041e-01   4.83724768e-05   1.01780018e+00   1.51282575e+00
 4.14000000e+00   0.00000000e+00   1.00000000e+00   1.51858472e-01   1.19007333e-04   1.00571973e+00   1.51800168e+00
 4.15000000e+00   0.00000000e+00   1.00000000e+00   1.49418521e-01   1.71691537e-04   9.92962607e-01   1.52252644e+00
 4.16000000e+00   0.00000000e+00   1.00000000e+00   1.47094284e-01   1.89252236e-04   9.81125187e-01   1.52586830e+00
 4.17000000e+00   0.00000000e+00   1.00000000e+00   1.44917231e-01   1.66132295e-04   9.71258183e-01   1.52770180e+00
 4.18000000e+00   0.00000000e+00   1.00000000e+00   1.42876907e-01   1.10223658e-04   9.63846943e-01   1.52828597e+00
 4.19000000e+00   0.00000000e+00   1.00000000e+00   1.40935475e-01   4.02117486e-05   9.58922164e-01   1.52811289e+00
 4.20000000e+00   0.00000000e+00   1.00000000e+00   1.39037323e-01  -2.06377656e-05   9.56220723e-01   1.52807695e+00
 4.21000000e+00   0.00000000e+00   1.00000000e+00   1.37114344e-01  -5.21550613e-05   9.55015798e-01   1.52877015e+00
 4.22000000e+00   0.00000000e+00   1.00000000e+00   1.35097419e-01  -4.38662435e-05   9.54254336e-01   1.53057284e+00
 4.23000000e+00   0.00000000e+00   1.00000000e+00   1.32939367e-01   1.58850941e-06   9.52619659e-01   1.53336928e+00
 4.24000000e+00   0.00000000e+00   1.00000000e+00   1.30639017e-01   6.93115172e-05   9.49109240e-01   1.53676204e+00
 4.25000000e+00   0.00000000e+00   1.00000000e+00   1.28246901e-01   1.37063083e-04   9.43532400e-01   1.54014646e+00
 4.26000000e+00   0.00000000e+00   1.00000000e+00   1.25841781e-01   1.82638365e-04   9.36675363e-01   1.54290254e+00
 4.27000000e+00   0.00000000e+00   1.00000000e+00   1.23487837e-01   1.91205180e-04   9.29898864e-01   1.54464707e+00
 4.28000000e+00   0.00000000e+00   1.00000000e+00   1.21197367e-01   1.60154150e-04   9.24366605e-01   1.54525887e+00
 4.29000000e+00   0.00000000e+00   1.00000000e+00   1.18921083e-01   9.99238502e-05   9.20508047e-01   1.54510015e+00
 4.30000000e+00   0.00000000e+00   1.00000000e+00   1.16570069e-01   3.05661210e-05   9.17800027e-01   1.54484717e+00
 4.31000000e+00   0.00000000e+00   1.00000000e+00   1.14054177e-01  -2.48493542e-05   9.15110722e-01   1.54526402e+00
 4.32000000e+00   0.00000000e+00   1.00000000e+00   1.11314462e-01  -4.78553132e-05   9.11236212e-01   1.54698564e+00
 4.33000000e+00   0.00000000e+00   1.00000000e+00   1.08335799e-01  -3.06995481e-05   9.05299706e-01   1.55020900e+00
 4.34000000e+00   0.00000000e+00   1.00000000e+00   1.05141809e-01   2.11093002e-05   8.96902337e-01   1.55472252e+00
 4.35000000e+00   0.00000000e+00   1.00000000e+00   1.01784410e-01   9.06701825e-05   8.86079244e-01   1.55990575e+00
 4.36000000e+00   0.00000000e+00   1.00000000e+00   9.83369133e-02   1.55299932e-04   8.73222535e-01   1.56497476e+00
 4.37000000e+00   0.00000000e+00   1.00000000e+00   9.48877661e-02   1.93993555e-04   8.59081306e-01   1.56917499e+00
 4.38000000e+00   0.00000000e+00   1.00000000e+00   9.15254861e-02   1.94311437e-04   8.44763474e-01   1.57202714e+00
 4.39000000e+00   0.00000000e+00   1.00000000e+00   8.83124929e-02   1.56487155e-04   8.31506454e-01   1.57344517e+00
 4.40000000e+00   0.00000000e+00   1.00000000e+00   8.52603636e-02   9.33420273e-05   8.20265587e-01   1.57379265e+00
 4.41000000e+00   0.00000000e+00   1.00000000e+00   8.23257373e-02   2.60153387e-05   8.11287591e-01   1.57377035e+00
 4.42000000e+00   0.00000000e+00   1.00000000e+00   7.94355003e-02  -2.30366871e-05   8.03985143e-01   1.57413279e+00
 4.43000000e+00   0.00000000e+00   1.00000000e+00   7.65295038e-02  -3.74255321e-05   7.97226650e-01   1.57542927e+00
 4.44000000e+00   0.00000000e+00   1.00000000e+00   7.35959013e-02  -1.21999284e-05   7.89930318e-01   1.57773790e+00
 4.45000000e+00   0.00000000e+00   1.00000000e+00   7.06790460e-02   4.45149042e-05   7.81611176e-01   1.58074558e+00
 4.46000000e+00   0.00000000e+00   1.00000000e+00   6.78583147e-02   1.14184688e-04   7.72504161e-01   1.58373619e+00
 4.47000000e+00   0.00000000e+00   1.00000000e+00   6.52136224e-02   1.73990495e-04   7.63355216e-01   1.58588101e+00
 4.48000000e+00   0.00000000e+00   1.00000000e+00   6.27976954e-02   2.04386226e-04   7.55052948e-01   1.58658109e+00
 4.49000000e+00   0.00000000e+00   1.00000000e+00   6.06255613e-02   1.95553474e-04   7.48299384e-01   1.58554738e+00
 4.50000000e+00   0.00000000e+00   1.00000000e+00   5.86777003e-02   1.50605675e-04   7.43513789e-01   1.58309518e+00
 4.51000000e+00   0.00000000e+00   1.00000000e+00   5.69065699e-02   8.45213626e-05   7.40795565e-01   1.57987270e+00
 4.52000000e+00   0.00000000e+00   1.00000000e+00   5.52411480e-02   1.92095152e-05   7.39922464e-01   1.57670744e+00
 4.53000000e+00   0.00000000e+00   1.00000000e+00   5.35942238e-02  -2.37025288e-05   7.40294378e-01   1.57443148e+00
 4.54000000e+00   0.00000000e+00   1.00000000e+00   5.18805892e-02  -3.00104166e-05   7.40909665e-01   1.57349173e+00
 4.55000000e+00   0.00000000e+00   1.00000000e+00   5.00455340e-02   2.37897328e-06   7.40576374e-01   1.57398713e+00
 4.56000000e+00   0.00000000e+00   1.00000000e+00   4.80893673e-02   6.28091848e-05   7.38342330e-01   1.57554413e+00
 4.57000000e+00   0.00000000e+00   1.00000000e+00   4.60694738e-02   1.31436457e-04   7.33928762e-01   1.57746148e+00
 4.58000000e+00   0.00000000e+00   1.00000000e+00   4.40735180e-02   1.85755511e-04   7.27874400e-01   1.57896609e+00
 4.59000000e+00   0.00000000e+00   1.00000000e+00   4.21770749e-02   2.07989430e-04   7.21236832e-01   1.57939049e+00
 4.60000000e+00   0.00000000e+00   1.00000000e+00   4.04101470e-02   1.90960386e-04   7.15096054e-01   1.57852334e+00
 4.61000000e+00   0.00000000e+00   1.00000000e+00   3.87504910e-02   1.40466565e-04   7.10070141e-01   1.57663635e+00
 4.62000000e+00   0.00000000e+00   1.00000000e+00   3.71433450e-02   7.33496841e-05   7.06137831e-01   1.57437290e+00
 4.63000000e+00   0.00000000e+00   1.00000000e+00   3.55318182e-02   1.19071096e-05   7.02796890e-01   1.57252174e+00
 4.64000000e+00   0.00000000e+00   1.00000000e+00   3.38803502e-02  -2.34739101e-05   6.99369652e-01   1.57168448e+00
 4.65000000e+00   0.00000000e+00   1.00000000e+00   3.21837671e-02  -2.10140211e-05   6.95273339e-01   1.57210450e+00
 4.66000000e+00   0.00000000e+00   1.00000000e+00   3.04663390e-02   1.85859173e-05   6.90141881e-01   1.57357433e+00
 4.67000000e+00   0.00000000e+00   1.00000000e+00   2.87790264e-02   8.23649609e-05   6.83845218e-01   1.57555115e+00
 4.68000000e+00   0.00000000e+00   1.00000000e+00   2.71970900e-02   1.49382644e-04   6.76519246e-01   1.57720229e+00
 4.69000000e+00   0.00000000e+00   1.00000000e+00   2.58118798e-02   1.97644858e-04   6.68649192e-01   1.57782761e+00
 4.70000000e+00   0.00000000e+00   1.00000000e+00   2.47100502e-02   2.11375058e-04   6.61061651e-01   1.57680025e+00
 4.71000000e+00   0.00000000e+00   1.00000000e+00   2.39435722e-02   1.86190589e-04   6.54800322e-01   1.57401772e+00
 4.72000000e+00   0.00000000e+00   1.00000000e+00   2.35061780e-02   1.30489170e-04   6.50770341e-01   1.56981781e+00
 4.73000000e+00   0.00000000e+00   1.00000000e+00   2.33335796e-02   6.26760416e-05   6.49330346e-01   1.56496209e+00
 4.74000000e+00   0.00000000e+00   1.00000000e+00   2.33316354e-02   5.12448588e-06   6.50079553e-01   1.56032663e+00
 4.75000000e+00   0.00000000e+00   1.00000000e+00   2.34179887e-02  -2.32144589e-05   6.52020843e-01   1.55658374e+00
 4.76000000e+00   0.00000000e+00   1.00000000e+00   2.35536552e-02  -1.30903610e-05   6.54057431e-01   1.55400524e+00
 4.77000000e+00   0.00000000e+00   1.00000000e+00   2.37488766e-02   3.20129855e-05   6.55465407e-01   1.55239595e+00
 4.78000000e+00   0.00000000e+00   1.00000000e+00   2.40452573e-02   9.70816668e-05   6.56101496e-01   1.55120235e+00
 4.79000000e+00   0.00000000e+00   1.00000000e+00   2.44893584e-02   1.60545408e-04   6.56300021e-01   1.54973214e+00
 4.80000000e+00   0.00000000e+00   1.00000000e+00   2.51128504e-02   2.01371569e-04   6.56604525e-01   1.54737438e+00
 4.81000000e+00   0.00000000e+00   1.00000000e+00   2.59241597e-02   2.05989970e-04   6.57563777e-01   1.54385476e+00
 4.82000000e+00   0.00000000e+00   1.00000000e+00   2.69067680e-02   1.72779333e-04   6.59600768e-01   1.53931097e+00
 4.83000000e+00   0.00000000e+00   1.00000000e+00   2.80181737e-02   1.12622693e-04   6.62952480e-01   1.53423112e+00
 4.84000000e+00   0.00000000e+00   1.00000000e+00   2.91903101e-02   4.52901586e-05   6.67563595e-01   1.52930868e+00
 4.85000000e+00   0.00000000e+00   1.00000000e+00   3.03385855e-02  -7.12776419e-06   6.72963334e-01   1.52522326e+00
 4.86000000e+00   0.00000000e+00   1.00000000e+00   3.13846448e-02  -2.75065783e-05   6.78248153e-01   1.52244471e+00
 4.87000000e+00   0.00000000e+00   1.00000000e+00   3.22870447e-02  -9.28291638e-06   6.82317825e-01   1.52107751e+00
 4.88000000e+00   0.00000000e+00   1.00000000e+00   3.30633269e-02   4.14091146e-05   6.84324042e-01   1.52085957e+00
 4.89000000e+00   0.00000000e+00   1.00000000e+00   3.37875079e-02   1.07735897e-04   6.84071768e-01   1.52119162e+00
 4.90000000e+00   0.00000000e+00   1.00000000e+00   3.45609377e-02   1.67716061e-04   6.82128119e-01   1.52132682e+00
 4.91000000e+00   0.00000000e+00   1.00000000e+00   3.54718166e-02   2.01507473e-04   6.79566746e-01   1.52059694e+00
 4.92000000e+00   0.00000000e+00   1.00000000e+00   3.65656102e-02   1.97956275e-04   6.77502748e-01   1.51865310e+00
 4.93000000e+00   0.00000000e+00   1.00000000e+00   3.78397787e-02   1.58237040e-04   6.76680054e-01   1.51559471e+00
 4.94000000e+00   0.00000000e+00   1.00000000e+00   3.92596425e-02   9.54166114e-05   6.77301919e-01   1.51188880e+00
 4.95000000e+00   0.00000000e+00   1.00000000e+00   4.07811410e-02   3.01414713e-05   6.79135516e-01   1.50819947e+00
 4.96000000e+00   0.00000000e+00   1.00000000e+00   4.23678168e-02  -1.61498270e-05   6.81723085e-01   1.50510335e+00
 4.97000000e+00   0.00000000e+00   1.00000000e+00   4.39992332e-02  -2.83072089e-05   6.84562067e-01   1.50294388e+00
 4.98000000e+00   0.00000000e+00   1.00000000e+00   4.56756377e-02  -2.49544128e-06   6.87184535e-01   1.50164884e+00
 4.99000000e+00   0.00000000e+00   1.00000000e+00   4.74226678e-02   5.25578771e-05   6.89277657e-01   1.50090216e+00
 5.00000000e+00   0.00000000e+00   1.00000000e+00   4.92928018e-02   1.18504005e-04   6.90800683e-01   1.50012034e+00