  Time  Coordinate0  Coordinate1  Displacement0  Displacement1  Force0  Force1
 0.00000000e+00   0.00000000e+00   1.00000000e+00   0.00000000e+00   0.00000000e+00   0.00000000e+00   0.00000000e+00
 1.00000000e-02   0.00000000e+00   1.00000000e+00   4.13892280e-04  -6.91302022e-06   1.95972304e-01  -7.33916294e+00
 2.00000000e-02   0.00000000e+00   1.00000000e+00   1.34422467e-03   7.77444084e-05   3.78113863e+00   1.85505983e+01
 3.00000000e-02   0.00000000e+00   1.00000000e+00   2.50011744e-03   1.58271965e-04  -8.60098663e-01  -1.44742987e+01
 4.00000000e-02   0.00000000e+00   1.00000000e+00   3.83080182e-03   2.34264999e-04   2.61553143e+00   1.96844798e+01
 5.00000000e-02   0.00000000e+00   1.00000000e+00   5.26948216e-03   2.80444571e-04  -1.73442029e-01  -1.60931140e+01
 6.00000000e-02   0.00000000e+00   1.00000000e+00   6.75081766e-03   3.13814443e-04   1.89205271e+00   1.95460844e+01
 7.00000000e-02   0.00000000e+00   1.00000000e+00   8.27675702e-03   2.77070314e-04   3.53706825e-01  -1.56418783e+01
 8.00000000e-02   0.00000000e+00   1.00000000e+00   1.00494009e-02   1.94976761e-04   1.24833536e+00   1.79398136e+01
 9.00000000e-02   0.00000000e+00   1.00000000e+00   1.24395734e-02   6.24494838e-05   7.57017052e-01  -1.33836096e+01
 1.00000000e-01   0.00000000e+00   1.00000000e+00   1.56307607e-02  -2.50822919e-05   1.01242762e+00   1.47377445e+01
 1.10000000e-01   0.00000000e+00   1.00000000e+00   1.92930263e-02  -5.56380378e-05   7.84809557e-01  -9.75756479e+00
 1.20000000e-01   0.00000000e+00   1.00000000e+00   2.29834723e-02  -2.83576267e-05   8.92591650e-01   1.05923508e+01
 1.30000000e-01   0.00000000e+00   1.00000000e+00   2.66523217e-02   1.51476766e-05   1.04851183e+00  -5.68131471e+00
 1.40000000e-01   0.00000000e+00   1.00000000e+00   3.04971333e-02   9.31205197e-05   6.03388240e-01   6.66524780e+00
 1.50000000e-01   0.00000000e+00   1.00000000e+00   3.44253835e-02   2.00707210e-04   1.28625104e+00  -2.46123252e+00
 1.60000000e-01   0.00000000e+00   1.00000000e+00   3.81895699e-02   2.77196776e-04   4.10051935e-01   4.16314044e+00
 1.70000000e-01   0.00000000e+00   1.00000000e+00   4.17939213e-02   2.65332294e-04   1.39821368e+00  -1.07239825e+00
 1.80000000e-01   0.00000000e+00   1.00000000e+00   4.53788852e-02   1.95311005e-04   4.39836619e-01   3.76539954e+00
 1.90000000e-01   0.00000000e+00   1.00000000e+00   4.89937339e-02   1.10331835e-04   1.19742390e+00  -1.82938345e+00
 2.00000000e-01   0.00000000e+00   1.00000000e+00   5.27305320e-02   2.85087108e-05   7.84031517e-01   5.32847266e+00
 2.10000000e-01   0.00000000e+00   1.00000000e+00   5.66717088e-02  -5.67227832e-05   7.02651344e-01  -4.19176329e+00
 2.20000000e-01   0.00000000e+00   1.00000000e+00   6.08153534e-02  -9.66778543e-05   1.41192147e+00   8.01835822e+00
 2.30000000e-01   0.00000000e+00   1.00000000e+00   6.50794906e-02  -8.01809121e-05  -2.74636885e-03  -7.09302824e+00
 2.40000000e-01   0.00000000e+00   1.00000000e+00   6.93123395e-02   1.41973214e-05   2.19826975e+00   1.06782621e+01
 2.50000000e-01   0.00000000e+00   1.00000000e+00   7.31823106e-02   1.19017800e-04  -6.59098585e-01  -9.38487128e+00
 2.60000000e-01   0.00000000e+00   1.00000000e+00   7.65690253e-02   2.03951992e-04   2.68119890e+00   1.22908328e+01
 2.70000000e-01   0.00000000e+00   1.00000000e+00   7.97090560e-02   2.31046741e-04  -8.08250582e-01  -1.02461937e+01
 2.80000000e-01   0.00000000e+00   1.00000000e+00   8.29600142e-02   2.40807829e-04   2.66418074e+00   1.23572320e+01
 2.90000000e-01   0.00000000e+00   1.00000000e+00   8.64143152e-02   1.93013643e-04  -7.04860657e-01  -9.55756918e+00
 3.00000000e-01   0.00000000e+00   1.00000000e+00   8.99789097e-02   9.59566112e-05   2.43248981e+00   1.09950883e+01
 3.10000000e-01   0.00000000e+00   1.00000000e+00   9.36156335e-02  -2.36213252e-05  -3.63691855e-01  -7.70371252e+00
 3.20000000e-01   0.00000000e+00   1.00000000e+00   9.74892365e-02  -8.79103585e-05   2.01260366e+00   8.80867492e+00
 3.30000000e-01   0.00000000e+00   1.00000000e+00   1.01721167e-01  -9.51603628e-05   1.70843322e-02  -5.47556546e+00
 3.40000000e-01   0.00000000e+00   1.00000000e+00   1.06206241e-01  -5.25823635e-05   1.67296540e+00   6.65987387e+00
 3.50000000e-01   0.00000000e+00   1.00000000e+00   1.10706244e-01   1.50664631e-05   3.08447669e-01  -3.68740930e+00
 3.60000000e-01   0.00000000e+00   1.00000000e+00   1.15102695e-01   1.08755788e-04   1.47728993e+00   5.26719927e+00
 3.70000000e-01   0.00000000e+00   1.00000000e+00   1.19363272e-01   1.98935584e-04   4.21250450e-01  -2.88754546e+00
 3.80000000e-01   0.00000000e+00   1.00000000e+00   1.23452150e-01   2.50510145e-04   1.53661709e+00   4.99676093e+00
 3.90000000e-01   0.00000000e+00   1.00000000e+00   1.27373750e-01   2.23050065e-04   2.42948189e-01  -3.21499251e+00
 4.00000000e-01   0.00000000e+00   1.00000000e+00   1.31346310e-01   1.43126959e-04   1.87325170e+00   5.76134767e+00
 4.10000000e-01   0.00000000e+00   1.00000000e+00   1.35607329e-01   4.53420913e-05  -2.35905883e-01  -4.39268537e+00
 4.20000000e-01   0.00000000e+00   1.00000000e+00   1.40206422e-01  -3.10961832e-05   2.49880599e+00   7.12176728e+00
 4.30000000e-01   0.00000000e+00   1.00000000e+00   1.44908957e-01  -9.65240585e-05  -9.42673884e-01  -5.86831667e+00
 4.40000000e-01   0.00000000e+00   1.00000000e+00   1.49471444e-01  -1.13137841e-04   3.25140758e+00   8.43492083e+00
 4.50000000e-01   0.00000000e+00   1.00000000e+00   1.53737082e-01  -7.11148278e-05  -1.52885198e+00  -6.96837960e+00
 4.60000000e-01   0.00000000e+00   1.00000000e+00   1.57757341e-01   3.37089157e-05   3.74652687e+00   9.12760825e+00
 4.70000000e-01   0.00000000e+00   1.00000000e+00   1.61554945e-01   1.31573358e-04  -1.77859817e+00  -7.23352970e+00
 4.80000000e-01   0.00000000e+00   1.00000000e+00   1.65029835e-01   2.01029233e-04   3.83170527e+00   8.89706145e+00
 4.90000000e-01   0.00000000e+00   1.00000000e+00   1.68018983e-01   2.17151207e-04  -1.55347488e+00  -6.53100549e+00
 5.00000000e-01   0.00000000e+00   1.00000000e+00   1.70591738e-01   1.97059315e-04   3.39016774e+00   7.77330550e+00
 5.10000000e-01   0.00000000e+00   1.00000000e+00   1.72991273e-01   1.28014265e-04  -9.29685704e-01  -5.09641521e+00
 5.20000000e-01   0.00000000e+00   1.00000000e+00   1.75416094e-01   2.93312786e-05   2.69835638e+00   6.16070086e+00
 5.30000000e-01   0.00000000e+00   1.00000000e+00   1.77900388e-01  -7.09854096e-05  -2.72050949e-01  -3.45903436e+00
 5.40000000e-01   0.00000000e+00   1.00000000e+00   1.80434212e-01  -1.17542191e-04   2.08589644e+00   4.62111873e+00
 5.50000000e-01   0.00000000e+00   1.00000000e+00   1.82959803e-01  -1.00731966e-04   2.26160967e-01  -2.18473712e+00
 5.60000000e-01   0.00000000e+00   1.00000000e+00   1.85324919e-01  -3.81047915e-05   1.74341279e+00   3.67219298e+00
 5.70000000e-01   0.00000000e+00   1.00000000e+00   1.87313365e-01   4.18119779e-05   4.23024448e-01  -1.67636688e+00
 5.80000000e-01   0.00000000e+00   1.00000000e+00   1.88870851e-01   1.32909487e-04   1.75272559e+00   3.58743048e+00
 5.90000000e-01   0.00000000e+00   1.00000000e+00   1.90154746e-01   2.05268534e-04   2.63561973e-01  -2.03205483e+00
 6.00000000e-01   0.00000000e+00   1.00000000e+00   1.91423628e-01   2.29008095e-04   2.08251179e+00   4.32282966e+00
 6.10000000e-01   0.00000000e+00   1.00000000e+00   1.92757804e-01   1.79878241e-04  -2.15887763e-01  -3.05782288e+00
 6.20000000e-01   0.00000000e+00   1.00000000e+00   1.94118917e-01   9.23459746e-05   2.62912470e+00   5.50819734e+00
 6.30000000e-01   0.00000000e+00   1.00000000e+00   1.95471968e-01  -4.81711400e-06  -7.75688992e-01  -4.27965464e+00
 6.40000000e-01   0.00000000e+00   1.00000000e+00   1.96942137e-01  -7.34723982e-05   3.15015005e+00   6.60606092e+00
 6.50000000e-01   0.00000000e+00   1.00000000e+00   1.98604752e-01  -1.14512973e-04  -1.22132319e+00  -5.15942413e+00
 6.60000000e-01   0.00000000e+00   1.00000000e+00   2.00403753e-01  -1.01217372e-04   3.50039821e+00   7.14149104e+00
 6.70000000e-01   0.00000000e+00   1.00000000e+00   2.02095221e-01  -3.84832451e-05  -1.37998042e+00  -5.30425447e+00
 6.80000000e-01   0.00000000e+00   1.00000000e+00   2.03456267e-01   6.71333874e-05   3.47981923e+00   6.84471138e+00
 6.90000000e-01   0.00000000e+00   1.00000000e+00   2.04374210e-01   1.58700398e-04  -1.05093528e+00  -4.59978063e+00
 7.00000000e-01   0.00000000e+00   1.00000000e+00   2.04897174e-01   2.09507926e-04   2.98497350e+00   5.80456486e+00
 7.10000000e-01   0.00000000e+00   1.00000000e+00   2.05120110e-01   2.05314906e-04  -3.93984817e-01  -3.32127608e+00
 7.20000000e-01   0.00000000e+00   1.00000000e+00   2.05172884e-01   1.61888789e-04   2.28646412e+00   4.44550367e+00
 7.30000000e-01   0.00000000e+00   1.00000000e+00   2.05197251e-01   8.01350844e-05   2.53892408e-01  -2.00548920e+00
 7.40000000e-01   0.00000000e+00   1.00000000e+00   2.05265184e-01  -1.74440595e-05   1.73561129e+00   3.32374246e+00
 7.50000000e-01   0.00000000e+00   1.00000000e+00   2.05257490e-01  -9.74326301e-05   6.22940291e-01  -1.19696575e+00
 7.60000000e-01   0.00000000e+00   1.00000000e+00   2.04982694e-01  -1.20269674e-04   1.55060291e+00   2.87389644e+00
 7.70000000e-01   0.00000000e+00   1.00000000e+00   2.04340635e-01  -8.42793150e-05   6.25999108e-01  -1.17618768e+00
 7.80000000e-01   0.00000000e+00   1.00000000e+00   2.03389530e-01  -6.35753024e-06   1.75748255e+00   3.24042047e+00
 7.90000000e-01   0.00000000e+00   1.00000000e+00   2.02138170e-01   8.10633167e-05   2.64415386e-01  -1.89552983e+00
 8.00000000e-01   0.00000000e+00   1.00000000e+00   2.00508535e-01   1.64807299e-04   2.23503232e+00   4.21462348e+00
 8.10000000e-01   0.00000000e+00   1.00000000e+00   1.98397673e-01   2.13715159e-04  -2.29430330e-01  -2.99006853e+00
 8.20000000e-01   0.00000000e+00   1.00000000e+00   1.95903435e-01   2.12879634e-04   2.67406952e+00   5.31834577e+00
 8.30000000e-01   0.00000000e+00   1.00000000e+00   1.93254505e-01   1.46844963e-04  -5.72994278e-01  -3.94239661e+00
 8.40000000e-01   0.00000000e+00   1.00000000e+00   1.90710029e-01   5.39850088e-05   2.85613863e+00   6.06085003e+00
 8.50000000e-01   0.00000000e+00   1.00000000e+00   1.88365590e-01  -3.70346279e-05  -6.81441522e-01  -4.35001877e+00
 8.60000000e-01   0.00000000e+00   1.00000000e+00   1.86190203e-01  -9.03851536e-05   2.79255452e+00   6.12542294e+00
 8.70000000e-01   0.00000000e+00   1.00000000e+00   1.84057353e-01  -1.06443643e-04  -5.10310962e-01  -4.04053778e+00
 8.80000000e-01   0.00000000e+00   1.00000000e+00   1.81840984e-01  -6.87223766e-05   2.48068544e+00   5.50006280e+00
 8.90000000e-01   0.00000000e+00   1.00000000e+00   1.79416516e-01   1.11265008e-05  -8.93140800e-02  -3.15268543e+00
 9.00000000e-01   0.00000000e+00   1.00000000e+00   1.76743792e-01   1.14247613e-04   1.99697154e+00   4.48106809e+00
 9.10000000e-01   0.00000000e+00   1.00000000e+00   1.73889082e-01   1.92990489e-04   4.02152509e-01  -2.07848264e+00
 9.20000000e-01   0.00000000e+00   1.00000000e+00   1.70989128e-01   2.24292273e-04   1.54832900e+00   3.52392747e+00
 9.30000000e-01   0.00000000e+00   1.00000000e+00   1.68120838e-01   2.00359495e-04   7.19365045e-01  -1.28626202e+00
 9.40000000e-01   0.00000000e+00   1.00000000e+00   1.65277605e-01   1.37977058e-04   1.31822265e+00   3.00569411e+00
 9.50000000e-01   0.00000000e+00   1.00000000e+00   1.62438626e-01   4.88840479e-05   7.92417434e-01  -1.05449603e+00
 9.60000000e-01   0.00000000e+00   1.00000000e+00   1.59685539e-01  -3.94861006e-05   1.33124129e+00   3.06269461e+00
 9.70000000e-01   0.00000000e+00   1.00000000e+00   1.57098517e-01  -9.86436310e-05   6.43917540e-01  -1.37425175e+00
 9.80000000e-01   0.00000000e+00   1.00000000e+00   1.54621178e-01  -9.71181729e-05   1.53666920e+00   3.56365182e+00
 9.90000000e-01   0.00000000e+00   1.00000000e+00   1.52003755e-01  -4.23695234e-05   3.85663038e-01  -1.99378925e+00
 1.00000000e+00   0.00000000e+00   1.00000000e+00   1.49012017e-01   4.64191094e-05   1.79381455e+00   4.18577329e+00
 1.01000000e+00   0.00000000e+00   1.00000000e+00   1.45548584e-01   1.33304584e-04   2.14926759e-01  -2.53648836e+00
 1.02000000e+00   0.00000000e+00   1.00000000e+00   1.41690684e-01   2.03892853e-04   1.88798398e+00   4.60367212e+00
 1.03000000e+00   0.00000000e+00   1.00000000e+00   1.37572519e-01   2.29968412e-04   2.13594582e-01  -2.73818223e+00
 1.04000000e+00   0.00000000e+00   1.00000000e+00   1.33347847e-01   2.04704544e-04   1.78186556e+00   4.63484560e+00
 1.05000000e+00   0.00000000e+00   1.00000000e+00   1.29131659e-01   1.26428676e-04   3.43698395e-01  -2.53681072e+00
 1.06000000e+00   0.00000000e+00   1.00000000e+00   1.24985781e-01   3.24477466e-05   1.56930979e+00   4.29322771e+00
 1.07000000e+00   0.00000000e+00   1.00000000e+00   1.20877940e-01  -4.73364970e-05   5.29591445e-01  -2.05369545e+00
 1.08000000e+00   0.00000000e+00   1.00000000e+00   1.16738457e-01  -8.36475417e-05   1.34045281e+00   3.75489346e+00
 1.09000000e+00   0.00000000e+00   1.00000000e+00   1.12517057e-01  -7.47165660e-05   7.22625376e-01  -1.49407008e+00
 1.10000000e+00   0.00000000e+00   1.00000000e+00   1.08224629e-01  -1.72249189e-05   1.14775185e+00   3.25835906e+00
 1.11000000e+00   0.00000000e+00   1.00000000e+00   1.03858687e-01   7.17787148e-05   8.56192765e-01  -1.06733879e+00
 1.12000000e+00   0.00000000e+00   1.00000000e+00   9.93625409e-02   1.67705292e-04   1.02920417e+00   2.97821945e+00
 1.13000000e+00   0.00000000e+00   1.00000000e+00   9.46744246e-02   2.29778511e-04   9.20293798e-01  -8.87002349e-01
 1.14000000e+00   0.00000000e+00   1.00000000e+00   8.98691291e-02   2.39732969e-04   9.64188704e-01   2.96045339e+00
 1.15000000e+00   0.00000000e+00   1.00000000e+00   8.51708150e-02   1.96436031e-04   9.29895251e-01  -9.40383595e-01
 1.16000000e+00   0.00000000e+00   1.00000000e+00   8.08282699e-02   1.21441977e-04   9.25127477e-01   3.13139863e+00
 1.17000000e+00   0.00000000e+00   1.00000000e+00   7.69359182e-02   3.13838274e-05   8.84993569e-01  -1.14391401e+00
 1.18000000e+00   0.00000000e+00   1.00000000e+00   7.34192038e-02  -4.31028317e-05   9.28601046e-01   3.35204478e+00
 1.19000000e+00   0.00000000e+00   1.00000000e+00   7.01202845e-02  -7.87351395e-05   8.39207933e-01  -1.34760414e+00
 1.20000000e+00   0.00000000e+00   1.00000000e+00   6.69063757e-02  -5.47874004e-05   9.45713012e-01   3.49837051e+00
 1.21000000e+00   0.00000000e+00   1.00000000e+00   6.36770623e-02   1.49786861e-05   8.31943657e-01  -1.42893747e+00
 1.22000000e+00   0.00000000e+00   1.00000000e+00   6.03829917e-02   1.08050280e-04   9.32224568e-01   3.51059362e+00
 1.23000000e+00   0.00000000e+00   1.00000000e+00   5.70288584e-02   1.88799715e-04   8.64824459e-01  -1.35404177e+00
 1.24000000e+00   0.00000000e+00   1.00000000e+00   5.36688256e-02   2.40500125e-04   8.81466334e-01   3.39899532e+00
 1.25000000e+00   0.00000000e+00   1.00000000e+00   5.03454045e-02   2.43164786e-04   9.07567956e-01  -1.17894254e+00
 1.26000000e+00   0.00000000e+00   1.00000000e+00   4.70801362e-02   1.96024203e-04   8.19718373e-01   3.22149242e+00
 1.27000000e+00   0.00000000e+00   1.00000000e+00   4.39067700e-02   1.08400573e-04   9.43789872e-01  -9.89413869e-01
 1.28000000e+00   0.00000000e+00   1.00000000e+00   4.09085505e-02   1.70057633e-05   7.68718863e-01   3.05651086e+00
 1.29000000e+00   0.00000000e+00   1.00000000e+00   3.81461723e-02  -4.85531425e-05   9.53793276e-01  -8.60883186e-01
 1.30000000e+00   0.00000000e+00   1.00000000e+00   3.55632737e-02  -6.53955261e-05   7.49906586e-01   2.96300431e+00
 1.31000000e+00   0.00000000e+00   1.00000000e+00   3.29638926e-02  -3.53225564e-05   9.47968036e-01  -8.23448494e-01
 1.32000000e+00   0.00000000e+00   1.00000000e+00   3.01410155e-02   3.71023958e-05   7.53902557e-01   2.96125988e+00
 1.33000000e+00   0.00000000e+00   1.00000000e+00   2.70181938e-02   1.28537392e-04   9.68945057e-01  -8.44524310e-01
 1.34000000e+00   0.00000000e+00   1.00000000e+00   2.36936338e-02   2.12669553e-04   7.31322164e-01   3.03135926e+00
 1.35000000e+00   0.00000000e+00   1.00000000e+00   2.03414479e-02   2.54099174e-04   9.96906806e-01  -8.96861271e-01
 1.36000000e+00   0.00000000e+00   1.00000000e+00   1.71138365e-02   2.42673885e-04   6.81841661e-01   3.12411738e+00
 1.37000000e+00   0.00000000e+00   1.00000000e+00   1.41064715e-02   1.82011058e-04   1.01394970e+00  -9.57913032e-01
 1.38000000e+00   0.00000000e+00   1.00000000e+00   1.13796116e-02   9.84972478e-05   6.34167364e-01   3.19244974e+00
 1.39000000e+00   0.00000000e+00   1.00000000e+00   8.95517733e-03   1.26340269e-05   1.02163072e+00  -1.00223436e+00
 1.40000000e+00   0.00000000e+00   1.00000000e+00   6.82018340e-03  -4.55873943e-05   6.02483533e-01   3.21522660e+00
 1.41000000e+00   0.00000000e+00   1.00000000e+00   4.93889431e-03  -5.88312412e-05   1.02484627e+00  -1.01159050e+00
 1.42000000e+00   0.00000000e+00   1.00000000e+00   3.27490894e-03  -1.51056745e-05   5.87136500e-01   3.20191305e+00
 1.43000000e+00   0.00000000e+00   1.00000000e+00   1.77040150e-03   6.56705032e-05   1.02716721e+00  -9.86991219e-01
 1.44000000e+00   0.00000000e+00   1.00000000e+00   3.40983747e-04   1.57635333e-04   5.78651721e-01   3.17327419e+00
 1.45000000e+00   0.00000000e+00   1.00000000e+00  -1.07285368e-03   2.26752009e-04   1.04035832e+00  -9.46007656e-01
 1.46000000e+00   0.00000000e+00   1.00000000e+00  -2.41353729e-03   2.57987727e-04   5.59533830e-01   3.15028885e+00
 1.47000000e+00   0.00000000e+00   1.00000000e+00  -3.50205583e-03   2.37566336e-04   1.05300873e+00  -9.17043707e-01
 1.48000000e+00   0.00000000e+00   1.00000000e+00  -4.14795732e-03   1.73252019e-04   5.35981948e-01   3.14337896e+00
 1.49000000e+00   0.00000000e+00   1.00000000e+00  -4.29012520e-03   8.07176828e-05   1.02574990e+00  -9.36613579e-01
 1.50000000e+00   0.00000000e+00   1.00000000e+00  -4.02314945e-03  -3.00360204e-06   5.47350489e-01   3.15545540e+00
 1.51000000e+00   0.00000000e+00   1.00000000e+00  -3.51819340e-03  -5.24269994e-05   9.86323766e-01  -9.95716412e-01
 1.52000000e+00   0.00000000e+00   1.00000000e+00  -2.91800900e-03  -4.89381553e-05   5.87131242e-01   3.18986903e+00
 1.53000000e+00   0.00000000e+00   1.00000000e+00  -2.31002559e-03  -1.03142917e-06   9.60860170e-01  -1.06318917e+00
 1.54000000e+00   0.00000000e+00   1.00000000e+00  -1.74273114e-03   8.07978535e-05   6.23733138e-01   3.23914926e+00
 1.55000000e+00   0.00000000e+00   1.00000000e+00  -1.24626932e-03   1.68049022e-04   9.48509953e-01  -1.11862074e+00
 1.56000000e+00   0.00000000e+00   1.00000000e+00  -8.19057265e-04   2.36090996e-04   6.43069780e-01   3.28714800e+00
 1.57000000e+00   0.00000000e+00   1.00000000e+00  -4.25218404e-04   2.54857448e-04   9.47152892e-01  -1.15409483e+00
 1.58000000e+00   0.00000000e+00   1.00000000e+00   3.88588688e-06   2.22194237e-04   6.42427277e-01   3.31549164e+00
 1.59000000e+00   0.00000000e+00   1.00000000e+00   5.58052262e-04   1.46890887e-04   9.45278630e-01  -1.17332507e+00
 1.60000000e+00   0.00000000e+00   1.00000000e+00   1.33834647e-03   5.96711383e-05   6.37609460e-01   3.31727880e+00
 1.61000000e+00   0.00000000e+00   1.00000000e+00   2.40239859e-03  -1.75278496e-05   9.25448521e-01  -1.18294967e+00
 1.62000000e+00   0.00000000e+00   1.00000000e+00   3.70171311e-03  -5.68591381e-05   6.53254514e-01   3.29869963e+00
 1.63000000e+00   0.00000000e+00   1.00000000e+00   5.07410655e-03  -4.83796935e-05   8.98949735e-01  -1.18346419e+00
 1.64000000e+00   0.00000000e+00   1.00000000e+00   6.35128270e-03   1.18880533e-05   6.81650820e-01   3.27472046e+00
 1.65000000e+00   0.00000000e+00   1.00000000e+00   7.47935674e-03   9.83966766e-05   9.04400911e-01  -1.16355560e+00
 1.66000000e+00   0.00000000e+00   1.00000000e+00   8.55229523e-03   1.84475936e-04   6.84104092e-01   3.25739251e+00
 1.67000000e+00   0.00000000e+00   1.00000000e+00   9.72587781e-03   2.37613237e-04   9.14061808e-01  -1.13732544e+00
 1.68000000e+00   0.00000000e+00   1.00000000e+00   1.11271334e-02   2.47165827e-04   6.72057555e-01   3.24482629e+00
 1.69000000e+00   0.00000000e+00   1.00000000e+00   1.28258810e-02   2.05775631e-04   9.01692300e-01  -1.12643957e+00
 1.70000000e+00   0.00000000e+00   1.00000000e+00   1.48631237e-02   1.29116792e-04   6.74913996e-01   3.23254267e+00
 1.71000000e+00   0.00000000e+00   1.00000000e+00   1.72633476e-02   3.69814622e-05   8.69627810e-01  -1.13503531e+00
 1.72000000e+00   0.00000000e+00   1.00000000e+00   2.00270756e-02  -3.42188759e-05   7.03832684e-01   3.21843436e+00
 1.73000000e+00   0.00000000e+00   1.00000000e+00   2.31041019e-02  -6.41394100e-05   8.20318507e-01  -1.15454972e+00
 1.74000000e+00   0.00000000e+00   1.00000000e+00   2.63990653e-02  -4.02745888e-05   7.61717209e-01   3.20507313e+00
 1.75000000e+00   0.00000000e+00   1.00000000e+00   2.97830865e-02   2.28764417e-05   7.71621606e-01  -1.16741290e+00
 1.76000000e+00   0.00000000e+00   1.00000000e+00   3.31366630e-02   1.09525898e-04   8.28300912e-01   3.19069079e+00
 1.77000000e+00   0.00000000e+00   1.00000000e+00   3.63951632e-02   1.88408557e-04   7.43482766e-01  -1.16253839e+00
 1.78000000e+00   0.00000000e+00   1.00000000e+00   3.96035551e-02   2.37268561e-04   8.74210757e-01   3.16932601e+00
 1.79000000e+00   0.00000000e+00   1.00000000e+00   4.28986114e-02   2.33259308e-04   7.21960511e-01  -1.14291783e+00
 1.80000000e+00   0.00000000e+00   1.00000000e+00   4.64263879e-02   1.81610470e-04   9.07400824e-01   3.13488833e+00
 1.81000000e+00   0.00000000e+00   1.00000000e+00   5.02262827e-02   9.67724725e-05   6.75029165e-01  -1.12449606e+00
 1.82000000e+00   0.00000000e+00   1.00000000e+00   5.42121123e-02   1.12680847e-05   9.63466873e-01   3.08473016e+00
 1.83000000e+00   0.00000000e+00   1.00000000e+00   5.82358990e-02  -5.30611098e-05   6.27960104e-01  -1.10458699e+00
 1.84000000e+00   0.00000000e+00   1.00000000e+00   6.21839778e-02  -7.22136184e-05   1.03172209e+00   3.02677720e+00
 1.85000000e+00   0.00000000e+00   1.00000000e+00   6.59913327e-02  -4.29123626e-05   6.02600808e-01  -1.07097787e+00
 1.86000000e+00   0.00000000e+00   1.00000000e+00   6.96213427e-02   3.02817633e-05   1.08613300e+00   2.96918916e+00
 1.87000000e+00   0.00000000e+00   1.00000000e+00   7.30372990e-02   1.18170927e-04   5.95239872e-01  -1.02195176e+00
 1.88000000e+00   0.00000000e+00   1.00000000e+00   7.62336835e-02   1.93880110e-04   1.11663676e+00   2.91308539e+00
 1.89000000e+00   0.00000000e+00   1.00000000e+00   7.92570421e-02   2.28611859e-04   6.02654449e-01  -9.62849470e-01
 1.90000000e+00   0.00000000e+00   1.00000000e+00   8.22177154e-02   2.16330466e-04   1.12008475e+00   2.85428697e+00
 1.91000000e+00   0.00000000e+00   1.00000000e+00   8.52522450e-02   1.57333116e-04   6.04776980e-01  -9.04198901e-01
 1.92000000e+00   0.00000000e+00   1.00000000e+00   8.84829357e-02   7.29632389e-05   1.11936164e+00   2.79013273e+00
 1.93000000e+00   0.00000000e+00   1.00000000e+00   9.19549653e-02  -1.32664190e-05   5.87569238e-01  -8.52367159e-01
 1.94000000e+00   0.00000000e+00   1.00000000e+00   9.56113373e-02  -6.81808999e-05   1.14224319e+00   2.72053237e+00
 1.95000000e+00   0.00000000e+00   1.00000000e+00   9.93055328e-02  -7.65420190e-05   5.70513897e-01  -8.01654398e-01
 1.96000000e+00   0.00000000e+00   1.00000000e+00   1.02897110e-01  -3.36327854e-05   1.17906120e+00   2.64827863e+00
 1.97000000e+00   0.00000000e+00   1.00000000e+00   1.06330227e-01   4.16495614e-05   5.77591551e-01  -7.37948999e-01
 1.98000000e+00   0.00000000e+00   1.00000000e+00   1.09664225e-01   1.28408928e-04   1.19813092e+00   2.57707009e+00
 1.99000000e+00   0.00000000e+00   1.00000000e+00   1.13005358e-01   1.95845510e-04   5.87413824e-01  -6.63439827e-01
 2.00000000e+00   0.00000000e+00   1.00000000e+00   1.16439030e-01   2.24136189e-04   1.20430309e+00   2.50360761e+00
 2.01000000e+00   0.00000000e+00   1.00000000e+00   1.19999591e-01   1.99404822e-04   5.86383710e-01  -5.90899745e-01
 2.02000000e+00   0.00000000e+00   1.00000000e+00   1.23708587e-01   1.32641135e-04   1.21597078e+00   2.42324690e+00
 2.03000000e+00   0.00000000e+00   1.00000000e+00   1.27584426e-01   4.41733802e-05   5.79660421e-01  -5.25589423e-01
 2.04000000e+00   0.00000000e+00   1.00000000e+00   1.31626895e-01  -3.38976181e-05   1.24067705e+00   2.33852038e+00
 2.05000000e+00   0.00000000e+00   1.00000000e+00   1.35767956e-01  -8.01254702e-05   5.71183662e-01  -4.65453093e-01
 2.06000000e+00   0.00000000e+00   1.00000000e+00   1.39876709e-01  -7.77062231e-05   1.28322693e+00   2.25554576e+00
 2.07000000e+00   0.00000000e+00   1.00000000e+00   1.43788542e-01  -2.92258651e-05   5.79415199e-01  -4.03383998e-01
 2.08000000e+00   0.00000000e+00   1.00000000e+00   1.47375878e-01   5.24760964e-05   1.32397396e+00   2.17756086e+00
 2.09000000e+00   0.00000000e+00   1.00000000e+00   1.50590125e-01   1.36797418e-04   6.08285208e-01  -3.34939663e-01
 2.10000000e+00   0.00000000e+00   1.00000000e+00   1.53492786e-01   1.96950428e-04   1.33699062e+00   2.10622190e+00
 2.11000000e+00   0.00000000e+00   1.00000000e+00   1.56216088e-01   2.11166117e-04   6.35142626e-01  -2.64511450e-01
 2.12000000e+00   0.00000000e+00   1.00000000e+00   1.58892638e-01   1.78097447e-04   1.32937938e+00   2.03974467e+00
 2.13000000e+00   0.00000000e+00   1.00000000e+00   1.61570691e-01   1.06214555e-04   6.46898028e-01  -2.03486670e-01
 2.14000000e+00   0.00000000e+00   1.00000000e+00   1.64207999e-01   2.00384570e-05   1.32809499e+00   1.97323747e+00
 2.15000000e+00   0.00000000e+00   1.00000000e+00   1.66714396e-01  -5.43988702e-05   6.62237783e-01  -1.51943965e-01
 2.16000000e+00   0.00000000e+00   1.00000000e+00   1.69023102e-01  -8.95882339e-05   1.33442138e+00   1.90911563e+00
 2.17000000e+00   0.00000000e+00   1.00000000e+00   1.71097615e-01  -7.54981100e-05   6.88164707e-01  -9.95209342e-02
 2.18000000e+00   0.00000000e+00   1.00000000e+00   1.72915647e-01  -1.60645352e-05   1.33604216e+00   1.85244318e+00
 2.19000000e+00   0.00000000e+00   1.00000000e+00   1.74445693e-01   6.63948591e-05   7.19549865e-01  -4.20898944e-02
 2.20000000e+00   0.00000000e+00   1.00000000e+00   1.75682470e-01   1.47194733e-04   1.32615441e+00   1.80189475e+00
 2.21000000e+00   0.00000000e+00   1.00000000e+00   1.76682840e-01   1.98781398e-04   7.51005238e-01   1.81080731e-02
 2.22000000e+00   0.00000000e+00   1.00000000e+00   1.77579107e-01   2.05371258e-04   1.29838217e+00   1.75437631e+00
 2.23000000e+00   0.00000000e+00   1.00000000e+00   1.78527204e-01   1.62228562e-04   7.67644236e-01   7.42746565e-02
 2.24000000e+00   0.00000000e+00   1.00000000e+00   1.79644049e-01   8.52875302e-05   1.26821561e+00   1.70690742e+00
 2.25000000e+00   0.00000000e+00   1.00000000e+00   1.80950814e-01  -5.36407739e-07   7.72699139e-01   1.19305093e-01
 2.26000000e+00   0.00000000e+00   1.00000000e+00   1.82370217e-01  -6.54246469e-05   1.25896137e+00   1.65778913e+00
 2.27000000e+00   0.00000000e+00   1.00000000e+00   1.83757779e-01  -9.05153061e-05   7.86639302e-01   1.56355914e-01
 2.28000000e+00   0.00000000e+00   1.00000000e+00   1.84979301e-01  -6.66877526e-05   1.26724899e+00   1.61122701e+00
 2.29000000e+00   0.00000000e+00   1.00000000e+00   1.85967025e-01  -2.28294296e-06   8.14059299e-01   1.95666140e-01
 2.30000000e+00   0.00000000e+00   1.00000000e+00   1.86739817e-01   8.32478313e-05   1.27070728e+00   1.57297342e+00
 2.31000000e+00   0.00000000e+00   1.00000000e+00   1.87353616e-01   1.59645520e-04   8.37358158e-01   2.37873375e-01
 2.32000000e+00   0.00000000e+00   1.00000000e+00   1.87856443e-01   2.02206845e-04   1.26375782e+00   1.54063695e+00
 2.33000000e+00   0.00000000e+00   1.00000000e+00   1.88271668e-01   1.96035843e-04   8.51458217e-01   2.74177592e-01
 2.34000000e+00   0.00000000e+00   1.00000000e+00   1.88625102e-01   1.45275880e-04   1.25448363e+00   1.50893428e+00
 2.35000000e+00   0.00000000e+00   1.00000000e+00   1.88949012e-01   6.53999539e-05   8.59882460e-01   3.01105980e-01
 2.36000000e+00   0.00000000e+00   1.00000000e+00   1.89256183e-01  -1.71056092e-05   1.24924460e+00   1.47819255e+00
 2.37000000e+00   0.00000000e+00   1.00000000e+00   1.89489431e-01  -7.61914107e-05   8.68095815e-01   3.20878506e-01
 2.38000000e+00   0.00000000e+00   1.00000000e+00   1.89521824e-01  -9.04548364e-05   1.25663335e+00   1.45038490e+00
 2.39000000e+00   0.00000000e+00   1.00000000e+00   1.89200083e-01  -5.60406210e-05   8.88768786e-01   3.40566774e-01
 2.40000000e+00   0.00000000e+00   1.00000000e+00   1.88422678e-01   1.59337090e-05   1.26555546e+00   1.42851316e+00
 2.41000000e+00   0.00000000e+00   1.00000000e+00   1.87182773e-01   1.00263395e-04   9.14108353e-01   3.68007186e-01
 2.42000000e+00   0.00000000e+00   1.00000000e+00   1.85574731e-01   1.70851452e-04   1.25341715e+00   1.41434180e+00
 2.43000000e+00   0.00000000e+00   1.00000000e+00   1.83745613e-01   2.04159387e-04   9.25147627e-01   4.01008746e-01
 2.44000000e+00   0.00000000e+00   1.00000000e+00   1.81833146e-01   1.90042815e-04   1.22262815e+00   1.40231907e+00
 2.45000000e+00   0.00000000e+00   1.00000000e+00   1.79910646e-01   1.31695246e-04   9.22566933e-01   4.29273584e-01
 2.46000000e+00   0.00000000e+00   1.00000000e+00   1.77982135e-01   4.96071852e-05   1.19335248e+00   1.38543257e+00
 2.47000000e+00   0.00000000e+00   1.00000000e+00   1.76011918e-01  -2.90169996e-05   9.22018599e-01   4.51349724e-01
 2.48000000e+00   0.00000000e+00   1.00000000e+00   1.73968109e-01  -7.71949401e-05   1.17348068e+00   1.36648740e+00
 2.49000000e+00   0.00000000e+00   1.00000000e+00   1.71825981e-01  -8.05030478e-05   9.27728306e-01   4.75053798e-01
 2.50000000e+00   0.00000000e+00   1.00000000e+00   1.69554477e-01  -3.71370064e-05   1.15830888e+00   1.35112579e+00
 2.51000000e+00   0.00000000e+00   1.00000000e+00   1.67109428e-01   3.86098525e-05   9.37116777e-01   5.03925614e-01
 2.52000000e+00   0.00000000e+00   1.00000000e+00   1.64472633e-01   1.23132197e-04   1.14196122e+00   1.34015377e+00
 2.53000000e+00   0.00000000e+00   1.00000000e+00   1.61693554e-01   1.87442719e-04   9.44241358e-01   5.36960177e-01
 2.54000000e+00   0.00000000e+00   1.00000000e+00   1.58896595e-01   2.10877278e-04   1.11504257e+00   1.33142963e+00
 2.55000000e+00   0.00000000e+00   1.00000000e+00   1.56225821e-01   1.85598596e-04   9.37894852e-01   5.66541699e-01
 2.56000000e+00   0.00000000e+00   1.00000000e+00   1.53774003e-01   1.21510911e-04   1.08488120e+00   1.31873785e+00
 2.57000000e+00   0.00000000e+00   1.00000000e+00   1.51534722e-01   3.91190137e-05   9.26822228e-01   5.84568905e-01
 2.58000000e+00   0.00000000e+00   1.00000000e+00   1.49410711e-01  -3.42150162e-05   1.07042971e+00   1.30039207e+00
 2.59000000e+00   0.00000000e+00   1.00000000e+00   1.47257972e-01  -7.48407985e-05   9.27810218e-01   5.96036956e-01
 2.60000000e+00   0.00000000e+00   1.00000000e+00   1.44950214e-01  -6.80106494e-05   1.07102852e+00   1.28413417e+00
 2.61000000e+00   0.00000000e+00   1.00000000e+00   1.42417022e-01  -1.63199248e-05   9.38703777e-01   6.12406770e-01
 2.62000000e+00   0.00000000e+00   1.00000000e+00   1.39651766e-01   6.33944744e-05   1.06973789e+00   1.27631258e+00
 2.63000000e+00   0.00000000e+00   1.00000000e+00   1.36682351e-01   1.43993356e-04   9.45610525e-01   6.35383738e-01
 2.64000000e+00   0.00000000e+00   1.00000000e+00   1.33545970e-01   2.00208001e-04   1.05787589e+00   1.27317045e+00
 2.65000000e+00   0.00000000e+00   1.00000000e+00   1.30283077e-01   2.13546144e-04   9.44324277e-01   6.58235731e-01
 2.66000000e+00   0.00000000e+00   1.00000000e+00   1.26951867e-01   1.80091376e-04   1.03808020e+00   1.26877851e+00
 2.67000000e+00   0.00000000e+00   1.00000000e+00   1.23620684e-01   1.10029279e-04   9.36325142e-01   6.76592764e-01
 2.68000000e+00   0.00000000e+00   1.00000000e+00   1.20331342e-01   2.75557484e-05   1.01631467e+00   1.26084972e+00
 2.69000000e+00   0.00000000e+00   1.00000000e+00   1.17053678e-01  -3.98417227e-05   9.27984249e-01   6.89956986e-01
 2.70000000e+00   0.00000000e+00   1.00000000e+00   1.13685513e-01  -6.92161529e-05   1.00334893e+00   1.25211196e+00
 2.71000000e+00   0.00000000e+00   1.00000000e+00   1.10104124e-01  -5.17305316e-05   9.30074277e-01   7.06083548e-01
 2.72000000e+00   0.00000000e+00   1.00000000e+00   1.06241838e-01   7.50160072e-06   9.95524365e-01   1.25072482e+00
 2.73000000e+00   0.00000000e+00   1.00000000e+00   1.02125805e-01   8.92331347e-05   9.34154060e-01   7.32531257e-01
 2.74000000e+00   0.00000000e+00   1.00000000e+00   9.78682561e-02   1.67642446e-04   9.76269253e-01   1.25805848e+00
 2.75000000e+00   0.00000000e+00   1.00000000e+00   9.36162939e-02   2.16315450e-04   9.25703915e-01   7.62978761e-01
 2.76000000e+00   0.00000000e+00   1.00000000e+00   8.94983924e-02   2.19675662e-04   9.45632420e-01   1.26462902e+00
 2.77000000e+00   0.00000000e+00   1.00000000e+00   8.55901044e-02   1.76867852e-04   9.08112174e-01   7.85224717e-01
 2.78000000e+00   0.00000000e+00   1.00000000e+00   8.19135294e-02   1.03311991e-04   9.17392294e-01   1.26318865e+00
 2.79000000e+00   0.00000000e+00   1.00000000e+00   7.84557660e-02   2.29664165e-05   8.93078093e-01   7.97305103e-01
 2.80000000e+00   0.00000000e+00   1.00000000e+00   7.51877624e-02  -3.74301901e-05   8.99327212e-01   1.25751544e+00
 2.81000000e+00   0.00000000e+00   1.00000000e+00   7.20635416e-02  -5.80925513e-05   8.84844519e-01   8.06153376e-01
 2.82000000e+00   0.00000000e+00   1.00000000e+00   6.90149007e-02  -3.11169763e-05   8.90599353e-01   1.25444214e+00
 2.83000000e+00   0.00000000e+00   1.00000000e+00   6.59641759e-02   3.44451387e-05   8.83438272e-01   8.17882870e-01
 2.84000000e+00   0.00000000e+00   1.00000000e+00   6.28674450e-02   1.17106952e-04   8.86188163e-01   1.25764716e+00
 2.85000000e+00   0.00000000e+00   1.00000000e+00   5.97539536e-02   1.89155448e-04   8.82721380e-01   8.33945392e-01
 2.86000000e+00   0.00000000e+00   1.00000000e+00   5.67259383e-02   2.27917879e-04   8.74989279e-01   1.26372882e+00
 2.87000000e+00   0.00000000e+00   1.00000000e+00   5.39038064e-02   2.20749768e-04   8.71937141e-01   8.45730935e-01
 2.88000000e+00   0.00000000e+00   1.00000000e+00   5.13558595e-02   1.70357976e-04   8.57684682e-01   1.26289710e+00
 2.89000000e+00   0.00000000e+00   1.00000000e+00   4.90593974e-02   9.27455731e-05   8.58009862e-01   8.45837640e-01
 2.90000000e+00   0.00000000e+00   1.00000000e+00   4.69161509e-02   1.42369090e-05   8.49358455e-01   1.25471304e+00
 2.91000000e+00   0.00000000e+00   1.00000000e+00   4.48001128e-02  -3.91483637e-05   8.54782214e-01   8.41777775e-01
 2.92000000e+00   0.00000000e+00   1.00000000e+00   4.26072486e-02  -4.93664852e-05   8.52132019e-01   1.24943685e+00
 2.93000000e+00   0.00000000e+00   1.00000000e+00   4.02795321e-02  -1.37787871e-05   8.59624630e-01   8.44947237e-01
 2.94000000e+00   0.00000000e+00   1.00000000e+00   3.78054951e-02   5.63375264e-05   8.54486108e-01   1.25340663e+00
 2.95000000e+00   0.00000000e+00   1.00000000e+00   3.52061854e-02   1.37972496e-04   8.62529001e-01   8.56720127e-01
 2.96000000e+00   0.00000000e+00   1.00000000e+00   3.25268624e-02   2.04866346e-04   8.49032698e-01   1.26294481e+00
 2.97000000e+00   0.00000000e+00   1.00000000e+00   2.98380787e-02   2.34417548e-04   8.59035417e-01   8.70457123e-01
 2.98000000e+00   0.00000000e+00   1.00000000e+00   2.72364164e-02   2.17270763e-04   8.35329460e-01   1.27073660e+00
 2.99000000e+00   0.00000000e+00   1.00000000e+00   2.48227007e-02   1.59211543e-04   8.48184710e-01   8.78600721e-01
 3.00000000e+00   0.00000000e+00   1.00000000e+00   2.26583044e-02   8.04009539e-05   8.18082315e-01   1.27126290e+00
 3.01000000e+00   0.00000000e+00   1.00000000e+00   2.07266074e-02   6.53285945e-06   8.36157159e-01   8.78508236e-01
 3.02000000e+00   0.00000000e+00   1.00000000e+00   1.89388192e-02  -3.78223352e-05   8.08881708e-01   1.26792632e+00
 3.03000000e+00   0.00000000e+00   1.00000000e+00   1.71874633e-02  -3.82869180e-05   8.34364658e-01   8.79162925e-01
 3.04000000e+00   0.00000000e+00   1.00000000e+00   1.54145584e-02   6.09926727e-06   8.08576090e-01   1.27096025e+00
 3.05000000e+00   0.00000000e+00   1.00000000e+00   1.36452511e-02   8.04844409e-05   8.37046520e-01   8.87852613e-01
 3.06000000e+00   0.00000000e+00   1.00000000e+00   1.19720956e-02   1.60554789e-04   8.03087271e-01   1.28056471e+00
 3.07000000e+00   0.00000000e+00   1.00000000e+00   1.05082571e-02   2.19469608e-04   8.31023073e-01   8.97485311e-01
 3.08000000e+00   0.00000000e+00   1.00000000e+00   9.34510769e-03   2.38550457e-04   7.89283337e-01   1.28668100e+00
 3.09000000e+00   0.00000000e+00   1.00000000e+00   8.53334522e-03   2.11389627e-04   8.18010371e-01   8.97702199e-01
 3.10000000e+00   0.00000000e+00   1.00000000e+00   8.08521815e-03   1.47184330e-04   7.76472716e-01   1.28299613e+00
 3.11000000e+00   0.00000000e+00   1.00000000e+00   7.98148262e-03   6.65527501e-05   8.06347069e-01   8.87214966e-01
 3.12000000e+00   0.00000000e+00   1.00000000e+00   8.17352116e-03  -3.46232710e-06   7.71572815e-01   1.27278700e+00
 3.13000000e+00   0.00000000e+00   1.00000000e+00   8.57971498e-03  -4.00725383e-05   8.01260015e-01   8.73175631e-01
 3.14000000e+00   0.00000000e+00   1.00000000e+00   9.09172045e-03  -3.09761501e-05   7.76797945e-01   1.26407446e+00
 3.15000000e+00   0.00000000e+00   1.00000000e+00   9.60164530e-03   2.00084854e-05   8.05324245e-01   8.64207553e-01
 3.16000000e+00   0.00000000e+00   1.00000000e+00   1.00483607e-02   9.62560979e-05   7.87440753e-01   1.26237872e+00
 3.17000000e+00   0.00000000e+00   1.00000000e+00   1.04508954e-02   1.72328181e-04   8.11586637e-01   8.62799248e-01
 3.18000000e+00   0.00000000e+00   1.00000000e+00   1.09001702e-02   2.23612887e-04   7.90731840e-01   1.26422011e+00
 3.19000000e+00   0.00000000e+00   1.00000000e+00   1.15046562e-02   2.32486866e-04   8.07998802e-01   8.60721052e-01
 3.20000000e+00   0.00000000e+00   1.00000000e+00   1.23268249e-02   1.96165916e-04   7.85533607e-01   1.25996602e+00
 3.21000000e+00   0.00000000e+00   1.00000000e+00   1.33521006e-02   1.26296759e-04   7.99947118e-01   8.50887258e-01
 3.22000000e+00   0.00000000e+00   1.00000000e+00   1.45062355e-02   4.64376171e-05   7.85594720e-01   1.24883682e+00
 3.23000000e+00   0.00000000e+00   1.00000000e+00   1.56976140e-02  -1.77383731e-05   7.99926229e-01   8.39075795e-01
 3.24000000e+00   0.00000000e+00   1.00000000e+00   1.68538734e-02  -4.50146268e-05   7.93923024e-01   1.23948679e+00
 3.25000000e+00   0.00000000e+00   1.00000000e+00   1.79348356e-02  -2.68644679e-05   8.06350959e-01   8.34103408e-01
 3.26000000e+00   0.00000000e+00   1.00000000e+00   1.89311845e-02   3.12133736e-05   8.02304171e-01   1.23734475e+00
 3.27000000e+00   0.00000000e+00   1.00000000e+00   1.98613981e-02   1.09544552e-04   8.12047827e-01   8.37290840e-01
 3.28000000e+00   0.00000000e+00   1.00000000e+00   2.07767966e-02   1.82413889e-04   8.04553676e-01   1.23995184e+00
 3.29000000e+00   0.00000000e+00   1.00000000e+00   2.17653676e-02   2.25255721e-04   8.11575708e-01   8.42695690e-01
 3.30000000e+00   0.00000000e+00   1.00000000e+00   2.29414613e-02   2.24511977e-04   7.98211657e-01   1.24002276e+00
 3.31000000e+00   0.00000000e+00   1.00000000e+00   2.44117432e-02   1.80122255e-04   8.02216872e-01   8.41993726e-01
 3.32000000e+00   0.00000000e+00   1.00000000e+00   2.62295442e-02   1.06892413e-04   7.88847073e-01   1.23160898e+00
 3.33000000e+00   0.00000000e+00   1.00000000e+00   2.83648707e-02   2.82906452e-05   7.91987673e-01   8.32642223e-01
 3.34000000e+00   0.00000000e+00   1.00000000e+00   3.07176375e-02  -2.94365747e-05   7.89668331e-01   1.21788517e+00
 3.35000000e+00   0.00000000e+00   1.00000000e+00   3.31704114e-02  -4.76860663e-05   7.93106365e-01   8.22845057e-01
 3.36000000e+00   0.00000000e+00   1.00000000e+00   3.56488472e-02  -2.03527016e-05   8.01410504e-01   1.20791643e+00
 3.37000000e+00   0.00000000e+00   1.00000000e+00   3.81481038e-02   4.27814581e-05   8.00163312e-01   8.19666134e-01
 3.38000000e+00   0.00000000e+00   1.00000000e+00   4.07172411e-02   1.21076179e-04   8.10658308e-01   1.20298600e+00
 3.39000000e+00   0.00000000e+00   1.00000000e+00   4.34204213e-02   1.88211072e-04   8.01574385e-01   8.19066866e-01
 3.40000000e+00   0.00000000e+00   1.00000000e+00   4.63077554e-02   2.22162770e-04   8.14161646e-01   1.19618907e+00
 3.41000000e+00   0.00000000e+00   1.00000000e+00   4.94052437e-02   2.10949051e-04   7.98549251e-01   8.13737292e-01
 3.42000000e+00   0.00000000e+00   1.00000000e+00   5.27164861e-02   1.58391826e-04   8.18419769e-01   1.18256425e+00
 3.43000000e+00   0.00000000e+00   1.00000000e+00   5.62191601e-02   8.13357763e-05   7.97114815e-01   8.02233950e-01
 3.44000000e+00   0.00000000e+00   1.00000000e+00   5.98562696e-02   5.30247376e-06   8.29396670e-01   1.16431174e+00
 3.45000000e+00   0.00000000e+00   1.00000000e+00   6.35305113e-02  -4.54158235e-05   8.03420700e-01   7.90032092e-01
 3.46000000e+00   0.00000000e+00   1.00000000e+00   6.71201226e-02  -5.41295984e-05   8.50187656e-01   1.14802436e+00
 3.47000000e+00   0.00000000e+00   1.00000000e+00   7.05159296e-02  -1.85825496e-05   8.19666750e-01   7.84095711e-01
 3.48000000e+00   0.00000000e+00   1.00000000e+00   7.36679230e-02   4.96410043e-05   8.73319569e-01   1.13835536e+00
 3.49000000e+00   0.00000000e+00   1.00000000e+00   7.66092197e-02   1.27300649e-04   8.35355778e-01   7.86370553e-01
 3.50000000e+00   0.00000000e+00   1.00000000e+00   7.94404127e-02   1.88784765e-04   8.84911351e-01   1.13323071e+00
 3.51000000e+00   0.00000000e+00   1.00000000e+00   8.22765521e-02   2.13360826e-04   8.39318439e-01   7.90550744e-01
 3.52000000e+00   0.00000000e+00   1.00000000e+00   8.51927478e-02   1.93211417e-04   8.86067314e-01   1.12511968e+00
 3.53000000e+00   0.00000000e+00   1.00000000e+00   8.81991657e-02   1.34434259e-04   8.38363981e-01   7.89777459e-01
 3.54000000e+00   0.00000000e+00   1.00000000e+00   9.12568670e-02   5.65388271e-05   8.90221485e-01   1.11171719e+00
 3.55000000e+00   0.00000000e+00   1.00000000e+00   9.43099422e-02  -1.51235851e-05   8.43535011e-01   7.86564755e-01
 3.56000000e+00   0.00000000e+00   1.00000000e+00   9.73103945e-02  -5.67206619e-05   9.01050488e-01   1.09864658e+00
 3.57000000e+00   0.00000000e+00   1.00000000e+00   1.00224069e-01  -5.51525467e-05   8.54305069e-01   7.87314931e-01
 3.58000000e+00   0.00000000e+00   1.00000000e+00   1.03032379e-01  -1.09638240e-05   9.13496078e-01   1.09049214e+00
 3.59000000e+00   0.00000000e+00   1.00000000e+00   1.05739250e-01   6.07388512e-05   8.65519951e-01   7.93644167e-01
 3.60000000e+00   0.00000000e+00   1.00000000e+00   1.08385849e-01   1.36531747e-04   9.21524352e-01   1.08594247e+00
 3.61000000e+00   0.00000000e+00   1.00000000e+00   1.11054717e-01   1.91095094e-04   8.70774965e-01   8.01589948e-01
 3.62000000e+00   0.00000000e+00   1.00000000e+00   1.13852216e-01   2.06473660e-04   9.21442264e-01   1.07977005e+00
 3.63000000e+00   0.00000000e+00   1.00000000e+00   1.16866852e-01   1.77077162e-04   8.68642388e-01   8.04991280e-01
 3.64000000e+00   0.00000000e+00   1.00000000e+00   1.20125557e-01   1.12751712e-04   9.20882983e-01   1.06736523e+00
 3.65000000e+00   0.00000000e+00   1.00000000e+00   1.23572608e-01   3.43403733e-05   8.70577208e-01   8.01702228e-01
 3.66000000e+00   0.00000000e+00   1.00000000e+00   1.27090357e-01  -3.23240191e-05   9.33051104e-01   1.05062231e+00
 3.67000000e+00   0.00000000e+00   1.00000000e+00   1.30549059e-01  -6.58336354e-05   8.86462775e-01   7.97532950e-01
 3.68000000e+00   0.00000000e+00   1.00000000e+00   1.33858378e-01  -5.51067704e-05   9.55925104e-01   1.03666812e+00
 3.69000000e+00   0.00000000e+00   1.00000000e+00   1.36987508e-01  -4.06639173e-06   9.08057528e-01   7.98807896e-01
 3.70000000e+00   0.00000000e+00   1.00000000e+00   1.39953196e-01   7.04231577e-05   9.75677305e-01   1.02827241e+00
 3.71000000e+00   0.00000000e+00   1.00000000e+00   1.42791134e-01   1.43188932e-04   9.24045275e-01   8.03891543e-01
 3.72000000e+00   0.00000000e+00   1.00000000e+00   1.45537587e-01   1.90157571e-04   9.87519769e-01   1.02104091e+00
 3.73000000e+00   0.00000000e+00   1.00000000e+00   1.48223512e-01   1.95578417e-04   9.33850831e-01   8.07115989e-01
 3.74000000e+00   0.00000000e+00   1.00000000e+00   1.50871671e-01   1.57824861e-04   9.95086078e-01   1.01083299e+00
 3.75000000e+00   0.00000000e+00   1.00000000e+00   1.53483118e-01   8.89096259e-05   9.42021330e-01   8.06489188e-01
 3.76000000e+00   0.00000000e+00   1.00000000e+00   1.56020589e-01   1.14977021e-05   1.00498309e+00   9.98405721e-01
 3.77000000e+00   0.00000000e+00   1.00000000e+00   1.58402875e-01  -4.91462617e-05   9.55822046e-01   8.04834346e-01
 3.78000000e+00   0.00000000e+00   1.00000000e+00   1.60526773e-01  -7.28904947e-05   1.02208837e+00   9.87856712e-01
 3.79000000e+00   0.00000000e+00   1.00000000e+00   1.62309053e-01  -5.22627964e-05   9.76044941e-01   8.07124507e-01
 3.80000000e+00   0.00000000e+00   1.00000000e+00   1.63729837e-01   5.83370787e-06   1.03822131e+00   9.83358414e-01
 3.81000000e+00   0.00000000e+00   1.00000000e+00   1.64847900e-01   8.19284288e-05   9.89933196e-01   8.15813889e-01
 3.82000000e+00   0.00000000e+00   1.00000000e+00   1.65778873e-01   1.51114289e-04   1.04048035e+00   9.84144847e-01
 3.83000000e+00   0.00000000e+00   1.00000000e+00   1.66646191e-01   1.90460419e-04   9.89589316e-01   8.26243084e-01
 3.84000000e+00   0.00000000e+00   1.00000000e+00   1.67535877e-01   1.87099910e-04   1.03223545e+00   9.83435584e-01
 3.85000000e+00   0.00000000e+00   1.00000000e+00   1.68477600e-01   1.41988559e-04   9.84502801e-01   8.31663914e-01
 3.86000000e+00   0.00000000e+00   1.00000000e+00   1.69456306e-01   7.02691602e-05   1.02693363e+00   9.77715948e-01
 3.87000000e+00   0.00000000e+00   1.00000000e+00   1.70434232e-01  -4.44232562e-06   9.85502522e-01   8.32975223e-01
 3.88000000e+00   0.00000000e+00   1.00000000e+00   1.71366385e-01  -5.74364477e-05   1.02976963e+00   9.71024228e-01
 3.89000000e+00   0.00000000e+00   1.00000000e+00   1.72204767e-01  -7.15487612e-05   9.93629198e-01   8.35541919e-01
 3.90000000e+00   0.00000000e+00   1.00000000e+00   1.72905804e-01  -4.21049112e-05   1.03785918e+00   9.67642597e-01
 3.91000000e+00   0.00000000e+00   1.00000000e+00   1.73447243e-01   2.10714959e-05   1.00417568e+00   8.41744341e-01
 3.92000000e+00   0.00000000e+00   1.00000000e+00   1.73849010e-01   9.72202555e-05   1.04370429e+00   9.67664863e-01
 3.93000000e+00   0.00000000e+00   1.00000000e+00   1.74177183e-01   1.60994084e-04   1.00865614e+00   8.49596638e-01
 3.94000000e+00   0.00000000e+00   1.00000000e+00   1.74521026e-01   1.91427099e-04   1.04118056e+00   9.67475262e-01
 3.95000000e+00   0.00000000e+00   1.00000000e+00   1.74948708e-01   1.78447686e-04   1.00583834e+00   8.53964030e-01
 3.96000000e+00   0.00000000e+00   1.00000000e+00   1.75467431e-01   1.26509587e-04   1.03756838e+00   9.62489268e-01
 3.97000000e+00   0.00000000e+00   1.00000000e+00   1.76010721e-01   5.26563633e-05   1.00765831e+00   8.52224276e-01
 3.98000000e+00   0.00000000e+00   1.00000000e+00   1.76462747e-01  -1.86704247e-05   1.04479624e+00   9.53824512e-01
 3.99000000e+00   0.00000000e+00   1.00000000e+00   1.76703628e-01  -6.40186253e-05   1.02095230e+00   8.49547159e-01
 4.00000000e+00   0.00000000e+00   1.00000000e+00   1.76650771e-01  -6.83599730e-05   1.05972867e+00   9.48451967e-01
 4.01000000e+00   0.00000000e+00   1.00000000e+00   1.76274129e-01  -3.04697507e-05   1.03611247e+00   8.52460819e-01
 4.02000000e+00   0.00000000e+00   1.00000000e+00   1.75587556e-01   3.71145806e-05   1.06937334e+00   9.49682693e-01
 4.03000000e+00   0.00000000e+00   1.00000000e+00   1.74630618e-01   1.12000116e-04   1.04248885e+00   8.60392874e-01
 4.04000000e+00   0.00000000e+00   1.00000000e+00   1.73457643e-01   1.69725062e-04   1.06807018e+00   9.53810623e-01
 4.05000000e+00   0.00000000e+00   1.00000000e+00   1.72131973e-01   1.91310879e-04   1.03860814e+00   8.68346917e-01
 4.06000000e+00   0.00000000e+00   1.00000000e+00   1.70715816e-01   1.69826388e-04   1.05836191e+00   9.56288777e-01
 4.07000000e+00   0.00000000e+00   1.00000000e+00   1.69248286e-01   1.12422742e-04   1.02952207e+00   8.73175618e-01
 4.08000000e+00   0.00000000e+00   1.00000000e+00   1.67723273e-01   3.83417149e-05   1.04854060e+00   9.55899125e-01
 4.09000000e+00   0.00000000e+00   1.00000000e+00   1.66085410e-01  -2.78382782e-05   1.02479211e+00   8.76203480e-01
 4.10000000e+00   0.00000000e+00   1.00000000e+00   1.64255735e-01  -6.41089350e-05   1.04589249e+00   9.56189971e-01
 4.11000000e+00   0.00000000e+00   1.00000000e+00   1.62175543e-01  -5.85100233e-05   1.02608699e+00   8.82752380e-01
 4.12000000e+00   0.00000000e+00   1.00000000e+00   1.59844768e-01  -1.26745094e-05   1.04386380e+00   9.62216934e-01
 4.13000000e+00   0.00000000e+00   1.00000000e+00   1.57330872e-01   5.84063568e-05   1.02221463e+00   8.95730760e-01
 4.14000000e+00   0.00000000e+00   1.00000000e+00   1.54744743e-01   1.31508390e-04   1.03168766e+00   9.72817735e-01
 4.15000000e+00   0.00000000e+00   1.00000000e+00   1.52198076e-01   1.82578904e-04   1.00754951e+00   9.09502083e-01
 4.16000000e+00   0.00000000e+00   1.00000000e+00   1.49767705e-01   1.95033601e-04   1.01232842e+00   9.80239923e-01
 4.17000000e+00   0.00000000e+00   1.00000000e+00   1.47482040e-01   1.64995774e-04   9.90665914e-01   9.16913322e-01
 4.18000000e+00   0.00000000e+00   1.00000000e+00   1.45328482e-01   1.02733195e-04   9.96865190e-01   9.80952814e-01
 4.19000000e+00   0.00000000e+00   1.00000000e+00   1.43266474e-01   2.89580137e-05   9.80689628e-01   9.18720808e-01
 4.20000000e+00   0.00000000e+00   1.00000000e+00   1.41236162e-01  -3.17877549e-05   9.90535507e-01   9.79107771e-01
 4.21000000e+00   0.00000000e+00   1.00000000e+00   1.39164516e-01  -5.93788157e-05   9.79445549e-01   9.20640944e-01
 4.22000000e+00   0.00000000e+00   1.00000000e+00   1.36979855e-01  -4.45258658e-05   9.91528417e-01   9.80135867e-01
 4.23000000e+00   0.00000000e+00   1.00000000e+00   1.34636839e-01   7.87240594e-06   9.82239570e-01   9.26808670e-01
 4.24000000e+00   0.00000000e+00   1.00000000e+00   1.32140321e-01   8.06215953e-05   9.91532906e-01   9.85914812e-01
 4.25000000e+00   0.00000000e+00   1.00000000e+00   1.29547632e-01   1.49816244e-04   9.79244366e-01   9.36299671e-01
 4.26000000e+00   0.00000000e+00   1.00000000e+00   1.26941798e-01   1.92939594e-04   9.82698590e-01   9.92499890e-01
 4.27000000e+00   0.00000000e+00   1.00000000e+00   1.24387195e-01   1.95943109e-04   9.68165357e-01   9.43048335e-01
 4.28000000e+00   0.00000000e+00   1.00000000e+00   1.21893826e-01   1.58048888e-04   9.70465950e-01   9.94112531e-01
 4.29000000e+00   0.00000000e+00   1.00000000e+00   1.19410242e-01   9.18900363e-05   9.59232449e-01   9.44229360e-01
 4.30000000e+00   0.00000000e+00   1.00000000e+00   1.16847669e-01   1.95744662e-05   9.65180214e-01   9.92509608e-01
 4.31000000e+00   0.00000000e+00   1.00000000e+00   1.14118275e-01  -3.48628478e-05   9.58222382e-01   9.45886732e-01
 4.32000000e+00   0.00000000e+00   1.00000000e+00   1.11166307e-01  -5.32484843e-05   9.65146500e-01   9.95375650e-01
 4.33000000e+00   0.00000000e+00   1.00000000e+00   1.07979179e-01  -2.94252746e-05   9.58154858e-01   9.54577766e-01
 4.34000000e+00   0.00000000e+00   1.00000000e+00   1.04582579e-01   2.89669194e-05   9.61112496e-01   1.00576721e+00
 4.35000000e+00   0.00000000e+00   1.00000000e+00   1.01031110e-01   1.02881355e-04   9.51167849e-01   9.69302761e-01
 4.36000000e+00   0.00000000e+00   1.00000000e+00   9.74022682e-02   1.68272823e-04   9.48440007e-01   1.01950791e+00
 4.37000000e+00   0.00000000e+00   1.00000000e+00   9.37888365e-02   2.03794238e-04   9.35639563e-01   9.84040869e-01
 4.38000000e+00   0.00000000e+00   1.00000000e+00   9.02811267e-02   1.98045088e-04   9.28755181e-01   1.03018602e+00
 4.39000000e+00   0.00000000e+00   1.00000000e+00   8.69387626e-02   1.53302828e-04   9.16048530e-01   9.93197725e-01
 4.40000000e+00   0.00000000e+00   1.00000000e+00   8.37668749e-02   8.48136132e-05   9.10031474e-01   1.03470073e+00
 4.41000000e+00   0.00000000e+00   1.00000000e+00   8.07151364e-02   1.54568986e-05   9.02058913e-01   9.97450817e-01
 4.42000000e+00   0.00000000e+00   1.00000000e+00   7.77063427e-02  -3.16597261e-05   9.00394051e-01   1.03772508e+00
 4.43000000e+00   0.00000000e+00   1.00000000e+00   7.46800868e-02  -4.08775273e-05   8.96739416e-01   1.00386107e+00
 4.44000000e+00   0.00000000e+00   1.00000000e+00   7.16267134e-02  -8.87704014e-06   8.95611975e-01   1.04561281e+00
 4.45000000e+00   0.00000000e+00   1.00000000e+00   6.85925032e-02   5.39863186e-05   8.90910350e-01   1.01521234e+00
 4.46000000e+00   0.00000000e+00   1.00000000e+00   6.56570212e-02   1.27191015e-04   8.85872215e-01   1.05631023e+00
 4.47000000e+00   0.00000000e+00   1.00000000e+00   6.28988444e-02   1.86722400e-04   8.78574639e-01   1.02533138e+00
 4.48000000e+00   0.00000000e+00   1.00000000e+00   6.03692451e-02   2.13200735e-04   8.71438251e-01   1.06217463e+00
 4.49000000e+00   0.00000000e+00   1.00000000e+00   5.80824585e-02   1.98073465e-04   8.64819771e-01   1.02792492e+00
 4.50000000e+00   0.00000000e+00   1.00000000e+00   5.60184549e-02   1.46523417e-04   8.59708086e-01   1.06039797e+00
 4.51000000e+00   0.00000000e+00   1.00000000e+00   5.41281879e-02   7.56375108e-05   8.56491636e-01   1.02429080e+00
 4.52000000e+00   0.00000000e+00   1.00000000e+00   5.23377821e-02   8.95454953e-06   8.55503454e-01   1.05552237e+00
 4.53000000e+00   0.00000000e+00   1.00000000e+00   5.05571977e-02  -3.14482122e-05   8.56237367e-01   1.02096901e+00
 4.54000000e+00   0.00000000e+00   1.00000000e+00   4.87011892e-02  -3.21362728e-05   8.58551894e-01   1.05441832e+00
 4.55000000e+00   0.00000000e+00   1.00000000e+00   4.67192838e-02   7.07046379e-06   8.60551332e-01   1.02378270e+00
 4.56000000e+00   0.00000000e+00   1.00000000e+00   4.46192738e-02   7.32703081e-05   8.61294515e-01   1.06006142e+00
 4.57000000e+00   0.00000000e+00   1.00000000e+00   4.24659575e-02   1.44713442e-04   8.59687961e-01   1.03177405e+00
 4.58000000e+00   0.00000000e+00   1.00000000e+00   4.03513543e-02   1.98058749e-04   8.55273087e-01   1.06739390e+00
 4.59000000e+00   0.00000000e+00   1.00000000e+00   3.83515641e-02   2.15902443e-04   8.50161057e-01   1.03745805e+00
 4.60000000e+00   0.00000000e+00   1.00000000e+00   3.64949196e-02   1.92567254e-04   8.44156990e-01   1.06953735e+00
 4.61000000e+00   0.00000000e+00   1.00000000e+00   3.47575731e-02   1.35864590e-04   8.40644072e-01   1.03741330e+00
 4.62000000e+00   0.00000000e+00   1.00000000e+00   3.30844687e-02   6.46697532e-05   8.37635777e-01   1.06797794e+00
 4.63000000e+00   0.00000000e+00   1.00000000e+00   3.14192423e-02   2.58527770e-06   8.37531507e-01   1.03706715e+00
 4.64000000e+00   0.00000000e+00   1.00000000e+00   2.97265831e-02  -2.97256772e-05   8.36509076e-01   1.06955259e+00
 4.65000000e+00   0.00000000e+00   1.00000000e+00   2.80007710e-02  -2.14832553e-05   8.37150321e-01   1.04201881e+00
 4.66000000e+00   0.00000000e+00   1.00000000e+00   2.62656535e-02   2.47658125e-05   8.34791857e-01   1.07682502e+00
 4.67000000e+00   0.00000000e+00   1.00000000e+00   2.45731175e-02   9.38709089e-05   8.33558436e-01   1.05127722e+00
 4.68000000e+00   0.00000000e+00   1.00000000e+00   2.30008148e-02   1.63182616e-04   8.27775057e-01   1.08576754e+00
 4.69000000e+00   0.00000000e+00   1.00000000e+00   2.16421698e-02   2.09948586e-04   8.23572571e-01   1.05861639e+00
 4.70000000e+00   0.00000000e+00   1.00000000e+00   2.05831280e-02   2.18915453e-04   8.14756070e-01   1.08927239e+00
 4.71000000e+00   0.00000000e+00   1.00000000e+00   1.98709448e-02   1.87170518e-04   8.09744502e-01   1.05778881e+00
 4.72000000e+00   0.00000000e+00   1.00000000e+00   1.94920065e-02   1.25209285e-04   8.02598751e-01   1.08414255e+00
 4.73000000e+00   0.00000000e+00   1.00000000e+00   1.93751730e-02   5.34234339e-05   8.01690671e-01   1.05014622e+00
 4.74000000e+00   0.00000000e+00   1.00000000e+00   1.94227245e-02  -4.46567042e-06   8.00185664e-01   1.07608339e+00
 4.75000000e+00   0.00000000e+00   1.00000000e+00   1.95524180e-02  -2.94447153e-05   8.03601670e-01   1.04370279e+00
 4.76000000e+00   0.00000000e+00   1.00000000e+00   1.97274635e-02  -1.33324350e-05   8.04497142e-01   1.07213129e+00
 4.77000000e+00   0.00000000e+00   1.00000000e+00   1.99601609e-02   3.83784132e-05   8.07186892e-01   1.04197902e+00
 4.78000000e+00   0.00000000e+00   1.00000000e+00   2.02932452e-02   1.08541524e-04   8.05893107e-01   1.07132712e+00
 4.79000000e+00   0.00000000e+00   1.00000000e+00   2.07740032e-02   1.73890835e-04   8.05731139e-01   1.04049731e+00
 4.80000000e+00   0.00000000e+00   1.00000000e+00   2.14354032e-02   2.12792141e-04   8.02730311e-01   1.06778080e+00
 4.81000000e+00   0.00000000e+00   1.00000000e+00   2.22877064e-02   2.12284570e-04   8.01789414e-01   1.03417001e+00
 4.82000000e+00   0.00000000e+00   1.00000000e+00   2.33156297e-02   1.72441189e-04   7.99990606e-01   1.05883652e+00
 4.83000000e+00   0.00000000e+00   1.00000000e+00   2.44761613e-02   1.06307259e-04   8.00825374e-01   1.02346435e+00
 4.84000000e+00   0.00000000e+00   1.00000000e+00   2.56991925e-02   3.56607529e-05   8.02627523e-01   1.04786377e+00
 4.85000000e+00   0.00000000e+00   1.00000000e+00   2.68983655e-02  -1.63799321e-05   8.06607625e-01   1.01393976e+00
 4.86000000e+00   0.00000000e+00   1.00000000e+00   2.79962529e-02  -3.28088363e-05   8.11669809e-01   1.04113288e+00
 4.87000000e+00   0.00000000e+00   1.00000000e+00   2.89558465e-02  -8.38356990e-06   8.16351100e-01   1.01101660e+00
 4.88000000e+00   0.00000000e+00   1.00000000e+00   2.98011823e-02   4.87528326e-05   8.19768704e-01   1.04135149e+00
 4.89000000e+00   0.00000000e+00   1.00000000e+00   3.06117997e-02   1.19612825e-04   8.20290059e-01   1.01353360e+00
 4.90000000e+00   0.00000000e+00   1.00000000e+00   3.14912857e-02   1.80752825e-04   8.18559901e-01   1.04354219e+00
 4.91000000e+00   0.00000000e+00   1.00000000e+00   3.25265693e-02   2.11909644e-04   8.15056401e-01   1.01418923e+00
 4.92000000e+00   0.00000000e+00   1.00000000e+00   3.37600458e-02   2.02817410e-04   8.11657959e-01   1.04088091e+00
 4.93000000e+00   0.00000000e+00   1.00000000e+00   3.51861797e-02   1.56426174e-04   8.09034659e-01   1.00905604e+00
 4.94000000e+00   0.00000000e+00   1.00000000e+00   3.67680021e-02   8.80039023e-05   8.08568665e-01   1.03359794e+00
 4.95000000e+00   0.00000000e+00   1.00000000e+00   3.84591618e-02   2.00007604e-05   8.09006409e-01   1.00186304e+00
 4.96000000e+00   0.00000000e+00   1.00000000e+00   4.02203117e-02  -2.52315254e-05   8.11514782e-01   1.02704581e+00
 4.97000000e+00   0.00000000e+00   1.00000000e+00   4.20278929e-02  -3.29396956e-05   8.13388131e-01   9.97536176e-01
 4.98000000e+00   0.00000000e+00   1.00000000e+00   4.38802063e-02  -7.53221087e-07   8.16453460e-01   1.02420289e+00
 4.99000000e+00   0.00000000e+00   1.00000000e+00   4.58030788e-02   6.04462048e-05   8.17188861e-01   9.96393892e-01
 5.00000000e+00   0.00000000e+00   1.00000000e+00   4.78508366e-02   1.30293688e-04   8.18282712e-01   1.02272398e+00