  Time  Coordinate0  Coordinate1  Displacement0  Displacement1  Force0  Force1
 0.00000000e+00   0.00000000e+00   1.00000000e+00   0.00000000e+00   0.00000000e+00   0.00000000e+00   0.00000000e+00
 1.00000000e-02   0.00000000e+00   1.00000000e+00   3.22220447e-04  -2.38662386e-06   6.01715662e-01  -4.84323941e+00
 2.00000000e-02   0.00000000e+00   1.00000000e+00   1.18194188e-03   4.46920406e-05   2.73085412e+00   8.38043760e+00
 3.00000000e-02   0.00000000e+00   1.00000000e+00   2.34373703e-03   1.23894912e-04   6.82644370e-01   4.14662100e-01
 4.00000000e-02   0.00000000e+00   1.00000000e+00   3.65173699e-03   1.92183324e-04   1.19878124e+00   2.83559363e+00
 5.00000000e-02   0.00000000e+00   1.00000000e+00   5.06764239e-03   2.47729739e-04   9.55641592e-01   1.67190277e+00
 6.00000000e-02   0.00000000e+00   1.00000000e+00   6.52699667e-03   2.81647307e-04   9.79190279e-01   1.96416743e+00
 7.00000000e-02   0.00000000e+00   1.00000000e+00   8.01795716e-03   2.70091148e-04   9.36534595e-01   1.74028896e+00
 8.00000000e-02   0.00000000e+00   1.00000000e+00   9.68661533e-03   2.04694290e-04   9.11915730e-01   1.74820086e+00
 9.00000000e-02   0.00000000e+00   1.00000000e+00   1.18747726e-02   9.89186740e-05   8.84345058e-01   1.66677440e+00
 1.00000000e-01   0.00000000e+00   1.00000000e+00   1.48416214e-02   1.62623874e-06   8.57806651e-01   1.62861024e+00
 1.10000000e-01   0.00000000e+00   1.00000000e+00   1.84243313e-02  -4.26574698e-05   8.45016262e-01   1.56989313e+00
 1.20000000e-01   0.00000000e+00   1.00000000e+00   2.21856123e-02  -3.43420153e-05   8.46754291e-01   1.53061947e+00
 1.30000000e-01   0.00000000e+00   1.00000000e+00   2.59291146e-02   4.00145313e-06   8.51992022e-01   1.49546786e+00
 1.40000000e-01   0.00000000e+00   1.00000000e+00   2.97769524e-02   6.72991170e-05   8.51872177e-01   1.46724153e+00
 1.50000000e-01   0.00000000e+00   1.00000000e+00   3.37310427e-02   1.59994730e-04   8.53184192e-01   1.44073794e+00
 1.60000000e-01   0.00000000e+00   1.00000000e+00   3.75797214e-02   2.42455323e-04   8.60597975e-01   1.41957908e+00
 1.70000000e-01   0.00000000e+00   1.00000000e+00   4.12496897e-02   2.59709631e-04   8.67109803e-01   1.40381487e+00
 1.80000000e-01   0.00000000e+00   1.00000000e+00   4.48575107e-02   2.11479501e-04   8.68246590e-01   1.38859513e+00
 1.90000000e-01   0.00000000e+00   1.00000000e+00   4.84926044e-02   1.37448225e-04   8.67733044e-01   1.37157198e+00
 2.00000000e-01   0.00000000e+00   1.00000000e+00   5.22194650e-02   5.87357611e-05   8.66989449e-01   1.35305770e+00
 2.10000000e-01   0.00000000e+00   1.00000000e+00   5.61176395e-02  -1.87319061e-05   8.65899002e-01   1.33422013e+00
 2.20000000e-01   0.00000000e+00   1.00000000e+00   6.02012228e-02  -7.13836427e-05   8.67087970e-01   1.31587301e+00
 2.30000000e-01   0.00000000e+00   1.00000000e+00   6.44176270e-02  -7.06414015e-05   8.70983562e-01   1.29746396e+00
 2.40000000e-01   0.00000000e+00   1.00000000e+00   6.86245155e-02  -8.83370754e-06   8.78056093e-01   1.27931567e+00
 2.50000000e-01   0.00000000e+00   1.00000000e+00   7.25365820e-02   8.75146207e-05   8.90709273e-01   1.26424273e+00
 2.60000000e-01   0.00000000e+00   1.00000000e+00   7.59453207e-02   1.70431795e-04   9.04516952e-01   1.25526251e+00
 2.70000000e-01   0.00000000e+00   1.00000000e+00   7.89858302e-02   2.14313624e-04   9.09862577e-01   1.25022687e+00
 2.80000000e-01   0.00000000e+00   1.00000000e+00   8.19950503e-02   2.25174557e-04   9.05372786e-01   1.24447634e+00
 2.90000000e-01   0.00000000e+00   1.00000000e+00   8.51710233e-02   1.98767639e-04   8.98557803e-01   1.23620066e+00
 3.00000000e-01   0.00000000e+00   1.00000000e+00   8.84869204e-02   1.21562366e-04   8.95399522e-01   1.22654798e+00
 3.10000000e-01   0.00000000e+00   1.00000000e+00   9.18921123e-02   1.80985079e-05   8.94775085e-01   1.21613139e+00
 3.20000000e-01   0.00000000e+00   1.00000000e+00   9.54864563e-02  -5.86872407e-05   8.92298981e-01   1.20403488e+00
 3.30000000e-01   0.00000000e+00   1.00000000e+00   9.94107535e-02  -8.09608534e-05   8.88502876e-01   1.19009128e+00
 3.40000000e-01   0.00000000e+00   1.00000000e+00   1.03623001e-01  -5.60036276e-05   8.89251505e-01   1.17582878e+00
 3.50000000e-01   0.00000000e+00   1.00000000e+00   1.07917216e-01   1.08824598e-06   8.97049900e-01   1.16344486e+00
 3.60000000e-01   0.00000000e+00   1.00000000e+00   1.12134652e-01   8.03413923e-05   9.07593824e-01   1.15367527e+00
 3.70000000e-01   0.00000000e+00   1.00000000e+00   1.16231528e-01   1.65386076e-04   9.16557108e-01   1.14553206e+00
 3.80000000e-01   0.00000000e+00   1.00000000e+00   1.20178325e-01   2.23093926e-04   9.24106177e-01   1.13809891e+00
 3.90000000e-01   0.00000000e+00   1.00000000e+00   1.23968536e-01   2.21344591e-04   9.30445536e-01   1.13165696e+00
 4.00000000e-01   0.00000000e+00   1.00000000e+00   1.27750207e-01   1.61092353e-04   9.32484491e-01   1.12580809e+00
 4.10000000e-01   0.00000000e+00   1.00000000e+00   1.31777823e-01   7.62072292e-05   9.29607294e-01   1.11806720e+00
 4.20000000e-01   0.00000000e+00   1.00000000e+00   1.36165021e-01  -2.58203454e-06   9.27676550e-01   1.10674221e+00
 4.30000000e-01   0.00000000e+00   1.00000000e+00   1.40768298e-01  -6.43014716e-05   9.32868558e-01   1.09299191e+00
 4.40000000e-01   0.00000000e+00   1.00000000e+00   1.45319749e-01  -9.49035739e-05   9.45627574e-01   1.07960162e+00
 4.50000000e-01   0.00000000e+00   1.00000000e+00   1.49624836e-01  -7.11118109e-05   9.61522911e-01   1.06857527e+00
 4.60000000e-01   0.00000000e+00   1.00000000e+00   1.53649526e-01   6.46268597e-06   9.75443087e-01   1.06028095e+00
 4.70000000e-01   0.00000000e+00   1.00000000e+00   1.57425671e-01   1.01023856e-04   9.86328851e-01   1.05405881e+00
 4.80000000e-01   0.00000000e+00   1.00000000e+00   1.60887406e-01   1.72457860e-04   9.97533763e-01   1.04935261e+00
 4.90000000e-01   0.00000000e+00   1.00000000e+00   1.63896473e-01   2.03776965e-04   1.00993452e+00   1.04637546e+00
 5.00000000e-01   0.00000000e+00   1.00000000e+00   1.66452234e-01   1.94065425e-04   1.01823191e+00   1.04492107e+00
 5.10000000e-01   0.00000000e+00   1.00000000e+00   1.68754534e-01   1.44166994e-04   1.01841385e+00   1.04359319e+00
 5.20000000e-01   0.00000000e+00   1.00000000e+00   1.71017638e-01   6.00144973e-05   1.01404987e+00   1.04105278e+00
 5.30000000e-01   0.00000000e+00   1.00000000e+00   1.73325206e-01  -3.25619749e-05   1.01100122e+00   1.03714087e+00
 5.40000000e-01   0.00000000e+00   1.00000000e+00   1.75674924e-01  -9.23408100e-05   1.01096394e+00   1.03227999e+00
 5.50000000e-01   0.00000000e+00   1.00000000e+00   1.78027081e-01  -9.48018065e-05   1.01344773e+00   1.02694632e+00
 5.60000000e-01   0.00000000e+00   1.00000000e+00   1.80256739e-01  -4.96264278e-05   1.01946289e+00   1.02194237e+00
 5.70000000e-01   0.00000000e+00   1.00000000e+00   1.82163692e-01   2.09413973e-05   1.02934853e+00   1.01876503e+00
 5.80000000e-01   0.00000000e+00   1.00000000e+00   1.83628903e-01   1.02219083e-04   1.03918291e+00   1.01872537e+00
 5.90000000e-01   0.00000000e+00   1.00000000e+00   1.84751246e-01   1.75847854e-04   1.04315910e+00   1.02168861e+00
 6.00000000e-01   0.00000000e+00   1.00000000e+00   1.85770913e-01   2.11291849e-04   1.03977033e+00   1.02548278e+00
 6.10000000e-01   0.00000000e+00   1.00000000e+00   1.86853492e-01   1.87700070e-04   1.03367237e+00   1.02759577e+00
 6.20000000e-01   0.00000000e+00   1.00000000e+00   1.88004308e-01   1.16010338e-04   1.02995122e+00   1.02735634e+00
 6.30000000e-01   0.00000000e+00   1.00000000e+00   1.89197400e-01   2.90257287e-05   1.02851534e+00   1.02560481e+00
 6.40000000e-01   0.00000000e+00   1.00000000e+00   1.90499071e-01  -4.45665322e-05   1.02644591e+00   1.02278029e+00
 6.50000000e-01   0.00000000e+00   1.00000000e+00   1.92004372e-01  -8.93145399e-05   1.02407057e+00   1.01858778e+00
 6.60000000e-01   0.00000000e+00   1.00000000e+00   1.93686916e-01  -9.37195176e-05   1.02556819e+00   1.01319491e+00
 6.70000000e-01   0.00000000e+00   1.00000000e+00   1.95357251e-01  -4.87390941e-05   1.03407496e+00   1.00787531e+00
 6.80000000e-01   0.00000000e+00   1.00000000e+00   1.96774551e-01   3.62417930e-05   1.04775792e+00   1.00419774e+00
 6.90000000e-01   0.00000000e+00   1.00000000e+00   1.97794408e-01   1.26614552e-04   1.06108384e+00   1.00297047e+00
 7.00000000e-01   0.00000000e+00   1.00000000e+00   1.98414483e-01   1.85062415e-04   1.06983806e+00   1.00380752e+00
 7.10000000e-01   0.00000000e+00   1.00000000e+00   1.98715815e-01   1.96995105e-04   1.07376126e+00   1.00575539e+00
 7.20000000e-01   0.00000000e+00   1.00000000e+00   1.98816470e-01   1.66843129e-04   1.07404093e+00   1.00789010e+00
 7.30000000e-01   0.00000000e+00   1.00000000e+00   1.98861835e-01   1.01959973e-04   1.07115075e+00   1.00902429e+00
 7.40000000e-01   0.00000000e+00   1.00000000e+00   1.98951960e-01   1.53881802e-05   1.06718915e+00   1.00785807e+00
 7.50000000e-01   0.00000000e+00   1.00000000e+00   1.99029407e-01  -6.39785198e-05   1.06679581e+00   1.00434156e+00
 7.60000000e-01   0.00000000e+00   1.00000000e+00   1.98904183e-01  -1.02242669e-04   1.07229146e+00   1.00035974e+00
 7.70000000e-01   0.00000000e+00   1.00000000e+00   1.98429243e-01  -8.48245313e-05   1.08019935e+00   9.98348225e-01
 7.80000000e-01   0.00000000e+00   1.00000000e+00   1.97597070e-01  -2.41072303e-05   1.08570286e+00   9.99133672e-01
 7.90000000e-01   0.00000000e+00   1.00000000e+00   1.96438138e-01   5.58208215e-05   1.08854734e+00   1.00191286e+00
 8.00000000e-01   0.00000000e+00   1.00000000e+00   1.94900064e-01   1.33896145e-04   1.09138696e+00   1.00604056e+00
 8.10000000e-01   0.00000000e+00   1.00000000e+00   1.92898572e-01   1.90243447e-04   1.09398742e+00   1.01198735e+00
 8.20000000e-01   0.00000000e+00   1.00000000e+00   1.90469328e-01   2.02890706e-04   1.09225799e+00   1.01998397e+00
 8.30000000e-01   0.00000000e+00   1.00000000e+00   1.87815904e-01   1.61183626e-04   1.08322398e+00   1.02852166e+00
 8.40000000e-01   0.00000000e+00   1.00000000e+00   1.85192694e-01   8.10090428e-05   1.06898229e+00   1.03526355e+00
 8.50000000e-01   0.00000000e+00   1.00000000e+00   1.82753389e-01  -3.86374494e-06   1.05492450e+00   1.03903365e+00
 8.60000000e-01   0.00000000e+00   1.00000000e+00   1.80503324e-01  -6.53103650e-05   1.04511943e+00   1.04045751e+00
 8.70000000e-01   0.00000000e+00   1.00000000e+00   1.78350322e-01  -8.96457741e-05   1.04015795e+00   1.04079066e+00
 8.80000000e-01   0.00000000e+00   1.00000000e+00   1.76163879e-01  -7.03283578e-05   1.03900172e+00   1.04130396e+00
 8.90000000e-01   0.00000000e+00   1.00000000e+00   1.73814089e-01  -7.71900033e-06   1.04033564e+00   1.04324207e+00
 9.00000000e-01   0.00000000e+00   1.00000000e+00   1.71226066e-01   8.08437157e-05   1.04204356e+00   1.04780326e+00
 9.10000000e-01   0.00000000e+00   1.00000000e+00   1.68435697e-01   1.61782579e-04   1.04103387e+00   1.05489197e+00
 9.20000000e-01   0.00000000e+00   1.00000000e+00   1.65570983e-01   2.04293835e-04   1.03561905e+00   1.06261762e+00
 9.30000000e-01   0.00000000e+00   1.00000000e+00   1.62747777e-01   1.97687415e-04   1.02755205e+00   1.06871973e+00
 9.40000000e-01   0.00000000e+00   1.00000000e+00   1.59992193e-01   1.49575392e-04   1.02007171e+00   1.07239818e+00
 9.50000000e-01   0.00000000e+00   1.00000000e+00   1.57288553e-01   7.45361893e-05   1.01420849e+00   1.07439519e+00
 9.60000000e-01   0.00000000e+00   1.00000000e+00   1.54677060e-01  -8.07060346e-06   1.00819683e+00   1.07512292e+00
 9.70000000e-01   0.00000000e+00   1.00000000e+00   1.52234740e-01  -7.08374912e-05   1.00167973e+00   1.07412818e+00
 9.80000000e-01   0.00000000e+00   1.00000000e+00   1.49936423e-01  -8.74323377e-05   9.98037271e-01   1.07154957e+00
 9.90000000e-01   0.00000000e+00   1.00000000e+00   1.47586489e-01  -5.08999928e-05   1.00067786e+00   1.06924718e+00
 1.00000000e+00   0.00000000e+00   1.00000000e+00   1.44931737e-01   2.18493428e-05   1.00816902e+00   1.06973436e+00
 1.01000000e+00   0.00000000e+00   1.00000000e+00   1.41828624e-01   1.04392779e-04   1.01511598e+00   1.07409382e+00
 1.02000000e+00   0.00000000e+00   1.00000000e+00   1.38295471e-01   1.73749510e-04   1.01723831e+00   1.08148155e+00
 1.03000000e+00   0.00000000e+00   1.00000000e+00   1.34451078e-01   2.10845091e-04   1.01383618e+00   1.09030822e+00
 1.04000000e+00   0.00000000e+00   1.00000000e+00   1.30443529e-01   2.00966212e-04   1.00625212e+00   1.09919748e+00
 1.05000000e+00   0.00000000e+00   1.00000000e+00   1.26408479e-01   1.43584154e-04   9.96060391e-01   1.10672852e+00
 1.06000000e+00   0.00000000e+00   1.00000000e+00   1.22429630e-01   5.94423949e-05   9.85214042e-01   1.11175828e+00
 1.07000000e+00   0.00000000e+00   1.00000000e+00   1.18505100e-01  -1.89634300e-05   9.76053720e-01   1.11441570e+00
 1.08000000e+00   0.00000000e+00   1.00000000e+00   1.14564217e-01  -6.56327660e-05   9.69950879e-01   1.11640730e+00
 1.09000000e+00   0.00000000e+00   1.00000000e+00   1.10537808e-01  -6.92541655e-05   9.66068393e-01   1.11976271e+00
 1.10000000e+00   0.00000000e+00   1.00000000e+00   1.06409043e-01  -2.93580439e-05   9.62377259e-01   1.12523450e+00
 1.11000000e+00   0.00000000e+00   1.00000000e+00   1.02183323e-01   4.52519136e-05   9.58068618e-01   1.13237198e+00
 1.12000000e+00   0.00000000e+00   1.00000000e+00   9.78276647e-02   1.32387922e-04   9.54040389e-01   1.14095489e+00
 1.13000000e+00   0.00000000e+00   1.00000000e+00   9.32906955e-02   2.00341634e-04   9.50413623e-01   1.15140741e+00
 1.14000000e+00   0.00000000e+00   1.00000000e+00   8.86106279e-02   2.24291053e-04   9.44745851e-01   1.16335168e+00
 1.15000000e+00   0.00000000e+00   1.00000000e+00   8.39763879e-02   1.99281614e-04   9.34158618e-01   1.17445726e+00
 1.16000000e+00   0.00000000e+00   1.00000000e+00   7.96385396e-02   1.37373868e-04   9.19048783e-01   1.18191154e+00
 1.17000000e+00   0.00000000e+00   1.00000000e+00   7.57473810e-02   5.79071164e-05   9.03583041e-01   1.18467861e+00
 1.18000000e+00   0.00000000e+00   1.00000000e+00   7.22809911e-02  -1.62319381e-05   8.92142106e-01   1.18399649e+00
 1.19000000e+00   0.00000000e+00   1.00000000e+00   6.91069817e-02  -5.99916802e-05   8.86057333e-01   1.18191548e+00
 1.20000000e+00   0.00000000e+00   1.00000000e+00   6.60776147e-02  -5.51839509e-05   8.83999110e-01   1.18012708e+00
 1.21000000e+00   0.00000000e+00   1.00000000e+00   6.30745351e-02  -2.57948802e-06   8.84218653e-01   1.17993857e+00
 1.22000000e+00   0.00000000e+00   1.00000000e+00   6.00228693e-02   7.73624088e-05   8.85257942e-01   1.18227397e+00
 1.23000000e+00   0.00000000e+00   1.00000000e+00   5.69093964e-02   1.56936871e-04   8.85427800e-01   1.18702489e+00
 1.24000000e+00   0.00000000e+00   1.00000000e+00   5.37789787e-02   2.12916317e-04   8.83364588e-01   1.19271784e+00
 1.25000000e+00   0.00000000e+00   1.00000000e+00   5.06888690e-02   2.29320266e-04   8.79236983e-01   1.19751549e+00
 1.26000000e+00   0.00000000e+00   1.00000000e+00   4.76711597e-02   1.98831736e-04   8.74337184e-01   1.20054859e+00
 1.27000000e+00   0.00000000e+00   1.00000000e+00   4.47530135e-02   1.28962939e-04   8.69274718e-01   1.20184904e+00
 1.28000000e+00   0.00000000e+00   1.00000000e+00   4.19929460e-02   4.42737747e-05   8.63534418e-01   1.20135517e+00
 1.29000000e+00   0.00000000e+00   1.00000000e+00   3.94513611e-02  -2.41457725e-05   8.57292580e-01   1.19885472e+00
 1.30000000e+00   0.00000000e+00   1.00000000e+00   3.71003101e-02  -5.40782968e-05   8.52814232e-01   1.19505823e+00
 1.31000000e+00   0.00000000e+00   1.00000000e+00   3.47787208e-02  -3.85707229e-05   8.52863174e-01   1.19213022e+00
 1.32000000e+00   0.00000000e+00   1.00000000e+00   3.22714908e-02   1.69737535e-05   8.57475245e-01   1.19257951e+00
 1.33000000e+00   0.00000000e+00   1.00000000e+00   2.94546977e-02   9.71836505e-05   8.63066334e-01   1.19739177e+00
 1.34000000e+00   0.00000000e+00   1.00000000e+00   2.63705594e-02   1.77001395e-04   8.65309276e-01   1.20537656e+00
 1.35000000e+00   0.00000000e+00   1.00000000e+00   2.31751081e-02   2.28021800e-04   8.62533619e-01   1.21433470e+00
 1.36000000e+00   0.00000000e+00   1.00000000e+00   2.00358535e-02   2.31976064e-04   8.56010474e-01   1.22234644e+00
 1.37000000e+00   0.00000000e+00   1.00000000e+00   1.70770183e-02   1.89728896e-04   8.47753463e-01   1.22819458e+00
 1.38000000e+00   0.00000000e+00   1.00000000e+00   1.43779519e-02   1.17708796e-04   8.39053217e-01   1.23106272e+00
 1.39000000e+00   0.00000000e+00   1.00000000e+00   1.19757252e-02   3.86838975e-05   8.30913225e-01   1.23092756e+00
 1.40000000e+00   0.00000000e+00   1.00000000e+00   9.86265269e-03  -2.35732667e-05   8.24430208e-01   1.22885482e+00
 1.41000000e+00   0.00000000e+00   1.00000000e+00   8.00263197e-03  -4.78737353e-05   8.20051432e-01   1.22650623e+00
 1.42000000e+00   0.00000000e+00   1.00000000e+00   6.35507918e-03  -2.35558273e-05   8.17242455e-01   1.22511220e+00
 1.43000000e+00   0.00000000e+00   1.00000000e+00   4.87191878e-03   4.16522361e-05   8.15511322e-01   1.22514166e+00
 1.44000000e+00   0.00000000e+00   1.00000000e+00   3.48319588e-03   1.23950409e-04   8.15067297e-01   1.22674518e+00
 1.45000000e+00   0.00000000e+00   1.00000000e+00   2.12857965e-03   1.95451899e-04   8.15606310e-01   1.22992772e+00
 1.46000000e+00   0.00000000e+00   1.00000000e+00   8.34656370e-04   2.34755703e-04   8.14974411e-01   1.23390751e+00
 1.47000000e+00   0.00000000e+00   1.00000000e+00  -2.50101125e-04   2.30405093e-04   8.10370936e-01   1.23664101e+00
 1.48000000e+00   0.00000000e+00   1.00000000e+00  -9.31017765e-04   1.82300649e-04   8.01351055e-01   1.23581407e+00
 1.49000000e+00   0.00000000e+00   1.00000000e+00  -1.10041616e-03   1.04501238e-04   7.91056671e-01   1.23052434e+00
 1.50000000e+00   0.00000000e+00   1.00000000e+00  -8.05944364e-04   2.36343825e-05   7.83828843e-01   1.22191657e+00
 1.51000000e+00   0.00000000e+00   1.00000000e+00  -2.02612031e-04  -3.17421346e-05   7.81734236e-01   1.21224903e+00
 1.52000000e+00   0.00000000e+00   1.00000000e+00   5.45320865e-04  -4.40463693e-05   7.83758779e-01   1.20350395e+00
 1.53000000e+00   0.00000000e+00   1.00000000e+00   1.32129395e-03  -1.15642495e-05   7.87785257e-01   1.19682820e+00
 1.54000000e+00   0.00000000e+00   1.00000000e+00   2.05488298e-03   5.46930913e-05   7.92408719e-01   1.19276031e+00
 1.55000000e+00   0.00000000e+00   1.00000000e+00   2.70718539e-03   1.34776466e-04   7.96856212e-01   1.19129091e+00
 1.56000000e+00   0.00000000e+00   1.00000000e+00   3.27268916e-03   2.02850497e-04   8.00257895e-01   1.19165441e+00
 1.57000000e+00   0.00000000e+00   1.00000000e+00   3.78334913e-03   2.34599661e-04   8.01803492e-01   1.19245944e+00
 1.58000000e+00   0.00000000e+00   1.00000000e+00   4.30072431e-03   2.18324801e-04   8.01317544e-01   1.19237229e+00
 1.59000000e+00   0.00000000e+00   1.00000000e+00   4.90683030e-03   1.60726729e-04   7.99073701e-01   1.19061699e+00
 1.60000000e+00   0.00000000e+00   1.00000000e+00   5.69423456e-03   8.22613739e-05   7.95360809e-01   1.18694058e+00
 1.61000000e+00   0.00000000e+00   1.00000000e+00   6.72984827e-03   7.80916088e-06   7.91009054e-01   1.18137880e+00
 1.62000000e+00   0.00000000e+00   1.00000000e+00   7.99362258e-03  -3.99317812e-05   7.88174686e-01   1.17468092e+00
 1.63000000e+00   0.00000000e+00   1.00000000e+00   9.35473703e-03  -4.49791056e-05   7.89282936e-01   1.16854868e+00
 1.64000000e+00   0.00000000e+00   1.00000000e+00   1.06406747e-02  -4.04151192e-06   7.94506314e-01   1.16498314e+00
 1.65000000e+00   0.00000000e+00   1.00000000e+00   1.17578077e-02   6.93756343e-05   8.00856810e-01   1.16490008e+00
 1.66000000e+00   0.00000000e+00   1.00000000e+00   1.27550895e-02   1.49296514e-04   8.04461516e-01   1.16741239e+00
 1.67000000e+00   0.00000000e+00   1.00000000e+00   1.37793317e-02   2.08748127e-04   8.03600426e-01   1.17055388e+00
 1.68000000e+00   0.00000000e+00   1.00000000e+00   1.49813851e-02   2.29572860e-04   7.99333759e-01   1.17251959e+00
 1.69000000e+00   0.00000000e+00   1.00000000e+00   1.64624635e-02   2.05809704e-04   7.93685623e-01   1.17226703e+00
 1.70000000e+00   0.00000000e+00   1.00000000e+00   1.82801335e-02   1.44035838e-04   7.87934356e-01   1.16929123e+00
 1.71000000e+00   0.00000000e+00   1.00000000e+00   2.04674026e-02   6.32347981e-05   7.82666989e-01   1.16352220e+00
 1.72000000e+00   0.00000000e+00   1.00000000e+00   2.30287869e-02  -9.35578137e-06   7.78641877e-01   1.15554383e+00
 1.73000000e+00   0.00000000e+00   1.00000000e+00   2.59244770e-02  -4.86090458e-05   7.76903307e-01   1.14667989e+00
 1.74000000e+00   0.00000000e+00   1.00000000e+00   2.90677006e-02  -4.22182144e-05   7.78145857e-01   1.13842247e+00
 1.75000000e+00   0.00000000e+00   1.00000000e+00   3.23401990e-02   5.91553190e-06   7.82328115e-01   1.13169664e+00
 1.76000000e+00   0.00000000e+00   1.00000000e+00   3.56212248e-02   7.95122901e-05   7.88710448e-01   1.12682205e+00
 1.77000000e+00   0.00000000e+00   1.00000000e+00   3.88319856e-02   1.55370543e-04   7.95753527e-01   1.12368055e+00
 1.78000000e+00   0.00000000e+00   1.00000000e+00   4.19840587e-02   2.08622657e-04   8.01186663e-01   1.12164149e+00
 1.79000000e+00   0.00000000e+00   1.00000000e+00   4.51888415e-02   2.20217567e-04   8.03081391e-01   1.11936884e+00
 1.80000000e+00   0.00000000e+00   1.00000000e+00   4.85930446e-02   1.85313901e-04   8.01635057e-01   1.11523363e+00
 1.81000000e+00   0.00000000e+00   1.00000000e+00   5.22737345e-02   1.16113542e-04   7.99643629e-01   1.10833845e+00
 1.82000000e+00   0.00000000e+00   1.00000000e+00   5.61808876e-02   3.61105313e-05   8.00592463e-01   1.09926653e+00
 1.83000000e+00   0.00000000e+00   1.00000000e+00   6.01758955e-02  -2.93361168e-05   8.05924157e-01   1.08961015e+00
 1.84000000e+00   0.00000000e+00   1.00000000e+00   6.41182156e-02  -6.01553769e-05   8.14484403e-01   1.08102615e+00
 1.85000000e+00   0.00000000e+00   1.00000000e+00   6.79157705e-02  -4.62043844e-05   8.24211099e-01   1.07445518e+00
 1.86000000e+00   0.00000000e+00   1.00000000e+00   7.15156116e-02   8.79499109e-06   8.33890471e-01   1.07022976e+00
 1.87000000e+00   0.00000000e+00   1.00000000e+00   7.48817366e-02   8.64297925e-05   8.43026239e-01   1.06839546e+00
 1.88000000e+00   0.00000000e+00   1.00000000e+00   7.80022686e-02   1.59687407e-04   8.50830954e-01   1.06842892e+00
 1.89000000e+00   0.00000000e+00   1.00000000e+00   8.09149699e-02   2.03863381e-04   8.56107981e-01   1.06939874e+00
 1.90000000e+00   0.00000000e+00   1.00000000e+00   8.37159889e-02   2.05246433e-04   8.58064429e-01   1.07013542e+00
 1.91000000e+00   0.00000000e+00   1.00000000e+00   8.65381189e-02   1.63849458e-04   8.56978831e-01   1.06965834e+00
 1.92000000e+00   0.00000000e+00   1.00000000e+00   8.95081401e-02   9.23786864e-05   8.54185375e-01   1.06742856e+00
 1.93000000e+00   0.00000000e+00   1.00000000e+00   9.26966033e-02   1.34569576e-05   8.51755286e-01   1.06339998e+00
 1.94000000e+00   0.00000000e+00   1.00000000e+00   9.60786624e-02  -4.65064875e-05   8.51982046e-01   1.05810890e+00
 1.95000000e+00   0.00000000e+00   1.00000000e+00   9.95369997e-02  -6.70497370e-05   8.56334482e-01   1.05275159e+00
 1.96000000e+00   0.00000000e+00   1.00000000e+00   1.02925058e-01  -4.19553445e-05   8.64228380e-01   1.04879647e+00
 1.97000000e+00   0.00000000e+00   1.00000000e+00   1.06158102e-01   1.92884247e-05   8.72965140e-01   1.04710567e+00
 1.98000000e+00   0.00000000e+00   1.00000000e+00   1.09261735e-01   9.62980957e-05   8.79519235e-01   1.04737916e+00
 1.99000000e+00   0.00000000e+00   1.00000000e+00   1.12339195e-01   1.64427340e-04   8.82689851e-01   1.04837931e+00
 2.00000000e+00   0.00000000e+00   1.00000000e+00   1.15496084e-01   2.01253072e-04   8.83518738e-01   1.04872111e+00
 2.01000000e+00   0.00000000e+00   1.00000000e+00   1.18795279e-01   1.93589640e-04   8.83792691e-01   1.04750552e+00
 2.02000000e+00   0.00000000e+00   1.00000000e+00   1.22266503e-01   1.43299303e-04   8.84536102e-01   1.04434963e+00
 2.03000000e+00   0.00000000e+00   1.00000000e+00   1.25928758e-01   6.74376206e-05   8.86098596e-01   1.03924194e+00
 2.04000000e+00   0.00000000e+00   1.00000000e+00   1.29781108e-01  -8.58560278e-06   8.89209910e-01   1.03265596e+00
 2.05000000e+00   0.00000000e+00   1.00000000e+00   1.33770205e-01  -6.04771763e-05   8.95228664e-01   1.02540202e+00
 2.06000000e+00   0.00000000e+00   1.00000000e+00   1.37776719e-01  -7.21955595e-05   9.05131764e-01   1.01850948e+00
 2.07000000e+00   0.00000000e+00   1.00000000e+00   1.41642601e-01  -3.99380796e-05   9.18520642e-01   1.01298024e+00
 2.08000000e+00   0.00000000e+00   1.00000000e+00   1.45224857e-01   2.61212094e-05   9.33432913e-01   1.00932010e+00
 2.09000000e+00   0.00000000e+00   1.00000000e+00   1.48449138e-01   1.03834645e-04   9.47197443e-01   1.00770768e+00
 2.10000000e+00   0.00000000e+00   1.00000000e+00   1.51340185e-01   1.66545175e-04   9.57410564e-01   1.00773830e+00
 2.11000000e+00   0.00000000e+00   1.00000000e+00   1.54008843e-01   1.93242918e-04   9.63006466e-01   1.00838841e+00
 2.12000000e+00   0.00000000e+00   1.00000000e+00   1.56590135e-01   1.75702264e-04   9.64975380e-01   1.00835720e+00
 2.13000000e+00   0.00000000e+00   1.00000000e+00   1.59163782e-01   1.19915058e-04   9.65946192e-01   1.00669357e+00
 2.14000000e+00   0.00000000e+00   1.00000000e+00   1.61714012e-01   4.35277105e-05   9.68634574e-01   1.00342359e+00
 2.15000000e+00   0.00000000e+00   1.00000000e+00   1.64157753e-01  -2.89174911e-05   9.74129000e-01   9.99522702e-01
 2.16000000e+00   0.00000000e+00   1.00000000e+00   1.66407876e-01  -7.32223419e-05   9.81583011e-01   9.96218194e-01
 2.17000000e+00   0.00000000e+00   1.00000000e+00   1.68410671e-01  -7.43059399e-05   9.89510382e-01   9.94354728e-01
 2.18000000e+00   0.00000000e+00   1.00000000e+00   1.70136791e-01  -3.22143881e-05   9.97067495e-01   9.94306287e-01
 2.19000000e+00   0.00000000e+00   1.00000000e+00   1.71562203e-01   3.83882831e-05   1.00387182e+00   9.96024409e-01
 2.20000000e+00   0.00000000e+00   1.00000000e+00   1.72680298e-01   1.14203229e-04   1.00911981e+00   9.99286397e-01
 2.21000000e+00   0.00000000e+00   1.00000000e+00   1.73538008e-01   1.70844073e-04   1.01137984e+00   1.00352251e+00
 2.22000000e+00   0.00000000e+00   1.00000000e+00   1.74252067e-01   1.89753172e-04   1.00968985e+00   1.00779374e+00
 2.23000000e+00   0.00000000e+00   1.00000000e+00   1.74978442e-01   1.64134133e-04   1.00466511e+00   1.01098920e+00
 2.24000000e+00   0.00000000e+00   1.00000000e+00   1.75850767e-01   1.02212406e-04   9.98501803e-01   1.01224840e+00
 2.25000000e+00   0.00000000e+00   1.00000000e+00   1.76924389e-01   2.49478728e-05   9.93985402e-01   1.01130898e+00
 2.26000000e+00   0.00000000e+00   1.00000000e+00   1.78153812e-01  -4.18026493e-05   9.93328811e-01   1.00867744e+00
 2.27000000e+00   0.00000000e+00   1.00000000e+00   1.79414801e-01  -7.65122058e-05   9.97286120e-01   1.00551800e+00
 2.28000000e+00   0.00000000e+00   1.00000000e+00   1.80564861e-01  -6.83547165e-05   1.00474026e+00   1.00321109e+00
 2.29000000e+00   0.00000000e+00   1.00000000e+00   1.81511939e-01  -1.98671383e-05   1.01315031e+00   1.00270161e+00
 2.30000000e+00   0.00000000e+00   1.00000000e+00   1.82247330e-01   5.34449390e-05   1.01995959e+00   1.00401857e+00
 2.31000000e+00   0.00000000e+00   1.00000000e+00   1.82822191e-01   1.27246047e-04   1.02404825e+00   1.00636670e+00
 2.32000000e+00   0.00000000e+00   1.00000000e+00   1.83295969e-01   1.76570800e-04   1.02592000e+00   1.00860670e+00
 2.33000000e+00   0.00000000e+00   1.00000000e+00   1.83706647e-01   1.85053472e-04   1.02667111e+00   1.00993304e+00
 2.34000000e+00   0.00000000e+00   1.00000000e+00   1.84079025e-01   1.50433374e-04   1.02692669e+00   1.00998896e+00
 2.35000000e+00   0.00000000e+00   1.00000000e+00   1.84438641e-01   8.43636685e-05   1.02700590e+00   1.00872355e+00
 2.36000000e+00   0.00000000e+00   1.00000000e+00   1.84795496e-01   8.19212957e-06   1.02777492e+00   1.00630955e+00
 2.37000000e+00   0.00000000e+00   1.00000000e+00   1.85105888e-01  -5.33045385e-05   1.03077144e+00   1.00327568e+00
 2.38000000e+00   0.00000000e+00   1.00000000e+00   1.85255710e-01  -7.95231077e-05   1.03710435e+00   1.00055033e+00
 2.39000000e+00   0.00000000e+00   1.00000000e+00   1.85093287e-01  -6.14364972e-05   1.04619206e+00   9.99279000e-01
 2.40000000e+00   0.00000000e+00   1.00000000e+00   1.84495177e-01  -5.28398072e-06   1.05564174e+00   1.00039321e+00
 2.41000000e+00   0.00000000e+00   1.00000000e+00   1.83422846e-01   6.99192364e-05   1.06244858e+00   1.00418513e+00
 2.42000000e+00   0.00000000e+00   1.00000000e+00   1.81938791e-01   1.39518397e-04   1.06449496e+00   1.01011467e+00
 2.43000000e+00   0.00000000e+00   1.00000000e+00   1.80176996e-01   1.81211186e-04   1.06140934e+00   1.01693139e+00
 2.44000000e+00   0.00000000e+00   1.00000000e+00   1.78283761e-01   1.81504883e-04   1.05458551e+00   1.02317346e+00
 2.45000000e+00   0.00000000e+00   1.00000000e+00   1.76358892e-01   1.40027625e-04   1.04642663e+00   1.02777846e+00
 2.46000000e+00   0.00000000e+00   1.00000000e+00   1.74429679e-01   7.04674908e-05   1.03922663e+00   1.03060898e+00
 2.47000000e+00   0.00000000e+00   1.00000000e+00   1.72469710e-01  -3.62370676e-06   1.03412471e+00   1.03241144e+00
 2.48000000e+00   0.00000000e+00   1.00000000e+00   1.70438973e-01  -5.73300301e-05   1.03087592e+00   1.03416979e+00
 2.49000000e+00   0.00000000e+00   1.00000000e+00   1.68306464e-01  -7.30917301e-05   1.02882048e+00   1.03676957e+00
 2.50000000e+00   0.00000000e+00   1.00000000e+00   1.66043689e-01  -4.59358244e-05   1.02749553e+00   1.04066114e+00
 2.51000000e+00   0.00000000e+00   1.00000000e+00   1.63616887e-01   1.55265640e-05   1.02652760e+00   1.04599286e+00
 2.52000000e+00   0.00000000e+00   1.00000000e+00   1.61007852e-01   9.16140607e-05   1.02496790e+00   1.05271955e+00
 2.53000000e+00   0.00000000e+00   1.00000000e+00   1.58253491e-01   1.57370023e-04   1.02127764e+00   1.06035715e+00
 2.54000000e+00   0.00000000e+00   1.00000000e+00   1.55461798e-01   1.90924904e-04   1.01427934e+00   1.06773589e+00
 2.55000000e+00   0.00000000e+00   1.00000000e+00   1.52776976e-01   1.81430361e-04   1.00451679e+00   1.07349120e+00
 2.56000000e+00   0.00000000e+00   1.00000000e+00   1.50311845e-01   1.32685246e-04   9.94130633e-01   1.07659956e+00
 2.57000000e+00   0.00000000e+00   1.00000000e+00   1.48092494e-01   6.11593725e-05   9.85816907e-01   1.07694067e+00
 2.58000000e+00   0.00000000e+00   1.00000000e+00   1.46047483e-01  -9.72316331e-06   9.81488746e-01   1.07540163e+00
 2.59000000e+00   0.00000000e+00   1.00000000e+00   1.44042337e-01  -5.67135739e-05   9.81449639e-01   1.07345043e+00
 2.60000000e+00   0.00000000e+00   1.00000000e+00   1.41936870e-01  -6.39584219e-05   9.84468070e-01   1.07264435e+00
 2.61000000e+00   0.00000000e+00   1.00000000e+00   1.39635585e-01  -2.86607764e-05   9.88401934e-01   1.07397591e+00
 2.62000000e+00   0.00000000e+00   1.00000000e+00   1.37107526e-01   3.74811804e-05   9.91210766e-01   1.07755357e+00
 2.63000000e+00   0.00000000e+00   1.00000000e+00   1.34371309e-01   1.12446912e-04   9.91766119e-01   1.08269271e+00
 2.64000000e+00   0.00000000e+00   1.00000000e+00   1.31465607e-01   1.71757136e-04   9.89979735e-01   1.08837576e+00
 2.65000000e+00   0.00000000e+00   1.00000000e+00   1.28433195e-01   1.96411110e-04   9.86259717e-01   1.09375994e+00
 2.66000000e+00   0.00000000e+00   1.00000000e+00   1.25324863e-01   1.78545524e-04   9.80941143e-01   1.09825685e+00
 2.67000000e+00   0.00000000e+00   1.00000000e+00   1.22200007e-01   1.23989760e-04   9.74461789e-01   1.10148003e+00
 2.68000000e+00   0.00000000e+00   1.00000000e+00   1.19101088e-01   5.08951001e-05   9.67866952e-01   1.10335281e+00
 2.69000000e+00   0.00000000e+00   1.00000000e+00   1.16013693e-01  -1.60784274e-05   9.62801071e-01   1.10438497e+00
 2.70000000e+00   0.00000000e+00   1.00000000e+00   1.12852161e-01  -5.43985929e-05   9.60522573e-01   1.10575592e+00
 2.71000000e+00   0.00000000e+00   1.00000000e+00   1.09495798e-01  -5.14210827e-05   9.60762920e-01   1.10891636e+00
 2.72000000e+00   0.00000000e+00   1.00000000e+00   1.05856510e-01  -8.15392565e-06   9.61586978e-01   1.11486365e+00
 2.73000000e+00   0.00000000e+00   1.00000000e+00   1.01931771e-01   6.15408357e-05   9.60487561e-01   1.12357946e+00
 2.74000000e+00   0.00000000e+00   1.00000000e+00   9.78108990e-02   1.35282580e-04   9.55789029e-01   1.13403945e+00
 2.75000000e+00   0.00000000e+00   1.00000000e+00   9.36376059e-02   1.89053693e-04   9.47338833e-01   1.14462679e+00
 2.76000000e+00   0.00000000e+00   1.00000000e+00   8.95555640e-02   2.05208608e-04   9.36305853e-01   1.15375090e+00
 2.77000000e+00   0.00000000e+00   1.00000000e+00   8.56656410e-02   1.78771316e-04   9.24489986e-01   1.16036307e+00
 2.78000000e+00   0.00000000e+00   1.00000000e+00   8.20111008e-02   1.19089123e-04   9.13584171e-01   1.16430298e+00
 2.79000000e+00   0.00000000e+00   1.00000000e+00   7.85891166e-02   4.62724008e-05   9.04589206e-01   1.16617374e+00
 2.80000000e+00   0.00000000e+00   1.00000000e+00   7.53711192e-02  -1.55982795e-05   8.97792175e-01   1.16702486e+00
 2.81000000e+00   0.00000000e+00   1.00000000e+00   7.23129739e-02  -4.60119913e-05   8.93078871e-01   1.16785745e+00
 2.82000000e+00   0.00000000e+00   1.00000000e+00   6.93539174e-02  -3.45330797e-05   8.90291669e-01   1.16949585e+00
 2.83000000e+00   0.00000000e+00   1.00000000e+00   6.64235309e-02   1.54377395e-05   8.89038561e-01   1.17246664e+00
 2.84000000e+00   0.00000000e+00   1.00000000e+00   6.34720939e-02   8.74563664e-05   8.88269596e-01   1.17692404e+00
 2.85000000e+00   0.00000000e+00   1.00000000e+00   6.05100076e-02   1.57698739e-04   8.86312593e-01   1.18229753e+00
 2.86000000e+00   0.00000000e+00   1.00000000e+00   5.76196006e-02   2.03225878e-04   8.81789993e-01   1.18729428e+00
 2.87000000e+00   0.00000000e+00   1.00000000e+00   5.49179076e-02   2.09442996e-04   8.74690590e-01   1.19044228e+00
 2.88000000e+00   0.00000000e+00   1.00000000e+00   5.24903855e-02   1.74488924e-04   8.66608329e-01   1.19078447e+00
 2.89000000e+00   0.00000000e+00   1.00000000e+00   5.03409294e-02   1.09820027e-04   8.59882815e-01   1.18846649e+00
 2.90000000e+00   0.00000000e+00   1.00000000e+00   4.83889623e-02   3.68382683e-05   8.56251396e-01   1.18457946e+00
 2.91000000e+00   0.00000000e+00   1.00000000e+00   4.65079421e-02  -2.00384608e-05   8.56054442e-01   1.18072828e+00
 2.92000000e+00   0.00000000e+00   1.00000000e+00   4.45759498e-02  -4.17942733e-05   8.58331444e-01   1.17839542e+00
 2.93000000e+00   0.00000000e+00   1.00000000e+00   4.25113616e-02  -2.12991609e-05   8.61501276e-01   1.17849217e+00
 2.94000000e+00   0.00000000e+00   1.00000000e+00   4.02834238e-02   3.46309906e-05   8.64079441e-01   1.18113752e+00
 2.95000000e+00   0.00000000e+00   1.00000000e+00   3.79039639e-02   1.07766123e-04   8.65098068e-01   1.18574526e+00
 2.96000000e+00   0.00000000e+00   1.00000000e+00   3.54149094e-02   1.74299244e-04   8.64135364e-01   1.19133033e+00
 2.97000000e+00   0.00000000e+00   1.00000000e+00   3.28827397e-02   2.12406849e-04   8.61087328e-01   1.19682422e+00
 2.98000000e+00   0.00000000e+00   1.00000000e+00   3.03964454e-02   2.09552847e-04   8.56008896e-01   1.20124532e+00
 2.99000000e+00   0.00000000e+00   1.00000000e+00   2.80533024e-02   1.66927627e-04   8.49303867e-01   1.20380401e+00
 3.00000000e+00   0.00000000e+00   1.00000000e+00   2.59241011e-02   9.90085579e-05   8.42080914e-01   1.20424319e+00
 3.01000000e+00   0.00000000e+00   1.00000000e+00   2.40148139e-02   2.84285067e-05   8.36065104e-01   1.20312616e+00
 3.02000000e+00   0.00000000e+00   1.00000000e+00   2.22580315e-02  -2.15700588e-05   8.32748693e-01   1.20173718e+00
 3.03000000e+00   0.00000000e+00   1.00000000e+00   2.05511850e-02  -3.44715508e-05   8.32327885e-01   1.20156951e+00
 3.04000000e+00   0.00000000e+00   1.00000000e+00   1.88205656e-02  -5.74150861e-06   8.33391555e-01   1.20352481e+00
 3.05000000e+00   0.00000000e+00   1.00000000e+00   1.70678447e-02   5.54400211e-05   8.33754540e-01   1.20747922e+00
 3.06000000e+00   0.00000000e+00   1.00000000e+00   1.53707094e-02   1.28962816e-04   8.31732090e-01   1.21241054e+00
 3.07000000e+00   0.00000000e+00   1.00000000e+00   1.38452130e-02   1.90566608e-04   8.26899321e-01   1.21683075e+00
 3.08000000e+00   0.00000000e+00   1.00000000e+00   1.25997684e-02   2.20096958e-04   8.19997506e-01   1.21940093e+00
 3.09000000e+00   0.00000000e+00   1.00000000e+00   1.17058078e-02   2.08046621e-04   8.12322127e-01   1.21930676e+00
 3.10000000e+00   0.00000000e+00   1.00000000e+00   1.11905534e-02   1.58422423e-04   8.05124036e-01   1.21634680e+00
 3.11000000e+00   0.00000000e+00   1.00000000e+00   1.10422101e-02   8.74536902e-05   7.99336511e-01   1.21104021e+00
 3.12000000e+00   0.00000000e+00   1.00000000e+00   1.12156249e-02   1.85022570e-05   7.95581219e-01   1.20439416e+00
 3.13000000e+00   0.00000000e+00   1.00000000e+00   1.16341572e-02  -2.55986312e-05   7.94265020e-01   1.19762841e+00
 3.14000000e+00   0.00000000e+00   1.00000000e+00   1.21948760e-02  -3.03518197e-05   7.95524960e-01   1.19184152e+00
 3.15000000e+00   0.00000000e+00   1.00000000e+00   1.27893418e-02   5.51672992e-06   7.98924180e-01   1.18783170e+00
 3.16000000e+00   0.00000000e+00   1.00000000e+00   1.33418828e-02   6.99100744e-05   8.03165512e-01   1.18581769e+00
 3.17000000e+00   0.00000000e+00   1.00000000e+00   1.38461049e-02   1.41558758e-04   8.06359358e-01   1.18527412e+00
 3.18000000e+00   0.00000000e+00   1.00000000e+00   1.43697776e-02   1.96862712e-04   8.06956211e-01   1.18501882e+00
 3.19000000e+00   0.00000000e+00   1.00000000e+00   1.50156737e-02   2.17429365e-04   8.04743722e-01   1.18368316e+00
 3.20000000e+00   0.00000000e+00   1.00000000e+00   1.58601992e-02   1.96223011e-04   8.01083161e-01   1.18037042e+00
 3.21000000e+00   0.00000000e+00   1.00000000e+00   1.69104272e-02   1.40114854e-04   7.98089122e-01   1.17507684e+00
 3.22000000e+00   0.00000000e+00   1.00000000e+00   1.81047475e-02   6.75876484e-05   7.97358120e-01   1.16867205e+00
 3.23000000e+00   0.00000000e+00   1.00000000e+00   1.93482747e-02   2.44131112e-06   7.99228677e-01   1.16242532e+00
 3.24000000e+00   0.00000000e+00   1.00000000e+00   2.05535786e-02  -3.40875061e-05   8.02963958e-01   1.15751280e+00
 3.25000000e+00   0.00000000e+00   1.00000000e+00   2.16643343e-02  -3.01351682e-05   8.07404496e-01   1.15467259e+00
 3.26000000e+00   0.00000000e+00   1.00000000e+00   2.26603461e-02   1.29673794e-05   8.11490558e-01   1.15406049e+00
 3.27000000e+00   0.00000000e+00   1.00000000e+00   2.35554928e-02   8.09522797e-05   8.14393297e-01   1.15524154e+00
 3.28000000e+00   0.00000000e+00   1.00000000e+00   2.43979024e-02   1.51181258e-04   8.15465954e-01   1.15738952e+00
 3.29000000e+00   0.00000000e+00   1.00000000e+00   2.52710759e-02   2.00363062e-04   8.14234215e-01   1.15941233e+00
 3.30000000e+00   0.00000000e+00   1.00000000e+00   2.62857405e-02   2.12386290e-04   8.10601776e-01   1.16017772e+00
 3.31000000e+00   0.00000000e+00   1.00000000e+00   2.75534705e-02   1.83391712e-04   8.05157567e-01   1.15887203e+00
 3.32000000e+00   0.00000000e+00   1.00000000e+00   2.91459832e-02   1.22880431e-04   7.99346226e-01   1.15518370e+00
 3.33000000e+00   0.00000000e+00   1.00000000e+00   3.10611411e-02   5.06257776e-05   7.95121797e-01   1.14965172e+00
 3.34000000e+00   0.00000000e+00   1.00000000e+00   3.32219660e-02  -9.69326424e-06   7.94003184e-01   1.14340542e+00
 3.35000000e+00   0.00000000e+00   1.00000000e+00   3.55166526e-02  -3.82678899e-05   7.96151990e-01   1.13778453e+00
 3.36000000e+00   0.00000000e+00   1.00000000e+00   3.78570780e-02  -2.58415177e-05   8.00213697e-01   1.13367699e+00
 3.37000000e+00   0.00000000e+00   1.00000000e+00   4.02182928e-02   2.31622710e-05   8.04185646e-01   1.13118443e+00
 3.38000000e+00   0.00000000e+00   1.00000000e+00   4.26372642e-02   9.22588623e-05   8.06595299e-01   1.12965796e+00
 3.39000000e+00   0.00000000e+00   1.00000000e+00   4.51808172e-02   1.58486961e-04   8.07122609e-01   1.12806935e+00
 3.40000000e+00   0.00000000e+00   1.00000000e+00   4.79105705e-02   1.99860691e-04   8.06382365e-01   1.12543074e+00
 3.41000000e+00   0.00000000e+00   1.00000000e+00   5.08641108e-02   2.02456179e-04   8.05325172e-01   1.12108366e+00
 3.42000000e+00   0.00000000e+00   1.00000000e+00   5.40510376e-02   1.65072104e-04   8.04835902e-01   1.11484390e+00
 3.43000000e+00   0.00000000e+00   1.00000000e+00   5.74516351e-02   9.98015339e-05   8.05720472e-01   1.10704877e+00
 3.44000000e+00   0.00000000e+00   1.00000000e+00   6.10115876e-02   2.80116281e-05   8.08738992e-01   1.09850921e+00
 3.45000000e+00   0.00000000e+00   1.00000000e+00   6.46386023e-02  -2.68930318e-05   8.14443119e-01   1.09021039e+00
 3.46000000e+00   0.00000000e+00   1.00000000e+00   6.82129631e-02  -4.72436376e-05   8.22850295e-01   1.08315428e+00
 3.47000000e+00   0.00000000e+00   1.00000000e+00   7.16182681e-02  -2.67480791e-05   8.33023801e-01   1.07806213e+00
 3.48000000e+00   0.00000000e+00   1.00000000e+00   7.47836448e-02   2.75625497e-05   8.43165708e-01   1.07513713e+00
 3.49000000e+00   0.00000000e+00   1.00000000e+00   7.77147387e-02   9.75410007e-05   8.51252345e-01   1.07403392e+00
 3.50000000e+00   0.00000000e+00   1.00000000e+00   8.04907014e-02   1.59816723e-04   8.55983020e-01   1.07381690e+00
 3.51000000e+00   0.00000000e+00   1.00000000e+00   8.32235661e-02   1.93609284e-04   8.57509516e-01   1.07330214e+00
 3.52000000e+00   0.00000000e+00   1.00000000e+00   8.60029155e-02   1.87667702e-04   8.57310060e-01   1.07158081e+00
 3.53000000e+00   0.00000000e+00   1.00000000e+00   8.88598050e-02   1.43891965e-04   8.57324196e-01   1.06839456e+00
 3.54000000e+00   0.00000000e+00   1.00000000e+00   9.17679962e-02   7.65912994e-05   8.58916951e-01   1.06418406e+00
 3.55000000e+00   0.00000000e+00   1.00000000e+00   9.46720254e-02   7.73433778e-06   8.62410812e-01   1.05981839e+00
 3.56000000e+00   0.00000000e+00   1.00000000e+00   9.75167846e-02  -4.01883694e-05   8.67338086e-01   1.05616058e+00
 3.57000000e+00   0.00000000e+00   1.00000000e+00   1.00262554e-01  -5.15208144e-05   8.72965919e-01   1.05383341e+00
 3.58000000e+00   0.00000000e+00   1.00000000e+00   1.02888987e-01  -2.26984887e-05   8.78556368e-01   1.05302379e+00
 3.59000000e+00   0.00000000e+00   1.00000000e+00   1.05400170e-01   3.65382706e-05   8.83340860e-01   1.05354104e+00
 3.60000000e+00   0.00000000e+00   1.00000000e+00   1.07834486e-01   1.06435116e-04   8.86497687e-01   1.05480616e+00
 3.61000000e+00   0.00000000e+00   1.00000000e+00   1.10269883e-01   1.63826162e-04   8.87437558e-01   1.05599082e+00
 3.62000000e+00   0.00000000e+00   1.00000000e+00   1.12811323e-01   1.89727122e-04   8.86233855e-01   1.05615419e+00
 3.63000000e+00   0.00000000e+00   1.00000000e+00   1.15556835e-01   1.75473351e-04   8.83930799e-01   1.05456091e+00
 3.64000000e+00   0.00000000e+00   1.00000000e+00   1.18554885e-01   1.25574430e-04   8.82362687e-01   1.05092913e+00
 3.65000000e+00   0.00000000e+00   1.00000000e+00   1.21776713e-01   5.63258417e-05   8.83478013e-01   1.04562877e+00
 3.66000000e+00   0.00000000e+00   1.00000000e+00   1.25123127e-01  -9.56121792e-06   8.88397176e-01   1.03958456e+00
 3.67000000e+00   0.00000000e+00   1.00000000e+00   1.28465370e-01  -5.06057369e-05   8.96793986e-01   1.03390885e+00
 3.68000000e+00   0.00000000e+00   1.00000000e+00   1.31697024e-01  -5.36539700e-05   9.07099305e-01   1.02956420e+00
 3.69000000e+00   0.00000000e+00   1.00000000e+00   1.34766759e-01  -1.80243568e-05   9.17325548e-01   1.02678674e+00
 3.70000000e+00   0.00000000e+00   1.00000000e+00   1.37677450e-01   4.43285646e-05   9.26101718e-01   1.02533769e+00
 3.71000000e+00   0.00000000e+00   1.00000000e+00   1.40462277e-01   1.12625405e-04   9.32972157e-01   1.02449122e+00
 3.72000000e+00   0.00000000e+00   1.00000000e+00   1.43160324e-01   1.64063101e-04   9.38205346e-01   1.02349034e+00
 3.73000000e+00   0.00000000e+00   1.00000000e+00   1.45804377e-01   1.81444788e-04   9.42332957e-01   1.02175688e+00
 3.74000000e+00   0.00000000e+00   1.00000000e+00   1.48415884e-01   1.58930569e-04   9.45999281e-01   1.01902935e+00
 3.75000000e+00   0.00000000e+00   1.00000000e+00   1.50995944e-01   1.03884257e-04   9.50018984e-01   1.01539082e+00
 3.76000000e+00   0.00000000e+00   1.00000000e+00   1.53511282e-01   3.43000932e-05   9.55355709e-01   1.01127145e+00
 3.77000000e+00   0.00000000e+00   1.00000000e+00   1.55887520e-01  -2.71049557e-05   9.62713485e-01   1.00736069e+00
 3.78000000e+00   0.00000000e+00   1.00000000e+00   1.58023399e-01  -6.02615356e-05   9.71985202e-01   1.00449017e+00
 3.79000000e+00   0.00000000e+00   1.00000000e+00   1.59826908e-01  -5.43578352e-05   9.81945406e-01   1.00333160e+00
 3.80000000e+00   0.00000000e+00   1.00000000e+00   1.61257500e-01  -1.14492150e-05   9.90635388e-01   1.00424712e+00
 3.81000000e+00   0.00000000e+00   1.00000000e+00   1.62350406e-01   5.42051766e-05   9.96170216e-01   1.00697013e+00
 3.82000000e+00   0.00000000e+00   1.00000000e+00   1.63206702e-01   1.20884509e-04   9.97705414e-01   1.01068479e+00
 3.83000000e+00   0.00000000e+00   1.00000000e+00   1.63952814e-01   1.66609575e-04   9.95827515e-01   1.01427038e+00
 3.84000000e+00   0.00000000e+00   1.00000000e+00   1.64692324e-01   1.76322706e-04   9.92206464e-01   1.01675725e+00
 3.85000000e+00   0.00000000e+00   1.00000000e+00   1.65476607e-01   1.46782255e-04   9.88728985e-01   1.01770486e+00
 3.86000000e+00   0.00000000e+00   1.00000000e+00   1.66305331e-01   8.77190548e-05   9.86734334e-01   1.01731892e+00
 3.87000000e+00   0.00000000e+00   1.00000000e+00   1.67146232e-01   1.86898175e-05   9.86722143e-01   1.01623718e+00
 3.88000000e+00   0.00000000e+00   1.00000000e+00   1.67954875e-01  -3.74816961e-05   9.88574193e-01   1.01521791e+00
 3.89000000e+00   0.00000000e+00   1.00000000e+00   1.68685024e-01  -6.23364944e-05   9.91874824e-01   1.01488394e+00
 3.90000000e+00   0.00000000e+00   1.00000000e+00   1.69295671e-01  -4.78133068e-05   9.95979952e-01   1.01559825e+00
 3.91000000e+00   0.00000000e+00   1.00000000e+00   1.69764206e-01   1.21522212e-06   9.99928752e-01   1.01737092e+00
 3.92000000e+00   0.00000000e+00   1.00000000e+00   1.70104014e-01   6.85594759e-05   1.00258648e+00   1.01990755e+00
 3.93000000e+00   0.00000000e+00   1.00000000e+00   1.70372254e-01   1.31982682e-04   1.00311380e+00   1.02255657e+00
 3.94000000e+00   0.00000000e+00   1.00000000e+00   1.70654322e-01   1.70508061e-04   1.00155315e+00   1.02446823e+00
 3.95000000e+00   0.00000000e+00   1.00000000e+00   1.71026368e-01   1.71402501e-04   9.99045955e-01   1.02489661e+00
 3.96000000e+00   0.00000000e+00   1.00000000e+00   1.71514041e-01   1.34428109e-04   9.97432352e-01   1.02351676e+00
 3.97000000e+00   0.00000000e+00   1.00000000e+00   1.72071277e-01   7.18374067e-05   9.98420537e-01   1.02065247e+00
 3.98000000e+00   0.00000000e+00   1.00000000e+00   1.72592599e-01   4.26427946e-06   1.00275069e+00   1.01720440e+00
 3.99000000e+00   0.00000000e+00   1.00000000e+00   1.72952486e-01  -4.60633933e-05   1.00983445e+00   1.01433069e+00
 4.00000000e+00   0.00000000e+00   1.00000000e+00   1.73049515e-01  -6.26067725e-05   1.01805536e+00   1.01297760e+00
 4.01000000e+00   0.00000000e+00   1.00000000e+00   1.72832346e-01  -3.99518202e-05   1.02557639e+00   1.01356953e+00
 4.02000000e+00   0.00000000e+00   1.00000000e+00   1.72299716e-01   1.43753519e-05   1.03104299e+00   1.01591590e+00
 4.03000000e+00   0.00000000e+00   1.00000000e+00   1.71484576e-01   8.24078429e-05   1.03386277e+00   1.01941579e+00
 4.04000000e+00   0.00000000e+00   1.00000000e+00   1.70438308e-01   1.41732860e-04   1.03404298e+00   1.02333731e+00
 4.05000000e+00   0.00000000e+00   1.00000000e+00   1.69221262e-01   1.72904698e-04   1.03195451e+00   1.02701768e+00
 4.06000000e+00   0.00000000e+00   1.00000000e+00   1.67893180e-01   1.65801803e-04   1.02828896e+00   1.02997260e+00
 4.07000000e+00   0.00000000e+00   1.00000000e+00   1.66495966e-01   1.22918591e-04   1.02412434e+00   1.03199926e+00
 4.08000000e+00   0.00000000e+00   1.00000000e+00   1.65033141e-01   5.85577200e-05   1.02077974e+00   1.03333954e+00
 4.09000000e+00   0.00000000e+00   1.00000000e+00   1.63461520e-01  -5.86645801e-06   1.01918131e+00   1.03455698e+00
 4.10000000e+00   0.00000000e+00   1.00000000e+00   1.61707975e-01  -4.89284127e-05   1.01942432e+00   1.03658075e+00
 4.11000000e+00   0.00000000e+00   1.00000000e+00   1.59707772e-01  -5.62998315e-05   1.02043045e+00   1.04021297e+00
 4.12000000e+00   0.00000000e+00   1.00000000e+00   1.57444551e-01  -2.54482836e-05   1.02044350e+00   1.04575936e+00
 4.13000000e+00   0.00000000e+00   1.00000000e+00   1.54968797e-01   3.35951935e-05   1.01792819e+00   1.05288558e+00
 4.14000000e+00   0.00000000e+00   1.00000000e+00   1.52384109e-01   1.01567403e-04   1.01230597e+00   1.06061030e+00
 4.15000000e+00   0.00000000e+00   1.00000000e+00   1.49809773e-01   1.56275064e-04   1.00414851e+00   1.06768464e+00
 4.16000000e+00   0.00000000e+00   1.00000000e+00   1.47340963e-01   1.79885319e-04   9.94924158e-01   1.07314541e+00
 4.17000000e+00   0.00000000e+00   1.00000000e+00   1.45026032e-01   1.64845140e-04   9.86205124e-01   1.07655942e+00
 4.18000000e+00   0.00000000e+00   1.00000000e+00   1.42866035e-01   1.16382236e-04   9.79163708e-01   1.07811750e+00
 4.19000000e+00   0.00000000e+00   1.00000000e+00   1.40826995e-01   5.07288262e-05   9.74385500e-01   1.07847860e+00
 4.20000000e+00   0.00000000e+00   1.00000000e+00   1.38852287e-01  -1.02758284e-05   9.71974373e-01   1.07849431e+00
 4.21000000e+00   0.00000000e+00   1.00000000e+00   1.36871725e-01  -4.63835190e-05   9.71670367e-01   1.07895894e+00
 4.22000000e+00   0.00000000e+00   1.00000000e+00   1.34813953e-01  -4.55764066e-05   9.72814695e-01   1.08048726e+00
 4.23000000e+00   0.00000000e+00   1.00000000e+00   1.32627418e-01  -8.01040031e-06   9.74270655e-01   1.08334337e+00
 4.24000000e+00   0.00000000e+00   1.00000000e+00   1.30303145e-01   5.40176756e-05   9.74659288e-01   1.08734282e+00
 4.25000000e+00   0.00000000e+00   1.00000000e+00   1.27882930e-01   1.20133478e-04   9.72902626e-01   1.09180623e+00
 4.26000000e+00   0.00000000e+00   1.00000000e+00   1.25441313e-01   1.68657718e-04   9.68864320e-01   1.09579124e+00
 4.27000000e+00   0.00000000e+00   1.00000000e+00   1.23046769e-01   1.83780730e-04   9.63485744e-01   1.09846282e+00
 4.28000000e+00   0.00000000e+00   1.00000000e+00   1.20723058e-01   1.60726999e-04   9.58370258e-01   1.09952385e+00
 4.29000000e+00   0.00000000e+00   1.00000000e+00   1.18432877e-01   1.07288041e-04   9.54968526e-01   1.09934684e+00
 4.30000000e+00   0.00000000e+00   1.00000000e+00   1.16092104e-01   4.12792041e-05   9.53914377e-01   1.09892461e+00
 4.31000000e+00   0.00000000e+00   1.00000000e+00   1.13604591e-01  -1.53225281e-05   9.54760988e-01   1.09940812e+00
 4.32000000e+00   0.00000000e+00   1.00000000e+00   1.10897433e-01  -4.36560904e-05   9.56311816e-01   1.10171015e+00
 4.33000000e+00   0.00000000e+00   1.00000000e+00   1.07940560e-01  -3.42126281e-05   9.57197259e-01   1.10616590e+00
 4.34000000e+00   0.00000000e+00   1.00000000e+00   1.04747777e-01   1.00621785e-05   9.56378844e-01   1.11255093e+00
 4.35000000e+00   0.00000000e+00   1.00000000e+00   1.01367849e-01   7.47933495e-05   9.53312360e-01   1.12019834e+00
 4.36000000e+00   0.00000000e+00   1.00000000e+00   9.78750646e-02   1.38917894e-04   9.47874124e-01   1.12822206e+00
 4.37000000e+00   0.00000000e+00   1.00000000e+00   9.43601289e-02   1.81590063e-04   9.40304084e-01   1.13568980e+00
 4.38000000e+00   0.00000000e+00   1.00000000e+00   9.09149915e-02   1.89033400e-04   9.31256805e-01   1.14182548e+00
 4.39000000e+00   0.00000000e+00   1.00000000e+00   8.76086873e-02   1.59104218e-04   9.21848979e-01   1.14621685e+00
 4.40000000e+00   0.00000000e+00   1.00000000e+00   8.44631692e-02   1.02013341e-04   9.13465736e-01   1.14903906e+00
 4.41000000e+00   0.00000000e+00   1.00000000e+00   8.14458459e-02   3.69291396e-05   9.07233951e-01   1.15103436e+00
 4.42000000e+00   0.00000000e+00   1.00000000e+00   7.84889743e-02  -1.44051000e-05   9.03429242e-01   1.15323601e+00
 4.43000000e+00   0.00000000e+00   1.00000000e+00   7.55286806e-02  -3.48623158e-05   9.01275484e-01   1.15652268e+00
 4.44000000e+00   0.00000000e+00   1.00000000e+00   7.25422427e-02  -1.75053258e-05   8.99320650e-01   1.16119393e+00
 4.45000000e+00   0.00000000e+00   1.00000000e+00   6.95628331e-02   3.21712260e-05   8.96170649e-01   1.16684549e+00
 4.46000000e+00   0.00000000e+00   1.00000000e+00   6.66655972e-02   9.80080925e-05   8.91135812e-01   1.17250597e+00
 4.47000000e+00   0.00000000e+00   1.00000000e+00   6.39359993e-02   1.58464026e-04   8.84455065e-01   1.17714043e+00
 4.48000000e+00   0.00000000e+00   1.00000000e+00   6.14390081e-02   1.93753922e-04   8.77020281e-01   1.17989152e+00
 4.49000000e+00   0.00000000e+00   1.00000000e+00   5.92022622e-02   1.92441501e-04   8.69947977e-01   1.18043771e+00
 4.50000000e+00   0.00000000e+00   1.00000000e+00   5.72141929e-02   1.55177993e-04   8.64178993e-01   1.17903565e+00
 4.51000000e+00   0.00000000e+00   1.00000000e+00   5.54296056e-02   9.44166412e-05   8.60330061e-01   1.17637280e+00
 4.52000000e+00   0.00000000e+00   1.00000000e+00   5.37764212e-02   3.03107823e-05   8.58702924e-01   1.17338044e+00
 4.53000000e+00   0.00000000e+00   1.00000000e+00   5.21649281e-02  -1.59064136e-05   8.59247364e-01   1.17105321e+00
 4.54000000e+00   0.00000000e+00   1.00000000e+00   5.05054438e-02  -2.89192766e-05   8.61409049e-01   1.17017551e+00
 4.55000000e+00   0.00000000e+00   1.00000000e+00   4.87348946e-02  -4.40579672e-06   8.64065832e-01   1.17112414e+00
 4.56000000e+00   0.00000000e+00   1.00000000e+00   4.68414349e-02   4.95614024e-05   8.65776029e-01   1.17368753e+00
 4.57000000e+00   0.00000000e+00   1.00000000e+00   4.48705875e-02   1.15248059e-04   8.65359669e-01   1.17711628e+00
 4.58000000e+00   0.00000000e+00   1.00000000e+00   4.29044098e-02   1.71123043e-04   8.62471662e-01   1.18033505e+00
 4.59000000e+00   0.00000000e+00   1.00000000e+00   4.10224186e-02   1.98908007e-04   8.57809312e-01   1.18243465e+00
 4.60000000e+00   0.00000000e+00   1.00000000e+00   3.92656710e-02   1.89577432e-04   8.52750799e-01   1.18302435e+00
 4.61000000e+00   0.00000000e+00   1.00000000e+00   3.76231644e-02   1.46361018e-04   8.48672568e-01   1.18240073e+00
 4.62000000e+00   0.00000000e+00   1.00000000e+00   3.60447956e-02   8.37055495e-05   8.46324346e-01   1.18136366e+00
 4.63000000e+00   0.00000000e+00   1.00000000e+00   3.44695064e-02   2.24587346e-05   8.45622281e-01   1.18088413e+00
 4.64000000e+00   0.00000000e+00   1.00000000e+00   3.28518836e-02  -1.70762934e-05   8.45862940e-01   1.18168921e+00
 4.65000000e+00   0.00000000e+00   1.00000000e+00   3.11768479e-02  -2.17886348e-05   8.46132204e-01   1.18408116e+00
 4.66000000e+00   0.00000000e+00   1.00000000e+00   2.94627648e-02   1.00036356e-05   8.45609506e-01   1.18785705e+00
 4.67000000e+00   0.00000000e+00   1.00000000e+00   2.77591518e-02   6.79917342e-05   8.43679836e-01   1.19240941e+00
 4.68000000e+00   0.00000000e+00   1.00000000e+00   2.61424422e-02   1.33215914e-04   8.39957070e-01   1.19685200e+00
 4.69000000e+00   0.00000000e+00   1.00000000e+00   2.47065998e-02   1.84266324e-04   8.34368500e-01   1.20020033e+00
 4.70000000e+00   0.00000000e+00   1.00000000e+00   2.35434588e-02   2.04388523e-04   8.27345962e-01   1.20163670e+00
 4.71000000e+00   0.00000000e+00   1.00000000e+00   2.27145290e-02   1.87061866e-04   8.19932021e-01   1.20076012e+00
 4.72000000e+00   0.00000000e+00   1.00000000e+00   2.22266421e-02   1.38096392e-04   8.13569555e-01   1.19782350e+00
 4.73000000e+00   0.00000000e+00   1.00000000e+00   2.20275476e-02   7.37193685e-05   8.09530054e-01   1.19366582e+00
 4.74000000e+00   0.00000000e+00   1.00000000e+00   2.20281264e-02   1.51954242e-05   8.08271054e-01   1.18938840e+00
 4.75000000e+00   0.00000000e+00   1.00000000e+00   2.21412045e-02  -1.82239721e-05   8.09184511e-01   1.18592260e+00
 4.76000000e+00   0.00000000e+00   1.00000000e+00   2.23160296e-02  -1.56070219e-05   8.10937412e-01   1.18366971e+00
 4.77000000e+00   0.00000000e+00   1.00000000e+00   2.25510207e-02   2.20716132e-05   8.12160237e-01   1.18243089e+00
 4.78000000e+00   0.00000000e+00   1.00000000e+00   2.28821485e-02   8.22388198e-05   8.12050827e-01   1.18154840e+00
 4.79000000e+00   0.00000000e+00   1.00000000e+00   2.33582705e-02   1.44898377e-04   8.10570139e-01   1.18021481e+00
 4.80000000e+00   0.00000000e+00   1.00000000e+00   2.40182285e-02   1.89267140e-04   8.08248756e-01   1.17774812e+00
 4.81000000e+00   0.00000000e+00   1.00000000e+00   2.48776175e-02   2.00606553e-04   8.05865081e-01   1.17382915e+00
 4.82000000e+00   0.00000000e+00   1.00000000e+00   2.59239730e-02   1.75078369e-04   8.04196844e-01   1.16858855e+00
 4.83000000e+00   0.00000000e+00   1.00000000e+00   2.71157162e-02   1.21024148e-04   8.03908275e-01   1.16254382e+00
 4.84000000e+00   0.00000000e+00   1.00000000e+00   2.83839631e-02   5.61817317e-05   8.05472634e-01   1.15649034e+00
 4.85000000e+00   0.00000000e+00   1.00000000e+00   2.96418206e-02   1.81253461e-06   8.08980001e-01   1.15134381e+00
 4.86000000e+00   0.00000000e+00   1.00000000e+00   3.08055248e-02  -2.43051676e-05   8.13909060e-01   1.14778948e+00
 4.87000000e+00   0.00000000e+00   1.00000000e+00   3.18235945e-02  -1.37285044e-05   8.19110863e-01   1.14618101e+00
 4.88000000e+00   0.00000000e+00   1.00000000e+00   3.27003268e-02   2.98936807e-05   8.23114540e-01   1.14628673e+00
 4.89000000e+00   0.00000000e+00   1.00000000e+00   3.34982919e-02   9.20498814e-05   8.24757557e-01   1.14735047e+00
 4.90000000e+00   0.00000000e+00   1.00000000e+00   3.43149700e-02   1.52146086e-04   8.23730211e-01   1.14835449e+00
 4.91000000e+00   0.00000000e+00   1.00000000e+00   3.52445675e-02   1.90290408e-04   8.20718844e-01   1.14837522e+00
 4.92000000e+00   0.00000000e+00   1.00000000e+00   3.63451715e-02   1.93863245e-04   8.17049898e-01   1.14694894e+00
 4.93000000e+00   0.00000000e+00   1.00000000e+00   3.76267365e-02   1.61678019e-04   8.14054928e-01   1.14416571e+00
 4.94000000e+00   0.00000000e+00   1.00000000e+00   3.90612183e-02   1.04347227e-04   8.12547346e-01   1.14058528e+00
 4.95000000e+00   0.00000000e+00   1.00000000e+00   4.06039684e-02   4.07488072e-05   8.12659408e-01   1.13695027e+00
 4.96000000e+00   0.00000000e+00   1.00000000e+00   4.22136035e-02  -8.22597229e-06   8.14011935e-01   1.13391309e+00
 4.97000000e+00   0.00000000e+00   1.00000000e+00   4.38645362e-02  -2.65689023e-05   8.15975185e-01   1.13183589e+00
 4.98000000e+00   0.00000000e+00   1.00000000e+00   4.55539243e-02  -8.41223952e-06   8.17844149e-01   1.13069552e+00
 4.99000000e+00   0.00000000e+00   1.00000000e+00   4.73061505e-02   4.00590310e-05   8.18935477e-01   1.13012085e+00
 5.00000000e+00   0.00000000e+00   1.00000000e+00   4.91733516e-02   1.02664274e-04   8.18713683e-01   1.12945199e+00