  Time  Coordinate0  Coordinate1  Displacement0  Displacement1  Force0  Force1
 0.00000000e+00   0.00000000e+00   1.00000000e+00   0.00000000e+00   0.00000000e+00   0.00000000e+00   0.00000000e+00
 1.00000000e-02   0.00000000e+00   1.00000000e+00   2.56161651e-04   2.95653018e-06   1.12839892e-01  -2.54056783e+00
 2.00000000e-02   0.00000000e+00   1.00000000e+00   9.94851153e-04   3.83603664e-05   2.41130144e+00   6.38964394e+00
 3.00000000e-02   0.00000000e+00   1.00000000e+00   2.08835969e-03   1.05030989e-04   9.61373322e-01   1.82490134e+00
 4.00000000e-02   0.00000000e+00   1.00000000e+00   3.38703654e-03   1.79044889e-04   1.13208024e+00   3.43632017e+00
 5.00000000e-02   0.00000000e+00   1.00000000e+00   4.80047642e-03   2.35423449e-04   8.14135364e-01   2.17969642e+00
 6.00000000e-02   0.00000000e+00   1.00000000e+00   6.24829177e-03   2.67380662e-04   9.10479196e-01   2.66185563e+00
 7.00000000e-02   0.00000000e+00   1.00000000e+00   7.72906683e-03   2.62345248e-04   7.78046535e-01   2.18545827e+00
 8.00000000e-02   0.00000000e+00   1.00000000e+00   9.41555725e-03   2.09091463e-04   8.06987510e-01   2.33879808e+00
 9.00000000e-02   0.00000000e+00   1.00000000e+00   1.16634984e-02   1.18535607e-04   7.45397664e-01   2.12439495e+00
 1.00000000e-01   0.00000000e+00   1.00000000e+00   1.46930910e-02   2.65455060e-05   7.59330721e-01   2.16460654e+00
 1.10000000e-01   0.00000000e+00   1.00000000e+00   1.82754756e-02  -2.83962882e-05   7.41473095e-01   2.05520201e+00
 1.20000000e-01   0.00000000e+00   1.00000000e+00   2.19698936e-02  -3.42899201e-05   7.59498254e-01   2.05583264e+00
 1.30000000e-01   0.00000000e+00   1.00000000e+00   2.56443355e-02  -1.42139317e-06   7.57312361e-01   1.99531391e+00
 1.40000000e-01   0.00000000e+00   1.00000000e+00   2.94548175e-02   5.87722877e-05   7.69810141e-01   1.98669039e+00
 1.50000000e-01   0.00000000e+00   1.00000000e+00   3.33761274e-02   1.39132995e-04   7.75220021e-01   1.95374220e+00
 1.60000000e-01   0.00000000e+00   1.00000000e+00   3.71918545e-02   2.14053044e-04   7.88388624e-01   1.94470893e+00
 1.70000000e-01   0.00000000e+00   1.00000000e+00   4.08533192e-02   2.44147662e-04   7.94657703e-01   1.92479953e+00
 1.80000000e-01   0.00000000e+00   1.00000000e+00   4.44532139e-02   2.15303669e-04   8.01857977e-01   1.91476962e+00
 1.90000000e-01   0.00000000e+00   1.00000000e+00   4.80396463e-02   1.48706745e-04   8.05235670e-01   1.89700353e+00
 2.00000000e-01   0.00000000e+00   1.00000000e+00   5.16904461e-02   7.08303062e-05   8.09430790e-01   1.88230413e+00
 2.10000000e-01   0.00000000e+00   1.00000000e+00   5.55200605e-02  -2.95312814e-06   8.13953852e-01   1.86580629e+00
 2.20000000e-01   0.00000000e+00   1.00000000e+00   5.95480596e-02  -5.49340878e-05   8.22680085e-01   1.85340557e+00
 2.30000000e-01   0.00000000e+00   1.00000000e+00   6.37043182e-02  -6.26957587e-05   8.34294752e-01   1.84121973e+00
 2.40000000e-01   0.00000000e+00   1.00000000e+00   6.78228003e-02  -1.67415485e-05   8.48612595e-01   1.83171574e+00
 2.50000000e-01   0.00000000e+00   1.00000000e+00   7.16170439e-02   6.53410113e-05   8.61990010e-01   1.82320609e+00
 2.60000000e-01   0.00000000e+00   1.00000000e+00   7.49215189e-02   1.47165381e-04   8.70141236e-01   1.81598957e+00
 2.70000000e-01   0.00000000e+00   1.00000000e+00   7.79156229e-02   2.00081668e-04   8.71179207e-01   1.80850049e+00
 2.80000000e-01   0.00000000e+00   1.00000000e+00   8.09338543e-02   2.16096513e-04   8.68943163e-01   1.80123481e+00
 2.90000000e-01   0.00000000e+00   1.00000000e+00   8.41365192e-02   1.93433388e-04   8.67861852e-01   1.79417861e+00
 3.00000000e-01   0.00000000e+00   1.00000000e+00   8.74600210e-02   1.29597868e-04   8.68970602e-01   1.78674013e+00
 3.10000000e-01   0.00000000e+00   1.00000000e+00   9.08476527e-02   4.01392395e-05   8.70242843e-01   1.77726064e+00
 3.20000000e-01   0.00000000e+00   1.00000000e+00   9.44198688e-02  -3.74241545e-05   8.71500027e-01   1.76608907e+00
 3.30000000e-01   0.00000000e+00   1.00000000e+00   9.83271305e-02  -7.18001794e-05   8.75787064e-01   1.75578071e+00
 3.40000000e-01   0.00000000e+00   1.00000000e+00   1.02522477e-01  -5.79791788e-05   8.85549630e-01   1.74839377e+00
 3.50000000e-01   0.00000000e+00   1.00000000e+00   1.06809564e-01  -7.60031727e-06   8.99496422e-01   1.74369589e+00
 3.60000000e-01   0.00000000e+00   1.00000000e+00   1.11042431e-01   6.55000813e-05   9.14590030e-01   1.74073456e+00
 3.70000000e-01   0.00000000e+00   1.00000000e+00   1.15160997e-01   1.43954261e-04   9.28729653e-01   1.73861711e+00
 3.80000000e-01   0.00000000e+00   1.00000000e+00   1.19112241e-01   2.01092593e-04   9.40405524e-01   1.73647180e+00
 3.90000000e-01   0.00000000e+00   1.00000000e+00   1.22904842e-01   2.10511041e-04   9.48578223e-01   1.73345627e+00
 4.00000000e-01   0.00000000e+00   1.00000000e+00   1.26721784e-01   1.66773608e-04   9.54317314e-01   1.72950413e+00
 4.10000000e-01   0.00000000e+00   1.00000000e+00   1.30811350e-01   9.09597610e-05   9.61596463e-01   1.72527778e+00
 4.20000000e-01   0.00000000e+00   1.00000000e+00   1.35238509e-01   1.19149393e-05   9.74228759e-01   1.72124105e+00
 4.30000000e-01   0.00000000e+00   1.00000000e+00   1.39825574e-01  -5.08471685e-05   9.92607302e-01   1.71750144e+00
 4.40000000e-01   0.00000000e+00   1.00000000e+00   1.44314030e-01  -8.26938978e-05   1.01383197e+00   1.71411057e+00
 4.50000000e-01   0.00000000e+00   1.00000000e+00   1.48543659e-01  -6.85107120e-05   1.03437109e+00   1.71119865e+00
 4.60000000e-01   0.00000000e+00   1.00000000e+00   1.52511586e-01  -6.88953084e-06   1.05272518e+00   1.70945679e+00
 4.70000000e-01   0.00000000e+00   1.00000000e+00   1.56258405e-01   7.81655826e-05   1.06996215e+00   1.71004662e+00
 4.80000000e-01   0.00000000e+00   1.00000000e+00   1.59703986e-01   1.51742810e-04   1.08660380e+00   1.71287904e+00
 4.90000000e-01   0.00000000e+00   1.00000000e+00   1.62695057e-01   1.90673052e-04   1.09972413e+00   1.71573708e+00
 5.00000000e-01   0.00000000e+00   1.00000000e+00   1.65231003e-01   1.88190245e-04   1.10574794e+00   1.71626354e+00
 5.10000000e-01   0.00000000e+00   1.00000000e+00   1.67515137e-01   1.45787051e-04   1.10559346e+00   1.71435700e+00
 5.20000000e-01   0.00000000e+00   1.00000000e+00   1.69759083e-01   7.16777145e-05   1.10402588e+00   1.71174183e+00
 5.30000000e-01   0.00000000e+00   1.00000000e+00   1.72048782e-01  -1.25368138e-05   1.10478947e+00   1.70934957e+00
 5.40000000e-01   0.00000000e+00   1.00000000e+00   1.74389525e-01  -7.42912765e-05   1.10903094e+00   1.70727284e+00
 5.50000000e-01   0.00000000e+00   1.00000000e+00   1.76734988e-01  -8.90638761e-05   1.11677635e+00   1.70606900e+00
 5.60000000e-01   0.00000000e+00   1.00000000e+00   1.78940566e-01  -5.60497876e-05   1.12690970e+00   1.70655007e+00
 5.70000000e-01   0.00000000e+00   1.00000000e+00   1.80806239e-01   8.36076119e-06   1.13604576e+00   1.70831483e+00
 5.80000000e-01   0.00000000e+00   1.00000000e+00   1.82249014e-01   8.54122880e-05   1.14033643e+00   1.71023979e+00
 5.90000000e-01   0.00000000e+00   1.00000000e+00   1.83405659e-01   1.55415411e-04   1.13913892e+00   1.71190239e+00
 6.00000000e-01   0.00000000e+00   1.00000000e+00   1.84511291e-01   1.94109982e-04   1.13576763e+00   1.71391222e+00
 6.10000000e-01   0.00000000e+00   1.00000000e+00   1.85688743e-01   1.82973352e-04   1.13365906e+00   1.71621614e+00
 6.20000000e-01   0.00000000e+00   1.00000000e+00   1.86910440e-01   1.25201460e-04   1.13329567e+00   1.71746268e+00
 6.30000000e-01   0.00000000e+00   1.00000000e+00   1.88151318e-01   4.50115550e-05   1.13348033e+00   1.71661390e+00
 6.40000000e-01   0.00000000e+00   1.00000000e+00   1.89492185e-01  -2.92630054e-05   1.13450106e+00   1.71415778e+00
 6.50000000e-01   0.00000000e+00   1.00000000e+00   1.91035270e-01  -7.75641082e-05   1.13905119e+00   1.71202202e+00
 6.60000000e-01   0.00000000e+00   1.00000000e+00   1.92754842e-01  -8.73549053e-05   1.14970651e+00   1.71194146e+00
 6.70000000e-01   0.00000000e+00   1.00000000e+00   1.94459765e-01  -5.23227380e-05   1.16590925e+00   1.71433346e+00
 6.80000000e-01   0.00000000e+00   1.00000000e+00   1.95905968e-01   2.00407290e-05   1.18344091e+00   1.71828112e+00
 6.90000000e-01   0.00000000e+00   1.00000000e+00   1.96948373e-01   1.03631340e-04   1.19730518e+00   1.72252228e+00
 7.00000000e-01   0.00000000e+00   1.00000000e+00   1.97589642e-01   1.65894376e-04   1.20518481e+00   1.72626466e+00
 7.10000000e-01   0.00000000e+00   1.00000000e+00   1.97919959e-01   1.87013863e-04   1.20796245e+00   1.72931638e+00
 7.20000000e-01   0.00000000e+00   1.00000000e+00   1.98065565e-01   1.65063210e-04   1.20780900e+00   1.73147890e+00
 7.30000000e-01   0.00000000e+00   1.00000000e+00   1.98166969e-01   1.07876341e-04   1.20727194e+00   1.73264769e+00
 7.40000000e-01   0.00000000e+00   1.00000000e+00   1.98297692e-01   2.97062359e-05   1.20902982e+00   1.73326981e+00
 7.50000000e-01   0.00000000e+00   1.00000000e+00   1.98370573e-01  -4.53275442e-05   1.21403914e+00   1.73383395e+00
 7.60000000e-01   0.00000000e+00   1.00000000e+00   1.98197544e-01  -8.86223846e-05   1.22017146e+00   1.73444368e+00
 7.70000000e-01   0.00000000e+00   1.00000000e+00   1.97669112e-01  -8.32795709e-05   1.22434094e+00   1.73526187e+00
 7.80000000e-01   0.00000000e+00   1.00000000e+00   1.96812634e-01  -3.39491144e-05   1.22591613e+00   1.73722308e+00
 7.90000000e-01   0.00000000e+00   1.00000000e+00   1.95659825e-01   3.97323312e-05   1.22621257e+00   1.74130352e+00
 8.00000000e-01   0.00000000e+00   1.00000000e+00   1.94139124e-01   1.15316678e-04   1.22489068e+00   1.74705701e+00
 8.10000000e-01   0.00000000e+00   1.00000000e+00   1.92156596e-01   1.71859256e-04   1.21897811e+00   1.75268874e+00
 8.20000000e-01   0.00000000e+00   1.00000000e+00   1.89753290e-01   1.90256115e-04   1.20609570e+00   1.75647430e+00
 8.30000000e-01   0.00000000e+00   1.00000000e+00   1.87138418e-01   1.60686171e-04   1.18765786e+00   1.75785219e+00
 8.40000000e-01   0.00000000e+00   1.00000000e+00   1.84564796e-01   9.27273635e-05   1.16831174e+00   1.75757131e+00
 8.50000000e-01   0.00000000e+00   1.00000000e+00   1.82181300e-01   1.28574750e-05   1.15259883e+00   1.75677170e+00
 8.60000000e-01   0.00000000e+00   1.00000000e+00   1.79986541e-01  -5.09504514e-05   1.14243781e+00   1.75635243e+00
 8.70000000e-01   0.00000000e+00   1.00000000e+00   1.77878023e-01  -8.07944939e-05   1.13690686e+00   1.75662947e+00
 8.80000000e-01   0.00000000e+00   1.00000000e+00   1.75718395e-01  -6.89175830e-05   1.13364641e+00   1.75766294e+00
 8.90000000e-01   0.00000000e+00   1.00000000e+00   1.73387252e-01  -1.65614976e-05   1.13020705e+00   1.75953123e+00
 9.00000000e-01   0.00000000e+00   1.00000000e+00   1.70835083e-01   6.19781363e-05   1.12478321e+00   1.76228960e+00
 9.10000000e-01   0.00000000e+00   1.00000000e+00   1.68118552e-01   1.39406277e-04   1.11686953e+00   1.76572726e+00
 9.20000000e-01   0.00000000e+00   1.00000000e+00   1.65360237e-01   1.87279209e-04   1.10751101e+00   1.76924916e+00
 9.30000000e-01   0.00000000e+00   1.00000000e+00   1.62645408e-01   1.90638541e-04   1.09834650e+00   1.77212746e+00
 9.40000000e-01   0.00000000e+00   1.00000000e+00   1.59970206e-01   1.51803581e-04   1.08997036e+00   1.77362037e+00
 9.50000000e-01   0.00000000e+00   1.00000000e+00   1.57314618e-01   8.41401250e-05   1.08190660e+00   1.77327947e+00
 9.60000000e-01   0.00000000e+00   1.00000000e+00   1.54736531e-01   7.13420259e-06   1.07427079e+00   1.77125709e+00
 9.70000000e-01   0.00000000e+00   1.00000000e+00   1.52326008e-01  -5.47999955e-05   1.06932375e+00   1.76906317e+00
 9.80000000e-01   0.00000000e+00   1.00000000e+00   1.50052216e-01  -7.84413293e-05   1.06920464e+00   1.76837846e+00
 9.90000000e-01   0.00000000e+00   1.00000000e+00   1.47709228e-01  -5.40657160e-05   1.07303495e+00   1.76996699e+00
 1.00000000e+00   0.00000000e+00   1.00000000e+00   1.45045874e-01   8.28159313e-06   1.07665839e+00   1.77325349e+00
 1.01000000e+00   0.00000000e+00   1.00000000e+00   1.41930414e-01   8.58614101e-05   1.07571895e+00   1.77702123e+00
 1.02000000e+00   0.00000000e+00   1.00000000e+00   1.38392263e-01   1.54690964e-04   1.06852936e+00   1.78032979e+00
 1.03000000e+00   0.00000000e+00   1.00000000e+00   1.34557944e-01   1.94931329e-04   1.05620051e+00   1.78290991e+00
 1.04000000e+00   0.00000000e+00   1.00000000e+00   1.30578121e-01   1.93020360e-04   1.04109035e+00   1.78455026e+00
 1.05000000e+00   0.00000000e+00   1.00000000e+00   1.26578323e-01   1.47291712e-04   1.02544905e+00   1.78506977e+00
 1.06000000e+00   0.00000000e+00   1.00000000e+00   1.22619525e-01   7.29915993e-05   1.01071988e+00   1.78411902e+00
 1.07000000e+00   0.00000000e+00   1.00000000e+00   1.18682354e-01  -2.57770835e-06   9.97414591e-01   1.78186115e+00
 1.08000000e+00   0.00000000e+00   1.00000000e+00   1.14703005e-01  -5.33180962e-05   9.85145212e-01   1.77906033e+00
 1.09000000e+00   0.00000000e+00   1.00000000e+00   1.10640171e-01  -6.43369011e-05   9.73263746e-01   1.77674684e+00
 1.10000000e+00   0.00000000e+00   1.00000000e+00   1.06501519e-01  -3.30956076e-05   9.61548176e-01   1.77577026e+00
 1.11000000e+00   0.00000000e+00   1.00000000e+00   1.02294297e-01   3.21580989e-05   9.50052145e-01   1.77642103e+00
 1.12000000e+00   0.00000000e+00   1.00000000e+00   9.79700972e-02   1.12081406e-04   9.38233760e-01   1.77825866e+00
 1.13000000e+00   0.00000000e+00   1.00000000e+00   9.34660521e-02   1.79496271e-04   9.24542891e-01   1.78008828e+00
 1.14000000e+00   0.00000000e+00   1.00000000e+00   8.88243675e-02   2.10506381e-04   9.07650867e-01   1.78045670e+00
 1.15000000e+00   0.00000000e+00   1.00000000e+00   8.42436903e-02   1.95941736e-04   8.88286855e-01   1.77856207e+00
 1.16000000e+00   0.00000000e+00   1.00000000e+00   7.99735211e-02   1.43202115e-04   8.69338025e-01   1.77486232e+00
 1.17000000e+00   0.00000000e+00   1.00000000e+00   7.61496209e-02   7.00567874e-05   8.53927814e-01   1.77038429e+00
 1.18000000e+00   0.00000000e+00   1.00000000e+00   7.27337639e-02  -1.13128295e-06   8.43423255e-01   1.76581998e+00
 1.19000000e+00   0.00000000e+00   1.00000000e+00   6.95860498e-02  -4.72281538e-05   8.37108762e-01   1.76149981e+00
 1.20000000e+00   0.00000000e+00   1.00000000e+00   6.65619117e-02  -5.10448877e-05   8.33257340e-01   1.75782922e+00
 1.21000000e+00   0.00000000e+00   1.00000000e+00   6.35554860e-02  -1.00880909e-05   8.30267117e-01   1.75536181e+00
 1.22000000e+00   0.00000000e+00   1.00000000e+00   6.05105377e-02   6.08903415e-05   8.27006999e-01   1.75449662e+00
 1.23000000e+00   0.00000000e+00   1.00000000e+00   5.74273914e-02   1.37278204e-04   8.22807521e-01   1.75499831e+00
 1.24000000e+00   0.00000000e+00   1.00000000e+00   5.43450177e-02   1.95102933e-04   8.17498432e-01   1.75594023e+00
 1.25000000e+00   0.00000000e+00   1.00000000e+00   5.12966838e-02   2.17138212e-04   8.11258815e-01   1.75612021e+00
 1.26000000e+00   0.00000000e+00   1.00000000e+00   4.82935535e-02   1.95769986e-04   8.04287979e-01   1.75464278e+00
 1.27000000e+00   0.00000000e+00   1.00000000e+00   4.53627840e-02   1.36517058e-04   7.96786198e-01   1.75119926e+00
 1.28000000e+00   0.00000000e+00   1.00000000e+00   4.25778011e-02   5.92170726e-05   7.89412536e-01   1.74629258e+00
 1.29000000e+00   0.00000000e+00   1.00000000e+00   4.00086851e-02  -8.74388708e-06   7.83446702e-01   1.74104253e+00
 1.30000000e+00   0.00000000e+00   1.00000000e+00   3.76228109e-02  -4.44505597e-05   7.80053893e-01   1.73662175e+00
 1.31000000e+00   0.00000000e+00   1.00000000e+00   3.52504496e-02  -3.75759331e-05   7.79036840e-01   1.73370364e+00
 1.32000000e+00   0.00000000e+00   1.00000000e+00   3.26789224e-02   8.96277491e-06   7.78361411e-01   1.73214909e+00
 1.33000000e+00   0.00000000e+00   1.00000000e+00   2.98001626e-02   8.12824907e-05   7.75363483e-01   1.73128039e+00
 1.34000000e+00   0.00000000e+00   1.00000000e+00   2.66742226e-02   1.56886203e-04   7.68647645e-01   1.73044753e+00
 1.35000000e+00   0.00000000e+00   1.00000000e+00   2.34644830e-02   2.10210783e-04   7.58768542e-01   1.72929604e+00
 1.36000000e+00   0.00000000e+00   1.00000000e+00   2.03319844e-02   2.22672535e-04   7.47312807e-01   1.72742115e+00
 1.37000000e+00   0.00000000e+00   1.00000000e+00   1.73853472e-02   1.91016915e-04   7.35706055e-01   1.72418074e+00
 1.38000000e+00   0.00000000e+00   1.00000000e+00   1.46868570e-02   1.27378715e-04   7.24817336e-01   1.71912609e+00
 1.39000000e+00   0.00000000e+00   1.00000000e+00   1.22642237e-02   5.28281622e-05   7.15196750e-01   1.71246800e+00
 1.40000000e+00   0.00000000e+00   1.00000000e+00   1.01157231e-02  -9.26279882e-06   7.07241980e-01   1.70512203e+00
 1.41000000e+00   0.00000000e+00   1.00000000e+00   8.22403945e-03  -3.84689450e-05   7.01099848e-01   1.69835509e+00
 1.42000000e+00   0.00000000e+00   1.00000000e+00   6.56493343e-03  -2.36900507e-05   6.96633519e-01   1.69323639e+00
 1.43000000e+00   0.00000000e+00   1.00000000e+00   5.09004988e-03   3.08978464e-05   6.93508362e-01   1.69012863e+00
 1.44000000e+00   0.00000000e+00   1.00000000e+00   3.71624582e-03   1.06245662e-04   6.91102782e-01   1.68848409e+00
 1.45000000e+00   0.00000000e+00   1.00000000e+00   2.37462687e-03   1.76693904e-04   6.88366706e-01   1.68727143e+00
 1.46000000e+00   0.00000000e+00   1.00000000e+00   1.09698126e-03   2.19959720e-04   6.84209488e-01   1.68549710e+00
 1.47000000e+00   0.00000000e+00   1.00000000e+00   4.03751305e-05   2.22988114e-04   6.78412543e-01   1.68273460e+00
 1.48000000e+00   0.00000000e+00   1.00000000e+00  -6.04122620e-04   1.84331901e-04   6.72174258e-01   1.67900961e+00
 1.49000000e+00   0.00000000e+00   1.00000000e+00  -7.46047947e-04   1.15502346e-04   6.67599211e-01   1.67452084e+00
 1.50000000e+00   0.00000000e+00   1.00000000e+00  -4.50818234e-04   3.92564012e-05   6.66320354e-01   1.66945887e+00
 1.51000000e+00   0.00000000e+00   1.00000000e+00   1.21019018e-04  -1.81766365e-05   6.68416611e-01   1.66433775e+00
 1.52000000e+00   0.00000000e+00   1.00000000e+00   8.14324633e-04  -3.78277014e-05   6.72669664e-01   1.65988831e+00
 1.53000000e+00   0.00000000e+00   1.00000000e+00   1.52995025e-03  -1.45375360e-05   6.77671157e-01   1.65683738e+00
 1.54000000e+00   0.00000000e+00   1.00000000e+00   2.21381917e-03   4.33357243e-05   6.82513475e-01   1.65557089e+00
 1.55000000e+00   0.00000000e+00   1.00000000e+00   2.83397611e-03   1.17549912e-04   6.86622920e-01   1.65583026e+00
 1.56000000e+00   0.00000000e+00   1.00000000e+00   3.37867312e-03   1.84299562e-04   6.89443548e-01   1.65672323e+00
 1.57000000e+00   0.00000000e+00   1.00000000e+00   3.86504469e-03   2.20743466e-04   6.90530170e-01   1.65705367e+00
 1.58000000e+00   0.00000000e+00   1.00000000e+00   4.34310254e-03   2.13817433e-04   6.89838800e-01   1.65585869e+00
 1.59000000e+00   0.00000000e+00   1.00000000e+00   4.89600415e-03   1.66196097e-04   6.87854708e-01   1.65285215e+00
 1.60000000e+00   0.00000000e+00   1.00000000e+00   5.62675578e-03   9.46156714e-05   6.85508501e-01   1.64854330e+00
 1.61000000e+00   0.00000000e+00   1.00000000e+00   6.60858810e-03   2.24888959e-05   6.84057540e-01   1.64387786e+00
 1.62000000e+00   0.00000000e+00   1.00000000e+00   7.81633067e-03  -2.75749973e-05   6.84615074e-01   1.63966892e+00
 1.63000000e+00   0.00000000e+00   1.00000000e+00   9.11137939e-03  -3.93635406e-05   6.87339969e-01   1.63632415e+00
 1.64000000e+00   0.00000000e+00   1.00000000e+00   1.03251666e-02  -8.13722508e-06   6.90923315e-01   1.63394144e+00
 1.65000000e+00   0.00000000e+00   1.00000000e+00   1.13815547e-02   5.61217055e-05   6.93336731e-01   1.63246184e+00
 1.66000000e+00   0.00000000e+00   1.00000000e+00   1.23470615e-02   1.31314153e-04   6.93276379e-01   1.63172849e+00
 1.67000000e+00   0.00000000e+00   1.00000000e+00   1.33721986e-02   1.91949818e-04   6.90950166e-01   1.63142300e+00
 1.68000000e+00   0.00000000e+00   1.00000000e+00   1.45960239e-02   2.18617268e-04   6.87561221e-01   1.63092903e+00
 1.69000000e+00   0.00000000e+00   1.00000000e+00   1.61012915e-02   2.03264236e-04   6.84340661e-01   1.62954938e+00
 1.70000000e+00   0.00000000e+00   1.00000000e+00   1.79306438e-02   1.50477226e-04   6.82048682e-01   1.62682845e+00
 1.71000000e+00   0.00000000e+00   1.00000000e+00   2.01120675e-02   7.66422267e-05   6.81190287e-01   1.62288357e+00
 1.72000000e+00   0.00000000e+00   1.00000000e+00   2.26561242e-02   6.05675805e-06   6.82380678e-01   1.61851118e+00
 1.73000000e+00   0.00000000e+00   1.00000000e+00   2.55349401e-02  -3.73290739e-05   6.86233370e-01   1.61488504e+00
 1.74000000e+00   0.00000000e+00   1.00000000e+00   2.86699815e-02  -3.93560234e-05   6.92943717e-01   1.61298960e+00
 1.75000000e+00   0.00000000e+00   1.00000000e+00   3.19413103e-02  -5.08332611e-07   7.01941990e-01   1.61301590e+00
 1.76000000e+00   0.00000000e+00   1.00000000e+00   3.52205663e-02   6.56925071e-05   7.11909829e-01   1.61442325e+00
 1.77000000e+00   0.00000000e+00   1.00000000e+00   3.84258200e-02   1.37758029e-04   7.21184925e-01   1.61629768e+00
 1.78000000e+00   0.00000000e+00   1.00000000e+00   4.15744919e-02   1.92145749e-04   7.28568462e-01   1.61795494e+00
 1.79000000e+00   0.00000000e+00   1.00000000e+00   4.47847767e-02   2.10132338e-04   7.34128061e-01   1.61910444e+00
 1.80000000e+00   0.00000000e+00   1.00000000e+00   4.81991079e-02   1.84874834e-04   7.39347182e-01   1.61969753e+00
 1.81000000e+00   0.00000000e+00   1.00000000e+00   5.18779547e-02   1.24757163e-04   7.46225841e-01   1.61965359e+00
 1.82000000e+00   0.00000000e+00   1.00000000e+00   5.57550573e-02   5.00268951e-05   7.55904985e-01   1.61895208e+00
 1.83000000e+00   0.00000000e+00   1.00000000e+00   5.96897862e-02  -1.51319786e-05   7.67974502e-01   1.61786087e+00
 1.84000000e+00   0.00000000e+00   1.00000000e+00   6.35553487e-02  -5.03321222e-05   7.81084360e-01   1.61698070e+00
 1.85000000e+00   0.00000000e+00   1.00000000e+00   6.72789663e-02  -4.43967257e-05   7.93994230e-01   1.61707492e+00
 1.86000000e+00   0.00000000e+00   1.00000000e+00   7.08212733e-02   1.10407417e-06   8.06024262e-01   1.61859132e+00
 1.87000000e+00   0.00000000e+00   1.00000000e+00   7.41493471e-02   7.11587993e-05   8.16612376e-01   1.62140324e+00
 1.88000000e+00   0.00000000e+00   1.00000000e+00   7.72454815e-02   1.41804448e-04   8.24913928e-01   1.62465865e+00
 1.89000000e+00   0.00000000e+00   1.00000000e+00   8.01382234e-02   1.89075889e-04   8.30205769e-01   1.62732155e+00
 1.90000000e+00   0.00000000e+00   1.00000000e+00   8.29180338e-02   1.97641928e-04   8.32554123e-01   1.62861573e+00
 1.91000000e+00   0.00000000e+00   1.00000000e+00   8.57191632e-02   1.65071611e-04   8.33159502e-01   1.62851208e+00
 1.92000000e+00   0.00000000e+00   1.00000000e+00   8.86731807e-02   1.01721764e-04   8.33983509e-01   1.62752716e+00
 1.93000000e+00   0.00000000e+00   1.00000000e+00   9.18508281e-02   2.77806970e-05   8.36987265e-01   1.62640637e+00
 1.94000000e+00   0.00000000e+00   1.00000000e+00   9.52204936e-02  -3.24436783e-05   8.43229808e-01   1.62570673e+00
 1.95000000e+00   0.00000000e+00   1.00000000e+00   9.86589344e-02  -5.87502469e-05   8.52285115e-01   1.62571551e+00
 1.96000000e+00   0.00000000e+00   1.00000000e+00   1.02024526e-01  -4.26735955e-05   8.62363169e-01   1.62652244e+00
 1.97000000e+00   0.00000000e+00   1.00000000e+00   1.05248278e-01   9.68959928e-06   8.71443737e-01   1.62809747e+00
 1.98000000e+00   0.00000000e+00   1.00000000e+00   1.08370271e-01   8.06530815e-05   8.78601692e-01   1.63041601e+00
 1.99000000e+00   0.00000000e+00   1.00000000e+00   1.11494276e-01   1.47076368e-04   8.84392386e-01   1.63333368e+00
 2.00000000e+00   0.00000000e+00   1.00000000e+00   1.14711386e-01   1.87159036e-04   8.90058942e-01   1.63639483e+00
 2.01000000e+00   0.00000000e+00   1.00000000e+00   1.18065405e-01   1.87106169e-04   8.96523299e-01   1.63886279e+00
 2.02000000e+00   0.00000000e+00   1.00000000e+00   1.21573923e-01   1.46322912e-04   9.04187632e-01   1.64005221e+00
 2.03000000e+00   0.00000000e+00   1.00000000e+00   1.25254674e-01   7.82909258e-05   9.13546060e-01   1.64013807e+00
 2.04000000e+00   0.00000000e+00   1.00000000e+00   1.29112751e-01   5.66999213e-06   9.25458949e-01   1.63981368e+00
 2.05000000e+00   0.00000000e+00   1.00000000e+00   1.33102074e-01  -4.79734904e-05   9.40890948e-01   1.64026645e+00
 2.06000000e+00   0.00000000e+00   1.00000000e+00   1.37107158e-01  -6.57227435e-05   9.59635482e-01   1.64209217e+00
 2.07000000e+00   0.00000000e+00   1.00000000e+00   1.40969279e-01  -4.20668947e-05   9.80057064e-01   1.64529712e+00
 2.08000000e+00   0.00000000e+00   1.00000000e+00   1.44543789e-01   1.53007468e-05   9.99538444e-01   1.64938764e+00
 2.09000000e+00   0.00000000e+00   1.00000000e+00   1.47758997e-01   8.72666427e-05   1.01559637e+00   1.65364334e+00
 2.10000000e+00   0.00000000e+00   1.00000000e+00   1.50647102e-01   1.49436048e-04   1.02714923e+00   1.65753146e+00
 2.11000000e+00   0.00000000e+00   1.00000000e+00   1.53324003e-01   1.80896873e-04   1.03502721e+00   1.66080907e+00
 2.12000000e+00   0.00000000e+00   1.00000000e+00   1.55919184e-01   1.71460372e-04   1.04139363e+00   1.66343895e+00
 2.13000000e+00   0.00000000e+00   1.00000000e+00   1.58497367e-01   1.24404109e-04   1.04834373e+00   1.66542025e+00
 2.14000000e+00   0.00000000e+00   1.00000000e+00   1.61029939e-01   5.48691418e-05   1.05674292e+00   1.66676344e+00
 2.15000000e+00   0.00000000e+00   1.00000000e+00   1.63434554e-01  -1.47038267e-05   1.06605727e+00   1.66762498e+00
 2.16000000e+00   0.00000000e+00   1.00000000e+00   1.65638604e-01  -6.13688941e-05   1.07523426e+00   1.66845523e+00
 2.17000000e+00   0.00000000e+00   1.00000000e+00   1.67606265e-01  -6.95041731e-05   1.08362119e+00   1.67002714e+00
 2.18000000e+00   0.00000000e+00   1.00000000e+00   1.69318525e-01  -3.65942041e-05   1.09091494e+00   1.67287796e+00
 2.19000000e+00   0.00000000e+00   1.00000000e+00   1.70751112e-01   2.60145136e-05   1.09653450e+00   1.67694371e+00
 2.20000000e+00   0.00000000e+00   1.00000000e+00   1.71891126e-01   9.74939922e-05   1.09935023e+00   1.68142135e+00
 2.21000000e+00   0.00000000e+00   1.00000000e+00   1.72779398e-01   1.54553412e-04   1.09848353e+00   1.68528246e+00
 2.22000000e+00   0.00000000e+00   1.00000000e+00   1.73529972e-01   1.78536563e-04   1.09441175e+00   1.68790438e+00
 2.23000000e+00   0.00000000e+00   1.00000000e+00   1.74298631e-01   1.61262169e-04   1.08918897e+00   1.68927803e+00
 2.24000000e+00   0.00000000e+00   1.00000000e+00   1.75217753e-01   1.08206432e-04   1.08562032e+00   1.68989829e+00
 2.25000000e+00   0.00000000e+00   1.00000000e+00   1.76337353e-01   3.70992124e-05   1.08591896e+00   1.69032371e+00
 2.26000000e+00   0.00000000e+00   1.00000000e+00   1.77604058e-01  -2.83209085e-05   1.09076458e+00   1.69103086e+00
 2.27000000e+00   0.00000000e+00   1.00000000e+00   1.78889810e-01  -6.66689680e-05   1.09907210e+00   1.69233128e+00
 2.28000000e+00   0.00000000e+00   1.00000000e+00   1.80058386e-01  -6.57365585e-05   1.10864465e+00   1.69437563e+00
 2.29000000e+00   0.00000000e+00   1.00000000e+00   1.81031945e-01  -2.59183747e-05   1.11736614e+00   1.69719379e+00
 2.30000000e+00   0.00000000e+00   1.00000000e+00   1.81813201e-01   3.98844495e-05   1.12425268e+00   1.70073785e+00
 2.31000000e+00   0.00000000e+00   1.00000000e+00   1.82451875e-01   1.09962587e-04   1.12951830e+00   1.70483000e+00
 2.32000000e+00   0.00000000e+00   1.00000000e+00   1.82993471e-01   1.60848600e-04   1.13380546e+00   1.70894778e+00
 2.33000000e+00   0.00000000e+00   1.00000000e+00   1.83459712e-01   1.75570347e-04   1.13746556e+00   1.71235491e+00
 2.34000000e+00   0.00000000e+00   1.00000000e+00   1.83867016e-01   1.49510151e-04   1.14068946e+00   1.71447939e+00
 2.35000000e+00   0.00000000e+00   1.00000000e+00   1.84242491e-01   9.14974824e-05   1.14412042e+00   1.71537530e+00
 2.36000000e+00   0.00000000e+00   1.00000000e+00   1.84602436e-01   2.05048284e-05   1.14897651e+00   1.71577301e+00
 2.37000000e+00   0.00000000e+00   1.00000000e+00   1.84908167e-01  -4.03291616e-05   1.15624222e+00   1.71669935e+00
 2.38000000e+00   0.00000000e+00   1.00000000e+00   1.85047443e-01  -7.08806654e-05   1.16550775e+00   1.71881092e+00
 2.39000000e+00   0.00000000e+00   1.00000000e+00   1.84869605e-01  -6.08284370e-05   1.17463847e+00   1.72216076e+00
 2.40000000e+00   0.00000000e+00   1.00000000e+00   1.84254767e-01  -1.35376462e-05   1.18068179e+00   1.72634323e+00
 2.41000000e+00   0.00000000e+00   1.00000000e+00   1.83171586e-01   5.51066108e-05   1.18139922e+00   1.73073124e+00
 2.42000000e+00   0.00000000e+00   1.00000000e+00   1.81690329e-01   1.22454819e-04   1.17640908e+00   1.73483450e+00
 2.43000000e+00   0.00000000e+00   1.00000000e+00   1.79947219e-01   1.66669546e-04   1.16723002e+00   1.73834640e+00
 2.44000000e+00   0.00000000e+00   1.00000000e+00   1.78081152e-01   1.73478004e-04   1.15625859e+00   1.74112718e+00
 2.45000000e+00   0.00000000e+00   1.00000000e+00   1.76178071e-01   1.40623300e-04   1.14546827e+00   1.74296499e+00
 2.46000000e+00   0.00000000e+00   1.00000000e+00   1.74254851e-01   7.89371227e-05   1.13585065e+00   1.74385788e+00
 2.47000000e+00   0.00000000e+00   1.00000000e+00   1.72286640e-01   9.09957829e-06   1.12745785e+00   1.74404708e+00
 2.48000000e+00   0.00000000e+00   1.00000000e+00   1.70246049e-01  -4.54270112e-05   1.12000095e+00   1.74411420e+00
 2.49000000e+00   0.00000000e+00   1.00000000e+00   1.68116192e-01  -6.65435577e-05   1.11330991e+00   1.74485062e+00
 2.50000000e+00   0.00000000e+00   1.00000000e+00   1.65874911e-01  -4.73736362e-05   1.10715635e+00   1.74681418e+00
 2.51000000e+00   0.00000000e+00   1.00000000e+00   1.63485699e-01   5.89549577e-06   1.10075948e+00   1.74992818e+00
 2.52000000e+00   0.00000000e+00   1.00000000e+00   1.60924165e-01   7.60837558e-05   1.09281705e+00   1.75347852e+00
 2.53000000e+00   0.00000000e+00   1.00000000e+00   1.58223137e-01   1.40302221e-04   1.08241858e+00   1.75652875e+00
 2.54000000e+00   0.00000000e+00   1.00000000e+00   1.55489231e-01   1.77392344e-04   1.07005179e+00   1.75846960e+00
 2.55000000e+00   0.00000000e+00   1.00000000e+00   1.52864748e-01   1.75249593e-04   1.05749808e+00   1.75910712e+00
 2.56000000e+00   0.00000000e+00   1.00000000e+00   1.50457123e-01   1.34997215e-04   1.04726243e+00   1.75890982e+00
 2.57000000e+00   0.00000000e+00   1.00000000e+00   1.48283981e-01   7.03008721e-05   1.04093440e+00   1.75833367e+00
 2.58000000e+00   0.00000000e+00   1.00000000e+00   1.46266556e-01   2.56848212e-06   1.03865940e+00   1.75770434e+00
 2.59000000e+00   0.00000000e+00   1.00000000e+00   1.44269805e-01  -4.59106482e-05   1.03917189e+00   1.75745741e+00
 2.60000000e+00   0.00000000e+00   1.00000000e+00   1.42162178e-01  -5.89786669e-05   1.04050519e+00   1.75793516e+00
 2.61000000e+00   0.00000000e+00   1.00000000e+00   1.39861803e-01  -3.20179777e-05   1.04093059e+00   1.75936887e+00
 2.62000000e+00   0.00000000e+00   1.00000000e+00   1.37347229e-01   2.61978524e-05   1.03946873e+00   1.76177026e+00
 2.63000000e+00   0.00000000e+00   1.00000000e+00   1.34635479e-01   9.64045982e-05   1.03583599e+00   1.76478288e+00
 2.64000000e+00   0.00000000e+00   1.00000000e+00   1.31754057e-01   1.55539710e-04   1.03006035e+00   1.76771338e+00
 2.65000000e+00   0.00000000e+00   1.00000000e+00   1.28733807e-01   1.84454623e-04   1.02224868e+00   1.76974140e+00
 2.66000000e+00   0.00000000e+00   1.00000000e+00   1.25620887e-01   1.73953070e-04   1.01281211e+00   1.77034694e+00
 2.67000000e+00   0.00000000e+00   1.00000000e+00   1.22477947e-01   1.27643184e-04   1.00270515e+00   1.76954222e+00
 2.68000000e+00   0.00000000e+00   1.00000000e+00   1.19353020e-01   6.09452125e-05   9.93306279e-01   1.76799343e+00
 2.69000000e+00   0.00000000e+00   1.00000000e+00   1.16234681e-01  -3.78987058e-06   9.85590513e-01   1.76654451e+00
 2.70000000e+00   0.00000000e+00   1.00000000e+00   1.13038008e-01  -4.48151658e-05   9.79351986e-01   1.76583757e+00
 2.71000000e+00   0.00000000e+00   1.00000000e+00   1.09644662e-01  -4.84100200e-05   9.73049306e-01   1.76599245e+00
 2.72000000e+00   0.00000000e+00   1.00000000e+00   1.05973067e-01  -1.33035678e-05   9.64718150e-01   1.76679726e+00
 2.73000000e+00   0.00000000e+00   1.00000000e+00   1.02029658e-01   4.91977194e-05   9.53084979e-01   1.76779703e+00
 2.74000000e+00   0.00000000e+00   1.00000000e+00   9.79100644e-02   1.18938502e-04   9.38282850e-01   1.76860271e+00
 2.75000000e+00   0.00000000e+00   1.00000000e+00   9.37566587e-02   1.73301418e-04   9.21550732e-01   1.76887629e+00
 2.76000000e+00   0.00000000e+00   1.00000000e+00   8.97031876e-02   1.94601541e-04   9.04511700e-01   1.76827347e+00
 2.77000000e+00   0.00000000e+00   1.00000000e+00   8.58369607e-02   1.76126723e-04   8.88514645e-01   1.76645854e+00
 2.78000000e+00   0.00000000e+00   1.00000000e+00   8.21924045e-02   1.24446608e-04   8.74355102e-01   1.76334811e+00
 2.79000000e+00   0.00000000e+00   1.00000000e+00   7.87681267e-02   5.70552966e-05   8.62396077e-01   1.75933285e+00
 2.80000000e+00   0.00000000e+00   1.00000000e+00   7.55451949e-02  -3.56290109e-06   8.52729390e-01   1.75519670e+00
 2.81000000e+00   0.00000000e+00   1.00000000e+00   7.24893192e-02  -3.72410837e-05   8.45272434e-01   1.75181969e+00
 2.82000000e+00   0.00000000e+00   1.00000000e+00   6.95430350e-02  -3.26119158e-05   8.39599400e-01   1.74973815e+00
 2.83000000e+00   0.00000000e+00   1.00000000e+00   6.66326874e-02   9.09076918e-06   8.34787769e-01   1.74887489e+00
 2.84000000e+00   0.00000000e+00   1.00000000e+00   6.37040132e-02   7.42774932e-05   8.29603023e-01   1.74868241e+00
 2.85000000e+00   0.00000000e+00   1.00000000e+00   6.07656586e-02   1.41520725e-04   8.23101758e-01   1.74838268e+00
 2.86000000e+00   0.00000000e+00   1.00000000e+00   5.78999018e-02   1.88815896e-04   8.15281320e-01   1.74744250e+00
 2.87000000e+00   0.00000000e+00   1.00000000e+00   5.52212509e-02   2.00866641e-04   8.07156992e-01   1.74563130e+00
 2.88000000e+00   0.00000000e+00   1.00000000e+00   5.28080779e-02   1.73943456e-04   8.00205726e-01   1.74301959e+00
 2.89000000e+00   0.00000000e+00   1.00000000e+00   5.06553815e-02   1.17016675e-04   7.95526969e-01   1.73978700e+00
 2.90000000e+00   0.00000000e+00   1.00000000e+00   4.86775458e-02   4.89340218e-05   7.93291889e-01   1.73621268e+00
 2.91000000e+00   0.00000000e+00   1.00000000e+00   4.67511934e-02  -7.67716647e-06   7.92760295e-01   1.73275657e+00
 2.92000000e+00   0.00000000e+00   1.00000000e+00   4.47654409e-02  -3.39646509e-05   7.92734141e-01   1.72990224e+00
 2.93000000e+00   0.00000000e+00   1.00000000e+00   4.26520436e-02  -2.11937156e-05   7.92087600e-01   1.72804807e+00
 2.94000000e+00   0.00000000e+00   1.00000000e+00   4.03884106e-02   2.64286871e-05   7.90044163e-01   1.72723399e+00
 2.95000000e+00   0.00000000e+00   1.00000000e+00   3.79850673e-02   9.33056957e-05   7.86178865e-01   1.72703955e+00
 2.96000000e+00   0.00000000e+00   1.00000000e+00   3.54756607e-02   1.57609027e-04   7.80335855e-01   1.72670563e+00
 2.97000000e+00   0.00000000e+00   1.00000000e+00   3.29185469e-02   1.98335718e-04   7.72636416e-01   1.72545938e+00
 2.98000000e+00   0.00000000e+00   1.00000000e+00   3.04002890e-02   2.02195915e-04   7.63594346e-01   1.72282752e+00
 2.99000000e+00   0.00000000e+00   1.00000000e+00   2.80209036e-02   1.68121816e-04   7.54155378e-01   1.71886421e+00
 3.00000000e+00   0.00000000e+00   1.00000000e+00   2.58543320e-02   1.07667328e-04   7.45494109e-01   1.71404042e+00
 3.01000000e+00   0.00000000e+00   1.00000000e+00   2.39069420e-02   4.10473953e-05   7.38545378e-01   1.70899967e+00
 3.02000000e+00   0.00000000e+00   1.00000000e+00   2.21107227e-02  -9.64238770e-06   7.33504593e-01   1.70429583e+00
 3.03000000e+00   0.00000000e+00   1.00000000e+00   2.03656909e-02  -2.76062574e-05   7.29667679e-01   1.70025478e+00
 3.04000000e+00   0.00000000e+00   1.00000000e+00   1.86054352e-02  -6.74615177e-06   7.25831111e-01   1.69696677e+00
 3.05000000e+00   0.00000000e+00   1.00000000e+00   1.68401537e-02   4.62784670e-05   7.21003926e-01   1.69435625e+00
 3.06000000e+00   0.00000000e+00   1.00000000e+00   1.51513635e-02   1.14106307e-04   7.14904240e-01   1.69221866e+00
 3.07000000e+00   0.00000000e+00   1.00000000e+00   1.36504303e-02   1.74407025e-04   7.07961264e-01   1.69019979e+00
 3.08000000e+00   0.00000000e+00   1.00000000e+00   1.24339964e-02   2.07379268e-04   7.00978927e-01   1.68778443e+00
 3.09000000e+00   0.00000000e+00   1.00000000e+00   1.15606646e-02   2.02309947e-04   6.94784561e-01   1.68453940e+00
 3.10000000e+00   0.00000000e+00   1.00000000e+00   1.10504876e-02   1.60982146e-04   6.90035699e-01   1.68030696e+00
 3.11000000e+00   0.00000000e+00   1.00000000e+00   1.08931501e-02   9.70057875e-05   6.87196603e-01   1.67544773e+00
 3.12000000e+00   0.00000000e+00   1.00000000e+00   1.10508217e-02   3.14113321e-05   6.86553760e-01   1.67065989e+00
 3.13000000e+00   0.00000000e+00   1.00000000e+00   1.14537835e-02  -1.41964088e-05   6.88135233e-01   1.66672156e+00
 3.14000000e+00   0.00000000e+00   1.00000000e+00   1.20012708e-02  -2.48302491e-05   6.91551500e-01   1.66406837e+00
 3.15000000e+00   0.00000000e+00   1.00000000e+00   1.25831685e-02   2.83884016e-06   6.95879999e-01   1.66266218e+00
 3.16000000e+00   0.00000000e+00   1.00000000e+00   1.31224500e-02   5.94442779e-05   6.99856995e-01   1.66207185e+00
 3.17000000e+00   0.00000000e+00   1.00000000e+00   1.36138906e-02   1.26165415e-04   7.02416065e-01   1.66174977e+00
 3.18000000e+00   0.00000000e+00   1.00000000e+00   1.41266390e-02   1.80952017e-04   7.03253471e-01   1.66124203e+00
 3.19000000e+00   0.00000000e+00   1.00000000e+00   1.47609791e-02   2.05662145e-04   7.02994237e-01   1.66024765e+00
 3.20000000e+00   0.00000000e+00   1.00000000e+00   1.55860576e-02   1.91984036e-04   7.02792983e-01   1.65857574e+00
 3.21000000e+00   0.00000000e+00   1.00000000e+00   1.66010418e-02   1.44283404e-04   7.03664070e-01   1.65615862e+00
 3.22000000e+00   0.00000000e+00   1.00000000e+00   1.77417636e-02   7.82394960e-05   7.05961071e-01   1.65312720e+00
 3.23000000e+00   0.00000000e+00   1.00000000e+00   1.89192174e-02   1.55880530e-05   7.09316772e-01   1.64989217e+00
 3.24000000e+00   0.00000000e+00   1.00000000e+00   2.00580146e-02  -2.31293795e-05   7.12994992e-01   1.64702533e+00
 3.25000000e+00   0.00000000e+00   1.00000000e+00   2.11139044e-02  -2.53163844e-05   7.16258889e-01   1.64500950e+00
 3.26000000e+00   0.00000000e+00   1.00000000e+00   2.20727961e-02   9.62016293e-06   7.18528769e-01   1.64397380e+00
 3.27000000e+00   0.00000000e+00   1.00000000e+00   2.29467536e-02   7.01012295e-05   7.19375823e-01   1.64360374e+00
 3.28000000e+00   0.00000000e+00   1.00000000e+00   2.37773238e-02   1.36109793e-04   7.18541251e-01   1.64330116e+00
 3.29000000e+00   0.00000000e+00   1.00000000e+00   2.46420030e-02   1.85748614e-04   7.16089046e-01   1.64245931e+00
 3.30000000e+00   0.00000000e+00   1.00000000e+00   2.56493328e-02   2.02557668e-04   7.12570794e-01   1.64073587e+00
 3.31000000e+00   0.00000000e+00   1.00000000e+00   2.69113354e-02   1.81019624e-04   7.09037138e-01   1.63818573e+00
 3.32000000e+00   0.00000000e+00   1.00000000e+00   2.84993188e-02   1.28261215e-04   7.06780342e-01   1.63513063e+00
 3.33000000e+00   0.00000000e+00   1.00000000e+00   3.04086534e-02   6.15769867e-05   7.06833156e-01   1.63200254e+00
 3.34000000e+00   0.00000000e+00   1.00000000e+00   3.25605545e-02   2.77307940e-06   7.09461539e-01   1.62920189e+00
 3.35000000e+00   0.00000000e+00   1.00000000e+00   3.48458627e-02  -2.89200887e-05   7.14019455e-01   1.62702798e+00
 3.36000000e+00   0.00000000e+00   1.00000000e+00   3.71837743e-02  -2.32135033e-05   7.19329292e-01   1.62571062e+00
 3.37000000e+00   0.00000000e+00   1.00000000e+00   3.95568016e-02   1.77673334e-05   7.24368910e-01   1.62533409e+00
 3.38000000e+00   0.00000000e+00   1.00000000e+00   4.20036824e-02   8.02094078e-05   7.28765933e-01   1.62581396e+00
 3.39000000e+00   0.00000000e+00   1.00000000e+00   4.45848738e-02   1.43259314e-04   7.32774535e-01   1.62678168e+00
 3.40000000e+00   0.00000000e+00   1.00000000e+00   4.73503481e-02   1.85916622e-04   7.36966955e-01   1.62770580e+00
 3.41000000e+00   0.00000000e+00   1.00000000e+00   5.03268771e-02   1.93884012e-04   7.41928613e-01   1.62807938e+00
 3.42000000e+00   0.00000000e+00   1.00000000e+00   5.35192899e-02   1.64246616e-04   7.48168376e-01   1.62768016e+00
 3.43000000e+00   0.00000000e+00   1.00000000e+00   5.69102200e-02   1.06496305e-04   7.56164426e-01   1.62677280e+00
 3.44000000e+00   0.00000000e+00   1.00000000e+00   6.04515820e-02   3.94499094e-05   7.66254931e-01   1.62588600e+00
 3.45000000e+00   0.00000000e+00   1.00000000e+00   6.40565706e-02  -1.50187514e-05   7.78395541e-01   1.62561977e+00
 3.46000000e+00   0.00000000e+00   1.00000000e+00   6.76079836e-02  -3.92765687e-05   7.91837482e-01   1.62623649e+00
 3.47000000e+00   0.00000000e+00   1.00000000e+00   7.09903800e-02  -2.57124567e-05   8.05135425e-01   1.62767423e+00
 3.48000000e+00   0.00000000e+00   1.00000000e+00   7.41349827e-02   2.08603782e-05   8.16679641e-01   1.62962302e+00
 3.49000000e+00   0.00000000e+00   1.00000000e+00   7.70509701e-02   8.48133136e-05   8.25394946e-01   1.63168152e+00
 3.50000000e+00   0.00000000e+00   1.00000000e+00   7.98194303e-02   1.44795092e-04   8.31310972e-01   1.63358467e+00
 3.51000000e+00   0.00000000e+00   1.00000000e+00   8.25494312e-02   1.80773332e-04   8.35451919e-01   1.63513756e+00
 3.52000000e+00   0.00000000e+00   1.00000000e+00   8.53231028e-02   1.80705955e-04   8.39217408e-01   1.63615747e+00
 3.53000000e+00   0.00000000e+00   1.00000000e+00   8.81643251e-02   1.44510295e-04   8.43662183e-01   1.63649876e+00
 3.54000000e+00   0.00000000e+00   1.00000000e+00   9.10455446e-02   8.40074211e-05   8.49148549e-01   1.63622101e+00
 3.55000000e+00   0.00000000e+00   1.00000000e+00   9.39177447e-02   1.89742201e-05   8.55480048e-01   1.63564359e+00
 3.56000000e+00   0.00000000e+00   1.00000000e+00   9.67366907e-02  -2.93335217e-05   8.62227482e-01   1.63532827e+00
 3.57000000e+00   0.00000000e+00   1.00000000e+00   9.94719898e-02  -4.51378008e-05   8.68927856e-01   1.63572941e+00
 3.58000000e+00   0.00000000e+00   1.00000000e+00   1.02106672e-01  -2.33758001e-05   8.75113907e-01   1.63705237e+00
 3.59000000e+00   0.00000000e+00   1.00000000e+00   1.04641937e-01   2.85678814e-05   8.80247392e-01   1.63901244e+00
 3.60000000e+00   0.00000000e+00   1.00000000e+00   1.07110273e-01   9.33175192e-05   8.83948002e-01   1.64116006e+00
 3.61000000e+00   0.00000000e+00   1.00000000e+00   1.09584536e-01   1.49302470e-04   8.86332030e-01   1.64296859e+00
 3.62000000e+00   0.00000000e+00   1.00000000e+00   1.12166776e-01   1.77899461e-04   8.88290337e-01   1.64421354e+00
 3.63000000e+00   0.00000000e+00   1.00000000e+00   1.14952831e-01   1.69560490e-04   8.91319996e-01   1.64495357e+00
 3.64000000e+00   0.00000000e+00   1.00000000e+00   1.17987768e-01   1.26919713e-04   8.96934476e-01   1.64541919e+00
 3.65000000e+00   0.00000000e+00   1.00000000e+00   1.21238720e-01   6.39009880e-05   9.06005175e-01   1.64586129e+00
 3.66000000e+00   0.00000000e+00   1.00000000e+00   1.24604831e-01   1.11686663e-06   9.18325881e-01   1.64647706e+00
 3.67000000e+00   0.00000000e+00   1.00000000e+00   1.27960917e-01  -4.09490590e-05   9.32618788e-01   1.64758658e+00
 3.68000000e+00   0.00000000e+00   1.00000000e+00   1.31208339e-01  -4.87119047e-05   9.47342364e-01   1.64938141e+00
 3.69000000e+00   0.00000000e+00   1.00000000e+00   1.34302830e-01  -1.99232604e-05   9.61236201e-01   1.65188330e+00
 3.70000000e+00   0.00000000e+00   1.00000000e+00   1.37248412e-01   3.56442101e-05   9.73772590e-01   1.65503329e+00
 3.71000000e+00   0.00000000e+00   1.00000000e+00   1.40072179e-01   9.94231189e-05   9.84972423e-01   1.65850838e+00
 3.72000000e+00   0.00000000e+00   1.00000000e+00   1.42803482e-01   1.50156003e-04   9.95092247e-01   1.66180348e+00
 3.73000000e+00   0.00000000e+00   1.00000000e+00   1.45467343e-01   1.70900657e-04   1.00448683e+00   1.66444682e+00
 3.74000000e+00   0.00000000e+00   1.00000000e+00   1.48082999e-01   1.54629024e-04   1.01368358e+00   1.66626704e+00
 3.75000000e+00   0.00000000e+00   1.00000000e+00   1.50654704e-01   1.06579874e-04   1.02336728e+00   1.66747587e+00
 3.76000000e+00   0.00000000e+00   1.00000000e+00   1.53154614e-01   4.25044680e-05   1.03411412e+00   1.66862353e+00
 3.77000000e+00   0.00000000e+00   1.00000000e+00   1.55512954e-01  -1.66158298e-05   1.04582724e+00   1.67014811e+00
 3.78000000e+00   0.00000000e+00   1.00000000e+00   1.57631548e-01  -5.14573190e-05   1.05750004e+00   1.67232902e+00
 3.79000000e+00   0.00000000e+00   1.00000000e+00   1.59421406e-01  -5.06790230e-05   1.06744075e+00   1.67510141e+00
 3.80000000e+00   0.00000000e+00   1.00000000e+00   1.60846132e-01  -1.46774213e-05   1.07401585e+00   1.67820573e+00
 3.81000000e+00   0.00000000e+00   1.00000000e+00   1.61945075e-01   4.45186797e-05   1.07653181e+00   1.68134317e+00
 3.82000000e+00   0.00000000e+00   1.00000000e+00   1.62820248e-01   1.07242070e-04   1.07561831e+00   1.68431074e+00
 3.83000000e+00   0.00000000e+00   1.00000000e+00   1.63593630e-01   1.52746243e-04   1.07286383e+00   1.68696266e+00
 3.84000000e+00   0.00000000e+00   1.00000000e+00   1.64360497e-01   1.66054997e-04   1.06996488e+00   1.68908621e+00
 3.85000000e+00   0.00000000e+00   1.00000000e+00   1.65165018e-01   1.42835364e-04   1.06814084e+00   1.69055715e+00
 3.86000000e+00   0.00000000e+00   1.00000000e+00   1.66005546e-01   9.07661049e-05   1.06792311e+00   1.69141969e+00
 3.87000000e+00   0.00000000e+00   1.00000000e+00   1.66855216e-01   2.70289898e-05   1.06934096e+00   1.69199899e+00
 3.88000000e+00   0.00000000e+00   1.00000000e+00   1.67678048e-01  -2.73222333e-05   1.07218969e+00   1.69281944e+00
 3.89000000e+00   0.00000000e+00   1.00000000e+00   1.68434132e-01  -5.43501833e-05   1.07606463e+00   1.69435294e+00
 3.90000000e+00   0.00000000e+00   1.00000000e+00   1.69083623e-01  -4.52030709e-05   1.08024174e+00   1.69675398e+00
 3.91000000e+00   0.00000000e+00   1.00000000e+00   1.69600602e-01  -3.00443183e-06   1.08377198e+00   1.69977596e+00
 3.92000000e+00   0.00000000e+00   1.00000000e+00   1.69993603e-01   5.82494187e-05   1.08590918e+00   1.70293274e+00
 3.93000000e+00   0.00000000e+00   1.00000000e+00   1.70315738e-01   1.18315849e-04   1.08661948e+00   1.70576657e+00
 3.94000000e+00   0.00000000e+00   1.00000000e+00   1.70649274e-01   1.57356326e-04   1.08682216e+00   1.70803995e+00
 3.95000000e+00   0.00000000e+00   1.00000000e+00   1.71066753e-01   1.62489757e-04   1.08802127e+00   1.70976943e+00
 3.96000000e+00   0.00000000e+00   1.00000000e+00   1.71589167e-01   1.32061226e-04   1.09159527e+00   1.71111550e+00
 3.97000000e+00   0.00000000e+00   1.00000000e+00   1.72166532e-01   7.61638975e-05   1.09804495e+00   1.71233210e+00
 3.98000000e+00   0.00000000e+00   1.00000000e+00   1.72693316e-01   1.32487951e-05   1.10669429e+00   1.71363321e+00
 3.99000000e+00   0.00000000e+00   1.00000000e+00   1.73049441e-01  -3.59964974e-05   1.11603757e+00   1.71528873e+00
 4.00000000e+00   0.00000000e+00   1.00000000e+00   1.73142310e-01  -5.54207138e-05   1.12439079e+00   1.71751433e+00
 4.01000000e+00   0.00000000e+00   1.00000000e+00   1.72927853e-01  -3.86672712e-05   1.13049856e+00   1.72040734e+00
 4.02000000e+00   0.00000000e+00   1.00000000e+00   1.72406200e-01   8.71744665e-06   1.13374619e+00   1.72387880e+00
 4.03000000e+00   0.00000000e+00   1.00000000e+00   1.71605400e-01   7.10864304e-05   1.13402940e+00   1.72757748e+00
 4.04000000e+00   0.00000000e+00   1.00000000e+00   1.70569347e-01   1.27870996e-04   1.13156924e+00   1.73098824e+00
 4.05000000e+00   0.00000000e+00   1.00000000e+00   1.69353143e-01   1.60397147e-04   1.12690835e+00   1.73365882e+00
 4.06000000e+00   0.00000000e+00   1.00000000e+00   1.68015920e-01   1.58053997e-04   1.12097939e+00   1.73539062e+00
 4.07000000e+00   0.00000000e+00   1.00000000e+00   1.66602560e-01   1.21775857e-04   1.11497703e+00   1.73642085e+00
 4.08000000e+00   0.00000000e+00   1.00000000e+00   1.65120494e-01   6.37200051e-05   1.10983354e+00   1.73719664e+00
 4.09000000e+00   0.00000000e+00   1.00000000e+00   1.63529742e-01   3.24240724e-06   1.10571013e+00   1.73819139e+00
 4.10000000e+00   0.00000000e+00   1.00000000e+00   1.61760038e-01  -3.95266858e-05   1.10178720e+00   1.73966781e+00
 4.11000000e+00   0.00000000e+00   1.00000000e+00   1.59750397e-01  -5.03602950e-05   1.09663050e+00   1.74159175e+00
 4.12000000e+00   0.00000000e+00   1.00000000e+00   1.57489086e-01  -2.55976470e-05   1.08906917e+00   1.74379490e+00
 4.13000000e+00   0.00000000e+00   1.00000000e+00   1.55029883e-01   2.67125270e-05   1.07883104e+00   1.74606543e+00
 4.14000000e+00   0.00000000e+00   1.00000000e+00   1.52475317e-01   8.95053964e-05   1.06667711e+00   1.74819293e+00
 4.15000000e+00   0.00000000e+00   1.00000000e+00   1.49938177e-01   1.42304846e-04   1.05402423e+00   1.74998002e+00
 4.16000000e+00   0.00000000e+00   1.00000000e+00   1.47504291e-01   1.67926316e-04   1.04216932e+00   1.75109448e+00
 4.17000000e+00   0.00000000e+00   1.00000000e+00   1.45214721e-01   1.58155564e-04   1.03212700e+00   1.75150153e+00
 4.18000000e+00   0.00000000e+00   1.00000000e+00   1.43069114e-01   1.16471271e-04   1.02438035e+00   1.75114937e+00
 4.19000000e+00   0.00000000e+00   1.00000000e+00   1.41037915e-01   5.68559945e-05   1.01902651e+00   1.75047503e+00
 4.20000000e+00   0.00000000e+00   1.00000000e+00   1.39071065e-01  -8.48437698e-07   1.01583754e+00   1.75003670e+00
 4.21000000e+00   0.00000000e+00   1.00000000e+00   1.37102810e-01  -3.74694954e-05   1.01422909e+00   1.75028450e+00
 4.22000000e+00   0.00000000e+00   1.00000000e+00   1.35062261e-01  -4.07935507e-05   1.01320680e+00   1.75137518e+00
 4.23000000e+00   0.00000000e+00   1.00000000e+00   1.32895564e-01  -9.59659762e-06   1.01153835e+00   1.75308391e+00
 4.24000000e+00   0.00000000e+00   1.00000000e+00   1.30590933e-01   4.59130903e-05   1.00824761e+00   1.75496703e+00
 4.25000000e+00   0.00000000e+00   1.00000000e+00   1.28187865e-01   1.07502621e-04   1.00312673e+00   1.75659041e+00
 4.26000000e+00   0.00000000e+00   1.00000000e+00   1.25758380e-01   1.54982143e-04   9.96865572e-01   1.75770242e+00
 4.27000000e+00   0.00000000e+00   1.00000000e+00   1.23367201e-01   1.72883334e-04   9.90678498e-01   1.75825473e+00
 4.28000000e+00   0.00000000e+00   1.00000000e+00   1.21033674e-01   1.55514693e-04   9.85588277e-01   1.75827715e+00
 4.29000000e+00   0.00000000e+00   1.00000000e+00   1.18717934e-01   1.08797311e-04   9.81940903e-01   1.75793851e+00
 4.30000000e+00   0.00000000e+00   1.00000000e+00   1.16337936e-01   4.83228179e-05   9.79226104e-01   1.75742712e+00
 4.31000000e+00   0.00000000e+00   1.00000000e+00   1.13804765e-01  -5.76477450e-06   9.76415998e-01   1.75704316e+00
 4.32000000e+00   0.00000000e+00   1.00000000e+00   1.11055000e-01  -3.54388534e-05   9.72425323e-01   1.75706196e+00
 4.33000000e+00   0.00000000e+00   1.00000000e+00   1.08065566e-01  -3.07532849e-05   9.66471468e-01   1.75759519e+00
 4.34000000e+00   0.00000000e+00   1.00000000e+00   1.04851479e-01   6.91432825e-06   9.58184483e-01   1.75855152e+00
 4.35000000e+00   0.00000000e+00   1.00000000e+00   1.01457381e-01   6.53545384e-05   9.47545260e-01   1.75953514e+00
 4.36000000e+00   0.00000000e+00   1.00000000e+00   9.79516266e-02   1.25544981e-04   9.34893576e-01   1.76006582e+00
 4.37000000e+00   0.00000000e+00   1.00000000e+00   9.44208871e-02   1.67918890e-04   9.20928330e-01   1.75972635e+00
 4.38000000e+00   0.00000000e+00   1.00000000e+00   9.09563521e-02   1.78832764e-04   9.06692504e-01   1.75836505e+00
 4.39000000e+00   0.00000000e+00   1.00000000e+00   8.76283895e-02   1.55053344e-04   8.93361311e-01   1.75618776e+00
 4.40000000e+00   0.00000000e+00   1.00000000e+00   8.44605599e-02   1.04779725e-04   8.81826727e-01   1.75357368e+00
 4.41000000e+00   0.00000000e+00   1.00000000e+00   8.14216632e-02   4.49084810e-05   8.72326524e-01   1.75095341e+00
 4.42000000e+00   0.00000000e+00   1.00000000e+00   7.84461080e-02  -4.53516485e-06   8.64341197e-01   1.74858589e+00
 4.43000000e+00   0.00000000e+00   1.00000000e+00   7.54737241e-02  -2.69871980e-05   8.56907453e-01   1.74663520e+00
 4.44000000e+00   0.00000000e+00   1.00000000e+00   7.24859762e-02  -1.48116247e-05   8.49120187e-01   1.74508667e+00
 4.45000000e+00   0.00000000e+00   1.00000000e+00   6.95179498e-02   2.81806289e-05   8.40591319e-01   1.74385809e+00
 4.46000000e+00   0.00000000e+00   1.00000000e+00   6.66419443e-02   8.79963907e-05   8.31545553e-01   1.74277010e+00
 4.47000000e+00   0.00000000e+00   1.00000000e+00   6.39358458e-02   1.45088667e-04   8.22615352e-01   1.74155941e+00
 4.48000000e+00   0.00000000e+00   1.00000000e+00   6.14554455e-02   1.80826694e-04   8.14525098e-01   1.73990998e+00
 4.49000000e+00   0.00000000e+00   1.00000000e+00   5.92220314e-02   1.83632342e-04   8.07861707e-01   1.73761855e+00
 4.50000000e+00   0.00000000e+00   1.00000000e+00   5.72232674e-02   1.52755000e-04   8.02994451e-01   1.73477170e+00
 4.51000000e+00   0.00000000e+00   1.00000000e+00   5.54180752e-02   9.85149724e-05   8.00045967e-01   1.73168539e+00
 4.52000000e+00   0.00000000e+00   1.00000000e+00   5.37400632e-02   3.89294822e-05   7.98861861e-01   1.72884527e+00
 4.53000000e+00   0.00000000e+00   1.00000000e+00   5.21035383e-02  -6.23578605e-06   7.98913307e-01   1.72662544e+00
 4.54000000e+00   0.00000000e+00   1.00000000e+00   5.04201669e-02  -2.20154962e-05   7.99284576e-01   1.72512920e+00
 4.55000000e+00   0.00000000e+00   1.00000000e+00   4.86266896e-02  -3.17371305e-06   7.98876631e-01   1.72420826e+00
 4.56000000e+00   0.00000000e+00   1.00000000e+00   4.67109300e-02   4.41037038e-05   7.96810409e-01   1.72350196e+00
 4.57000000e+00   0.00000000e+00   1.00000000e+00   4.47179232e-02   1.04286574e-04   7.92820384e-01   1.72267286e+00
 4.58000000e+00   0.00000000e+00   1.00000000e+00   4.27279356e-02   1.57637032e-04   7.87351521e-01   1.72146279e+00
 4.59000000e+00   0.00000000e+00   1.00000000e+00   4.08168603e-02   1.86702364e-04   7.81296229e-01   1.71971089e+00
 4.60000000e+00   0.00000000e+00   1.00000000e+00   3.90217597e-02   1.82053618e-04   7.75543527e-01   1.71733242e+00
 4.61000000e+00   0.00000000e+00   1.00000000e+00   3.73301757e-02   1.45399000e-04   7.70603237e-01   1.71437057e+00
 4.62000000e+00   0.00000000e+00   1.00000000e+00   3.56953229e-02   8.90092533e-05   7.66475160e-01   1.71098769e+00
 4.63000000e+00   0.00000000e+00   1.00000000e+00   3.40638015e-02   3.16410994e-05   7.62772716e-01   1.70753268e+00
 4.64000000e+00   0.00000000e+00   1.00000000e+00   3.23989011e-02  -7.64569544e-06   7.58974496e-01   1.70432904e+00
 4.65000000e+00   0.00000000e+00   1.00000000e+00   3.06911368e-02  -1.57596648e-05   7.54617296e-01   1.70162375e+00
 4.66000000e+00   0.00000000e+00   1.00000000e+00   2.89590911e-02   1.01142045e-05   7.49387909e-01   1.69936500e+00
 4.67000000e+00   0.00000000e+00   1.00000000e+00   2.72480649e-02   6.15746301e-05   7.43151852e-01   1.69729432e+00
 4.68000000e+00   0.00000000e+00   1.00000000e+00   2.56289489e-02   1.21764673e-04   7.36017970e-01   1.69505085e+00
 4.69000000e+00   0.00000000e+00   1.00000000e+00   2.41916417e-02   1.70951884e-04   7.28402872e-01   1.69235327e+00
 4.70000000e+00   0.00000000e+00   1.00000000e+00   2.30260725e-02   1.93052649e-04   7.21036639e-01   1.68910958e+00
 4.71000000e+00   0.00000000e+00   1.00000000e+00   2.21929539e-02   1.80915221e-04   7.14822707e-01   1.68541636e+00
 4.72000000e+00   0.00000000e+00   1.00000000e+00   2.16984984e-02   1.38637831e-04   7.10542563e-01   1.68154710e+00
 4.73000000e+00   0.00000000e+00   1.00000000e+00   2.14904328e-02   8.02008948e-05   7.08530781e-01   1.67776894e+00
 4.74000000e+00   0.00000000e+00   1.00000000e+00   2.14814333e-02   2.48769844e-05   7.08498037e-01   1.67432244e+00
 4.75000000e+00   0.00000000e+00   1.00000000e+00   2.15881819e-02  -9.11235349e-06   7.09661374e-01   1.67142543e+00
 4.76000000e+00   0.00000000e+00   1.00000000e+00   2.17640238e-02  -1.06224801e-05   7.11132375e-01   1.66917922e+00
 4.77000000e+00   0.00000000e+00   1.00000000e+00   2.20087363e-02   2.07316925e-05   7.12292180e-01   1.66759953e+00
 4.78000000e+00   0.00000000e+00   1.00000000e+00   2.23549693e-02   7.44713942e-05   7.12973499e-01   1.66652171e+00
 4.79000000e+00   0.00000000e+00   1.00000000e+00   2.28443764e-02   1.32740255e-04   7.13383868e-01   1.66562161e+00
 4.80000000e+00   0.00000000e+00   1.00000000e+00   2.35080439e-02   1.76199568e-04   7.13917884e-01   1.66455370e+00
 4.81000000e+00   0.00000000e+00   1.00000000e+00   2.43570617e-02   1.90395027e-04   7.15009003e-01   1.66305295e+00
 4.82000000e+00   0.00000000e+00   1.00000000e+00   2.53795096e-02   1.70527647e-04   7.17023818e-01   1.66110992e+00
 4.83000000e+00   0.00000000e+00   1.00000000e+00   2.65382375e-02   1.23055141e-04   7.20199522e-01   1.65893829e+00
 4.84000000e+00   0.00000000e+00   1.00000000e+00   2.77698334e-02   6.35532137e-05   7.24507414e-01   1.65686493e+00
 4.85000000e+00   0.00000000e+00   1.00000000e+00   2.89916471e-02   1.15385441e-05   7.29543187e-01   1.65515736e+00
 4.86000000e+00   0.00000000e+00   1.00000000e+00   3.01224927e-02  -1.59831217e-05   7.34495574e-01   1.65390578e+00
 4.87000000e+00   0.00000000e+00   1.00000000e+00   3.11126251e-02  -1.00969355e-05   7.38378952e-01   1.65302039e+00
 4.88000000e+00   0.00000000e+00   1.00000000e+00   3.19677019e-02   2.71271735e-05   7.40431644e-01   1.65232437e+00
 4.89000000e+00   0.00000000e+00   1.00000000e+00   3.27505467e-02   8.33166521e-05   7.40469527e-01   1.65163183e+00
 4.90000000e+00   0.00000000e+00   1.00000000e+00   3.35566297e-02   1.39841796e-04   7.38960125e-01   1.65078800e+00
 4.91000000e+00   0.00000000e+00   1.00000000e+00   3.44759514e-02   1.77962092e-04   7.36803012e-01   1.64965047e+00
 4.92000000e+00   0.00000000e+00   1.00000000e+00   3.55622883e-02   1.85041168e-04   7.34928592e-01   1.64807235e+00
 4.93000000e+00   0.00000000e+00   1.00000000e+00   3.68241628e-02   1.58728739e-04   7.33984461e-01   1.64602689e+00
 4.94000000e+00   0.00000000e+00   1.00000000e+00   3.82366433e-02   1.07708391e-04   7.34198651e-01   1.64365318e+00
 4.95000000e+00   0.00000000e+00   1.00000000e+00   3.97616626e-02   4.87842142e-05   7.35452191e-01   1.64126956e+00
 4.96000000e+00   0.00000000e+00   1.00000000e+00   4.13645853e-02   1.30371987e-06   7.37426135e-01   1.63923161e+00
 4.97000000e+00   0.00000000e+00   1.00000000e+00   4.30233343e-02  -1.92124159e-05   7.39720342e-01   1.63777819e+00
 4.98000000e+00   0.00000000e+00   1.00000000e+00   4.47339751e-02  -6.15543169e-06   7.41943109e-01   1.63693826e+00
 4.99000000e+00   0.00000000e+00   1.00000000e+00   4.65164501e-02   3.59937632e-05   7.43801746e-01   1.63653469e+00
 5.00000000e+00   0.00000000e+00   1.00000000e+00   4.84176288e-02   9.31362928e-05   7.45249821e-01   1.63629447e+00