  Time  Coordinate0  Coordinate1  Displacement0  Displacement1  Force0  Force1
 0.00000000e+00   0.00000000e+00   1.00000000e+00   0.00000000e+00   0.00000000e+00   0.00000000e+00   0.00000000e+00
 1.00000000e-02   0.00000000e+00   1.00000000e+00   2.04015504e-04   3.22522359e-06   9.88085943e-01   9.03960393e-03
 2.00000000e-02   0.00000000e+00   1.00000000e+00   8.45249476e-04   2.81577905e-05   5.25525919e-01   5.11010266e-02
 3.00000000e-02   0.00000000e+00   1.00000000e+00   1.85761921e-03   8.29176501e-05   3.58284078e-01   6.02261019e-02
 4.00000000e-02   0.00000000e+00   1.00000000e+00   3.09062649e-03   1.45155136e-04   2.94493499e-01   6.02076480e-02
 5.00000000e-02   0.00000000e+00   1.00000000e+00   4.45859875e-03   1.98270473e-04   2.64470331e-01   5.88177721e-02
 6.00000000e-02   0.00000000e+00   1.00000000e+00   5.88572192e-03   2.33976113e-04   2.46922404e-01   5.75843787e-02
 7.00000000e-02   0.00000000e+00   1.00000000e+00   7.34665080e-03   2.36845523e-04   2.35353402e-01   5.67125315e-02
 8.00000000e-02   0.00000000e+00   1.00000000e+00   8.95860969e-03   1.99101714e-04   2.26474496e-01   5.59609779e-02
 9.00000000e-02   0.00000000e+00   1.00000000e+00   1.10323244e-02   1.26876245e-04   2.18967544e-01   5.49925267e-02
 1.00000000e-01   0.00000000e+00   1.00000000e+00   1.38500856e-02   4.67369929e-05   2.12125272e-01   5.34342520e-02
 1.10000000e-01   0.00000000e+00   1.00000000e+00   1.73251031e-02  -7.88125275e-06   2.06246597e-01   5.14527796e-02
 1.20000000e-01   0.00000000e+00   1.00000000e+00   2.10577248e-02  -2.26935887e-05   2.01771827e-01   4.95396726e-02
 1.30000000e-01   0.00000000e+00   1.00000000e+00   2.47968463e-02  -2.60171090e-06   1.98554019e-01   4.79252116e-02
 1.40000000e-01   0.00000000e+00   1.00000000e+00   2.86129044e-02   4.40565895e-05   1.95970083e-01   4.64545628e-02
 1.50000000e-01   0.00000000e+00   1.00000000e+00   3.25463524e-02   1.11586973e-04   1.93860531e-01   4.50112176e-02
 1.60000000e-01   0.00000000e+00   1.00000000e+00   3.64419448e-02   1.79021330e-04   1.92245901e-01   4.37571758e-02
 1.70000000e-01   0.00000000e+00   1.00000000e+00   4.02129484e-02   2.12994229e-04   1.90885747e-01   4.27690722e-02
 1.80000000e-01   0.00000000e+00   1.00000000e+00   4.39297731e-02   1.98434929e-04   1.89469029e-01   4.19229022e-02
 1.90000000e-01   0.00000000e+00   1.00000000e+00   4.76458003e-02   1.48431435e-04   1.87980934e-01   4.11115839e-02
 2.00000000e-01   0.00000000e+00   1.00000000e+00   5.13979233e-02   8.31094461e-05   1.86573362e-01   4.02951594e-02
 2.10000000e-01   0.00000000e+00   1.00000000e+00   5.52751808e-02   1.65282693e-05   1.85293454e-01   3.94090721e-02
 2.20000000e-01   0.00000000e+00   1.00000000e+00   5.93323185e-02  -3.43546885e-05   1.84082824e-01   3.84012600e-02
 2.30000000e-01   0.00000000e+00   1.00000000e+00   6.35319606e-02  -4.96176719e-05   1.82961002e-01   3.72827028e-02
 2.40000000e-01   0.00000000e+00   1.00000000e+00   6.77321981e-02  -1.94153125e-05   1.82189994e-01   3.61595917e-02
 2.50000000e-01   0.00000000e+00   1.00000000e+00   7.16682978e-02   4.54261475e-05   1.82098828e-01   3.52601635e-02
 2.60000000e-01   0.00000000e+00   1.00000000e+00   7.51252376e-02   1.16617872e-04   1.82577797e-01   3.47891982e-02
 2.70000000e-01   0.00000000e+00   1.00000000e+00   7.81814400e-02   1.68189808e-04   1.83059198e-01   3.46891889e-02
 2.80000000e-01   0.00000000e+00   1.00000000e+00   8.11424066e-02   1.90156960e-04   1.83087412e-01   3.46707872e-02
 2.90000000e-01   0.00000000e+00   1.00000000e+00   8.42429087e-02   1.78740430e-04   1.82644507e-01   3.45231988e-02
 3.00000000e-01   0.00000000e+00   1.00000000e+00   8.74995006e-02   1.30114518e-04   1.81947332e-01   3.42679224e-02
 3.10000000e-01   0.00000000e+00   1.00000000e+00   9.08449245e-02   5.56911767e-05   1.81154266e-01   3.39829298e-02
 3.20000000e-01   0.00000000e+00   1.00000000e+00   9.43280866e-02  -1.41353396e-05   1.80291245e-01   3.36108094e-02
 3.30000000e-01   0.00000000e+00   1.00000000e+00   9.80820331e-02  -5.19982057e-05   1.79386463e-01   3.30308460e-02
 3.40000000e-01   0.00000000e+00   1.00000000e+00   1.02118743e-01  -4.98022720e-05   1.78593891e-01   3.22525328e-02
 3.50000000e-01   0.00000000e+00   1.00000000e+00   1.06290432e-01  -1.35654251e-05   1.78056138e-01   3.14203362e-02
 3.60000000e-01   0.00000000e+00   1.00000000e+00   1.10450844e-01   4.62013059e-05   1.77717968e-01   3.06561781e-02
 3.70000000e-01   0.00000000e+00   1.00000000e+00   1.14531976e-01   1.14674135e-04   1.77433638e-01   3.00000989e-02
 3.80000000e-01   0.00000000e+00   1.00000000e+00   1.18479244e-01   1.69256331e-04   1.77184608e-01   2.94840786e-02
 3.90000000e-01   0.00000000e+00   1.00000000e+00   1.22270363e-01   1.86334107e-04   1.76953773e-01   2.91232331e-02
 4.00000000e-01   0.00000000e+00   1.00000000e+00   1.26037083e-01   1.57820634e-04   1.76498119e-01   2.88083858e-02
 4.10000000e-01   0.00000000e+00   1.00000000e+00   1.30027774e-01   9.78391529e-05   1.75548816e-01   2.83274291e-02
 4.20000000e-01   0.00000000e+00   1.00000000e+00   1.34375402e-01   2.95497047e-05   1.74216542e-01   2.75564602e-02
 4.30000000e-01   0.00000000e+00   1.00000000e+00   1.38965019e-01  -2.92435405e-05   1.72967911e-01   2.65660642e-02
 4.40000000e-01   0.00000000e+00   1.00000000e+00   1.43539517e-01  -6.42432910e-05   1.72206345e-01   2.55288592e-02
 4.50000000e-01   0.00000000e+00   1.00000000e+00   1.47888897e-01  -6.08237276e-05   1.71970932e-01   2.45830702e-02
 4.60000000e-01   0.00000000e+00   1.00000000e+00   1.51953205e-01  -1.53203488e-05   1.72058559e-01   2.37645973e-02
 4.70000000e-01   0.00000000e+00   1.00000000e+00   1.55764801e-01   5.47309506e-05   1.72277660e-01   2.30517731e-02
 4.80000000e-01   0.00000000e+00   1.00000000e+00   1.59295360e-01   1.20896112e-04   1.72605838e-01   2.24595053e-02
 4.90000000e-01   0.00000000e+00   1.00000000e+00   1.62425485e-01   1.61721066e-04   1.73031474e-01   2.20704301e-02
 5.00000000e-01   0.00000000e+00   1.00000000e+00   1.65107554e-01   1.68117370e-04   1.73412015e-01   2.19252372e-02
 5.10000000e-01   0.00000000e+00   1.00000000e+00   1.67474416e-01   1.38845074e-04   1.73594784e-01   2.19233331e-02
 5.20000000e-01   0.00000000e+00   1.00000000e+00   1.69725805e-01   7.93744101e-05   1.73576017e-01   2.19004063e-02
 5.30000000e-01   0.00000000e+00   1.00000000e+00   1.71979098e-01   6.62554992e-06   1.73449547e-01   2.17591487e-02
 5.40000000e-01   0.00000000e+00   1.00000000e+00   1.74263773e-01  -5.21099637e-05   1.73292678e-01   2.14835651e-02
 5.50000000e-01   0.00000000e+00   1.00000000e+00   1.76554283e-01  -7.38463800e-05   1.73192724e-01   2.11017917e-02
 5.60000000e-01   0.00000000e+00   1.00000000e+00   1.78735434e-01  -5.41587022e-05   1.73325602e-01   2.06976275e-02
 5.70000000e-01   0.00000000e+00   1.00000000e+00   1.80611538e-01  -4.06799742e-06   1.73861740e-01   2.04080909e-02
 5.80000000e-01   0.00000000e+00   1.00000000e+00   1.82052356e-01   6.14059160e-05   1.74736361e-01   2.03436640e-02
 5.90000000e-01   0.00000000e+00   1.00000000e+00   1.83136523e-01   1.25153124e-04   1.75586616e-01   2.04971005e-02
 6.00000000e-01   0.00000000e+00   1.00000000e+00   1.84097338e-01   1.65631884e-04   1.76028561e-01   2.07421475e-02
 6.10000000e-01   0.00000000e+00   1.00000000e+00   1.85116433e-01   1.65145291e-04   1.75987526e-01   2.09460108e-02
 6.20000000e-01   0.00000000e+00   1.00000000e+00   1.86216841e-01   1.23077975e-04   1.75677715e-01   2.10595970e-02
 6.30000000e-01   0.00000000e+00   1.00000000e+00   1.87363584e-01   5.69723873e-05   1.75287007e-01   2.10889453e-02
 6.40000000e-01   0.00000000e+00   1.00000000e+00   1.88594109e-01  -9.59268760e-06   1.74831156e-01   2.10091248e-02
 6.50000000e-01   0.00000000e+00   1.00000000e+00   1.89995788e-01  -5.76688636e-05   1.74318631e-01   2.07534485e-02
 6.60000000e-01   0.00000000e+00   1.00000000e+00   1.91579643e-01  -7.42365155e-05   1.73887852e-01   2.02948058e-02
 6.70000000e-01   0.00000000e+00   1.00000000e+00   1.93211016e-01  -5.18989252e-05   1.73713997e-01   1.97174478e-02
 6.80000000e-01   0.00000000e+00   1.00000000e+00   1.94669975e-01   5.25450452e-06   1.73850810e-01   1.91901587e-02
 6.90000000e-01   0.00000000e+00   1.00000000e+00   1.95782608e-01   7.71177070e-05   1.74216142e-01   1.88499792e-02
 7.00000000e-01   0.00000000e+00   1.00000000e+00   1.96502194e-01   1.36082475e-04   1.74684651e-01   1.87236662e-02
 7.10000000e-01   0.00000000e+00   1.00000000e+00   1.96889803e-01   1.62761666e-04   1.75128545e-01   1.87498275e-02
 7.20000000e-01   0.00000000e+00   1.00000000e+00   1.97065119e-01   1.52050466e-04   1.75393696e-01   1.88423278e-02
 7.30000000e-01   0.00000000e+00   1.00000000e+00   1.97174240e-01   1.08207218e-04   1.75347768e-01   1.89061781e-02
 7.40000000e-01   0.00000000e+00   1.00000000e+00   1.97317578e-01   4.23166261e-05   1.75051267e-01   1.88520439e-02
 7.50000000e-01   0.00000000e+00   1.00000000e+00   1.97447822e-01  -2.54932520e-05   1.74812486e-01   1.86608521e-02
 7.60000000e-01   0.00000000e+00   1.00000000e+00   1.97382171e-01  -7.02077565e-05   1.74963657e-01   1.84183389e-02
 7.70000000e-01   0.00000000e+00   1.00000000e+00   1.96962495e-01  -7.48243583e-05   1.75575562e-01   1.82418396e-02
 7.80000000e-01   0.00000000e+00   1.00000000e+00   1.96168897e-01  -3.95906614e-05   1.76465139e-01   1.81848980e-02
 7.90000000e-01   0.00000000e+00   1.00000000e+00   1.95044127e-01   2.12403387e-05   1.77448252e-01   1.82450369e-02
 8.00000000e-01   0.00000000e+00   1.00000000e+00   1.93562378e-01   8.86367486e-05   1.78490781e-01   1.84484729e-02
 8.10000000e-01   0.00000000e+00   1.00000000e+00   1.91642794e-01   1.43439999e-04   1.79595158e-01   1.88690200e-02
 8.20000000e-01   0.00000000e+00   1.00000000e+00   1.89285596e-01   1.67604317e-04   1.80642473e-01   1.95389840e-02
 8.30000000e-01   0.00000000e+00   1.00000000e+00   1.86647345e-01   1.50378761e-04   1.81436357e-01   2.03651262e-02
 8.40000000e-01   0.00000000e+00   1.00000000e+00   1.83966271e-01   9.70542472e-05   1.81877717e-01   2.11609563e-02
 8.50000000e-01   0.00000000e+00   1.00000000e+00   1.81424217e-01   2.82486674e-05   1.82037098e-01   2.17735778e-02
 8.60000000e-01   0.00000000e+00   1.00000000e+00   1.79070422e-01  -3.17840185e-05   1.82068479e-01   2.21691756e-02
 8.70000000e-01   0.00000000e+00   1.00000000e+00   1.76836125e-01  -6.53584698e-05   1.82133062e-01   2.24134876e-02
 8.80000000e-01   0.00000000e+00   1.00000000e+00   1.74589007e-01  -6.31008367e-05   1.82395629e-01   2.26068563e-02
 8.90000000e-01   0.00000000e+00   1.00000000e+00   1.72192492e-01  -2.39412446e-05   1.82972754e-01   2.28494940e-02
 9.00000000e-01   0.00000000e+00   1.00000000e+00   1.69571435e-01   4.15881106e-05   1.83801587e-01   2.32224991e-02
 9.10000000e-01   0.00000000e+00   1.00000000e+00   1.66762026e-01   1.11166303e-04   1.84613816e-01   2.37435582e-02
 9.20000000e-01   0.00000000e+00   1.00000000e+00   1.63890256e-01   1.59705309e-04   1.85120480e-01   2.43401399e-02
 9.30000000e-01   0.00000000e+00   1.00000000e+00   1.61073331e-01   1.71587052e-04   1.85238368e-01   2.49044756e-02
 9.40000000e-01   0.00000000e+00   1.00000000e+00   1.58339034e-01   1.45452603e-04   1.85111772e-01   2.53850328e-02
 9.50000000e-01   0.00000000e+00   1.00000000e+00   1.55660172e-01   9.06485978e-05   1.84908494e-01   2.57886522e-02
 9.60000000e-01   0.00000000e+00   1.00000000e+00   1.53054880e-01   2.32895113e-05   1.84676682e-01   2.60927369e-02
 9.70000000e-01   0.00000000e+00   1.00000000e+00   1.50595907e-01  -3.53130913e-05   1.84415223e-01   2.62235054e-02
 9.80000000e-01   0.00000000e+00   1.00000000e+00   1.48289885e-01  -6.38346811e-05   1.84236704e-01   2.61526833e-02
 9.90000000e-01   0.00000000e+00   1.00000000e+00   1.45984441e-01  -5.12236218e-05   1.84352859e-01   2.59940123e-02
 1.00000000e+00   0.00000000e+00   1.00000000e+00   1.43438085e-01  -2.93417282e-06   1.84892734e-01   2.59484883e-02
 1.01000000e+00   0.00000000e+00   1.00000000e+00   1.40477114e-01   6.34066264e-05   1.85789330e-01   2.61648137e-02
 1.02000000e+00   0.00000000e+00   1.00000000e+00   1.37078032e-01   1.26946919e-04   1.86845381e-01   2.66659838e-02
 1.03000000e+00   0.00000000e+00   1.00000000e+00   1.33338085e-01   1.68937713e-04   1.87849360e-01   2.73791529e-02
 1.04000000e+00   0.00000000e+00   1.00000000e+00   1.29407403e-01   1.75569909e-04   1.88627114e-01   2.81933580e-02
 1.05000000e+00   0.00000000e+00   1.00000000e+00   1.25429864e-01   1.43049089e-04   1.89082623e-01   2.89948261e-02
 1.06000000e+00   0.00000000e+00   1.00000000e+00   1.21490210e-01   8.21260664e-05   1.89275127e-01   2.96995737e-02
 1.07000000e+00   0.00000000e+00   1.00000000e+00   1.17582315e-01   1.49816093e-05   1.89432387e-01   3.02943594e-02
 1.08000000e+00   0.00000000e+00   1.00000000e+00   1.13634032e-01  -3.51522300e-05   1.89806394e-01   3.08399981e-02
 1.09000000e+00   0.00000000e+00   1.00000000e+00   1.09580105e-01  -5.29612656e-05   1.90483418e-01   3.14153160e-02
 1.10000000e+00   0.00000000e+00   1.00000000e+00   1.05412441e-01  -3.34141587e-05   1.91350740e-01   3.20582321e-02
 1.11000000e+00   0.00000000e+00   1.00000000e+00   1.01151543e-01   1.86057428e-05   1.92267797e-01   3.27720824e-02
 1.12000000e+00   0.00000000e+00   1.00000000e+00   9.67812749e-02   8.77722541e-05   1.93192731e-01   3.35899504e-02
 1.13000000e+00   0.00000000e+00   1.00000000e+00   9.22511419e-02   1.50847294e-04   1.94119870e-01   3.45855100e-02
 1.14000000e+00   0.00000000e+00   1.00000000e+00   8.75722930e-02   1.85784094e-04   1.94939293e-01   3.57771368e-02
 1.15000000e+00   0.00000000e+00   1.00000000e+00   8.28969621e-02   1.81797387e-04   1.95434865e-01   3.70362335e-02
 1.16000000e+00   0.00000000e+00   1.00000000e+00   7.84655692e-02   1.42280361e-04   1.95445503e-01   3.81331741e-02
 1.17000000e+00   0.00000000e+00   1.00000000e+00   7.44570691e-02   8.08122321e-05   1.95017978e-01   3.88968648e-02
 1.18000000e+00   0.00000000e+00   1.00000000e+00   7.08900960e-02   1.64424919e-05   1.94386637e-01   3.93187089e-02
 1.19000000e+00   0.00000000e+00   1.00000000e+00   6.76515214e-02  -2.99391433e-05   1.93826683e-01   3.95146647e-02
 1.20000000e+00   0.00000000e+00   1.00000000e+00   6.45879679e-02  -4.15034409e-05   1.93534652e-01   3.96293333e-02
 1.21000000e+00   0.00000000e+00   1.00000000e+00   6.15711770e-02  -1.32963016e-05   1.93582069e-01   3.97823203e-02
 1.22000000e+00   0.00000000e+00   1.00000000e+00   5.85264966e-02   4.45555517e-05   1.93897169e-01   4.00476862e-02
 1.23000000e+00   0.00000000e+00   1.00000000e+00   5.54465382e-02   1.11997028e-04   1.94278739e-01   4.04345257e-02
 1.24000000e+00   0.00000000e+00   1.00000000e+00   5.23770655e-02   1.67710721e-04   1.94505169e-01   4.08888491e-02
 1.25000000e+00   0.00000000e+00   1.00000000e+00   4.93673299e-02   1.94897689e-04   1.94481239e-01   4.13465437e-02
 1.26000000e+00   0.00000000e+00   1.00000000e+00   4.64339868e-02   1.84446035e-04   1.94270926e-01   4.17800562e-02
 1.27000000e+00   0.00000000e+00   1.00000000e+00   4.35851294e-02   1.38526868e-04   1.93980667e-01   4.21749586e-02
 1.28000000e+00   0.00000000e+00   1.00000000e+00   4.08653603e-02   7.23632780e-05   1.93644181e-01   4.24786461e-02
 1.29000000e+00   0.00000000e+00   1.00000000e+00   3.83389323e-02   9.32306206e-06   1.93271679e-01   4.26158017e-02
 1.30000000e+00   0.00000000e+00   1.00000000e+00   3.60032249e-02  -2.91807521e-05   1.92975435e-01   4.25817843e-02
 1.31000000e+00   0.00000000e+00   1.00000000e+00   3.37272237e-02  -3.15385022e-05   1.92973063e-01   4.25071266e-02
 1.32000000e+00   0.00000000e+00   1.00000000e+00   3.13033351e-02   2.33596097e-06   1.93423283e-01   4.26013383e-02
 1.33000000e+00   0.00000000e+00   1.00000000e+00   2.85827973e-02   6.23786483e-05   1.94268821e-01   4.30162961e-02
 1.34000000e+00   0.00000000e+00   1.00000000e+00   2.55719617e-02   1.30077614e-04   1.95254722e-01   4.37527662e-02
 1.35000000e+00   0.00000000e+00   1.00000000e+00   2.24100410e-02   1.82752826e-04   1.96083670e-01   4.46817996e-02
 1.36000000e+00   0.00000000e+00   1.00000000e+00   1.92724392e-02   2.02107402e-04   1.96555550e-01   4.56380285e-02
 1.37000000e+00   0.00000000e+00   1.00000000e+00   1.62957307e-02   1.82328632e-04   1.96616439e-01   4.64947440e-02
 1.38000000e+00   0.00000000e+00   1.00000000e+00   1.35591489e-02   1.31465892e-04   1.96346666e-01   4.71836262e-02
 1.39000000e+00   0.00000000e+00   1.00000000e+00   1.10921938e-02   6.65799275e-05   1.95922315e-01   4.76923971e-02
 1.40000000e+00   0.00000000e+00   1.00000000e+00   8.88695000e-03   8.05863406e-06   1.95536389e-01   4.80520762e-02
 1.41000000e+00   0.00000000e+00   1.00000000e+00   6.92012149e-03  -2.50008740e-05   1.95294102e-01   4.83090124e-02
 1.42000000e+00   0.00000000e+00   1.00000000e+00   5.17178709e-03  -2.04530586e-05   1.95180254e-01   4.84980585e-02
 1.43000000e+00   0.00000000e+00   1.00000000e+00   3.61407988e-03   2.10565530e-05   1.95134468e-01   4.86557175e-02
 1.44000000e+00   0.00000000e+00   1.00000000e+00   2.18776988e-03   8.51510302e-05   1.95134949e-01   4.88509304e-02
 1.45000000e+00   0.00000000e+00   1.00000000e+00   8.25163014e-04   1.49880814e-04   1.95165857e-01   4.91625036e-02
 1.46000000e+00   0.00000000e+00   1.00000000e+00  -4.72166506e-04   1.94501717e-04   1.95112455e-01   4.95917151e-02
 1.47000000e+00   0.00000000e+00   1.00000000e+00  -1.58193316e-03   2.05416844e-04   1.94756880e-01   5.00038325e-02
 1.48000000e+00   0.00000000e+00   1.00000000e+00  -2.31465810e-03   1.78884887e-04   1.93937819e-01   5.01897515e-02
 1.49000000e+00   0.00000000e+00   1.00000000e+00  -2.54112621e-03   1.22585384e-04   1.92717554e-01   5.00129549e-02
 1.50000000e+00   0.00000000e+00   1.00000000e+00  -2.27959197e-03   5.49058711e-05   1.91371439e-01   4.95023240e-02
 1.51000000e+00   0.00000000e+00   1.00000000e+00  -1.67248778e-03  -9.57369572e-07   1.90217042e-01   4.88110715e-02
 1.52000000e+00   0.00000000e+00   1.00000000e+00  -8.93012316e-04  -2.63669546e-05   1.89443107e-01   4.81076352e-02
 1.53000000e+00   0.00000000e+00   1.00000000e+00  -7.06776086e-05  -1.39802510e-05   1.89076307e-01   4.75006130e-02
 1.54000000e+00   0.00000000e+00   1.00000000e+00   7.23583769e-04   3.13621406e-05   1.89020103e-01   4.70353719e-02
 1.55000000e+00   0.00000000e+00   1.00000000e+00   1.45906087e-03   9.52501427e-05   1.89112074e-01   4.67214504e-02
 1.56000000e+00   0.00000000e+00   1.00000000e+00   2.13056853e-03   1.57275624e-04   1.89183589e-01   4.65485382e-02
 1.57000000e+00   0.00000000e+00   1.00000000e+00   2.75421784e-03   1.96435555e-04   1.89126284e-01   4.64881202e-02
 1.58000000e+00   0.00000000e+00   1.00000000e+00   3.36697123e-03   1.98805895e-04   1.88916672e-01   4.64937574e-02
 1.59000000e+00   0.00000000e+00   1.00000000e+00   4.03075867e-03   1.63648187e-04   1.88572192e-01   4.64988944e-02
 1.60000000e+00   0.00000000e+00   1.00000000e+00   4.83200630e-03   1.03377317e-04   1.88104651e-01   4.64176238e-02
 1.61000000e+00   0.00000000e+00   1.00000000e+00   5.84909687e-03   3.79147473e-05   1.87544592e-01   4.61749668e-02
 1.62000000e+00   0.00000000e+00   1.00000000e+00   7.08690706e-03  -1.20723031e-05   1.87015776e-01   4.57715925e-02
 1.63000000e+00   0.00000000e+00   1.00000000e+00   8.43817576e-03  -3.05530255e-05   1.86725037e-01   4.53233165e-02
 1.64000000e+00   0.00000000e+00   1.00000000e+00   9.73486957e-03  -1.08324916e-05   1.86819991e-01   4.50060223e-02
 1.65000000e+00   0.00000000e+00   1.00000000e+00   1.08654183e-02   4.10116709e-05   1.87238592e-01   4.49398393e-02
 1.66000000e+00   0.00000000e+00   1.00000000e+00   1.18554316e-02   1.07234082e-04   1.87721186e-01   4.51073507e-02
 1.67000000e+00   0.00000000e+00   1.00000000e+00   1.28437106e-02   1.65251837e-04   1.87974256e-01   4.53764995e-02
 1.68000000e+00   0.00000000e+00   1.00000000e+00   1.39911352e-02   1.96246913e-04   1.87824476e-01   4.55959722e-02
 1.69000000e+00   0.00000000e+00   1.00000000e+00   1.54109250e-02   1.90696451e-04   1.87260799e-01   4.56672820e-02
 1.70000000e+00   0.00000000e+00   1.00000000e+00   1.71604117e-02   1.50206193e-04   1.86383456e-01   4.55495983e-02
 1.71000000e+00   0.00000000e+00   1.00000000e+00   1.92643196e-02   8.72486055e-05   1.85343263e-01   4.52293658e-02
 1.72000000e+00   0.00000000e+00   1.00000000e+00   2.17271385e-02   2.23552555e-05   1.84294365e-01   4.47079315e-02
 1.73000000e+00   0.00000000e+00   1.00000000e+00   2.45260777e-02  -2.25468550e-05   1.83356560e-01   4.40108969e-02
 1.74000000e+00   0.00000000e+00   1.00000000e+00   2.76004002e-02  -3.26074450e-05   1.82587256e-01   4.31983015e-02
 1.75000000e+00   0.00000000e+00   1.00000000e+00   3.08509056e-02  -5.40222106e-06   1.82005065e-01   4.23596670e-02
 1.76000000e+00   0.00000000e+00   1.00000000e+00   3.41584009e-02   4.93316100e-05   1.81605749e-01   4.15955853e-02
 1.77000000e+00   0.00000000e+00   1.00000000e+00   3.74279954e-02   1.13664079e-04   1.81342652e-01   4.09804897e-02
 1.78000000e+00   0.00000000e+00   1.00000000e+00   4.06458479e-02   1.66606996e-04   1.81080426e-01   4.05134516e-02
 1.79000000e+00   0.00000000e+00   1.00000000e+00   4.39023378e-02   1.90118862e-04   1.80621448e-01   4.00965473e-02
 1.80000000e+00   0.00000000e+00   1.00000000e+00   4.73402151e-02   1.75564421e-04   1.79833782e-01   3.95805859e-02
 1.81000000e+00   0.00000000e+00   1.00000000e+00   5.10506112e-02   1.27575267e-04   1.78777829e-01   3.88652612e-02
 1.82000000e+00   0.00000000e+00   1.00000000e+00   5.50012347e-02   6.22798764e-05   1.77696190e-01   3.79666851e-02
 1.83000000e+00   0.00000000e+00   1.00000000e+00   5.90580808e-02   9.42339827e-07   1.76858435e-01   3.69914628e-02
 1.84000000e+00   0.00000000e+00   1.00000000e+00   6.30705914e-02  -3.71058497e-05   1.76413505e-01   3.60537522e-02
 1.85000000e+00   0.00000000e+00   1.00000000e+00   6.69366272e-02  -3.98627843e-05   1.76354202e-01   3.52231255e-02
 1.86000000e+00   0.00000000e+00   1.00000000e+00   7.06053459e-02  -6.26147038e-06   1.76576465e-01   3.45322533e-02
 1.87000000e+00   0.00000000e+00   1.00000000e+00   7.40498532e-02   5.26496989e-05   1.76942708e-01   3.40058124e-02
 1.88000000e+00   0.00000000e+00   1.00000000e+00   7.72582577e-02   1.16782477e-04   1.77319549e-01   3.36618243e-02
 1.89000000e+00   0.00000000e+00   1.00000000e+00   8.02510985e-02   1.64296866e-04   1.77593230e-01   3.34885066e-02
 1.90000000e+00   0.00000000e+00   1.00000000e+00   8.30990584e-02   1.79556481e-04   1.77686193e-01   3.34253408e-02
 1.91000000e+00   0.00000000e+00   1.00000000e+00   8.59182798e-02   1.57859900e-04   1.77560130e-01   3.33725185e-02
 1.92000000e+00   0.00000000e+00   1.00000000e+00   8.88382485e-02   1.06138900e-04   1.77216242e-01   3.32218144e-02
 1.93000000e+00   0.00000000e+00   1.00000000e+00   9.19494723e-02   4.08252660e-05   1.76716580e-01   3.28995934e-02
 1.94000000e+00   0.00000000e+00   1.00000000e+00   9.52531598e-02  -1.67411792e-05   1.76208015e-01   3.24064886e-02
 1.95000000e+00   0.00000000e+00   1.00000000e+00   9.86508602e-02  -4.73048065e-05   1.75881324e-01   3.18272395e-02
 1.96000000e+00   0.00000000e+00   1.00000000e+00   1.01999061e-01  -4.08391866e-05   1.75856631e-01   3.12884669e-02
 1.97000000e+00   0.00000000e+00   1.00000000e+00   1.05202042e-01  -1.12202158e-07   1.76082147e-01   3.08839791e-02
 1.98000000e+00   0.00000000e+00   1.00000000e+00   1.08272535e-01   6.09430756e-05   1.76346431e-01   3.06199060e-02
 1.99000000e+00   0.00000000e+00   1.00000000e+00   1.11311499e-01   1.22287418e-04   1.76412000e-01   3.04262239e-02
 2.00000000e+00   0.00000000e+00   1.00000000e+00   1.14432962e-01   1.63821802e-04   1.76148640e-01   3.02147941e-02
 2.01000000e+00   0.00000000e+00   1.00000000e+00   1.17706569e-01   1.71426446e-04   1.75569024e-01   2.99261755e-02
 2.02000000e+00   0.00000000e+00   1.00000000e+00   1.21157360e-01   1.41983247e-04   1.74771708e-01   2.95291205e-02
 2.03000000e+00   0.00000000e+00   1.00000000e+00   1.24793949e-01   8.50683133e-05   1.73883527e-01   2.89976732e-02
 2.04000000e+00   0.00000000e+00   1.00000000e+00   1.28614859e-01   1.96346873e-05   1.73028687e-01   2.83112351e-02
 2.05000000e+00   0.00000000e+00   1.00000000e+00   1.32583370e-01  -3.29445477e-05   1.72321790e-01   2.74807961e-02
 2.06000000e+00   0.00000000e+00   1.00000000e+00   1.36604080e-01  -5.59854413e-05   1.71854656e-01   2.65692745e-02
 2.07000000e+00   0.00000000e+00   1.00000000e+00   1.40532495e-01  -4.23295582e-05   1.71678699e-01   2.56798320e-02
 2.08000000e+00   0.00000000e+00   1.00000000e+00   1.44218975e-01   3.52235856e-06   1.71781834e-01   2.49189804e-02
 2.09000000e+00   0.00000000e+00   1.00000000e+00   1.47566514e-01   6.63305546e-05   1.72083508e-01   2.43554168e-02
 2.10000000e+00   0.00000000e+00   1.00000000e+00   1.50573963e-01   1.24838287e-04   1.72425120e-01   2.39918460e-02
 2.11000000e+00   0.00000000e+00   1.00000000e+00   1.53335490e-01   1.59273171e-04   1.72624162e-01   2.37582462e-02
 2.12000000e+00   0.00000000e+00   1.00000000e+00   1.55984222e-01   1.58294920e-04   1.72570756e-01   2.35462012e-02
 2.13000000e+00   0.00000000e+00   1.00000000e+00   1.58608906e-01   1.22366040e-04   1.72312588e-01   2.32717936e-02
 2.14000000e+00   0.00000000e+00   1.00000000e+00   1.61203131e-01   6.30646618e-05   1.72033491e-01   2.29121015e-02
 2.15000000e+00   0.00000000e+00   1.00000000e+00   1.63684813e-01  -5.25953863e-07   1.71942045e-01   2.25034357e-02
 2.16000000e+00   0.00000000e+00   1.00000000e+00   1.65960987e-01  -4.75328502e-05   1.72149917e-01   2.21021418e-02
 2.17000000e+00   0.00000000e+00   1.00000000e+00   1.67975519e-01  -6.22265806e-05   1.72644113e-01   2.17554387e-02
 2.18000000e+00   0.00000000e+00   1.00000000e+00   1.69706845e-01  -3.97852737e-05   1.73332017e-01   2.15003356e-02
 2.19000000e+00   0.00000000e+00   1.00000000e+00   1.71142477e-01   1.19908858e-05   1.74103710e-01   2.13755484e-02
 2.20000000e+00   0.00000000e+00   1.00000000e+00   1.72276799e-01   7.57510274e-05   1.74853113e-01   2.14140685e-02
 2.21000000e+00   0.00000000e+00   1.00000000e+00   1.73141006e-01   1.30601103e-04   1.75473153e-01   2.16150219e-02
 2.22000000e+00   0.00000000e+00   1.00000000e+00   1.73829722e-01   1.58633158e-04   1.75865253e-01   2.19193987e-02
 2.23000000e+00   0.00000000e+00   1.00000000e+00   1.74488137e-01   1.50463235e-04   1.75968977e-01   2.22185380e-02
 2.24000000e+00   0.00000000e+00   1.00000000e+00   1.75259425e-01   1.08552654e-04   1.75792709e-01   2.23977103e-02
 2.25000000e+00   0.00000000e+00   1.00000000e+00   1.76222863e-01   4.68020433e-05   1.75432796e-01   2.23860167e-02
 2.26000000e+00   0.00000000e+00   1.00000000e+00   1.77357410e-01  -1.41664273e-05   1.75061436e-01   2.21868287e-02
 2.27000000e+00   0.00000000e+00   1.00000000e+00   1.78552577e-01  -5.42752734e-05   1.74865229e-01   2.18726219e-02
 2.28000000e+00   0.00000000e+00   1.00000000e+00   1.79666028e-01  -6.06222111e-05   1.74953921e-01   2.15461244e-02
 2.29000000e+00   0.00000000e+00   1.00000000e+00   1.80597568e-01  -3.12725998e-05   1.75288391e-01   2.12925107e-02
 2.30000000e+00   0.00000000e+00   1.00000000e+00   1.81331083e-01   2.42560425e-05   1.75703468e-01   2.11454098e-02
 2.31000000e+00   0.00000000e+00   1.00000000e+00   1.81916735e-01   8.77226907e-05   1.76009650e-01   2.10879059e-02
 2.32000000e+00   0.00000000e+00   1.00000000e+00   1.82416548e-01   1.37927475e-04   1.76102516e-01   2.10787739e-02
 2.33000000e+00   0.00000000e+00   1.00000000e+00   1.82866161e-01   1.58044894e-04   1.75989416e-01   2.10792849e-02
 2.34000000e+00   0.00000000e+00   1.00000000e+00   1.83279200e-01   1.41504799e-04   1.75746390e-01   2.10529853e-02
 2.35000000e+00   0.00000000e+00   1.00000000e+00   1.83668710e-01   9.39611940e-05   1.75465264e-01   2.09590893e-02
 2.36000000e+00   0.00000000e+00   1.00000000e+00   1.84043782e-01   3.10603030e-05   1.75239090e-01   2.07626434e-02
 2.37000000e+00   0.00000000e+00   1.00000000e+00   1.84375686e-01  -2.66583216e-05   1.75172114e-01   2.04620582e-02
 2.38000000e+00   0.00000000e+00   1.00000000e+00   1.84570465e-01  -6.01732011e-05   1.75367983e-01   2.01130183e-02
 2.39000000e+00   0.00000000e+00   1.00000000e+00   1.84484966e-01  -5.82377706e-05   1.75889909e-01   1.98186067e-02
 2.40000000e+00   0.00000000e+00   1.00000000e+00   1.83984690e-01  -2.14520328e-05   1.76719102e-01   1.96883175e-02
 2.41000000e+00   0.00000000e+00   1.00000000e+00   1.83007365e-01   3.78502241e-05   1.77741280e-01   1.97890578e-02
 2.42000000e+00   0.00000000e+00   1.00000000e+00   1.81593459e-01   1.00040089e-04   1.78774338e-01   2.01182709e-02
 2.43000000e+00   0.00000000e+00   1.00000000e+00   1.79866745e-01   1.44867030e-04   1.79633423e-01   2.06070087e-02
 2.44000000e+00   0.00000000e+00   1.00000000e+00   1.77975626e-01   1.57835462e-04   1.80211807e-01   2.11528223e-02
 2.45000000e+00   0.00000000e+00   1.00000000e+00   1.76027762e-01   1.34711522e-04   1.80537921e-01   2.16656398e-02
 2.46000000e+00   0.00000000e+00   1.00000000e+00   1.74056599e-01   8.31207418e-05   1.80757392e-01   2.21005542e-02
 2.47000000e+00   0.00000000e+00   1.00000000e+00   1.72037360e-01   2.03403209e-05   1.81042512e-01   2.24613283e-02
 2.48000000e+00   0.00000000e+00   1.00000000e+00   1.69930947e-01  -3.25168431e-05   1.81496072e-01   2.27772448e-02
 2.49000000e+00   0.00000000e+00   1.00000000e+00   1.67713104e-01  -5.78166360e-05   1.82124304e-01   2.30834156e-02
 2.50000000e+00   0.00000000e+00   1.00000000e+00   1.65369141e-01  -4.72264205e-05   1.82870970e-01   2.34182299e-02
 2.51000000e+00   0.00000000e+00   1.00000000e+00   1.62877939e-01  -4.13924857e-06   1.83667553e-01   2.38282044e-02
 2.52000000e+00   0.00000000e+00   1.00000000e+00   1.60221419e-01   5.75606858e-05   1.84435054e-01   2.43562423e-02
 2.53000000e+00   0.00000000e+00   1.00000000e+00   1.57421561e-01   1.17813279e-04   1.85073901e-01   2.50078901e-02
 2.54000000e+00   0.00000000e+00   1.00000000e+00   1.54567382e-01   1.56823103e-04   1.85473611e-01   2.57238602e-02
 2.55000000e+00   0.00000000e+00   1.00000000e+00   1.51795891e-01   1.61834582e-04   1.85553924e-01   2.63899303e-02
 2.56000000e+00   0.00000000e+00   1.00000000e+00   1.49231117e-01   1.31562854e-04   1.85328568e-01   2.68913827e-02
 2.57000000e+00   0.00000000e+00   1.00000000e+00   1.46921109e-01   7.64053633e-05   1.84922000e-01   2.71687778e-02
 2.58000000e+00   0.00000000e+00   1.00000000e+00   1.44813033e-01   1.47037355e-05   1.84534757e-01   2.72466211e-02
 2.59000000e+00   0.00000000e+00   1.00000000e+00   1.42778897e-01  -3.32152141e-05   1.84366015e-01   2.72128934e-02
 2.60000000e+00   0.00000000e+00   1.00000000e+00   1.40674160e-01  -5.14313358e-05   1.84525543e-01   2.71768390e-02
 2.61000000e+00   0.00000000e+00   1.00000000e+00   1.38395390e-01  -3.36602428e-05   1.84984951e-01   2.72264935e-02
 2.62000000e+00   0.00000000e+00   1.00000000e+00   1.35906197e-01   1.44123044e-05   1.85603677e-01   2.74053234e-02
 2.63000000e+00   0.00000000e+00   1.00000000e+00   1.33222736e-01   7.69166910e-05   1.86213117e-01   2.77142573e-02
 2.64000000e+00   0.00000000e+00   1.00000000e+00   1.30379660e-01   1.33277695e-04   1.86702625e-01   2.81296188e-02
 2.65000000e+00   0.00000000e+00   1.00000000e+00   1.27409488e-01   1.65174770e-04   1.87046659e-01   2.86175532e-02
 2.66000000e+00   0.00000000e+00   1.00000000e+00   1.24347727e-01   1.62414480e-04   1.87273374e-01   2.91350271e-02
 2.67000000e+00   0.00000000e+00   1.00000000e+00   1.21242129e-01   1.26092065e-04   1.87428240e-01   2.96255780e-02
 2.68000000e+00   0.00000000e+00   1.00000000e+00   1.18136825e-01   6.83321139e-05   1.87573785e-01   3.00366164e-02
 2.69000000e+00   0.00000000e+00   1.00000000e+00   1.15033165e-01   8.47925865e-06   1.87806309e-01   3.03565740e-02
 2.70000000e+00   0.00000000e+00   1.00000000e+00   1.11864088e-01  -3.33536026e-05   1.88246299e-01   3.06412949e-02
 2.71000000e+00   0.00000000e+00   1.00000000e+00   1.08515750e-01  -4.31243773e-05   1.88976298e-01   3.09997084e-02
 2.72000000e+00   0.00000000e+00   1.00000000e+00   1.04889898e-01  -1.74810265e-05   1.89977048e-01   3.15418369e-02
 2.73000000e+00   0.00000000e+00   1.00000000e+00   1.00964948e-01   3.53371776e-05   1.91119941e-01   3.23177794e-02
 2.74000000e+00   0.00000000e+00   1.00000000e+00   9.68156218e-02   9.82795293e-05   1.92200300e-01   3.32951721e-02
 2.75000000e+00   0.00000000e+00   1.00000000e+00   9.25827904e-02   1.50953972e-04   1.93016426e-01   3.43743457e-02
 2.76000000e+00   0.00000000e+00   1.00000000e+00   8.84163892e-02   1.76266866e-04   1.93458821e-01   3.54326530e-02
 2.77000000e+00   0.00000000e+00   1.00000000e+00   8.44251667e-02   1.66180293e-04   1.93551401e-01   3.63730858e-02
 2.78000000e+00   0.00000000e+00   1.00000000e+00   8.06571641e-02   1.24461080e-04   1.93425369e-01   3.71492265e-02
 2.79000000e+00   0.00000000e+00   1.00000000e+00   7.71126115e-02   6.53265614e-05   1.93245369e-01   3.77613925e-02
 2.80000000e+00   0.00000000e+00   1.00000000e+00   7.37692793e-02   8.60749738e-06   1.93130289e-01   3.82354245e-02
 2.81000000e+00   0.00000000e+00   1.00000000e+00   7.05956898e-02  -2.67466213e-05   1.93130322e-01   3.86082159e-02
 2.82000000e+00   0.00000000e+00   1.00000000e+00   6.75467342e-02  -2.87936397e-05   1.93247369e-01   3.89320348e-02
 2.83000000e+00   0.00000000e+00   1.00000000e+00   6.45616551e-02   3.42034964e-06   1.93461737e-01   3.92753224e-02
 2.84000000e+00   0.00000000e+00   1.00000000e+00   6.15864558e-02   5.94241614e-05   1.93721960e-01   3.97013726e-02
 2.85000000e+00   0.00000000e+00   1.00000000e+00   5.86144164e-02   1.20823438e-04   1.93927370e-01   4.02247976e-02
 2.86000000e+00   0.00000000e+00   1.00000000e+00   5.57092643e-02   1.67536970e-04   1.93945493e-01   4.07843808e-02
 2.87000000e+00   0.00000000e+00   1.00000000e+00   5.29811105e-02   1.84445287e-04   1.93677264e-01   4.12646940e-02
 2.88000000e+00   0.00000000e+00   1.00000000e+00   5.05240404e-02   1.66211002e-04   1.93131347e-01   4.15606398e-02
 2.89000000e+00   0.00000000e+00   1.00000000e+00   4.83578597e-02   1.18945421e-04   1.92444848e-01   4.16383582e-02
 2.90000000e+00   0.00000000e+00   1.00000000e+00   4.64128569e-02   5.83216557e-05   1.91831682e-01   4.15512399e-02
 2.91000000e+00   0.00000000e+00   1.00000000e+00   4.45625194e-02   4.52180380e-06   1.91487775e-01   4.14069828e-02
 2.92000000e+00   0.00000000e+00   1.00000000e+00   4.26778309e-02  -2.45241939e-05   1.91508488e-01   4.13178539e-02
 2.93000000e+00   0.00000000e+00   1.00000000e+00   4.06702433e-02  -1.91809648e-05   1.91858495e-01   4.13633238e-02
 2.94000000e+00   0.00000000e+00   1.00000000e+00   3.85055614e-02   1.87973362e-05   1.92404703e-01   4.15777135e-02
 2.95000000e+00   0.00000000e+00   1.00000000e+00   3.61927747e-02   7.69992677e-05   1.92986690e-01   4.19586800e-02
 2.96000000e+00   0.00000000e+00   1.00000000e+00   3.37664294e-02   1.36414652e-04   1.93479833e-01   4.24802329e-02
 2.97000000e+00   0.00000000e+00   1.00000000e+00   3.12795384e-02   1.77564920e-04   1.93814401e-01   4.30978073e-02
 2.98000000e+00   0.00000000e+00   1.00000000e+00   2.88065495e-02   1.86962202e-04   1.93962375e-01   4.37432149e-02
 2.99000000e+00   0.00000000e+00   1.00000000e+00   2.64381435e-02   1.61718948e-04   1.93924022e-01   4.43296454e-02
 3.00000000e+00   0.00000000e+00   1.00000000e+00   2.42527093e-02   1.10497976e-04   1.93745406e-01   4.47814445e-02
 3.01000000e+00   0.00000000e+00   1.00000000e+00   2.22752076e-02   5.04662475e-05   1.93533344e-01   4.50794805e-02
 3.02000000e+00   0.00000000e+00   1.00000000e+00   2.04572140e-02   1.53751645e-06   1.93432280e-01   4.52834561e-02
 3.03000000e+00   0.00000000e+00   1.00000000e+00   1.87034832e-02  -2.00625282e-05   1.93551177e-01   4.55047758e-02
 3.04000000e+00   0.00000000e+00   1.00000000e+00   1.69334829e-02  -7.01717297e-06   1.93888141e-01   4.58428944e-02
 3.05000000e+00   0.00000000e+00   1.00000000e+00   1.51361086e-02   3.65877236e-05   1.94312746e-01   4.63277662e-02
 3.06000000e+00   0.00000000e+00   1.00000000e+00   1.33813842e-02   9.64820121e-05   1.94621239e-01   4.69054965e-02
 3.07000000e+00   0.00000000e+00   1.00000000e+00   1.17871259e-02   1.52964087e-04   1.94632021e-01   4.74693853e-02
 3.08000000e+00   0.00000000e+00   1.00000000e+00   1.04686019e-02   1.87520837e-04   1.94260838e-01   4.79106859e-02
 3.09000000e+00   0.00000000e+00   1.00000000e+00   9.50246004e-03   1.88910191e-04   1.93547367e-01   4.81575597e-02
 3.10000000e+00   0.00000000e+00   1.00000000e+00   8.91751196e-03   1.56770249e-04   1.92620681e-01   4.81844414e-02
 3.11000000e+00   0.00000000e+00   1.00000000e+00   8.70400132e-03   1.01726421e-04   1.91638605e-01   4.80016997e-02
 3.12000000e+00   0.00000000e+00   1.00000000e+00   8.82435577e-03   4.19319282e-05   1.90732882e-01   4.76443226e-02
 3.13000000e+00   0.00000000e+00   1.00000000e+00   9.21521501e-03  -2.90168162e-06   1.89993303e-01   4.71663186e-02
 3.14000000e+00   0.00000000e+00   1.00000000e+00   9.78629748e-03  -1.80400135e-05   1.89466847e-01   4.66475598e-02
 3.15000000e+00   0.00000000e+00   1.00000000e+00   1.04323621e-02   1.36123900e-06   1.89161199e-01   4.61827176e-02
 3.16000000e+00   0.00000000e+00   1.00000000e+00   1.10669535e-02   4.86834531e-05   1.89025943e-01   4.58485323e-02
 3.17000000e+00   0.00000000e+00   1.00000000e+00   1.16632005e-02   1.08132727e-04   1.88942031e-01   4.56622705e-02
 3.18000000e+00   0.00000000e+00   1.00000000e+00   1.22699231e-02   1.59994315e-04   1.88753470e-01   4.55643793e-02
 3.19000000e+00   0.00000000e+00   1.00000000e+00   1.29826167e-02   1.87068054e-04   1.88343880e-01   4.54476445e-02
 3.20000000e+00   0.00000000e+00   1.00000000e+00   1.38833264e-02   1.80286452e-04   1.87709439e-01   4.52188563e-02
 3.21000000e+00   0.00000000e+00   1.00000000e+00   1.49896374e-02   1.41748836e-04   1.86973800e-01   4.48505304e-02
 3.22000000e+00   0.00000000e+00   1.00000000e+00   1.62456278e-02   8.40758640e-05   1.86325511e-01   4.43877408e-02
 3.23000000e+00   0.00000000e+00   1.00000000e+00   1.75542617e-02   2.62057193e-05   1.85927870e-01   4.39143428e-02
 3.24000000e+00   0.00000000e+00   1.00000000e+00   1.88228064e-02  -1.29000459e-05   1.85847835e-01   4.35110317e-02
 3.25000000e+00   0.00000000e+00   1.00000000e+00   1.99924274e-02  -2.04953848e-05   1.86042675e-01   4.32317883e-02
 3.26000000e+00   0.00000000e+00   1.00000000e+00   2.10438101e-02   5.78938524e-06   1.86394708e-01   4.31001243e-02
 3.27000000e+00   0.00000000e+00   1.00000000e+00   2.19901438e-02   5.71820787e-05   1.86761311e-01   4.31154964e-02
 3.28000000e+00   0.00000000e+00   1.00000000e+00   2.28725091e-02   1.16634022e-04   1.87017652e-01   4.32538882e-02
 3.29000000e+00   0.00000000e+00   1.00000000e+00   2.37620204e-02   1.64426461e-04   1.87070075e-01   4.34614748e-02
 3.30000000e+00   0.00000000e+00   1.00000000e+00   2.47590472e-02   1.84724515e-04   1.86861274e-01   4.36524603e-02
 3.31000000e+00   0.00000000e+00   1.00000000e+00   2.59752608e-02   1.70837467e-04   1.86380799e-01   4.37259695e-02
 3.32000000e+00   0.00000000e+00   1.00000000e+00   2.74957866e-02   1.27364224e-04   1.85686194e-01   4.36046998e-02
 3.33000000e+00   0.00000000e+00   1.00000000e+00   2.93396517e-02   6.85808185e-05   1.84909131e-01   4.32752882e-02
 3.34000000e+00   0.00000000e+00   1.00000000e+00   3.14479791e-02   1.37321190e-05   1.84217422e-01   4.27992407e-02
 3.35000000e+00   0.00000000e+00   1.00000000e+00   3.37154451e-02  -1.92406204e-05   1.83735096e-01   4.22812490e-02
 3.36000000e+00   0.00000000e+00   1.00000000e+00   3.60486956e-02  -1.96078339e-05   1.83474424e-01   4.18127116e-02
 3.37000000e+00   0.00000000e+00   1.00000000e+00   3.84135582e-02   1.25522751e-05   1.83326042e-01   4.14287080e-02
 3.38000000e+00   0.00000000e+00   1.00000000e+00   4.08421003e-02   6.63658372e-05   1.83119179e-01   4.11023290e-02
 3.39000000e+00   0.00000000e+00   1.00000000e+00   4.34024061e-02   1.23816238e-04   1.82708118e-01   4.07714156e-02
 3.40000000e+00   0.00000000e+00   1.00000000e+00   4.61587593e-02   1.65734062e-04   1.82034813e-01   4.03746613e-02
 3.41000000e+00   0.00000000e+00   1.00000000e+00   4.91479028e-02   1.78079014e-04   1.81139311e-01   3.98708707e-02
 3.42000000e+00   0.00000000e+00   1.00000000e+00   5.23758230e-02   1.56521383e-04   1.80128032e-01   3.92407114e-02
 3.43000000e+00   0.00000000e+00   1.00000000e+00   5.58220218e-02   1.07899245e-04   1.79130592e-01   3.84828818e-02
 3.44000000e+00   0.00000000e+00   1.00000000e+00   5.94384953e-02   4.80111795e-05   1.78268254e-01   3.76173195e-02
 3.45000000e+00   0.00000000e+00   1.00000000e+00   6.31441381e-02  -3.63083055e-06   1.77635892e-01   3.66937567e-02
 3.46000000e+00   0.00000000e+00   1.00000000e+00   6.68273638e-02  -3.03181531e-05   1.77291627e-01   3.57915491e-02
 3.47000000e+00   0.00000000e+00   1.00000000e+00   7.03690518e-02  -2.36498723e-05   1.77239377e-01   3.50016464e-02
 3.48000000e+00   0.00000000e+00   1.00000000e+00   7.36832806e-02   1.38017421e-05   1.77409532e-01   3.43928919e-02
 3.49000000e+00   0.00000000e+00   1.00000000e+00   7.67547806e-02   6.93940399e-05   1.77661806e-01   3.39794060e-02
 3.50000000e+00   0.00000000e+00   1.00000000e+00   7.96462483e-02   1.24533611e-04   1.77828741e-01   3.37108001e-02
 3.51000000e+00   0.00000000e+00   1.00000000e+00   8.24647584e-02   1.60774098e-04   1.77787793e-01   3.34957902e-02
 3.52000000e+00   0.00000000e+00   1.00000000e+00   8.53054132e-02   1.65928180e-04   1.77525003e-01   3.32481268e-02
 3.53000000e+00   0.00000000e+00   1.00000000e+00   8.82079413e-02   1.38140346e-04   1.77138982e-01   3.29242233e-02
 3.54000000e+00   0.00000000e+00   1.00000000e+00   9.11510455e-02   8.64811032e-05   1.76785199e-01   3.25306646e-02
 3.55000000e+00   0.00000000e+00   1.00000000e+00   9.40796804e-02   2.78599044e-05   1.76594720e-01   3.21046775e-02
 3.56000000e+00   0.00000000e+00   1.00000000e+00   9.69391162e-02  -1.85735135e-05   1.76620814e-01   3.16900246e-02
 3.57000000e+00   0.00000000e+00   1.00000000e+00   9.96936602e-02  -3.76855281e-05   1.76834277e-01   3.13249953e-02
 3.58000000e+00   0.00000000e+00   1.00000000e+00   1.02328774e-01  -2.33271103e-05   1.77147760e-01   3.10391663e-02
 3.59000000e+00   0.00000000e+00   1.00000000e+00   1.04850212e-01   1.95825485e-05   1.77450596e-01   3.08507746e-02
 3.60000000e+00   0.00000000e+00   1.00000000e+00   1.07290255e-01   7.66515977e-05   1.77635404e-01   3.07548617e-02
 3.61000000e+00   0.00000000e+00   1.00000000e+00   1.09716196e-01   1.28838511e-04   1.77610022e-01   3.07106559e-02
 3.62000000e+00   0.00000000e+00   1.00000000e+00   1.12226127e-01   1.58796997e-04   1.77317001e-01   3.06420227e-02
 3.63000000e+00   0.00000000e+00   1.00000000e+00   1.14922116e-01   1.56559275e-04   1.76754961e-01   3.04606216e-02
 3.64000000e+00   0.00000000e+00   1.00000000e+00   1.17867848e-01   1.22755023e-04   1.76001896e-01   3.01029213e-02
 3.65000000e+00   0.00000000e+00   1.00000000e+00   1.21053844e-01   6.83927726e-05   1.75206927e-01   2.95612675e-02
 3.66000000e+00   0.00000000e+00   1.00000000e+00   1.24394588e-01   1.12524590e-05   1.74543263e-01   2.88883002e-02
 3.67000000e+00   0.00000000e+00   1.00000000e+00   1.27763876e-01  -2.99915492e-05   1.74133682e-01   2.81706123e-02
 3.68000000e+00   0.00000000e+00   1.00000000e+00   1.31048651e-01  -4.19826793e-05   1.73992978e-01   2.74910347e-02
 3.69000000e+00   0.00000000e+00   1.00000000e+00   1.34188581e-01  -2.10916506e-05   1.74029426e-01   2.68989403e-02
 3.70000000e+00   0.00000000e+00   1.00000000e+00   1.37180730e-01   2.54765157e-05   1.74098353e-01   2.64039471e-02
 3.71000000e+00   0.00000000e+00   1.00000000e+00   1.40055628e-01   8.21230784e-05   1.74076673e-01   2.59873360e-02
 3.72000000e+00   0.00000000e+00   1.00000000e+00   1.42848803e-01   1.29954697e-04   1.73903702e-01   2.56194186e-02
 3.73000000e+00   0.00000000e+00   1.00000000e+00   1.45586121e-01   1.52963403e-04   1.73599071e-01   2.52648484e-02
 3.74000000e+00   0.00000000e+00   1.00000000e+00   1.48281616e-01   1.43346964e-04   1.73234538e-01   2.48872529e-02
 3.75000000e+00   0.00000000e+00   1.00000000e+00   1.50934423e-01   1.04139026e-04   1.72903411e-01   2.44594225e-02
 3.76000000e+00   0.00000000e+00   1.00000000e+00   1.53517636e-01   4.81718173e-05   1.72705164e-01   2.39739003e-02
 3.77000000e+00   0.00000000e+00   1.00000000e+00   1.55967486e-01  -6.22143790e-06   1.72726593e-01   2.34600854e-02
 3.78000000e+00   0.00000000e+00   1.00000000e+00   1.58188989e-01  -4.12440905e-05   1.73021793e-01   2.29819185e-02
 3.79000000e+00   0.00000000e+00   1.00000000e+00   1.60085681e-01  -4.54659225e-05   1.73583775e-01   2.26168619e-02
 3.80000000e+00   0.00000000e+00   1.00000000e+00   1.61602626e-01  -1.76155065e-05   1.74328655e-01   2.24254425e-02
 3.81000000e+00   0.00000000e+00   1.00000000e+00   1.62758171e-01   3.29333759e-05   1.75106452e-01   2.24227040e-02
 3.82000000e+00   0.00000000e+00   1.00000000e+00   1.63642793e-01   8.92544805e-05   1.75751338e-01   2.25681108e-02
 3.83000000e+00   0.00000000e+00   1.00000000e+00   1.64382762e-01   1.32593179e-04   1.76147303e-01   2.27828341e-02
 3.84000000e+00   0.00000000e+00   1.00000000e+00   1.65089351e-01   1.48659288e-04   1.76279564e-01   2.29839579e-02
 3.85000000e+00   0.00000000e+00   1.00000000e+00   1.65823201e-01   1.32265676e-04   1.76232496e-01   2.31136732e-02
 3.86000000e+00   0.00000000e+00   1.00000000e+00   1.66590451e-01   8.89020245e-05   1.76141990e-01   2.31515474e-02
 3.87000000e+00   0.00000000e+00   1.00000000e+00   1.67363204e-01   3.28835719e-05   1.76128872e-01   2.31067827e-02
 3.88000000e+00   0.00000000e+00   1.00000000e+00   1.68102909e-01  -1.73008301e-05   1.76256830e-01   2.30051692e-02
 3.89000000e+00   0.00000000e+00   1.00000000e+00   1.68771978e-01  -4.50759470e-05   1.76523701e-01   2.28844353e-02
 3.90000000e+00   0.00000000e+00   1.00000000e+00   1.69337085e-01  -4.13068741e-05   1.76880900e-01   2.27888182e-02
 3.91000000e+00   0.00000000e+00   1.00000000e+00   1.69776586e-01  -7.31533639e-06   1.77251945e-01   2.27579603e-02
 3.92000000e+00   0.00000000e+00   1.00000000e+00   1.70096173e-01   4.56089391e-05   1.77547057e-01   2.28078982e-02
 3.93000000e+00   0.00000000e+00   1.00000000e+00   1.70341532e-01   9.99797306e-05   1.77678926e-01   2.29157472e-02
 3.94000000e+00   0.00000000e+00   1.00000000e+00   1.70591343e-01   1.37835559e-04   1.77589770e-01   2.30210667e-02
 3.95000000e+00   0.00000000e+00   1.00000000e+00   1.70925429e-01   1.46613986e-04   1.77283353e-01   2.30495717e-02
 3.96000000e+00   0.00000000e+00   1.00000000e+00   1.71381934e-01   1.23400897e-04   1.76844690e-01   2.29470256e-02
 3.97000000e+00   0.00000000e+00   1.00000000e+00   1.71928616e-01   7.59779595e-05   1.76425126e-01   2.27076981e-02
 3.98000000e+00   0.00000000e+00   1.00000000e+00   1.72467277e-01   2.01473357e-05   1.76190242e-01   2.23763740e-02
 3.99000000e+00   0.00000000e+00   1.00000000e+00   1.72870226e-01  -2.56591798e-05   1.76250345e-01   2.20283047e-02
 4.00000000e+00   0.00000000e+00   1.00000000e+00   1.73027542e-01  -4.64579933e-05   1.76615633e-01   2.17400376e-02
 4.01000000e+00   0.00000000e+00   1.00000000e+00   1.72878688e-01  -3.54942683e-05   1.77199860e-01   2.15670257e-02
 4.02000000e+00   0.00000000e+00   1.00000000e+00   1.72415653e-01   3.59775949e-06   1.77869055e-01   2.15349010e-02
 4.03000000e+00   0.00000000e+00   1.00000000e+00   1.71665824e-01   5.79144218e-05   1.78500604e-01   2.16415415e-02
 4.04000000e+00   0.00000000e+00   1.00000000e+00   1.70673215e-01   1.09496433e-04   1.79021800e-01   2.18629176e-02
 4.05000000e+00   0.00000000e+00   1.00000000e+00   1.69488902e-01   1.41330151e-04   1.79416497e-01   2.21572451e-02
 4.06000000e+00   0.00000000e+00   1.00000000e+00   1.68165767e-01   1.43018729e-04   1.79713503e-01   2.24715180e-02
 4.07000000e+00   0.00000000e+00   1.00000000e+00   1.66746650e-01   1.14156113e-04   1.79973677e-01   2.27560864e-02
 4.08000000e+00   0.00000000e+00   1.00000000e+00   1.65244761e-01   6.43981293e-05   1.80280304e-01   2.29860594e-02
 4.09000000e+00   0.00000000e+00   1.00000000e+00   1.63629840e-01   1.03108095e-05   1.80721521e-01   2.31773067e-02
 4.10000000e+00   0.00000000e+00   1.00000000e+00   1.61836466e-01  -3.00379499e-05   1.81360679e-01   2.33851265e-02
 4.11000000e+00   0.00000000e+00   1.00000000e+00   1.59797461e-01  -4.31071772e-05   1.82198050e-01   2.36803609e-02
 4.12000000e+00   0.00000000e+00   1.00000000e+00   1.57486120e-01  -2.44808394e-05   1.83153843e-01   2.41163035e-02
 4.13000000e+00   0.00000000e+00   1.00000000e+00   1.54942086e-01   1.97164597e-05   1.84081710e-01   2.47000943e-02
 4.14000000e+00   0.00000000e+00   1.00000000e+00   1.52264515e-01   7.50235745e-05   1.84824635e-01   2.53852183e-02
 4.15000000e+00   0.00000000e+00   1.00000000e+00   1.49576435e-01   1.23453300e-04   1.85274018e-01   2.60906392e-02
 4.16000000e+00   0.00000000e+00   1.00000000e+00   1.46981528e-01   1.49307925e-04   1.85415890e-01   2.67357605e-02
 4.17000000e+00   0.00000000e+00   1.00000000e+00   1.44536586e-01   1.44280619e-04   1.85333083e-01   2.72627369e-02
 4.18000000e+00   0.00000000e+00   1.00000000e+00   1.42248996e-01   1.10237177e-04   1.85156981e-01   2.76498882e-02
 4.19000000e+00   0.00000000e+00   1.00000000e+00   1.40090666e-01   5.86741280e-05   1.85015951e-01   2.79051452e-02
 4.20000000e+00   0.00000000e+00   1.00000000e+00   1.38012762e-01   6.87931803e-06   1.84996563e-01   2.80593070e-02
 4.21000000e+00   0.00000000e+00   1.00000000e+00   1.35953920e-01  -2.78830115e-05   1.85133543e-01   2.81619942e-02
 4.22000000e+00   0.00000000e+00   1.00000000e+00   1.33847893e-01  -3.40653246e-05   1.85416065e-01   2.82748672e-02
 4.23000000e+00   0.00000000e+00   1.00000000e+00   1.31639693e-01  -9.54195949e-06   1.85793555e-01   2.84556971e-02
 4.24000000e+00   0.00000000e+00   1.00000000e+00   1.29308391e-01   3.77256650e-05   1.86181862e-01   2.87346107e-02
 4.25000000e+00   0.00000000e+00   1.00000000e+00   1.26881450e-01   9.22458090e-05   1.86484263e-01   2.90960104e-02
 4.26000000e+00   0.00000000e+00   1.00000000e+00   1.24424864e-01   1.36099126e-04   1.86622668e-01   2.94834117e-02
 4.27000000e+00   0.00000000e+00   1.00000000e+00   1.22008494e-01   1.54958079e-04   1.86581637e-01   2.98257226e-02
 4.28000000e+00   0.00000000e+00   1.00000000e+00   1.19664669e-01   1.42861053e-04   1.86433286e-01   3.00745005e-02
 4.29000000e+00   0.00000000e+00   1.00000000e+00   1.17364715e-01   1.04067447e-04   1.86318852e-01   3.02297441e-02
 4.30000000e+00   0.00000000e+00   1.00000000e+00   1.15027266e-01   5.15307060e-05   1.86389082e-01   3.03389655e-02
 4.31000000e+00   0.00000000e+00   1.00000000e+00   1.12552161e-01   2.67406440e-06   1.86743057e-01   3.04747953e-02
 4.32000000e+00   0.00000000e+00   1.00000000e+00   1.09859200e-01  -2.62261486e-05   1.87387043e-01   3.07070723e-02
 4.33000000e+00   0.00000000e+00   1.00000000e+00   1.06911718e-01  -2.54034348e-05   1.88233557e-01   3.10840173e-02
 4.34000000e+00   0.00000000e+00   1.00000000e+00   1.03718642e-01   5.07982361e-06   1.89152182e-01   3.16226210e-02
 4.35000000e+00   0.00000000e+00   1.00000000e+00   1.00323619e-01   5.53248127e-05   1.90015285e-01   3.23113542e-02
 4.36000000e+00   0.00000000e+00   1.00000000e+00   9.67938685e-02   1.08949458e-04   1.90728985e-01   3.31128755e-02
 4.37000000e+00   0.00000000e+00   1.00000000e+00   9.32128174e-02   1.48554465e-04   1.91241056e-01   3.39667251e-02
 4.38000000e+00   0.00000000e+00   1.00000000e+00   8.96698831e-02   1.61417201e-04   1.91546241e-01   3.47978079e-02
 4.39000000e+00   0.00000000e+00   1.00000000e+00   8.62404656e-02   1.43633662e-04   1.91684560e-01   3.55374503e-02
 4.40000000e+00   0.00000000e+00   1.00000000e+00   8.29607930e-02   1.01424079e-04   1.91742032e-01   3.61505012e-02
 4.41000000e+00   0.00000000e+00   1.00000000e+00   7.98139039e-02   4.90953060e-05   1.91828222e-01   3.66530350e-02
 4.42000000e+00   0.00000000e+00   1.00000000e+00   7.67412770e-02   4.25805359e-06   1.92037253e-01   3.71061721e-02
 4.43000000e+00   0.00000000e+00   1.00000000e+00   7.36784890e-02  -1.80495894e-05   1.92397572e-01   3.75841322e-02
 4.44000000e+00   0.00000000e+00   1.00000000e+00   7.05956346e-02  -1.02867318e-05   1.92849151e-01   3.81351602e-02
 4.45000000e+00   0.00000000e+00   1.00000000e+00   6.75187969e-02   2.51935426e-05   1.93262361e-01   3.87568248e-02
 4.46000000e+00   0.00000000e+00   1.00000000e+00   6.45211569e-02   7.69154771e-05   1.93493045e-01   3.93983154e-02
 4.47000000e+00   0.00000000e+00   1.00000000e+00   6.16915735e-02   1.27984665e-04   1.93446921e-01   3.99854886e-02
 4.48000000e+00   0.00000000e+00   1.00000000e+00   5.91004287e-02   1.61662169e-04   1.93118529e-01   4.04525421e-02
 4.49000000e+00   0.00000000e+00   1.00000000e+00   5.67796986e-02   1.66994298e-04   1.92588367e-01   4.07621706e-02
 4.50000000e+00   0.00000000e+00   1.00000000e+00   5.47209637e-02   1.42500254e-04   1.91984461e-01   4.09098709e-02
 4.51000000e+00   0.00000000e+00   1.00000000e+00   5.28831522e-02   9.65792035e-05   1.91437111e-01   4.09185748e-02
 4.52000000e+00   0.00000000e+00   1.00000000e+00   5.12004071e-02   4.45667053e-05   1.91047310e-01   4.08345177e-02
 4.53000000e+00   0.00000000e+00   1.00000000e+00   4.95888404e-02   3.62086129e-06   1.90873765e-01   4.07236587e-02
 4.54000000e+00   0.00000000e+00   1.00000000e+00   4.79591033e-02  -1.28068351e-05   1.90926620e-01   4.06629143e-02
 4.55000000e+00   0.00000000e+00   1.00000000e+00   4.62395233e-02   7.10282172e-07   1.91163852e-01   4.07187993e-02
 4.56000000e+00   0.00000000e+00   1.00000000e+00   4.44026399e-02   3.97530677e-05   1.91489536e-01   4.09211825e-02
 4.57000000e+00   0.00000000e+00   1.00000000e+00   4.24781950e-02   9.14941853e-05   1.91778096e-01   4.12464436e-02
 4.58000000e+00   0.00000000e+00   1.00000000e+00   4.05395430e-02   1.38985035e-04   1.91921384e-01   4.16264754e-02
 4.59000000e+00   0.00000000e+00   1.00000000e+00   3.86671463e-02   1.66733156e-04   1.91878367e-01   4.19814533e-02
 4.60000000e+00   0.00000000e+00   1.00000000e+00   3.69091530e-02   1.65730355e-04   1.91697186e-01   4.22594539e-02
 4.61000000e+00   0.00000000e+00   1.00000000e+00   3.52614630e-02   1.36410419e-04   1.91497911e-01   4.24575807e-02
 4.62000000e+00   0.00000000e+00   1.00000000e+00   3.36764936e-02   8.85889512e-05   1.91414150e-01   4.26164096e-02
 4.63000000e+00   0.00000000e+00   1.00000000e+00   3.20916682e-02   3.82794039e-05   1.91532271e-01   4.27949254e-02
 4.64000000e+00   0.00000000e+00   1.00000000e+00   3.04590904e-02   2.33412867e-06   1.91856818e-01   4.30449318e-02
 4.65000000e+00   0.00000000e+00   1.00000000e+00   2.87623296e-02  -7.24896848e-06   1.92315540e-01   4.33962157e-02
 4.66000000e+00   0.00000000e+00   1.00000000e+00   2.70187404e-02   1.26974856e-05   1.92792967e-01   4.38525414e-02
 4.67000000e+00   0.00000000e+00   1.00000000e+00   2.52749579e-02   5.55915926e-05   1.93168965e-01   4.43919148e-02
 4.68000000e+00   0.00000000e+00   1.00000000e+00   2.36022318e-02   1.07402090e-04   1.93344661e-01   4.49663210e-02
 4.69000000e+00   0.00000000e+00   1.00000000e+00   2.20902192e-02   1.51276426e-04   1.93257677e-01   4.55043015e-02
 4.70000000e+00   0.00000000e+00   1.00000000e+00   2.08323519e-02   1.72988914e-04   1.92893931e-01   4.59234091e-02
 4.71000000e+00   0.00000000e+00   1.00000000e+00   1.99003262e-02   1.65537257e-04   1.92299605e-01   4.61567114e-02
 4.72000000e+00   0.00000000e+00   1.00000000e+00   1.93170807e-02   1.31427806e-04   1.91581358e-01   4.61820313e-02
 4.73000000e+00   0.00000000e+00   1.00000000e+00   1.90454112e-02   8.18683095e-05   1.90879943e-01   4.60348692e-02
 4.74000000e+00   0.00000000e+00   1.00000000e+00   1.90035988e-02   3.31228429e-05   1.90316866e-01   4.57944674e-02
 4.75000000e+00   0.00000000e+00   1.00000000e+00   1.91025076e-02   1.21513327e-06   1.89944741e-01   4.55451784e-02
 4.76000000e+00   0.00000000e+00   1.00000000e+00   1.92838229e-02  -3.33382185e-06   1.89721948e-01   4.53412177e-02
 4.77000000e+00   0.00000000e+00   1.00000000e+00   1.95385954e-02   2.09662126e-05   1.89537457e-01   4.51903627e-02
 4.78000000e+00   0.00000000e+00   1.00000000e+00   1.98990502e-02   6.60085403e-05   1.89265102e-01   4.50611539e-02
 4.79000000e+00   0.00000000e+00   1.00000000e+00   2.04132893e-02   1.16766423e-04   1.88821711e-01   4.49055879e-02
 4.80000000e+00   0.00000000e+00   1.00000000e+00   2.11197614e-02   1.56337727e-04   1.88198359e-01   4.46815722e-02
 4.81000000e+00   0.00000000e+00   1.00000000e+00   2.20328422e-02   1.71600102e-04   1.87455174e-01   4.43653152e-02
 4.82000000e+00   0.00000000e+00   1.00000000e+00   2.31394959e-02   1.57509867e-04   1.86693499e-01   4.39536351e-02
 4.83000000e+00   0.00000000e+00   1.00000000e+00   2.44003511e-02   1.18648628e-04   1.86023382e-01   4.34641196e-02
 4.84000000e+00   0.00000000e+00   1.00000000e+00   2.57512637e-02   6.76765212e-05   1.85536474e-01   4.29367146e-02
 4.85000000e+00   0.00000000e+00   1.00000000e+00   2.71089255e-02   2.12444183e-05   1.85292761e-01   4.24321720e-02
 4.86000000e+00   0.00000000e+00   1.00000000e+00   2.83871260e-02  -5.46042043e-06   1.85301870e-01   4.20211334e-02
 4.87000000e+00   0.00000000e+00   1.00000000e+00   2.95238602e-02  -3.77681591e-06   1.85513320e-01   4.17604656e-02
 4.88000000e+00   0.00000000e+00   1.00000000e+00   3.05080559e-02   2.55542426e-05   1.85814608e-01   4.16679494e-02
 4.89000000e+00   0.00000000e+00   1.00000000e+00   3.13889776e-02   7.26888545e-05   1.86062496e-01   4.17081135e-02
 4.90000000e+00   0.00000000e+00   1.00000000e+00   3.22587616e-02   1.21984349e-04   1.86132683e-01   4.18055797e-02
 4.91000000e+00   0.00000000e+00   1.00000000e+00   3.32152074e-02   1.57144123e-04   1.85971920e-01   4.18763551e-02
 4.92000000e+00   0.00000000e+00   1.00000000e+00   3.43249780e-02   1.66532698e-04   1.85618007e-01   4.18622021e-02
 4.93000000e+00   0.00000000e+00   1.00000000e+00   3.56062911e-02   1.46987403e-04   1.85176936e-01   4.17472305e-02
 4.94000000e+00   0.00000000e+00   1.00000000e+00   3.70363252e-02   1.04897043e-04   1.84770715e-01   4.15520035e-02
 4.95000000e+00   0.00000000e+00   1.00000000e+00   3.85734330e-02   5.41205030e-05   1.84483459e-01   4.13144107e-02
 4.96000000e+00   0.00000000e+00   1.00000000e+00   4.01790667e-02   1.13717445e-05   1.84334228e-01   4.10723701e-02
 4.97000000e+00   0.00000000e+00   1.00000000e+00   4.18306554e-02  -9.35437262e-06   1.84280405e-01   4.08543268e-02
 4.98000000e+00   0.00000000e+00   1.00000000e+00   4.35266043e-02  -1.39030123e-06   1.84240215e-01   4.06747277e-02
 4.99000000e+00   0.00000000e+00   1.00000000e+00   4.52888216e-02   3.24630837e-05   1.84119549e-01   4.05289300e-02
 5.00000000e+00   0.00000000e+00   1.00000000e+00   4.71641453e-02   8.08752414e-05   1.83833600e-01   4.03878458e-02