  Time  Coordinate0  Coordinate1  Displacement0  Displacement1  Force0  Force1
 0.00000000e+00   0.00000000e+00   1.00000000e+00   0.00000000e+00   0.00000000e+00   0.00000000e+00   0.00000000e+00
 1.00000000e-02   0.00000000e+00   1.00000000e+00   7.17289101e-04   8.00480256e-06   1.82993013e+00   2.44086257e+01
 2.00000000e-02   0.00000000e+00   1.00000000e+00   2.30497010e-03   3.20570753e-05   1.94996876e+00   1.56230001e+01
 3.00000000e-02   0.00000000e+00   1.00000000e+00   4.21277035e-03   6.00408979e-05   1.89706060e+00   1.04407357e+01
 4.00000000e-02   0.00000000e+00   1.00000000e+00   6.29271705e-03   9.26462262e-05   1.83836573e+00   7.21192911e+00
 5.00000000e-02   0.00000000e+00   1.00000000e+00   8.44714732e-03   1.28821702e-04   1.76703469e+00   5.24229202e+00
 6.00000000e-02   0.00000000e+00   1.00000000e+00   1.05178388e-02   1.64261325e-04   1.70232545e+00   4.06766702e+00
 7.00000000e-02   0.00000000e+00   1.00000000e+00   1.24996870e-02   1.85710979e-04   1.64062093e+00   3.36668595e+00
 8.00000000e-02   0.00000000e+00   1.00000000e+00   1.48334522e-02   1.85807362e-04   1.57808740e+00   2.93340857e+00
 9.00000000e-02   0.00000000e+00   1.00000000e+00   1.85278450e-02   1.63683898e-04   1.50850939e+00   2.65174478e+00
 1.00000000e-01   0.00000000e+00   1.00000000e+00   2.43706460e-02   1.25451815e-04   1.44916169e+00   2.43582629e+00
 1.10000000e-01   0.00000000e+00   1.00000000e+00   3.20108311e-02   8.42178375e-05   1.42342141e+00   2.30026123e+00
 1.20000000e-01   0.00000000e+00   1.00000000e+00   4.03133045e-02   5.12961181e-05   1.44133464e+00   2.20290259e+00
 1.30000000e-01   0.00000000e+00   1.00000000e+00   4.86585251e-02   3.49399984e-05   1.46944923e+00   2.13689760e+00
 1.40000000e-01   0.00000000e+00   1.00000000e+00   5.71655717e-02   3.76311269e-05   1.48991758e+00   2.08762745e+00
 1.50000000e-01   0.00000000e+00   1.00000000e+00   6.57136853e-02   6.10093704e-05   1.51555876e+00   2.05431668e+00
 1.60000000e-01   0.00000000e+00   1.00000000e+00   7.37945391e-02   9.58944463e-05   1.55212743e+00   2.03725602e+00
 1.70000000e-01   0.00000000e+00   1.00000000e+00   8.12684830e-02   1.26116344e-04   1.58307128e+00   2.01906238e+00
 1.80000000e-01   0.00000000e+00   1.00000000e+00   8.83468522e-02   1.41599537e-04   1.60085407e+00   1.99033550e+00
 1.90000000e-01   0.00000000e+00   1.00000000e+00   9.51309161e-02   1.37999034e-04   1.61215289e+00   1.94629089e+00
 2.00000000e-01   0.00000000e+00   1.00000000e+00   1.01720811e-01   1.15158046e-04   1.61869587e+00   1.90151129e+00
 2.10000000e-01   0.00000000e+00   1.00000000e+00   1.08313407e-01   7.91985021e-05   1.62222429e+00   1.86663954e+00
 2.20000000e-01   0.00000000e+00   1.00000000e+00   1.15005362e-01   4.16433815e-05   1.62843328e+00   1.84013784e+00
 2.30000000e-01   0.00000000e+00   1.00000000e+00   1.21728863e-01   1.46784812e-05   1.64124327e+00   1.81883555e+00
 2.40000000e-01   0.00000000e+00   1.00000000e+00   1.28078443e-01   7.94356491e-06   1.66578594e+00   1.79800732e+00
 2.50000000e-01   0.00000000e+00   1.00000000e+00   1.33222429e-01   2.28604683e-05   1.70366729e+00   1.77642136e+00
 2.60000000e-01   0.00000000e+00   1.00000000e+00   1.36577805e-01   5.23869645e-05   1.73767493e+00   1.76002189e+00
 2.70000000e-01   0.00000000e+00   1.00000000e+00   1.38484414e-01   8.70464327e-05   1.74581168e+00   1.76025179e+00
 2.80000000e-01   0.00000000e+00   1.00000000e+00   1.39853851e-01   1.16678928e-04   1.72628470e+00   1.77276599e+00
 2.90000000e-01   0.00000000e+00   1.00000000e+00   1.41353833e-01   1.30653375e-04   1.69626713e+00   1.78353954e+00
 3.00000000e-01   0.00000000e+00   1.00000000e+00   1.43119435e-01   1.22375832e-04   1.67069714e+00   1.78305951e+00
 3.10000000e-01   0.00000000e+00   1.00000000e+00   1.45139979e-01   9.49006304e-05   1.64905922e+00   1.77077345e+00
 3.20000000e-01   0.00000000e+00   1.00000000e+00   1.47684996e-01   5.87741893e-05   1.62394547e+00   1.75642865e+00
 3.30000000e-01   0.00000000e+00   1.00000000e+00   1.51112635e-01   2.53015154e-05   1.59857196e+00   1.74821942e+00
 3.40000000e-01   0.00000000e+00   1.00000000e+00   1.55386598e-01   4.09580939e-06   1.58673339e+00   1.74809932e+00
 3.50000000e-01   0.00000000e+00   1.00000000e+00   1.60108216e-01   2.13880553e-06   1.59337214e+00   1.75415702e+00
 3.60000000e-01   0.00000000e+00   1.00000000e+00   1.64951337e-01   2.02011868e-05   1.60881613e+00   1.76105716e+00
 3.70000000e-01   0.00000000e+00   1.00000000e+00   1.69767977e-01   5.15182148e-05   1.62421011e+00   1.76218608e+00
 3.80000000e-01   0.00000000e+00   1.00000000e+00   1.74379846e-01   8.46272736e-05   1.63889766e+00   1.75313551e+00
 3.90000000e-01   0.00000000e+00   1.00000000e+00   1.78710325e-01   1.07452698e-04   1.64933176e+00   1.74026682e+00
 4.00000000e-01   0.00000000e+00   1.00000000e+00   1.83162726e-01   1.12292014e-04   1.64649346e+00   1.73163038e+00
 4.10000000e-01   0.00000000e+00   1.00000000e+00   1.88450217e-01   9.84456682e-05   1.63124363e+00   1.72368963e+00
 4.20000000e-01   0.00000000e+00   1.00000000e+00   1.94916307e-01   7.00462600e-05   1.62041419e+00   1.70702143e+00
 4.30000000e-01   0.00000000e+00   1.00000000e+00   2.02202510e-01   3.44437903e-05   1.63011407e+00   1.68031040e+00
 4.40000000e-01   0.00000000e+00   1.00000000e+00   2.09547869e-01   3.23768123e-06   1.66070516e+00   1.64846068e+00
 4.50000000e-01   0.00000000e+00   1.00000000e+00   2.16308084e-01  -1.16228927e-05   1.70046429e+00   1.61901474e+00
 4.60000000e-01   0.00000000e+00   1.00000000e+00   2.22250421e-01  -5.30207294e-06   1.73747263e+00   1.59957960e+00
 4.70000000e-01   0.00000000e+00   1.00000000e+00   2.27372134e-01   1.82622465e-05   1.76903961e+00   1.59017288e+00
 4.80000000e-01   0.00000000e+00   1.00000000e+00   2.31495923e-01   5.02824632e-05   1.79939786e+00   1.58177232e+00
 4.90000000e-01   0.00000000e+00   1.00000000e+00   2.34289726e-01   8.09158979e-05   1.82723234e+00   1.56730558e+00
 5.00000000e-01   0.00000000e+00   1.00000000e+00   2.35724105e-01   1.00685672e-04   1.84257327e+00   1.55150835e+00
 5.10000000e-01   0.00000000e+00   1.00000000e+00   2.36226366e-01   1.02259760e-04   1.83979794e+00   1.54291070e+00
 5.20000000e-01   0.00000000e+00   1.00000000e+00   2.36312695e-01   8.43224760e-05   1.82530389e+00   1.54048081e+00
 5.30000000e-01   0.00000000e+00   1.00000000e+00   2.36294392e-01   5.36084672e-05   1.80901872e+00   1.54045174e+00
 5.40000000e-01   0.00000000e+00   1.00000000e+00   2.36325244e-01   2.18615981e-05   1.79590467e+00   1.54357007e+00
 5.50000000e-01   0.00000000e+00   1.00000000e+00   2.36411208e-01  -5.45088465e-07   1.78861370e+00   1.54866093e+00
 5.60000000e-01   0.00000000e+00   1.00000000e+00   2.36253103e-01  -7.99527368e-06   1.79125084e+00   1.55032102e+00
 5.70000000e-01   0.00000000e+00   1.00000000e+00   2.35310989e-01   1.50217051e-06   1.80377520e+00   1.54808083e+00
 5.80000000e-01   0.00000000e+00   1.00000000e+00   2.33259374e-01   2.62822939e-05   1.81647423e+00   1.55260615e+00
 5.90000000e-01   0.00000000e+00   1.00000000e+00   2.30379691e-01   5.86298220e-05   1.81559521e+00   1.57451785e+00
 6.00000000e-01   0.00000000e+00   1.00000000e+00   2.27378690e-01   8.63530502e-05   1.79629793e+00   1.60820482e+00
 6.10000000e-01   0.00000000e+00   1.00000000e+00   2.24815086e-01   9.92849249e-05   1.76761104e+00   1.63579131e+00
 6.20000000e-01   0.00000000e+00   1.00000000e+00   2.22832233e-01   9.40528718e-05   1.74144673e+00   1.64799700e+00
 6.30000000e-01   0.00000000e+00   1.00000000e+00   2.21434001e-01   7.36559184e-05   1.71954812e+00   1.64868126e+00
 6.40000000e-01   0.00000000e+00   1.00000000e+00   2.20788226e-01   4.47493163e-05   1.69807766e+00   1.64575464e+00
 6.50000000e-01   0.00000000e+00   1.00000000e+00   2.21120757e-01   1.59184194e-05   1.67941188e+00   1.64409325e+00
 6.60000000e-01   0.00000000e+00   1.00000000e+00   2.22393687e-01  -3.32495239e-06   1.67299539e+00   1.64457570e+00
 6.70000000e-01   0.00000000e+00   1.00000000e+00   2.24179090e-01  -5.48667804e-06   1.68552890e+00   1.64424754e+00
 6.80000000e-01   0.00000000e+00   1.00000000e+00   2.25859336e-01   1.03339441e-05   1.71288691e+00   1.63941803e+00
 6.90000000e-01   0.00000000e+00   1.00000000e+00   2.26954952e-01   3.73297779e-05   1.74376522e+00   1.63096690e+00
 7.00000000e-01   0.00000000e+00   1.00000000e+00   2.27288409e-01   6.55873216e-05   1.76844587e+00   1.62273899e+00
 7.10000000e-01   0.00000000e+00   1.00000000e+00   2.26938673e-01   8.69048613e-05   1.78332103e+00   1.61798483e+00
 7.20000000e-01   0.00000000e+00   1.00000000e+00   2.26183014e-01   9.54835866e-05   1.78762739e+00   1.61713355e+00
 7.30000000e-01   0.00000000e+00   1.00000000e+00   2.25433982e-01   8.79386874e-05   1.78221861e+00   1.61749339e+00
 7.40000000e-01   0.00000000e+00   1.00000000e+00   2.24974242e-01   6.58472702e-05   1.77385542e+00   1.61231547e+00
 7.50000000e-01   0.00000000e+00   1.00000000e+00   2.24632363e-01   3.72487376e-05   1.77356804e+00   1.59586371e+00
 7.60000000e-01   0.00000000e+00   1.00000000e+00   2.23855677e-01   1.32934239e-05   1.78597758e+00   1.57133524e+00
 7.70000000e-01   0.00000000e+00   1.00000000e+00   2.22179637e-01   2.36875557e-06   1.80470876e+00   1.55138242e+00
 7.80000000e-01   0.00000000e+00   1.00000000e+00   2.19507088e-01   7.08400719e-06   1.82073674e+00   1.54430315e+00
 7.90000000e-01   0.00000000e+00   1.00000000e+00   2.15891243e-01   2.55789816e-05   1.83185750e+00   1.54863050e+00
 8.00000000e-01   0.00000000e+00   1.00000000e+00   2.11231492e-01   5.29200644e-05   1.84145566e+00   1.55686205e+00
 8.10000000e-01   0.00000000e+00   1.00000000e+00   2.05350249e-01   8.07821254e-05   1.84855140e+00   1.56605881e+00
 8.20000000e-01   0.00000000e+00   1.00000000e+00   1.98333617e-01   9.91652633e-05   1.84519793e+00   1.57983967e+00
 8.30000000e-01   0.00000000e+00   1.00000000e+00   1.90679502e-01   1.01659061e-04   1.82457977e+00   1.59997773e+00
 8.40000000e-01   0.00000000e+00   1.00000000e+00   1.83074465e-01   8.89169374e-05   1.78878375e+00   1.62264181e+00
 8.50000000e-01   0.00000000e+00   1.00000000e+00   1.76047177e-01   6.67726825e-05   1.74755382e+00   1.64344286e+00
 8.60000000e-01   0.00000000e+00   1.00000000e+00   1.69796779e-01   4.26834783e-05   1.71164713e+00   1.65963697e+00
 8.70000000e-01   0.00000000e+00   1.00000000e+00   1.64221123e-01   2.41999614e-05   1.68656804e+00   1.67089203e+00
 8.80000000e-01   0.00000000e+00   1.00000000e+00   1.59012123e-01   1.79357674e-05   1.67409278e+00   1.68028887e+00
 8.90000000e-01   0.00000000e+00   1.00000000e+00   1.53791873e-01   2.71812479e-05   1.67190879e+00   1.69190404e+00
 9.00000000e-01   0.00000000e+00   1.00000000e+00   1.48328257e-01   4.95537048e-05   1.67282720e+00   1.71176832e+00
 9.10000000e-01   0.00000000e+00   1.00000000e+00   1.42718340e-01   7.73985741e-05   1.66733496e+00   1.73970202e+00
 9.20000000e-01   0.00000000e+00   1.00000000e+00   1.37330503e-01   1.01417410e-04   1.65100864e+00   1.76712449e+00
 9.30000000e-01   0.00000000e+00   1.00000000e+00   1.32506326e-01   1.14638750e-04   1.62870369e+00   1.78282596e+00
 9.40000000e-01   0.00000000e+00   1.00000000e+00   1.28332993e-01   1.13685946e-04   1.60910422e+00   1.78305598e+00
 9.50000000e-01   0.00000000e+00   1.00000000e+00   1.24748984e-01   9.87261160e-05   1.59487402e+00   1.77097706e+00
 9.60000000e-01   0.00000000e+00   1.00000000e+00   1.21801819e-01   7.44051496e-05   1.58184717e+00   1.75354797e+00
 9.70000000e-01   0.00000000e+00   1.00000000e+00   1.19636172e-01   4.93109706e-05   1.56924372e+00   1.73612021e+00
 9.80000000e-01   0.00000000e+00   1.00000000e+00   1.18171315e-01   3.25521858e-05   1.56546857e+00   1.71981161e+00
 9.90000000e-01   0.00000000e+00   1.00000000e+00   1.16905919e-01   2.97977170e-05   1.57927027e+00   1.70516820e+00
 1.00000000e+00   0.00000000e+00   1.00000000e+00   1.15136825e-01   4.13595320e-05   1.60840619e+00   1.69243283e+00
 1.01000000e+00   0.00000000e+00   1.00000000e+00   1.12347688e-01   6.31902177e-05   1.64055146e+00   1.68203868e+00
 1.02000000e+00   0.00000000e+00   1.00000000e+00   1.08396637e-01   8.87477868e-05   1.66400762e+00   1.67614596e+00
 1.03000000e+00   0.00000000e+00   1.00000000e+00   1.03460322e-01   1.10256642e-04   1.67364465e+00   1.67622267e+00
 1.04000000e+00   0.00000000e+00   1.00000000e+00   9.79001111e-02   1.20478718e-04   1.66963545e+00   1.67985176e+00
 1.05000000e+00   0.00000000e+00   1.00000000e+00   9.21169460e-02   1.15888540e-04   1.65505618e+00   1.68080707e+00
 1.06000000e+00   0.00000000e+00   1.00000000e+00   8.63778207e-02   9.88792159e-05   1.63636491e+00   1.67417535e+00
 1.07000000e+00   0.00000000e+00   1.00000000e+00   8.06895761e-02   7.62349896e-05   1.62122976e+00   1.66123125e+00
 1.08000000e+00   0.00000000e+00   1.00000000e+00   7.48529754e-02   5.56071993e-05   1.61355268e+00   1.65011562e+00
 1.09000000e+00   0.00000000e+00   1.00000000e+00   6.86775312e-02   4.35248019e-05   1.61065313e+00   1.65000767e+00
 1.10000000e+00   0.00000000e+00   1.00000000e+00   6.21357931e-02   4.47829638e-05   1.60695590e+00   1.66420324e+00
 1.11000000e+00   0.00000000e+00   1.00000000e+00   5.52871631e-02   6.05537168e-05   1.60056873e+00   1.68990515e+00
 1.12000000e+00   0.00000000e+00   1.00000000e+00   4.81038659e-02   8.64877192e-05   1.59455157e+00   1.72096756e+00
 1.13000000e+00   0.00000000e+00   1.00000000e+00   4.04924617e-02   1.13913773e-04   1.58984443e+00   1.75349444e+00
 1.14000000e+00   0.00000000e+00   1.00000000e+00   3.25530579e-02   1.34249055e-04   1.58039753e+00   1.78361113e+00
 1.15000000e+00   0.00000000e+00   1.00000000e+00   2.47615541e-02   1.42369430e-04   1.55745552e+00   1.80678902e+00
 1.16000000e+00   0.00000000e+00   1.00000000e+00   1.78013982e-02   1.36770867e-04   1.51943444e+00   1.81976679e+00
 1.17000000e+00   0.00000000e+00   1.00000000e+00   1.21790071e-02   1.19283938e-04   1.47514118e+00   1.82201828e+00
 1.18000000e+00   0.00000000e+00   1.00000000e+00   7.98984560e-03   9.57022291e-05   1.43738023e+00   1.81742999e+00
 1.19000000e+00   0.00000000e+00   1.00000000e+00   4.98317763e-03   7.47835987e-05   1.41370101e+00   1.81078303e+00
 1.20000000e+00   0.00000000e+00   1.00000000e+00   2.75799859e-03   6.43204065e-05   1.40430860e+00   1.80596686e+00
 1.21000000e+00   0.00000000e+00   1.00000000e+00   9.16188170e-04   6.73708722e-05   1.40574983e+00   1.80615402e+00
 1.22000000e+00   0.00000000e+00   1.00000000e+00  -8.26218715e-04   8.22229401e-05   1.41232585e+00   1.81351868e+00
 1.23000000e+00   0.00000000e+00   1.00000000e+00  -2.55489535e-03   1.04182757e-04   1.41787897e+00   1.82423609e+00
 1.24000000e+00   0.00000000e+00   1.00000000e+00  -4.18375351e-03   1.26624973e-04   1.41916044e+00   1.82913152e+00
 1.25000000e+00   0.00000000e+00   1.00000000e+00  -5.60601373e-03   1.42002074e-04   1.41791008e+00   1.82104635e+00
 1.26000000e+00   0.00000000e+00   1.00000000e+00  -6.80540148e-03   1.44327137e-04   1.41767752e+00   1.79940743e+00
 1.27000000e+00   0.00000000e+00   1.00000000e+00  -7.79485359e-03   1.32192377e-04   1.41840541e+00   1.76907425e+00
 1.28000000e+00   0.00000000e+00   1.00000000e+00  -8.49857196e-03   1.09736626e-04   1.41684076e+00   1.73557264e+00
 1.29000000e+00   0.00000000e+00   1.00000000e+00  -8.80126763e-03   8.45248875e-05   1.41253701e+00   1.70358883e+00
 1.30000000e+00   0.00000000e+00   1.00000000e+00  -8.77525788e-03   6.43259676e-05   1.41199457e+00   1.67753654e+00
 1.31000000e+00   0.00000000e+00   1.00000000e+00  -8.82926462e-03   5.51427609e-05   1.42376851e+00   1.66052090e+00
 1.32000000e+00   0.00000000e+00   1.00000000e+00  -9.55831198e-03   6.02420813e-05   1.44898743e+00   1.65241755e+00
 1.33000000e+00   0.00000000e+00   1.00000000e+00  -1.13913853e-02   7.87096568e-05   1.47825138e+00   1.65230395e+00
 1.34000000e+00   0.00000000e+00   1.00000000e+00  -1.43526076e-02   1.04602685e-04   1.49931946e+00   1.65934932e+00
 1.35000000e+00   0.00000000e+00   1.00000000e+00  -1.81127413e-02   1.29088407e-04   1.50582047e+00   1.67118751e+00
 1.36000000e+00   0.00000000e+00   1.00000000e+00  -2.22084298e-02   1.44461329e-04   1.49886891e+00   1.68304748e+00
 1.37000000e+00   0.00000000e+00   1.00000000e+00  -2.62188877e-02   1.46723491e-04   1.48313831e+00   1.68999503e+00
 1.38000000e+00   0.00000000e+00   1.00000000e+00  -2.98428813e-02   1.35786690e-04   1.46358743e+00   1.68874348e+00
 1.39000000e+00   0.00000000e+00   1.00000000e+00  -3.29288017e-02   1.14985860e-04   1.44441586e+00   1.68187260e+00
 1.40000000e+00   0.00000000e+00   1.00000000e+00  -3.54612759e-02   9.10857322e-05   1.42808846e+00   1.67708796e+00
 1.41000000e+00   0.00000000e+00   1.00000000e+00  -3.74836399e-02   7.29739099e-05   1.41374173e+00   1.68400358e+00
 1.42000000e+00   0.00000000e+00   1.00000000e+00  -3.90277637e-02   6.77302647e-05   1.39995502e+00   1.70315077e+00
 1.43000000e+00   0.00000000e+00   1.00000000e+00  -4.01431946e-02   7.71282496e-05   1.38758533e+00   1.72892719e+00
 1.44000000e+00   0.00000000e+00   1.00000000e+00  -4.09640621e-02   9.76167572e-05   1.37968692e+00   1.75587889e+00
 1.45000000e+00   0.00000000e+00   1.00000000e+00  -4.16465226e-02   1.22746051e-04   1.37677568e+00   1.77890571e+00
 1.46000000e+00   0.00000000e+00   1.00000000e+00  -4.21625895e-02   1.45031907e-04   1.37285257e+00   1.79315962e+00
 1.47000000e+00   0.00000000e+00   1.00000000e+00  -4.21719166e-02   1.57125092e-04   1.35932725e+00   1.79480766e+00
 1.48000000e+00   0.00000000e+00   1.00000000e+00  -4.11679461e-02   1.54143791e-04   1.33404752e+00   1.78164368e+00
 1.49000000e+00   0.00000000e+00   1.00000000e+00  -3.88059069e-02   1.36424889e-04   1.30451200e+00   1.75794962e+00
 1.50000000e+00   0.00000000e+00   1.00000000e+00  -3.51238716e-02   1.09761578e-04   1.28319849e+00   1.73066269e+00
 1.51000000e+00   0.00000000e+00   1.00000000e+00  -3.04931336e-02   8.26356774e-05   1.27799159e+00   1.70509071e+00
 1.52000000e+00   0.00000000e+00   1.00000000e+00  -2.54015305e-02   6.28065770e-05   1.28809226e+00   1.68461791e+00
 1.53000000e+00   0.00000000e+00   1.00000000e+00  -2.02724523e-02   5.55282479e-05   1.30782607e+00   1.67132534e+00
 1.54000000e+00   0.00000000e+00   1.00000000e+00  -1.54021999e-02   6.28570461e-05   1.33167649e+00   1.66561270e+00
 1.55000000e+00   0.00000000e+00   1.00000000e+00  -1.09637337e-02   8.24480204e-05   1.35583183e+00   1.66398730e+00
 1.56000000e+00   0.00000000e+00   1.00000000e+00  -7.02193377e-03   1.07189512e-04   1.37756797e+00   1.65971072e+00
 1.57000000e+00   0.00000000e+00   1.00000000e+00  -3.55872702e-03   1.27801609e-04   1.39495402e+00   1.64845096e+00
 1.58000000e+00   0.00000000e+00   1.00000000e+00  -4.98362276e-04   1.36872841e-04   1.40726697e+00   1.62944915e+00
 1.59000000e+00   0.00000000e+00   1.00000000e+00   2.29932193e-03   1.31398393e-04   1.41376079e+00   1.60612880e+00
 1.60000000e+00   0.00000000e+00   1.00000000e+00   5.04826632e-03   1.13045121e-04   1.41374385e+00   1.58369104e+00
 1.61000000e+00   0.00000000e+00   1.00000000e+00   7.95413274e-03   8.72673525e-05   1.40918091e+00   1.56658578e+00
 1.62000000e+00   0.00000000e+00   1.00000000e+00   1.10366124e-02   6.20919228e-05   1.40669990e+00   1.55670952e+00
 1.63000000e+00   0.00000000e+00   1.00000000e+00   1.40251298e-02   4.59887944e-05   1.41361744e+00   1.55497194e+00
 1.64000000e+00   0.00000000e+00   1.00000000e+00   1.64931110e-02   4.46564432e-05   1.43077751e+00   1.56150424e+00
 1.65000000e+00   0.00000000e+00   1.00000000e+00   1.81590666e-02   5.84269495e-05   1.45026092e+00   1.57587706e+00
 1.66000000e+00   0.00000000e+00   1.00000000e+00   1.90935303e-02   8.24023614e-05   1.46144786e+00   1.59700340e+00
 1.67000000e+00   0.00000000e+00   1.00000000e+00   1.96695426e-02   1.08859570e-04   1.45885494e+00   1.62083508e+00
 1.68000000e+00   0.00000000e+00   1.00000000e+00   2.03507538e-02   1.29636703e-04   1.44425497e+00   1.64146045e+00
 1.69000000e+00   0.00000000e+00   1.00000000e+00   2.15198360e-02   1.37978308e-04   1.42316307e+00   1.65322693e+00
 1.70000000e+00   0.00000000e+00   1.00000000e+00   2.34333041e-02   1.30671780e-04   1.40044268e+00   1.65389948e+00
 1.71000000e+00   0.00000000e+00   1.00000000e+00   2.62423349e-02   1.09811966e-04   1.37895096e+00   1.64671320e+00
 1.72000000e+00   0.00000000e+00   1.00000000e+00   3.00043825e-02   8.23861364e-05   1.36072012e+00   1.63914790e+00
 1.73000000e+00   0.00000000e+00   1.00000000e+00   3.46760636e-02   5.74651214e-05   1.34816203e+00   1.63756943e+00
 1.74000000e+00   0.00000000e+00   1.00000000e+00   4.01070243e-02   4.28114388e-05   1.34384400e+00   1.64327518e+00
 1.75000000e+00   0.00000000e+00   1.00000000e+00   4.60447686e-02   4.25434124e-05   1.34960390e+00   1.65197421e+00
 1.76000000e+00   0.00000000e+00   1.00000000e+00   5.21726719e-02   5.62034737e-05   1.36492669e+00   1.65850771e+00
 1.77000000e+00   0.00000000e+00   1.00000000e+00   5.82185887e-02   7.88119005e-05   1.38545501e+00   1.65953877e+00
 1.78000000e+00   0.00000000e+00   1.00000000e+00   6.41099617e-02   1.02116627e-04   1.40357156e+00   1.65462470e+00
 1.79000000e+00   0.00000000e+00   1.00000000e+00   7.00466726e-02   1.17444729e-04   1.41297062e+00   1.64451689e+00
 1.80000000e+00   0.00000000e+00   1.00000000e+00   7.63737021e-02   1.19085802e-04   1.41368722e+00   1.62938878e+00
 1.81000000e+00   0.00000000e+00   1.00000000e+00   8.33138669e-02   1.06162215e-04   1.41302130e+00   1.60929333e+00
 1.82000000e+00   0.00000000e+00   1.00000000e+00   9.07791003e-02   8.24651435e-05   1.42022343e+00   1.58590063e+00
 1.83000000e+00   0.00000000e+00   1.00000000e+00   9.84129665e-02   5.50918862e-05   1.43951466e+00   1.56268433e+00
 1.84000000e+00   0.00000000e+00   1.00000000e+00   1.05789897e-01   3.25498912e-05   1.46820475e+00   1.54265358e+00
 1.85000000e+00   0.00000000e+00   1.00000000e+00   1.12575641e-01   2.21109981e-05   1.50082193e+00   1.52927920e+00
 1.86000000e+00   0.00000000e+00   1.00000000e+00   1.18556077e-01   2.69973649e-05   1.53317612e+00   1.52332469e+00
 1.87000000e+00   0.00000000e+00   1.00000000e+00   1.23601943e-01   4.50648001e-05   1.56260253e+00   1.52257283e+00
 1.88000000e+00   0.00000000e+00   1.00000000e+00   1.27663727e-01   6.97888420e-05   1.58638612e+00   1.52367337e+00
 1.89000000e+00   0.00000000e+00   1.00000000e+00   1.30806229e-01   9.27124146e-05   1.60160441e+00   1.52331172e+00
 1.90000000e+00   0.00000000e+00   1.00000000e+00   1.33234495e-01   1.06129349e-04   1.60633503e+00   1.52164585e+00
 1.91000000e+00   0.00000000e+00   1.00000000e+00   1.35276305e-01   1.05456064e-04   1.60083330e+00   1.52044932e+00
 1.92000000e+00   0.00000000e+00   1.00000000e+00   1.37308920e-01   9.08241556e-05   1.58784584e+00   1.52208651e+00
 1.93000000e+00   0.00000000e+00   1.00000000e+00   1.39629925e-01   6.72476208e-05   1.57265571e+00   1.52704667e+00
 1.94000000e+00   0.00000000e+00   1.00000000e+00   1.42317833e-01   4.28352387e-05   1.56213556e+00   1.53402631e+00
 1.95000000e+00   0.00000000e+00   1.00000000e+00   1.45187279e-01   2.56940309e-05   1.56144471e+00   1.54198289e+00
 1.96000000e+00   0.00000000e+00   1.00000000e+00   1.47916586e-01   2.11725073e-05   1.57009842e+00   1.55131687e+00
 1.97000000e+00   0.00000000e+00   1.00000000e+00   1.50285200e-01   3.05011807e-05   1.58150504e+00   1.56429585e+00
 1.98000000e+00   0.00000000e+00   1.00000000e+00   1.52338683e-01   5.05354992e-05   1.58778340e+00   1.58233179e+00
 1.99000000e+00   0.00000000e+00   1.00000000e+00   1.54353149e-01   7.43649119e-05   1.58504842e+00   1.60221713e+00
 2.00000000e+00   0.00000000e+00   1.00000000e+00   1.56659509e-01   9.35246586e-05   1.57517616e+00   1.61842377e+00
 2.01000000e+00   0.00000000e+00   1.00000000e+00   1.59500349e-01   1.01209218e-04   1.56277052e+00   1.62564342e+00
 2.02000000e+00   0.00000000e+00   1.00000000e+00   1.63011214e-01   9.46548565e-05   1.55152186e+00   1.62288173e+00
 2.03000000e+00   0.00000000e+00   1.00000000e+00   1.67263181e-01   7.59777827e-05   1.54353356e+00   1.61324866e+00
 2.04000000e+00   0.00000000e+00   1.00000000e+00   1.72263758e-01   5.10884013e-05   1.54121241e+00   1.60231423e+00
 2.05000000e+00   0.00000000e+00   1.00000000e+00   1.77902284e-01   2.76920262e-05   1.54799455e+00   1.59412887e+00
 2.06000000e+00   0.00000000e+00   1.00000000e+00   1.83908071e-01   1.33544994e-05   1.56639006e+00   1.58873386e+00
 2.07000000e+00   0.00000000e+00   1.00000000e+00   1.89879248e-01   1.27086856e-05   1.59561141e+00   1.58338683e+00
 2.08000000e+00   0.00000000e+00   1.00000000e+00   1.95385353e-01   2.53111845e-05   1.63092668e+00   1.57493242e+00
 2.09000000e+00   0.00000000e+00   1.00000000e+00   2.00110577e-01   4.61412098e-05   1.66519292e+00   1.56405103e+00
 2.10000000e+00   0.00000000e+00   1.00000000e+00   2.03976741e-01   6.80580183e-05   1.69191689e+00   1.55388664e+00
 2.11000000e+00   0.00000000e+00   1.00000000e+00   2.07163713e-01   8.41173285e-05   1.70749681e+00   1.54688483e+00
 2.12000000e+00   0.00000000e+00   1.00000000e+00   2.09980944e-01   8.90035032e-05   1.71305607e+00   1.54251739e+00
 2.13000000e+00   0.00000000e+00   1.00000000e+00   2.12654983e-01   8.06657411e-05   1.71399955e+00   1.53683869e+00
 2.14000000e+00   0.00000000e+00   1.00000000e+00   2.15187160e-01   6.17039554e-05   1.71670055e+00   1.52679272e+00
 2.15000000e+00   0.00000000e+00   1.00000000e+00   2.17383874e-01   3.87979119e-05   1.72447492e+00   1.51358414e+00
 2.16000000e+00   0.00000000e+00   1.00000000e+00   2.19005359e-01   1.99636840e-05   1.73677722e+00   1.50220225e+00
 2.17000000e+00   0.00000000e+00   1.00000000e+00   2.19885568e-01   1.13380712e-05   1.75087615e+00   1.49710626e+00
 2.18000000e+00   0.00000000e+00   1.00000000e+00   2.19942793e-01   1.53263044e-05   1.76435633e+00   1.49987039e+00
 2.19000000e+00   0.00000000e+00   1.00000000e+00   2.19137720e-01   3.04406668e-05   1.77552034e+00   1.50884009e+00
 2.20000000e+00   0.00000000e+00   1.00000000e+00   2.17478811e-01   5.18440700e-05   1.78205110e+00   1.52095695e+00
 2.21000000e+00   0.00000000e+00   1.00000000e+00   2.15089901e-01   7.23768185e-05   1.78070887e+00   1.53486695e+00
 2.22000000e+00   0.00000000e+00   1.00000000e+00   2.12262665e-01   8.49157585e-05   1.76914354e+00   1.55068060e+00
 2.23000000e+00   0.00000000e+00   1.00000000e+00   2.09421002e-01   8.53859623e-05   1.74777275e+00   1.56737074e+00
 2.24000000e+00   0.00000000e+00   1.00000000e+00   2.06997071e-01   7.42313383e-05   1.72052388e+00   1.58344743e+00
 2.25000000e+00   0.00000000e+00   1.00000000e+00   2.05278157e-01   5.56099920e-05   1.69405199e+00   1.59696780e+00
 2.26000000e+00   0.00000000e+00   1.00000000e+00   2.04299881e-01   3.55590471e-05   1.67526222e+00   1.60595486e+00
 2.27000000e+00   0.00000000e+00   1.00000000e+00   2.03848801e-01   2.04920218e-05   1.66822177e+00   1.61121725e+00
 2.28000000e+00   0.00000000e+00   1.00000000e+00   2.03591786e-01   1.55717452e-05   1.67206013e+00   1.61532142e+00
 2.29000000e+00   0.00000000e+00   1.00000000e+00   2.03265433e-01   2.26679711e-05   1.68140941e+00   1.62130525e+00
 2.30000000e+00   0.00000000e+00   1.00000000e+00   2.02798960e-01   3.92495516e-05   1.68993025e+00   1.63072370e+00
 2.31000000e+00   0.00000000e+00   1.00000000e+00   2.02290184e-01   5.93708220e-05   1.69403776e+00   1.64150378e+00
 2.32000000e+00   0.00000000e+00   1.00000000e+00   2.01882909e-01   7.62314870e-05   1.69407411e+00   1.64889263e+00
 2.33000000e+00   0.00000000e+00   1.00000000e+00   2.01671277e-01   8.45403748e-05   1.69215166e+00   1.64909427e+00
 2.34000000e+00   0.00000000e+00   1.00000000e+00   2.01697010e-01   8.18113356e-05   1.69001485e+00   1.64189494e+00
 2.35000000e+00   0.00000000e+00   1.00000000e+00   2.01985811e-01   6.88925985e-05   1.68866158e+00   1.63019286e+00
 2.36000000e+00   0.00000000e+00   1.00000000e+00   2.02531796e-01   5.00510545e-05   1.68996977e+00   1.61726190e+00
 2.37000000e+00   0.00000000e+00   1.00000000e+00   2.03220054e-01   3.19538865e-05   1.69712097e+00   1.60525149e+00
 2.38000000e+00   0.00000000e+00   1.00000000e+00   2.03768639e-01   2.09731173e-05   1.71253026e+00   1.59347032e+00
 2.39000000e+00   0.00000000e+00   1.00000000e+00   2.03769229e-01   2.06648683e-05   1.73529942e+00   1.58176542e+00
 2.40000000e+00   0.00000000e+00   1.00000000e+00   2.02823583e-01   3.08680400e-05   1.76111596e+00   1.57151094e+00
 2.41000000e+00   0.00000000e+00   1.00000000e+00   2.00700774e-01   4.82882581e-05   1.78340177e+00   1.56443931e+00
 2.42000000e+00   0.00000000e+00   1.00000000e+00   1.97429423e-01   6.75739246e-05   1.79632466e+00   1.56385975e+00
 2.43000000e+00   0.00000000e+00   1.00000000e+00   1.93274862e-01   8.26355312e-05   1.79694242e+00   1.57025921e+00
 2.44000000e+00   0.00000000e+00   1.00000000e+00   1.88608328e-01   8.85338214e-05   1.78637132e+00   1.57935441e+00
 2.45000000e+00   0.00000000e+00   1.00000000e+00   1.83738678e-01   8.35455352e-05   1.76916903e+00   1.58717322e+00
 2.46000000e+00   0.00000000e+00   1.00000000e+00   1.78808156e-01   6.99692024e-05   1.75108964e+00   1.59125648e+00
 2.47000000e+00   0.00000000e+00   1.00000000e+00   1.73809854e-01   5.30290041e-05   1.73602470e+00   1.59374492e+00
 2.48000000e+00   0.00000000e+00   1.00000000e+00   1.68684028e-01   3.86566181e-05   1.72459987e+00   1.59922951e+00
 2.49000000e+00   0.00000000e+00   1.00000000e+00   1.63390773e-01   3.17172771e-05   1.71556265e+00   1.61124454e+00
 2.50000000e+00   0.00000000e+00   1.00000000e+00   1.57907660e-01   3.49048879e-05   1.70783210e+00   1.63035174e+00
 2.51000000e+00   0.00000000e+00   1.00000000e+00   1.52202577e-01   4.77314224e-05   1.70101607e+00   1.65408047e+00
 2.52000000e+00   0.00000000e+00   1.00000000e+00   1.46261449e-01   6.63054979e-05   1.69289157e+00   1.67917617e+00
 2.53000000e+00   0.00000000e+00   1.00000000e+00   1.40174265e-01   8.46748470e-05   1.68062277e+00   1.70309572e+00
 2.54000000e+00   0.00000000e+00   1.00000000e+00   1.34195643e-01   9.71722930e-05   1.66091812e+00   1.72380784e+00
 2.55000000e+00   0.00000000e+00   1.00000000e+00   1.28700421e-01   1.00376685e-04   1.63366827e+00   1.73906600e+00
 2.56000000e+00   0.00000000e+00   1.00000000e+00   1.24041284e-01   9.39290316e-05   1.60286180e+00   1.74698861e+00
 2.57000000e+00   0.00000000e+00   1.00000000e+00   1.20392967e-01   8.02775281e-05   1.57534204e+00   1.74747117e+00
 2.58000000e+00   0.00000000e+00   1.00000000e+00   1.17673641e-01   6.39360844e-05   1.55778317e+00   1.74224722e+00
 2.59000000e+00   0.00000000e+00   1.00000000e+00   1.15583160e-01   5.05197581e-05   1.55337923e+00   1.73422699e+00
 2.60000000e+00   0.00000000e+00   1.00000000e+00   1.13733539e-01   4.48914982e-05   1.56048264e+00   1.72689428e+00
 2.61000000e+00   0.00000000e+00   1.00000000e+00   1.11798846e-01   4.90972081e-05   1.57384938e+00   1.72287236e+00
 2.62000000e+00   0.00000000e+00   1.00000000e+00   1.09602467e-01   6.16961958e-05   1.58768233e+00   1.72226955e+00
 2.63000000e+00   0.00000000e+00   1.00000000e+00   1.07104824e-01   7.86517224e-05   1.59827981e+00   1.72260951e+00
 2.64000000e+00   0.00000000e+00   1.00000000e+00   1.04331561e-01   9.45005944e-05   1.60476218e+00   1.71994211e+00
 2.65000000e+00   0.00000000e+00   1.00000000e+00   1.01321636e-01   1.04164856e-04   1.60751819e+00   1.71171461e+00
 2.66000000e+00   0.00000000e+00   1.00000000e+00   9.81316712e-02   1.04753796e-04   1.60675900e+00   1.69856391e+00
 2.67000000e+00   0.00000000e+00   1.00000000e+00   9.48506652e-02   9.61352451e-05   1.60280838e+00   1.68287778e+00
 2.68000000e+00   0.00000000e+00   1.00000000e+00   9.15586857e-02   8.12900242e-05   1.59739381e+00   1.66682189e+00
 2.69000000e+00   0.00000000e+00   1.00000000e+00   8.82338602e-02   6.55929044e-05   1.59403307e+00   1.65331346e+00
 2.70000000e+00   0.00000000e+00   1.00000000e+00   8.46910305e-02   5.46432311e-05   1.59638362e+00   1.64475865e+00
 2.71000000e+00   0.00000000e+00   1.00000000e+00   8.06286553e-02   5.20717242e-05   1.60517645e+00   1.64166149e+00
 2.72000000e+00   0.00000000e+00   1.00000000e+00   7.57725323e-02   5.88227422e-05   1.61672624e+00   1.64496788e+00
 2.73000000e+00   0.00000000e+00   1.00000000e+00   7.00262574e-02   7.33864619e-05   1.62483089e+00   1.65662361e+00
 2.74000000e+00   0.00000000e+00   1.00000000e+00   6.35370436e-02   9.16796053e-05   1.62412459e+00   1.67555938e+00
 2.75000000e+00   0.00000000e+00   1.00000000e+00   5.66464417e-02   1.07978708e-04   1.61234048e+00   1.69762160e+00
 2.76000000e+00   0.00000000e+00   1.00000000e+00   4.97630546e-02   1.17533748e-04   1.59099871e+00   1.71746615e+00
 2.77000000e+00   0.00000000e+00   1.00000000e+00   4.32300133e-02   1.18299740e-04   1.56445526e+00   1.73095203e+00
 2.78000000e+00   0.00000000e+00   1.00000000e+00   3.72529801e-02   1.10724656e-04   1.53757738e+00   1.73774486e+00
 2.79000000e+00   0.00000000e+00   1.00000000e+00   3.19085691e-02   9.75218198e-05   1.51334645e+00   1.74223003e+00
 2.80000000e+00   0.00000000e+00   1.00000000e+00   2.71953800e-02   8.34983652e-05   1.49284631e+00   1.74805842e+00
 2.81000000e+00   0.00000000e+00   1.00000000e+00   2.30673711e-02   7.40783761e-05   1.47602717e+00   1.75880066e+00
 2.82000000e+00   0.00000000e+00   1.00000000e+00   1.94296501e-02   7.30810863e-05   1.46338023e+00   1.77458908e+00
 2.83000000e+00   0.00000000e+00   1.00000000e+00   1.61387185e-02   8.11532256e-05   1.45561369e+00   1.79214850e+00
 2.84000000e+00   0.00000000e+00   1.00000000e+00   1.30580200e-02   9.56466953e-05   1.45151922e+00   1.80781243e+00
 2.85000000e+00   0.00000000e+00   1.00000000e+00   1.01561742e-02   1.11801248e-04   1.44741391e+00   1.81827099e+00
 2.86000000e+00   0.00000000e+00   1.00000000e+00   7.56706884e-03   1.24500406e-04   1.43917133e+00   1.82071623e+00
 2.87000000e+00   0.00000000e+00   1.00000000e+00   5.54115852e-03   1.29600398e-04   1.42535359e+00   1.81323042e+00
 2.88000000e+00   0.00000000e+00   1.00000000e+00   4.30367460e-03   1.25185674e-04   1.40870919e+00   1.79653283e+00
 2.89000000e+00   0.00000000e+00   1.00000000e+00   3.91166632e-03   1.12581747e-04   1.39507048e+00   1.77362200e+00
 2.90000000e+00   0.00000000e+00   1.00000000e+00   4.19925260e-03   9.59065341e-05   1.39008400e+00   1.74834183e+00
 2.91000000e+00   0.00000000e+00   1.00000000e+00   4.83346548e-03   8.04401058e-05   1.39597850e+00   1.72477936e+00
 2.92000000e+00   0.00000000e+00   1.00000000e+00   5.43518112e-03   7.09665082e-05   1.41071215e+00   1.70670814e+00
 2.93000000e+00   0.00000000e+00   1.00000000e+00   5.69409480e-03   7.02227577e-05   1.42981612e+00   1.69608047e+00
 2.94000000e+00   0.00000000e+00   1.00000000e+00   5.42661215e-03   7.81798628e-05   1.44893240e+00   1.69064926e+00
 2.95000000e+00   0.00000000e+00   1.00000000e+00   4.57047843e-03   9.22767183e-05   1.46480632e+00   1.68812406e+00
 2.96000000e+00   0.00000000e+00   1.00000000e+00   3.15140773e-03   1.07925327e-04   1.47603998e+00   1.68492717e+00
 2.97000000e+00   0.00000000e+00   1.00000000e+00   1.26441791e-03   1.19985971e-04   1.48206639e+00   1.67786275e+00
 2.98000000e+00   0.00000000e+00   1.00000000e+00  -9.23842766e-04   1.24630601e-04   1.48214447e+00   1.66745961e+00
 2.99000000e+00   0.00000000e+00   1.00000000e+00  -3.19030724e-03   1.20530721e-04   1.47611699e+00   1.65611865e+00
 3.00000000e+00   0.00000000e+00   1.00000000e+00  -5.32505384e-03   1.09107928e-04   1.46580639e+00   1.64637242e+00
 3.01000000e+00   0.00000000e+00   1.00000000e+00  -7.23334173e-03   9.41093671e-05   1.45517464e+00   1.64106874e+00
 3.02000000e+00   0.00000000e+00   1.00000000e+00  -8.99247935e-03   8.07353524e-05   1.44866219e+00   1.64257661e+00
 3.03000000e+00   0.00000000e+00   1.00000000e+00  -1.08014770e-02   7.38732621e-05   1.44814451e+00   1.65199583e+00
 3.04000000e+00   0.00000000e+00   1.00000000e+00  -1.28431728e-02   7.61052017e-05   1.45118794e+00   1.66928126e+00
 3.05000000e+00   0.00000000e+00   1.00000000e+00  -1.51495363e-02   8.68088278e-05   1.45258638e+00   1.69232705e+00
 3.06000000e+00   0.00000000e+00   1.00000000e+00  -1.75554184e-02   1.02707569e-04   1.44758628e+00   1.71679251e+00
 3.07000000e+00   0.00000000e+00   1.00000000e+00  -1.97565622e-02   1.19155589e-04   1.43429492e+00   1.73735136e+00
 3.08000000e+00   0.00000000e+00   1.00000000e+00  -2.14210600e-02   1.31471398e-04   1.41428827e+00   1.74902479e+00
 3.09000000e+00   0.00000000e+00   1.00000000e+00  -2.22867811e-02   1.36036441e-04   1.39118547e+00   1.74949489e+00
 3.10000000e+00   0.00000000e+00   1.00000000e+00  -2.22063996e-02   1.31119693e-04   1.36829969e+00   1.74206062e+00
 3.11000000e+00   0.00000000e+00   1.00000000e+00  -2.11447097e-02   1.17825457e-04   1.34837717e+00   1.73080899e+00
 3.12000000e+00   0.00000000e+00   1.00000000e+00  -1.91601658e-02   1.00386415e-04   1.33313772e+00   1.72079103e+00
 3.13000000e+00   0.00000000e+00   1.00000000e+00  -1.63979800e-02   8.44593689e-05   1.32429652e+00   1.71515984e+00
 3.14000000e+00   0.00000000e+00   1.00000000e+00  -1.30894610e-02   7.47528066e-05   1.32371731e+00   1.71344184e+00
 3.15000000e+00   0.00000000e+00   1.00000000e+00  -9.52241087e-03   7.37802885e-05   1.33176617e+00   1.71327680e+00
 3.16000000e+00   0.00000000e+00   1.00000000e+00  -5.95930425e-03   8.14707413e-05   1.34591336e+00   1.71149937e+00
 3.17000000e+00   0.00000000e+00   1.00000000e+00  -2.53355250e-03   9.50105111e-05   1.36099434e+00   1.70543414e+00
 3.18000000e+00   0.00000000e+00   1.00000000e+00   8.02224669e-04   1.09401952e-04   1.37175700e+00   1.69444103e+00
 3.19000000e+00   0.00000000e+00   1.00000000e+00   4.22320327e-03   1.19167153e-04   1.37630246e+00   1.67816938e+00
 3.20000000e+00   0.00000000e+00   1.00000000e+00   7.89906081e-03   1.20434564e-04   1.37702184e+00   1.65695194e+00
 3.21000000e+00   0.00000000e+00   1.00000000e+00   1.18680053e-02   1.12391436e-04   1.37874161e+00   1.63285952e+00
 3.22000000e+00   0.00000000e+00   1.00000000e+00   1.59967433e-02   9.74022170e-05   1.38569917e+00   1.60862562e+00
 3.23000000e+00   0.00000000e+00   1.00000000e+00   2.00364213e-02   7.99033680e-05   1.39895935e+00   1.58893744e+00
 3.24000000e+00   0.00000000e+00   1.00000000e+00   2.37219245e-02   6.50228050e-05   1.41691546e+00   1.57673849e+00
 3.25000000e+00   0.00000000e+00   1.00000000e+00   2.68520767e-02   5.74620797e-05   1.43642697e+00   1.57254478e+00
 3.26000000e+00   0.00000000e+00   1.00000000e+00   2.93233053e-02   5.99249914e-05   1.45425521e+00   1.57537701e+00
 3.27000000e+00   0.00000000e+00   1.00000000e+00   3.11296865e-02   7.15725809e-05   1.46794188e+00   1.58288474e+00
 3.28000000e+00   0.00000000e+00   1.00000000e+00   3.23575597e-02   8.82334216e-05   1.47579243e+00   1.59211496e+00
 3.29000000e+00   0.00000000e+00   1.00000000e+00   3.31882941e-02   1.04279995e-04   1.47667589e+00   1.59949860e+00
 3.30000000e+00   0.00000000e+00   1.00000000e+00   3.38941732e-02   1.14589253e-04   1.46990389e+00   1.60362831e+00
 3.31000000e+00   0.00000000e+00   1.00000000e+00   3.47963568e-02   1.15926857e-04   1.45603352e+00   1.60613913e+00
 3.32000000e+00   0.00000000e+00   1.00000000e+00   3.61736310e-02   1.07785127e-04   1.43816577e+00   1.60853432e+00
 3.33000000e+00   0.00000000e+00   1.00000000e+00   3.81594098e-02   9.26986938e-05   1.42142880e+00   1.61168370e+00
 3.34000000e+00   0.00000000e+00   1.00000000e+00   4.06968207e-02   7.57307272e-05   1.41063917e+00   1.61747811e+00
 3.35000000e+00   0.00000000e+00   1.00000000e+00   4.35951355e-02   6.27094409e-05   1.40776013e+00   1.62649380e+00
 3.36000000e+00   0.00000000e+00   1.00000000e+00   4.66584755e-02   5.78319112e-05   1.41059306e+00   1.63817157e+00
 3.37000000e+00   0.00000000e+00   1.00000000e+00   4.98032681e-02   6.22319276e-05   1.41442213e+00   1.65148199e+00
 3.38000000e+00   0.00000000e+00   1.00000000e+00   5.30943840e-02   7.40697624e-05   1.41529276e+00   1.66410026e+00
 3.39000000e+00   0.00000000e+00   1.00000000e+00   5.66947002e-02   8.93084805e-05   1.41211191e+00   1.67190213e+00
 3.40000000e+00   0.00000000e+00   1.00000000e+00   6.07797883e-02   1.02646340e-04   1.40634686e+00   1.67161685e+00
 3.41000000e+00   0.00000000e+00   1.00000000e+00   6.54737179e-02   1.08921506e-04   1.40059488e+00   1.66249325e+00
 3.42000000e+00   0.00000000e+00   1.00000000e+00   7.08242804e-02   1.05218406e-04   1.39738157e+00   1.64668367e+00
 3.43000000e+00   0.00000000e+00   1.00000000e+00   7.67996138e-02   9.23615397e-05   1.39867034e+00   1.62840137e+00
 3.44000000e+00   0.00000000e+00   1.00000000e+00   8.32821793e-02   7.43891195e-05   1.40635513e+00   1.61188470e+00
 3.45000000e+00   0.00000000e+00   1.00000000e+00   9.00575258e-02   5.66891227e-05   1.42206761e+00   1.59922791e+00
 3.46000000e+00   0.00000000e+00   1.00000000e+00   9.68210911e-02   4.43228011e-05   1.44601048e+00   1.58960431e+00
 3.47000000e+00   0.00000000e+00   1.00000000e+00   1.03230687e-01   4.08453983e-05   1.47608810e+00   1.58147579e+00
 3.48000000e+00   0.00000000e+00   1.00000000e+00   1.09004107e-01   4.71931210e-05   1.50763942e+00   1.57326727e+00
 3.49000000e+00   0.00000000e+00   1.00000000e+00   1.14018212e-01   6.08911413e-05   1.53489005e+00   1.56485655e+00
 3.50000000e+00   0.00000000e+00   1.00000000e+00   1.18345581e-01   7.67083801e-05   1.55361791e+00   1.55718495e+00
 3.51000000e+00   0.00000000e+00   1.00000000e+00   1.22194785e-01   8.88958476e-05   1.56305650e+00   1.55032155e+00
 3.52000000e+00   0.00000000e+00   1.00000000e+00   1.25786488e-01   9.34667996e-05   1.56596951e+00   1.54313873e+00
 3.53000000e+00   0.00000000e+00   1.00000000e+00   1.29243609e-01   8.90408043e-05   1.56679720e+00   1.53481926e+00
 3.54000000e+00   0.00000000e+00   1.00000000e+00   1.32557677e-01   7.67430380e-05   1.56927033e+00   1.52666485e+00
 3.55000000e+00   0.00000000e+00   1.00000000e+00   1.35631894e-01   6.02787467e-05   1.57492681e+00   1.52115704e+00
 3.56000000e+00   0.00000000e+00   1.00000000e+00   1.38351683e-01   4.52578059e-05   1.58325631e+00   1.52108528e+00
 3.57000000e+00   0.00000000e+00   1.00000000e+00   1.40634603e-01   3.69706719e-05   1.59258646e+00   1.52772147e+00
 3.58000000e+00   0.00000000e+00   1.00000000e+00   1.42448975e-01   3.79675532e-05   1.60097026e+00   1.53980394e+00
 3.59000000e+00   0.00000000e+00   1.00000000e+00   1.43822015e-01   4.73477497e-05   1.60635817e+00   1.55449249e+00
 3.60000000e+00   0.00000000e+00   1.00000000e+00   1.44856812e-01   6.17399365e-05   1.60678290e+00   1.56967566e+00
 3.61000000e+00   0.00000000e+00   1.00000000e+00   1.45751112e-01   7.66593526e-05   1.60078737e+00   1.58300252e+00
 3.62000000e+00   0.00000000e+00   1.00000000e+00   1.46788591e-01   8.73705617e-05   1.58827344e+00   1.59355218e+00
 3.63000000e+00   0.00000000e+00   1.00000000e+00   1.48279441e-01   8.99093187e-05   1.57119658e+00   1.60121120e+00
 3.64000000e+00   0.00000000e+00   1.00000000e+00   1.50459900e-01   8.29538293e-05   1.55394734e+00   1.60587816e+00
 3.65000000e+00   0.00000000e+00   1.00000000e+00   1.53398608e-01   6.88807875e-05   1.54203617e+00   1.60773516e+00
 3.66000000e+00   0.00000000e+00   1.00000000e+00   1.56969017e-01   5.26009381e-05   1.53957609e+00   1.60761751e+00
 3.67000000e+00   0.00000000e+00   1.00000000e+00   1.60912447e-01   3.91396476e-05   1.54742396e+00   1.60678412e+00
 3.68000000e+00   0.00000000e+00   1.00000000e+00   1.64956636e-01   3.21845446e-05   1.56262227e+00   1.60631899e+00
 3.69000000e+00   0.00000000e+00   1.00000000e+00   1.68918061e-01   3.36919582e-05   1.58057911e+00   1.60671216e+00
 3.70000000e+00   0.00000000e+00   1.00000000e+00   1.72734449e-01   4.31646297e-05   1.59736280e+00   1.60731271e+00
 3.71000000e+00   0.00000000e+00   1.00000000e+00   1.76430030e-01   5.71268823e-05   1.61108874e+00   1.60630741e+00
 3.72000000e+00   0.00000000e+00   1.00000000e+00   1.80058891e-01   7.02673588e-05   1.62172854e+00   1.60167299e+00
 3.73000000e+00   0.00000000e+00   1.00000000e+00   1.83667034e-01   7.78030505e-05   1.63020525e+00   1.59259157e+00
 3.74000000e+00   0.00000000e+00   1.00000000e+00   1.87277016e-01   7.74077955e-05   1.63780696e+00   1.58013836e+00
 3.75000000e+00   0.00000000e+00   1.00000000e+00   1.90873481e-01   6.94847501e-05   1.64623416e+00   1.56673996e+00
 3.76000000e+00   0.00000000e+00   1.00000000e+00   1.94375517e-01   5.62891212e-05   1.65747609e+00   1.55431240e+00
 3.77000000e+00   0.00000000e+00   1.00000000e+00   1.97611102e-01   4.16940107e-05   1.67310808e+00   1.54364718e+00
 3.78000000e+00   0.00000000e+00   1.00000000e+00   2.00326441e-01   3.05752957e-05   1.69322224e+00   1.53465050e+00
 3.79000000e+00   0.00000000e+00   1.00000000e+00   2.02249587e-01   2.70169139e-05   1.71562005e+00   1.52720249e+00
 3.80000000e+00   0.00000000e+00   1.00000000e+00   2.03191202e-01   3.21923263e-05   1.73620455e+00   1.52221997e+00
 3.81000000e+00   0.00000000e+00   1.00000000e+00   2.03131152e-01   4.39149959e-05   1.75050702e+00   1.52160930e+00
 3.82000000e+00   0.00000000e+00   1.00000000e+00   2.02237266e-01   5.81639563e-05   1.75559413e+00   1.52643962e+00
 3.83000000e+00   0.00000000e+00   1.00000000e+00   2.00799967e-01   7.06362771e-05   1.75116401e+00   1.53526564e+00
 3.84000000e+00   0.00000000e+00   1.00000000e+00   1.99119716e-01   7.74734509e-05   1.73976663e+00   1.54511370e+00
 3.85000000e+00   0.00000000e+00   1.00000000e+00   1.97412578e-01   7.61593111e-05   1.72535891e+00   1.55324532e+00
 3.86000000e+00   0.00000000e+00   1.00000000e+00   1.95778953e-01   6.70164037e-05   1.71168079e+00   1.55959600e+00
 3.87000000e+00   0.00000000e+00   1.00000000e+00   1.94230147e-01   5.35356039e-05   1.70099667e+00   1.56609578e+00
 3.88000000e+00   0.00000000e+00   1.00000000e+00   1.92732467e-01   4.06704026e-05   1.69392115e+00   1.57492954e+00
 3.89000000e+00   0.00000000e+00   1.00000000e+00   1.91236049e-01   3.25970635e-05   1.68999559e+00   1.58706506e+00
 3.90000000e+00   0.00000000e+00   1.00000000e+00   1.89689625e-01   3.16332589e-05   1.68820027e+00   1.60188635e+00
 3.91000000e+00   0.00000000e+00   1.00000000e+00   1.88062838e-01   3.81213480e-05   1.68685807e+00   1.61745409e+00
 3.92000000e+00   0.00000000e+00   1.00000000e+00   1.86384190e-01   5.02731011e-05   1.68373245e+00   1.63150252e+00
 3.93000000e+00   0.00000000e+00   1.00000000e+00   1.84772984e-01   6.41440969e-05   1.67686029e+00   1.64282079e+00
 3.94000000e+00   0.00000000e+00   1.00000000e+00   1.83430237e-01   7.48412614e-05   1.66570843e+00   1.65057460e+00
 3.95000000e+00   0.00000000e+00   1.00000000e+00   1.82572858e-01   7.87825420e-05   1.65216385e+00   1.65407051e+00
 3.96000000e+00   0.00000000e+00   1.00000000e+00   1.82334720e-01   7.50929770e-05   1.64029570e+00   1.65307694e+00
 3.97000000e+00   0.00000000e+00   1.00000000e+00   1.82687428e-01   6.52942654e-05   1.63465545e+00   1.64764696e+00
 3.98000000e+00   0.00000000e+00   1.00000000e+00   1.83429307e-01   5.24225530e-05   1.63816554e+00   1.63909110e+00
 3.99000000e+00   0.00000000e+00   1.00000000e+00   1.84251717e-01   4.04500214e-05   1.65061403e+00   1.62954710e+00
 4.00000000e+00   0.00000000e+00   1.00000000e+00   1.84844303e-01   3.35111524e-05   1.66895087e+00   1.62084204e+00
 4.01000000e+00   0.00000000e+00   1.00000000e+00   1.84980783e-01   3.42643235e-05   1.68878770e+00   1.61435333e+00
 4.02000000e+00   0.00000000e+00   1.00000000e+00   1.84548555e-01   4.24045186e-05   1.70635281e+00   1.61039059e+00
 4.03000000e+00   0.00000000e+00   1.00000000e+00   1.83529570e-01   5.49012940e-05   1.71936978e+00   1.60758997e+00
 4.04000000e+00   0.00000000e+00   1.00000000e+00   1.81967186e-01   6.76478980e-05   1.72697712e+00   1.60431903e+00
 4.05000000e+00   0.00000000e+00   1.00000000e+00   1.79943642e-01   7.69179594e-05   1.72931087e+00   1.59973712e+00
 4.06000000e+00   0.00000000e+00   1.00000000e+00   1.77563049e-01   8.00242522e-05   1.72716374e+00   1.59394690e+00
 4.07000000e+00   0.00000000e+00   1.00000000e+00   1.74920614e-01   7.59811467e-05   1.72236739e+00   1.58856841e+00
 4.08000000e+00   0.00000000e+00   1.00000000e+00   1.72055042e-01   6.62694854e-05   1.71755867e+00   1.58477103e+00
 4.09000000e+00   0.00000000e+00   1.00000000e+00   1.68910988e-01   5.46963161e-05   1.71518017e+00   1.58337333e+00
 4.10000000e+00   0.00000000e+00   1.00000000e+00   1.65347856e-01   4.56734944e-05   1.71626422e+00   1.58517819e+00
 4.11000000e+00   0.00000000e+00   1.00000000e+00   1.61206212e-01   4.22797668e-05   1.71940003e+00   1.59109156e+00
 4.12000000e+00   0.00000000e+00   1.00000000e+00   1.56403866e-01   4.55166294e-05   1.72127343e+00   1.60277333e+00
 4.13000000e+00   0.00000000e+00   1.00000000e+00   1.51007790e-01   5.46057159e-05   1.71783554e+00   1.61969107e+00
 4.14000000e+00   0.00000000e+00   1.00000000e+00   1.45239344e-01   6.73389390e-05   1.70661151e+00   1.64107393e+00
 4.15000000e+00   0.00000000e+00   1.00000000e+00   1.39409431e-01   8.00160188e-05   1.68744335e+00   1.66250301e+00
 4.16000000e+00   0.00000000e+00   1.00000000e+00   1.33821895e-01   8.85719974e-05   1.66305852e+00   1.68082248e+00
 4.17000000e+00   0.00000000e+00   1.00000000e+00   1.28697171e-01   9.04674148e-05   1.63723665e+00   1.69370798e+00
 4.18000000e+00   0.00000000e+00   1.00000000e+00   1.24144522e-01   8.58715348e-05   1.61361377e+00   1.70120325e+00
 4.19000000e+00   0.00000000e+00   1.00000000e+00   1.20175028e-01   7.70280831e-05   1.59442713e+00   1.70662466e+00
 4.20000000e+00   0.00000000e+00   1.00000000e+00   1.16725985e-01   6.68809126e-05   1.58087053e+00   1.71245073e+00
 4.21000000e+00   0.00000000e+00   1.00000000e+00   1.13679073e-01   5.87574301e-05   1.57323660e+00   1.71957677e+00
 4.22000000e+00   0.00000000e+00   1.00000000e+00   1.10880964e-01   5.57213013e-05   1.57094641e+00   1.72736060e+00
 4.23000000e+00   0.00000000e+00   1.00000000e+00   1.08183108e-01   5.93125216e-05   1.57223827e+00   1.73429300e+00
 4.24000000e+00   0.00000000e+00   1.00000000e+00   1.05497674e-01   6.85509459e-05   1.57420011e+00   1.73902085e+00
 4.25000000e+00   0.00000000e+00   1.00000000e+00   1.02839117e-01   8.02944762e-05   1.57392415e+00   1.74024740e+00
 4.26000000e+00   0.00000000e+00   1.00000000e+00   1.00315539e-01   9.05985652e-05   1.56997952e+00   1.73686831e+00
 4.27000000e+00   0.00000000e+00   1.00000000e+00   9.80619780e-02   9.62329850e-05   1.56330739e+00   1.72805059e+00
 4.28000000e+00   0.00000000e+00   1.00000000e+00   9.61477023e-02   9.55466884e-05   1.55694399e+00   1.71500318e+00
 4.29000000e+00   0.00000000e+00   1.00000000e+00   9.45102659e-02   8.86980764e-05   1.55460860e+00   1.69908359e+00
 4.30000000e+00   0.00000000e+00   1.00000000e+00   9.29540435e-02   7.80165624e-05   1.55859913e+00   1.68244901e+00
 4.31000000e+00   0.00000000e+00   1.00000000e+00   9.12112920e-02   6.74501198e-05   1.56858025e+00   1.66800632e+00
 4.32000000e+00   0.00000000e+00   1.00000000e+00   8.90285186e-02   6.07658528e-05   1.58195722e+00   1.65825021e+00
 4.33000000e+00   0.00000000e+00   1.00000000e+00   8.62333081e-02   6.00543075e-05   1.59529335e+00   1.65429653e+00
 4.34000000e+00   0.00000000e+00   1.00000000e+00   8.27590958e-02   6.56077189e-05   1.60551764e+00   1.65528634e+00
 4.35000000e+00   0.00000000e+00   1.00000000e+00   7.86373338e-02   7.62252687e-05   1.61062125e+00   1.65939463e+00
 4.36000000e+00   0.00000000e+00   1.00000000e+00   7.39804587e-02   8.90111629e-05   1.60965606e+00   1.66442752e+00
 4.37000000e+00   0.00000000e+00   1.00000000e+00   6.89663177e-02   9.98348786e-05   1.60244328e+00   1.66882622e+00
 4.38000000e+00   0.00000000e+00   1.00000000e+00   6.38133005e-02   1.05174348e-04   1.58972501e+00   1.67219517e+00
 4.39000000e+00   0.00000000e+00   1.00000000e+00   5.87324168e-02   1.03835051e-04   1.57332022e+00   1.67527249e+00
 4.40000000e+00   0.00000000e+00   1.00000000e+00   5.38646230e-02   9.71136167e-05   1.55613000e+00   1.67949444e+00
 4.41000000e+00   0.00000000e+00   1.00000000e+00   4.92370444e-02   8.78005385e-05   1.54127604e+00   1.68646351e+00
 4.42000000e+00   0.00000000e+00   1.00000000e+00   4.47724768e-02   7.91768241e-05   1.53063359e+00   1.69744578e+00
 4.43000000e+00   0.00000000e+00   1.00000000e+00   4.03562390e-02   7.43983260e-05   1.52368895e+00   1.71290513e+00
 4.44000000e+00   0.00000000e+00   1.00000000e+00   3.59257347e-02   7.57356529e-05   1.51775718e+00   1.73216822e+00
 4.45000000e+00   0.00000000e+00   1.00000000e+00   3.15317452e-02   8.34216616e-05   1.50950172e+00   1.75293913e+00
 4.46000000e+00   0.00000000e+00   1.00000000e+00   2.73386057e-02   9.51611455e-05   1.49673522e+00   1.77156115e+00
 4.47000000e+00   0.00000000e+00   1.00000000e+00   2.35687641e-02   1.07234439e-04   1.47941971e+00   1.78418328e+00
 4.48000000e+00   0.00000000e+00   1.00000000e+00   2.04274533e-02   1.16120439e-04   1.45956798e+00   1.78825972e+00
 4.49000000e+00   0.00000000e+00   1.00000000e+00   1.80459264e-02   1.19251862e-04   1.44005845e+00   1.78380866e+00
 4.50000000e+00   0.00000000e+00   1.00000000e+00   1.64594966e-02   1.15500193e-04   1.42342268e+00   1.77376004e+00
 4.51000000e+00   0.00000000e+00   1.00000000e+00   1.56106847e-02   1.05841739e-04   1.41159305e+00   1.76183129e+00
 4.52000000e+00   0.00000000e+00   1.00000000e+00   1.53597572e-02   9.33956728e-05   1.40591892e+00   1.75102466e+00
 4.53000000e+00   0.00000000e+00   1.00000000e+00   1.54982846e-02   8.23056916e-05   1.40716373e+00   1.74274622e+00
 4.54000000e+00   0.00000000e+00   1.00000000e+00   1.57782085e-02   7.60178055e-05   1.41490009e+00   1.73675070e+00
 4.55000000e+00   0.00000000e+00   1.00000000e+00   1.59663648e-02   7.61502268e-05   1.42713038e+00   1.73136584e+00
 4.56000000e+00   0.00000000e+00   1.00000000e+00   1.59114350e-02   8.24140737e-05   1.44029565e+00   1.72502321e+00
 4.57000000e+00   0.00000000e+00   1.00000000e+00   1.55879338e-02   9.29648505e-05   1.45065571e+00   1.71672350e+00
 4.58000000e+00   0.00000000e+00   1.00000000e+00   1.50847192e-02   1.04427784e-04   1.45607129e+00   1.70558892e+00
 4.59000000e+00   0.00000000e+00   1.00000000e+00   1.45376453e-02   1.12524052e-04   1.45686136e+00   1.69087395e+00
 4.60000000e+00   0.00000000e+00   1.00000000e+00   1.40426890e-02   1.14065235e-04   1.45534386e+00   1.67399568e+00
 4.61000000e+00   0.00000000e+00   1.00000000e+00   1.35980100e-02   1.08653027e-04   1.45467191e+00   1.65721516e+00
 4.62000000e+00   0.00000000e+00   1.00000000e+00   1.31030685e-02   9.84958139e-05   1.45705243e+00   1.64292909e+00
 4.63000000e+00   0.00000000e+00   1.00000000e+00   1.24067173e-02   8.69927439e-05   1.46262006e+00   1.63442136e+00
 4.64000000e+00   0.00000000e+00   1.00000000e+00   1.13711040e-02   7.78778032e-05   1.46991339e+00   1.63347538e+00
 4.65000000e+00   0.00000000e+00   1.00000000e+00   9.91906760e-03   7.43344857e-05   1.47676911e+00   1.64011635e+00
 4.66000000e+00   0.00000000e+00   1.00000000e+00   8.05383825e-03   7.77910743e-05   1.48121779e+00   1.65127572e+00
 4.67000000e+00   0.00000000e+00   1.00000000e+00   5.86062443e-03   8.74784403e-05   1.48149087e+00   1.66491402e+00
 4.68000000e+00   0.00000000e+00   1.00000000e+00   3.50221889e-03   1.00541581e-04   1.47649178e+00   1.67858263e+00
 4.69000000e+00   0.00000000e+00   1.00000000e+00   1.20730547e-03   1.12907850e-04   1.46594400e+00   1.68857854e+00
 4.70000000e+00   0.00000000e+00   1.00000000e+00  -7.61725327e-04   1.20748360e-04   1.45003602e+00   1.69464703e+00
 4.71000000e+00   0.00000000e+00   1.00000000e+00  -2.16784208e-03   1.21887187e-04   1.43047668e+00   1.69766103e+00
 4.72000000e+00   0.00000000e+00   1.00000000e+00  -2.86804064e-03   1.16144734e-04   1.41049388e+00   1.69960150e+00
 4.73000000e+00   0.00000000e+00   1.00000000e+00  -2.85554531e-03   1.05228500e-04   1.39416308e+00   1.69991798e+00
 4.74000000e+00   0.00000000e+00   1.00000000e+00  -2.24543112e-03   9.27470258e-05   1.38321170e+00   1.70394262e+00
 4.75000000e+00   0.00000000e+00   1.00000000e+00  -1.20667530e-03   8.30264579e-05   1.37822659e+00   1.71058032e+00
 4.76000000e+00   0.00000000e+00   1.00000000e+00   1.22415677e-04   7.91775012e-05   1.37714969e+00   1.71846012e+00
 4.77000000e+00   0.00000000e+00   1.00000000e+00   1.68996020e-03   8.20880004e-05   1.37708033e+00   1.72491031e+00
 4.78000000e+00   0.00000000e+00   1.00000000e+00   3.53331203e-03   9.05374612e-05   1.37580972e+00   1.72738775e+00
 4.79000000e+00   0.00000000e+00   1.00000000e+00   5.73875468e-03   1.01586252e-04   1.37286907e+00   1.72366875e+00
 4.80000000e+00   0.00000000e+00   1.00000000e+00   8.38862885e-03   1.11194201e-04   1.36926987e+00   1.71274253e+00
 4.81000000e+00   0.00000000e+00   1.00000000e+00   1.15221551e-02   1.15546141e-04   1.36659604e+00   1.69598736e+00
 4.82000000e+00   0.00000000e+00   1.00000000e+00   1.51166112e-02   1.12622142e-04   1.36656921e+00   1.67570810e+00
 4.83000000e+00   0.00000000e+00   1.00000000e+00   1.90804893e-02   1.02974987e-04   1.37051748e+00   1.65526856e+00
 4.84000000e+00   0.00000000e+00   1.00000000e+00   2.32517621e-02   8.94490556e-05   1.37942630e+00   1.63819460e+00
 4.85000000e+00   0.00000000e+00   1.00000000e+00   2.74070339e-02   7.60625097e-05   1.39389873e+00   1.62509527e+00
 4.86000000e+00   0.00000000e+00   1.00000000e+00   3.12953075e-02   6.66603333e-05   1.41303969e+00   1.61571536e+00
 4.87000000e+00   0.00000000e+00   1.00000000e+00   3.46996275e-02   6.39551059e-05   1.43419128e+00   1.60922005e+00
 4.88000000e+00   0.00000000e+00   1.00000000e+00   3.75055113e-02   6.87197585e-05   1.45351632e+00   1.60445875e+00
 4.89000000e+00   0.00000000e+00   1.00000000e+00   3.97394194e-02   7.91915615e-05   1.46740609e+00   1.60082858e+00
 4.90000000e+00   0.00000000e+00   1.00000000e+00   4.15509226e-02   9.15429197e-05   1.47403684e+00   1.59760825e+00
 4.91000000e+00   0.00000000e+00   1.00000000e+00   4.31443963e-02   1.01473326e-04   1.47407125e+00   1.59407093e+00
 4.92000000e+00   0.00000000e+00   1.00000000e+00   4.46968716e-02   1.05755067e-04   1.47010345e+00   1.58982662e+00
 4.93000000e+00   0.00000000e+00   1.00000000e+00   4.63043756e-02   1.03028351e-04   1.46525208e+00   1.58566180e+00
 4.94000000e+00   0.00000000e+00   1.00000000e+00   4.79766143e-02   9.40840789e-05   1.46177030e+00   1.58367992e+00
 4.95000000e+00   0.00000000e+00   1.00000000e+00   4.96692251e-02   8.17805833e-05   1.46044947e+00   1.58631200e+00
 4.96000000e+00   0.00000000e+00   1.00000000e+00   5.13268320e-02   7.02839174e-05   1.46084165e+00   1.59449141e+00
 4.97000000e+00   0.00000000e+00   1.00000000e+00   5.29162450e-02   6.35500562e-05   1.46178603e+00   1.60772144e+00
 4.98000000e+00   0.00000000e+00   1.00000000e+00   5.44459598e-02   6.37435309e-05   1.46195338e+00   1.62324492e+00
 4.99000000e+00   0.00000000e+00   1.00000000e+00   5.59789174e-02   7.05178038e-05   1.46000105e+00   1.63783252e+00
 5.00000000e+00   0.00000000e+00   1.00000000e+00   5.76410254e-02   8.14332848e-05   1.45475429e+00   1.64877873e+00