  Time  Coordinate0  Coordinate1  Displacement0  Displacement1  Force0  Force1
 0.00000000e+00   0.00000000e+00   1.00000000e+00   0.00000000e+00   0.00000000e+00   0.00000000e+00   0.00000000e+00
 1.00000000e-02   0.00000000e+00   1.00000000e+00   1.43536469e-04  -5.13109162e-06   1.22487139e+01  -1.65514736e+01
 2.00000000e-02   0.00000000e+00   1.00000000e+00   6.81209802e-04   2.18368905e-05   1.01777021e+01   1.75584229e+01
 3.00000000e-02   0.00000000e+00   1.00000000e+00   1.60050879e-03   5.54662802e-05   9.29044745e+00   1.70979397e+01
 4.00000000e-02   0.00000000e+00   1.00000000e+00   2.70842469e-03   9.34547651e-05   8.76764766e+00   1.61250088e+01
 5.00000000e-02   0.00000000e+00   1.00000000e+00   3.97857834e-03   1.28774485e-04   8.42330561e+00   1.54953946e+01
 6.00000000e-02   0.00000000e+00   1.00000000e+00   5.34566170e-03   1.51428474e-04   8.17280802e+00   1.51336768e+01
 7.00000000e-02   0.00000000e+00   1.00000000e+00   6.72592873e-03   1.57720109e-04   7.98080504e+00   1.48162749e+01
 8.00000000e-02   0.00000000e+00   1.00000000e+00   8.28056656e-03   1.38664441e-04   7.81743060e+00   1.45744827e+01
 9.00000000e-02   0.00000000e+00   1.00000000e+00   1.03163695e-02   1.00283046e-04   7.68658798e+00   1.44020475e+01
 1.00000000e-01   0.00000000e+00   1.00000000e+00   1.31320557e-02   5.30501813e-05   7.59450518e+00   1.42872343e+01
 1.10000000e-01   0.00000000e+00   1.00000000e+00   1.66619672e-02   1.77995850e-05   7.54154727e+00   1.41759686e+01
 1.20000000e-01   0.00000000e+00   1.00000000e+00   2.04173149e-02   5.56484207e-06   7.51682494e+00   1.40760094e+01
 1.30000000e-01   0.00000000e+00   1.00000000e+00   2.41346318e-02   1.40873037e-05   7.50591384e+00   1.39783676e+01
 1.40000000e-01   0.00000000e+00   1.00000000e+00   2.79449232e-02   3.89388739e-05   7.50023595e+00   1.38960131e+01
 1.50000000e-01   0.00000000e+00   1.00000000e+00   3.19042128e-02   7.57898087e-05   7.50501200e+00   1.38409679e+01
 1.60000000e-01   0.00000000e+00   1.00000000e+00   3.58695211e-02   1.15428745e-04   7.51851035e+00   1.37888129e+01
 1.70000000e-01   0.00000000e+00   1.00000000e+00   3.97700333e-02   1.38420229e-04   7.53245274e+00   1.37454300e+01
 1.80000000e-01   0.00000000e+00   1.00000000e+00   4.36797380e-02   1.33651826e-04   7.54498430e+00   1.37083810e+01
 1.90000000e-01   0.00000000e+00   1.00000000e+00   4.75872350e-02   1.06571352e-04   7.55545329e+00   1.36519431e+01
 2.00000000e-01   0.00000000e+00   1.00000000e+00   5.14411035e-02   6.84146551e-05   7.56326944e+00   1.35823468e+01
 2.10000000e-01   0.00000000e+00   1.00000000e+00   5.53631135e-02   2.86922672e-05   7.57112160e+00   1.35012175e+01
 2.20000000e-01   0.00000000e+00   1.00000000e+00   5.94575979e-02  -3.19429217e-06   7.58443235e+00   1.34298077e+01
 2.30000000e-01   0.00000000e+00   1.00000000e+00   6.36647007e-02  -1.57450101e-05   7.60878984e+00   1.33787027e+01
 2.40000000e-01   0.00000000e+00   1.00000000e+00   6.78371530e-02  -2.39269207e-06   7.64438089e+00   1.33300336e+01
 2.50000000e-01   0.00000000e+00   1.00000000e+00   7.16982707e-02   3.28042583e-05   7.68462825e+00   1.32752416e+01
 2.60000000e-01   0.00000000e+00   1.00000000e+00   7.50217977e-02   7.47420617e-05   7.71579460e+00   1.32119613e+01
 2.70000000e-01   0.00000000e+00   1.00000000e+00   7.79223855e-02   1.06951006e-04   7.72713839e+00   1.31417721e+01
 2.80000000e-01   0.00000000e+00   1.00000000e+00   8.07338100e-02   1.22085840e-04   7.72179540e+00   1.30725028e+01
 2.90000000e-01   0.00000000e+00   1.00000000e+00   8.37102068e-02   1.17941835e-04   7.71183857e+00   1.30104986e+01
 3.00000000e-01   0.00000000e+00   1.00000000e+00   8.68695164e-02   9.23053105e-05   7.70534495e+00   1.29574175e+01
 3.10000000e-01   0.00000000e+00   1.00000000e+00   9.00887853e-02   5.01765897e-05   7.70056285e+00   1.29062509e+01
 3.20000000e-01   0.00000000e+00   1.00000000e+00   9.33803665e-02   7.86606510e-06   7.69430106e+00   1.28472197e+01
 3.30000000e-01   0.00000000e+00   1.00000000e+00   9.68991928e-02  -1.79263092e-05   7.69072765e+00   1.27873095e+01
 3.40000000e-01   0.00000000e+00   1.00000000e+00   1.00682148e-01  -2.04350489e-05   7.69693102e+00   1.27427988e+01
 3.50000000e-01   0.00000000e+00   1.00000000e+00   1.04611618e-01  -1.83572496e-06   7.71452694e+00   1.27173997e+01
 3.60000000e-01   0.00000000e+00   1.00000000e+00   1.08585572e-01   3.15967092e-05   7.73998206e+00   1.27104028e+01
 3.70000000e-01   0.00000000e+00   1.00000000e+00   1.12547853e-01   7.11432789e-05   7.76883360e+00   1.27163422e+01
 3.80000000e-01   0.00000000e+00   1.00000000e+00   1.16409772e-01   1.04374028e-04   7.79595124e+00   1.27192074e+01
 3.90000000e-01   0.00000000e+00   1.00000000e+00   1.20121105e-01   1.17524125e-04   7.81528140e+00   1.27094042e+01
 4.00000000e-01   0.00000000e+00   1.00000000e+00   1.23835374e-01   1.04073491e-04   7.82520080e+00   1.26938415e+01
 4.10000000e-01   0.00000000e+00   1.00000000e+00   1.27835693e-01   7.03311264e-05   7.83341552e+00   1.26855656e+01
 4.20000000e-01   0.00000000e+00   1.00000000e+00   1.32241204e-01   2.97458986e-05   7.85262408e+00   1.26914806e+01
 4.30000000e-01   0.00000000e+00   1.00000000e+00   1.36888602e-01  -6.40316612e-06   7.88992707e+00   1.27041723e+01
 4.40000000e-01   0.00000000e+00   1.00000000e+00   1.41488120e-01  -2.95863087e-05   7.94178185e+00   1.27146922e+01
 4.50000000e-01   0.00000000e+00   1.00000000e+00   1.45821104e-01  -3.12941241e-05   7.99843143e+00   1.27195279e+01
 4.60000000e-01   0.00000000e+00   1.00000000e+00   1.49836303e-01  -8.24988010e-06   8.05237593e+00   1.27205109e+01
 4.70000000e-01   0.00000000e+00   1.00000000e+00   1.53597984e-01   3.10378776e-05   8.10325336e+00   1.27240581e+01
 4.80000000e-01   0.00000000e+00   1.00000000e+00   1.57114855e-01   7.06019372e-05   8.15364545e+00   1.27342843e+01
 4.90000000e-01   0.00000000e+00   1.00000000e+00   1.60267873e-01   9.69106464e-05   8.20065902e+00   1.27469193e+01
 5.00000000e-01   0.00000000e+00   1.00000000e+00   1.62968921e-01   1.03246380e-04   8.23569726e+00   1.27495541e+01
 5.10000000e-01   0.00000000e+00   1.00000000e+00   1.65311933e-01   8.82820013e-05   8.25438773e+00   1.27317441e+01
 5.20000000e-01   0.00000000e+00   1.00000000e+00   1.67483180e-01   5.49035662e-05   8.26176940e+00   1.26974838e+01
 5.30000000e-01   0.00000000e+00   1.00000000e+00   1.69603542e-01   1.22187720e-05   8.26667452e+00   1.26611121e+01
 5.40000000e-01   0.00000000e+00   1.00000000e+00   1.71718966e-01  -2.43312010e-05   8.27594242e+00   1.26338275e+01
 5.50000000e-01   0.00000000e+00   1.00000000e+00   1.73821536e-01  -4.03885408e-05   8.29378213e+00   1.26201468e+01
 5.60000000e-01   0.00000000e+00   1.00000000e+00   1.75790216e-01  -3.16706900e-05   8.32035782e+00   1.26171730e+01
 5.70000000e-01   0.00000000e+00   1.00000000e+00   1.77408140e-01  -3.80754533e-06   8.34872258e+00   1.26143000e+01
 5.80000000e-01   0.00000000e+00   1.00000000e+00   1.78549298e-01   3.42597592e-05   8.36746504e+00   1.26019118e+01
 5.90000000e-01   0.00000000e+00   1.00000000e+00   1.79338175e-01   7.24772636e-05   8.37059606e+00   1.25836881e+01
 6.00000000e-01   0.00000000e+00   1.00000000e+00   1.80059779e-01   9.84575120e-05   8.36266552e+00   1.25725299e+01
 6.10000000e-01   0.00000000e+00   1.00000000e+00   1.80906374e-01   1.01330501e-04   8.35311406e+00   1.25748009e+01
 6.20000000e-01   0.00000000e+00   1.00000000e+00   1.81871404e-01   7.92509569e-05   8.34711676e+00   1.25829297e+01
 6.30000000e-01   0.00000000e+00   1.00000000e+00   1.82886862e-01   4.12564285e-05   8.34373075e+00   1.25872438e+01
 6.40000000e-01   0.00000000e+00   1.00000000e+00   1.83971752e-01   1.20377361e-06   8.34164637e+00   1.25865988e+01
 6.50000000e-01   0.00000000e+00   1.00000000e+00   1.85211683e-01  -2.89982420e-05   8.34441414e+00   1.25874860e+01
 6.60000000e-01   0.00000000e+00   1.00000000e+00   1.86640886e-01  -4.12048456e-05   8.35900257e+00   1.25989809e+01
 6.70000000e-01   0.00000000e+00   1.00000000e+00   1.88161534e-01  -3.07152311e-05   8.38945107e+00   1.26282018e+01
 6.80000000e-01   0.00000000e+00   1.00000000e+00   1.89568248e-01   9.71396104e-07   8.43166098e+00   1.26728076e+01
 6.90000000e-01   0.00000000e+00   1.00000000e+00   1.90668789e-01   4.30322701e-05   8.47503230e+00   1.27194217e+01
 7.00000000e-01   0.00000000e+00   1.00000000e+00   1.91394055e-01   7.91958984e-05   8.50958545e+00   1.27531338e+01
 7.10000000e-01   0.00000000e+00   1.00000000e+00   1.91801916e-01   9.70192420e-05   8.53144202e+00   1.27696421e+01
 7.20000000e-01   0.00000000e+00   1.00000000e+00   1.92022669e-01   9.26807432e-05   8.54291611e+00   1.27763123e+01
 7.30000000e-01   0.00000000e+00   1.00000000e+00   1.92210078e-01   6.84814863e-05   8.55056512e+00   1.27834193e+01
 7.40000000e-01   0.00000000e+00   1.00000000e+00   1.92452839e-01   3.06271304e-05   8.56276388e+00   1.27954413e+01
 7.50000000e-01   0.00000000e+00   1.00000000e+00   1.92664956e-01  -9.68967520e-06   8.58448313e+00   1.28082535e+01
 7.60000000e-01   0.00000000e+00   1.00000000e+00   1.92617493e-01  -3.79567947e-05   8.61252246e+00   1.28133022e+01
 7.70000000e-01   0.00000000e+00   1.00000000e+00   1.92137741e-01  -4.33228682e-05   8.63855309e+00   1.28068941e+01
 7.80000000e-01   0.00000000e+00   1.00000000e+00   1.91236614e-01  -2.46628395e-05   8.65787046e+00   1.27948112e+01
 7.90000000e-01   0.00000000e+00   1.00000000e+00   1.90001415e-01   1.02246139e-05   8.67215368e+00   1.27870709e+01
 8.00000000e-01   0.00000000e+00   1.00000000e+00   1.88426701e-01   4.99960668e-05   8.68303282e+00   1.27862101e+01
 8.10000000e-01   0.00000000e+00   1.00000000e+00   1.86423681e-01   8.33260609e-05   8.68629040e+00   1.27832957e+01
 8.20000000e-01   0.00000000e+00   1.00000000e+00   1.83973322e-01   9.96850048e-05   8.67474702e+00   1.27677147e+01
 8.30000000e-01   0.00000000e+00   1.00000000e+00   1.81214161e-01   9.22450433e-05   8.64590221e+00   1.27358570e+01
 8.40000000e-01   0.00000000e+00   1.00000000e+00   1.78378459e-01   6.29309373e-05   8.60554000e+00   1.26935882e+01
 8.50000000e-01   0.00000000e+00   1.00000000e+00   1.75662303e-01   2.30865266e-05   8.56446689e+00   1.26532437e+01
 8.60000000e-01   0.00000000e+00   1.00000000e+00   1.73137316e-01  -1.27809539e-05   8.53210442e+00   1.26267816e+01
 8.70000000e-01   0.00000000e+00   1.00000000e+00   1.70740128e-01  -3.36828261e-05   8.51208325e+00   1.26179214e+01
 8.80000000e-01   0.00000000e+00   1.00000000e+00   1.68322889e-01  -3.38401919e-05   8.50159800e+00   1.26182382e+01
 8.90000000e-01   0.00000000e+00   1.00000000e+00   1.65738861e-01  -1.24107829e-05   8.49415108e+00   1.26170378e+01
 9.00000000e-01   0.00000000e+00   1.00000000e+00   1.62932147e-01   2.51343113e-05   8.48307227e+00   1.26117551e+01
 9.10000000e-01   0.00000000e+00   1.00000000e+00   1.59980882e-01   6.64864326e-05   8.46494097e+00   1.26085324e+01
 9.20000000e-01   0.00000000e+00   1.00000000e+00   1.57047204e-01   9.68651446e-05   8.44124544e+00   1.26137925e+01
 9.30000000e-01   0.00000000e+00   1.00000000e+00   1.54254083e-01   1.06170159e-04   8.41681804e+00   1.26269269e+01
 9.40000000e-01   0.00000000e+00   1.00000000e+00   1.51600088e-01   9.27463612e-05   8.39516679e+00   1.26405898e+01
 9.50000000e-01   0.00000000e+00   1.00000000e+00   1.49014014e-01   6.18477389e-05   8.37573446e+00   1.26463325e+01
 9.60000000e-01   0.00000000e+00   1.00000000e+00   1.46487909e-01   2.27998684e-05   8.35726595e+00   1.26427455e+01
 9.70000000e-01   0.00000000e+00   1.00000000e+00   1.44101041e-01  -1.22419240e-05   8.34289615e+00   1.26372475e+01
 9.80000000e-01   0.00000000e+00   1.00000000e+00   1.41881283e-01  -3.07443466e-05   8.33925379e+00   1.26402487e+01
 9.90000000e-01   0.00000000e+00   1.00000000e+00   1.39686512e-01  -2.53868294e-05   8.34938536e+00   1.26557923e+01
 1.00000000e+00   0.00000000e+00   1.00000000e+00   1.37268284e-01   1.65357032e-06   8.36773543e+00   1.26768302e+01
 1.01000000e+00   0.00000000e+00   1.00000000e+00   1.34437796e-01   4.03708885e-05   8.38328229e+00   1.26911040e+01
 1.02000000e+00   0.00000000e+00   1.00000000e+00   1.31158957e-01   7.82838688e-05   8.38680618e+00   1.26892882e+01
 1.03000000e+00   0.00000000e+00   1.00000000e+00   1.27528916e-01   1.04244412e-04   8.37531332e+00   1.26704283e+01
 1.04000000e+00   0.00000000e+00   1.00000000e+00   1.23711910e-01   1.10141932e-04   8.35179983e+00   1.26426862e+01
 1.05000000e+00   0.00000000e+00   1.00000000e+00   1.19862291e-01   9.32879039e-05   8.32229943e+00   1.26142720e+01
 1.06000000e+00   0.00000000e+00   1.00000000e+00   1.16048476e-01   5.90420301e-05   8.29274565e+00   1.25869658e+01
 1.07000000e+00   0.00000000e+00   1.00000000e+00   1.12223920e-01   1.98182643e-05   8.26638733e+00   1.25552909e+01
 1.08000000e+00   0.00000000e+00   1.00000000e+00   1.08283745e-01  -1.04528126e-05   8.24274344e+00   1.25145780e+01
 1.09000000e+00   0.00000000e+00   1.00000000e+00   1.04165518e-01  -2.20863912e-05   8.21920335e+00   1.24676055e+01
 1.10000000e+00   0.00000000e+00   1.00000000e+00   9.98966530e-02  -1.17272416e-05   8.19402001e+00   1.24236789e+01
 1.11000000e+00   0.00000000e+00   1.00000000e+00   9.55395564e-02   1.79800631e-05   8.16758431e+00   1.23898976e+01
 1.12000000e+00   0.00000000e+00   1.00000000e+00   9.11010638e-02   5.85296848e-05   8.14033551e+00   1.23654621e+01
 1.13000000e+00   0.00000000e+00   1.00000000e+00   8.65272958e-02   9.67630155e-05   8.10962507e+00   1.23427505e+01
 1.14000000e+00   0.00000000e+00   1.00000000e+00   8.18129002e-02   1.19537230e-04   8.07029898e+00   1.23132336e+01
 1.15000000e+00   0.00000000e+00   1.00000000e+00   7.71024080e-02   1.19663942e-04   8.01973916e+00   1.22747575e+01
 1.16000000e+00   0.00000000e+00   1.00000000e+00   7.26468867e-02   9.83663976e-05   7.96206619e+00   1.22343412e+01
 1.17000000e+00   0.00000000e+00   1.00000000e+00   6.86427216e-02   6.33738700e-05   7.90639669e+00   1.22023842e+01
 1.18000000e+00   0.00000000e+00   1.00000000e+00   6.51146826e-02   2.58359219e-05   7.86108436e+00   1.21843551e+01
 1.19000000e+00   0.00000000e+00   1.00000000e+00   6.19389355e-02  -2.09058466e-06   7.82929886e+00   1.21775925e+01
 1.20000000e+00   0.00000000e+00   1.00000000e+00   5.89445372e-02  -1.04103851e-05   7.80889412e+00   1.21750581e+01
 1.21000000e+00   0.00000000e+00   1.00000000e+00   5.59956774e-02   4.47224878e-06   7.79503061e+00   1.21716666e+01
 1.22000000e+00   0.00000000e+00   1.00000000e+00   5.30327972e-02   3.75155102e-05   7.78266377e+00   1.21678772e+01
 1.23000000e+00   0.00000000e+00   1.00000000e+00   5.00819110e-02   7.73310680e-05   7.76834201e+00   1.21682065e+01
 1.24000000e+00   0.00000000e+00   1.00000000e+00   4.72153107e-02   1.11156747e-04   7.75122679e+00   1.21751018e+01
 1.25000000e+00   0.00000000e+00   1.00000000e+00   4.44755862e-02   1.28747209e-04   7.73252536e+00   1.21842236e+01
 1.26000000e+00   0.00000000e+00   1.00000000e+00   4.18404356e-02   1.24465900e-04   7.71335607e+00   1.21863293e+01
 1.27000000e+00   0.00000000e+00   1.00000000e+00   3.92755136e-02   9.91298357e-05   7.69351105e+00   1.21748602e+01
 1.28000000e+00   0.00000000e+00   1.00000000e+00   3.68062762e-02   6.10201832e-05   7.67304316e+00   1.21520807e+01
 1.29000000e+00   0.00000000e+00   1.00000000e+00   3.45026041e-02   2.35256072e-05   7.65466495e+00   1.21268390e+01
 1.30000000e+00   0.00000000e+00   1.00000000e+00   3.23746314e-02  -4.48655296e-07   7.64319308e+00   1.21067174e+01
 1.31000000e+00   0.00000000e+00   1.00000000e+00   3.02941782e-02  -3.41303022e-06   7.64138243e+00   1.20925511e+01
 1.32000000e+00   0.00000000e+00   1.00000000e+00   2.80427285e-02   1.51718213e-05   7.64593446e+00   1.20783632e+01
 1.33000000e+00   0.00000000e+00   1.00000000e+00   2.54576968e-02   4.96667155e-05   7.64845836e+00   1.20564999e+01
 1.34000000e+00   0.00000000e+00   1.00000000e+00   2.25447861e-02   8.95180745e-05   7.64093374e+00   1.20236374e+01
 1.35000000e+00   0.00000000e+00   1.00000000e+00   1.94609454e-02   1.21667153e-04   7.62047902e+00   1.19833560e+01
 1.36000000e+00   0.00000000e+00   1.00000000e+00   1.64044936e-02   1.35126628e-04   7.58954429e+00   1.19423041e+01
 1.37000000e+00   0.00000000e+00   1.00000000e+00   1.35196387e-02   1.25697516e-04   7.55296219e+00   1.19044712e+01
 1.38000000e+00   0.00000000e+00   1.00000000e+00   1.08690861e-02   9.73729615e-05   7.51529582e+00   1.18681321e+01
 1.39000000e+00   0.00000000e+00   1.00000000e+00   8.45279153e-03   5.99323428e-05   7.47972405e+00   1.18292828e+01
 1.40000000e+00   0.00000000e+00   1.00000000e+00   6.24394276e-03   2.53927962e-05   7.44775292e+00   1.17869121e+01
 1.41000000e+00   0.00000000e+00   1.00000000e+00   4.22956940e-03   5.02316868e-06   7.41948641e+00   1.17460754e+01
 1.42000000e+00   0.00000000e+00   1.00000000e+00   2.42643907e-03   6.21884745e-06   7.39461715e+00   1.17152866e+01
 1.43000000e+00   0.00000000e+00   1.00000000e+00   8.45322629e-04   2.92512191e-05   7.37323256e+00   1.16996999e+01
 1.44000000e+00   0.00000000e+00   1.00000000e+00  -5.57151888e-04   6.63559696e-05   7.35495787e+00   1.16962068e+01
 1.45000000e+00   0.00000000e+00   1.00000000e+00  -1.85752015e-03   1.04851518e-04   7.33717942e+00   1.16959164e+01
 1.46000000e+00   0.00000000e+00   1.00000000e+00  -3.06804581e-03   1.32300015e-04   7.31532187e+00   1.16919077e+01
 1.47000000e+00   0.00000000e+00   1.00000000e+00  -4.06724763e-03   1.40340368e-04   7.28640154e+00   1.16845309e+01
 1.48000000e+00   0.00000000e+00   1.00000000e+00  -4.65447137e-03   1.26417034e-04   7.25266692e+00   1.16793859e+01
 1.49000000e+00   0.00000000e+00   1.00000000e+00  -4.69243074e-03   9.45621426e-05   7.22138081e+00   1.16810590e+01
 1.50000000e+00   0.00000000e+00   1.00000000e+00  -4.20746142e-03   5.50328534e-05   7.20034494e+00   1.16892494e+01
 1.51000000e+00   0.00000000e+00   1.00000000e+00  -3.36606894e-03   2.12264011e-05   7.19303742e+00   1.16999566e+01
 1.52000000e+00   0.00000000e+00   1.00000000e+00  -2.36719913e-03   4.43910152e-06   7.19742246e+00   1.17089799e+01
 1.53000000e+00   0.00000000e+00   1.00000000e+00  -1.34891492e-03   9.66985114e-06   7.20857875e+00   1.17149679e+01
 1.54000000e+00   0.00000000e+00   1.00000000e+00  -3.66236281e-04   3.46546058e-05   7.22188099e+00   1.17202784e+01
 1.55000000e+00   0.00000000e+00   1.00000000e+00   5.77292414e-04   7.12755286e-05   7.23428495e+00   1.17283684e+01
 1.56000000e+00   0.00000000e+00   1.00000000e+00   1.49064153e-03   1.07762018e-04   7.24402145e+00   1.17392530e+01
 1.57000000e+00   0.00000000e+00   1.00000000e+00   2.37631370e-03   1.31787486e-04   7.24998431e+00   1.17475409e+01
 1.58000000e+00   0.00000000e+00   1.00000000e+00   3.23716204e-03   1.34806262e-04   7.25142375e+00   1.17456250e+01
 1.59000000e+00   0.00000000e+00   1.00000000e+00   4.10331820e-03   1.15689848e-04   7.24813329e+00   1.17301051e+01
 1.60000000e+00   0.00000000e+00   1.00000000e+00   5.05086029e-03   8.10950057e-05   7.24133655e+00   1.17051968e+01
 1.61000000e+00   0.00000000e+00   1.00000000e+00   6.16896294e-03   4.24564537e-05   7.23455996e+00   1.16796829e+01
 1.62000000e+00   0.00000000e+00   1.00000000e+00   7.47654195e-03   1.20224465e-05   7.23268234e+00   1.16598677e+01
 1.63000000e+00   0.00000000e+00   1.00000000e+00   8.86721250e-03  -5.06920124e-07   7.23854246e+00   1.16454334e+01
 1.64000000e+00   0.00000000e+00   1.00000000e+00   1.01627418e-02   9.19402901e-06   7.24973857e+00   1.16315174e+01
 1.65000000e+00   0.00000000e+00   1.00000000e+00   1.12473960e-02   3.81509388e-05   7.25935732e+00   1.16142495e+01
 1.66000000e+00   0.00000000e+00   1.00000000e+00   1.21617043e-02   7.65879365e-05   7.26063280e+00   1.15943868e+01
 1.67000000e+00   0.00000000e+00   1.00000000e+00   1.30739860e-02   1.11495325e-04   7.25123705e+00   1.15763910e+01
 1.68000000e+00   0.00000000e+00   1.00000000e+00   1.41713200e-02   1.31449479e-04   7.23373980e+00   1.15645056e+01
 1.69000000e+00   0.00000000e+00   1.00000000e+00   1.55729965e-02   1.30165931e-04   7.21287276e+00   1.15592827e+01
 1.70000000e+00   0.00000000e+00   1.00000000e+00   1.73193600e-02   1.07958933e-04   7.19275102e+00   1.15574499e+01
 1.71000000e+00   0.00000000e+00   1.00000000e+00   1.94094202e-02   7.16686494e-05   7.17605651e+00   1.15551953e+01
 1.72000000e+00   0.00000000e+00   1.00000000e+00   2.18352563e-02   3.30469914e-05   7.16470158e+00   1.15522246e+01
 1.73000000e+00   0.00000000e+00   1.00000000e+00   2.45870355e-02   5.02680661e-06   7.16045526e+00   1.15535568e+01
 1.74000000e+00   0.00000000e+00   1.00000000e+00   2.76334643e-02  -3.13128873e-06   7.16475032e+00   1.15660002e+01
 1.75000000e+00   0.00000000e+00   1.00000000e+00   3.08991347e-02   1.07715342e-05   7.17779590e+00   1.15919823e+01
 1.76000000e+00   0.00000000e+00   1.00000000e+00   3.42675912e-02   4.16070930e-05   7.19752006e+00   1.16264893e+01
 1.77000000e+00   0.00000000e+00   1.00000000e+00   3.76296989e-02   7.90675158e-05   7.21927521e+00   1.16609262e+01
 1.78000000e+00   0.00000000e+00   1.00000000e+00   4.09577404e-02   1.10781430e-04   7.23765141e+00   1.16893721e+01
 1.79000000e+00   0.00000000e+00   1.00000000e+00   4.43412697e-02   1.25913817e-04   7.24995289e+00   1.17123281e+01
 1.80000000e+00   0.00000000e+00   1.00000000e+00   4.79309466e-02   1.18880656e-04   7.25871994e+00   1.17342634e+01
 1.81000000e+00   0.00000000e+00   1.00000000e+00   5.18179435e-02   9.16806857e-05   7.27056028e+00   1.17583686e+01
 1.82000000e+00   0.00000000e+00   1.00000000e+00   5.59505539e-02   5.31782352e-05   7.29161030e+00   1.17834952e+01
 1.83000000e+00   0.00000000e+00   1.00000000e+00   6.01623070e-02   1.57332034e-05   7.32337104e+00   1.18056641e+01
 1.84000000e+00   0.00000000e+00   1.00000000e+00   6.42770602e-02  -8.90674207e-06   7.36250317e+00   1.18218341e+01
 1.85000000e+00   0.00000000e+00   1.00000000e+00   6.81902172e-02  -1.30301077e-05   7.40405928e+00   1.18325570e+01
 1.86000000e+00   0.00000000e+00   1.00000000e+00   7.18708036e-02   4.67370486e-06   7.44438199e+00   1.18416293e+01
 1.87000000e+00   0.00000000e+00   1.00000000e+00   7.53174121e-02   3.82417013e-05   7.48131771e+00   1.18525108e+01
 1.88000000e+00   0.00000000e+00   1.00000000e+00   7.85295125e-02   7.61392384e-05   7.51288442e+00   1.18646357e+01
 1.89000000e+00   0.00000000e+00   1.00000000e+00   8.15168716e-02   1.05380352e-04   7.53671688e+00   1.18729694e+01
 1.90000000e+00   0.00000000e+00   1.00000000e+00   8.43271431e-02   1.16212514e-04   7.55112197e+00   1.18719186e+01
 1.91000000e+00   0.00000000e+00   1.00000000e+00   8.70607665e-02   1.05127661e-04   7.55672792e+00   1.18606468e+01
 1.92000000e+00   0.00000000e+00   1.00000000e+00   8.98508826e-02   7.56058615e-05   7.55731444e+00   1.18449332e+01
 1.93000000e+00   0.00000000e+00   1.00000000e+00   9.28048883e-02   3.69981599e-05   7.55891443e+00   1.18333420e+01
 1.94000000e+00   0.00000000e+00   1.00000000e+00   9.59370785e-02   1.83136319e-06   7.56724193e+00   1.18312066e+01
 1.95000000e+00   0.00000000e+00   1.00000000e+00   9.91483497e-02  -1.82680414e-05   7.58442847e+00   1.18376643e+01
 1.96000000e+00   0.00000000e+00   1.00000000e+00   1.02287985e-01  -1.67533938e-05   7.60740441e+00   1.18478967e+01
 1.97000000e+00   0.00000000e+00   1.00000000e+00   1.05263100e-01   5.55467809e-06   7.62981735e+00   1.18582237e+01
 1.98000000e+00   0.00000000e+00   1.00000000e+00   1.08108233e-01   4.10471683e-05   7.64643666e+00   1.18693536e+01
 1.99000000e+00   0.00000000e+00   1.00000000e+00   1.10956410e-01   7.80055907e-05   7.65645679e+00   1.18852409e+01
 2.00000000e+00   0.00000000e+00   1.00000000e+00   1.13943930e-01   1.04184490e-04   7.66304803e+00   1.19088933e+01
 2.01000000e+00   0.00000000e+00   1.00000000e+00   1.17138289e-01   1.10616063e-04   7.67026902e+00   1.19388057e+01
 2.02000000e+00   0.00000000e+00   1.00000000e+00   1.20541079e-01   9.47713865e-05   7.68078729e+00   1.19700044e+01
 2.03000000e+00   0.00000000e+00   1.00000000e+00   1.24134299e-01   6.16535254e-05   7.69608774e+00   1.19983415e+01
 2.04000000e+00   0.00000000e+00   1.00000000e+00   1.27905015e-01   2.21069385e-05   7.71804826e+00   1.20243672e+01
 2.05000000e+00   0.00000000e+00   1.00000000e+00   1.31824785e-01  -1.10199541e-05   7.74931908e+00   1.20532375e+01
 2.06000000e+00   0.00000000e+00   1.00000000e+00   1.35814811e-01  -2.72054241e-05   7.79167874e+00   1.20902548e+01
 2.07000000e+00   0.00000000e+00   1.00000000e+00   1.39738600e-01  -2.15083310e-05   7.84371733e+00   1.21357490e+01
 2.08000000e+00   0.00000000e+00   1.00000000e+00   1.43438037e-01   3.92751441e-06   7.90012041e+00   1.21835259e+01
 2.09000000e+00   0.00000000e+00   1.00000000e+00   1.46798926e-01   4.04796137e-05   7.95327803e+00   1.22250132e+01
 2.10000000e+00   0.00000000e+00   1.00000000e+00   1.49809660e-01   7.57559452e-05   7.99691383e+00   1.22548931e+01
 2.11000000e+00   0.00000000e+00   1.00000000e+00   1.52567862e-01   9.77966920e-05   8.02949642e+00   1.22746986e+01
 2.12000000e+00   0.00000000e+00   1.00000000e+00   1.55214967e-01   9.91870932e-05   8.05482626e+00   1.22896859e+01
 2.13000000e+00   0.00000000e+00   1.00000000e+00   1.57836395e-01   7.93504444e-05   8.07930457e+00   1.23041402e+01
 2.14000000e+00   0.00000000e+00   1.00000000e+00   1.60403986e-01   4.45534246e-05   8.10754602e+00   1.23174345e+01
 2.15000000e+00   0.00000000e+00   1.00000000e+00   1.62806418e-01   5.98194066e-06   8.13978120e+00   1.23261764e+01
 2.16000000e+00   0.00000000e+00   1.00000000e+00   1.64934003e-01  -2.37346766e-05   8.17300502e+00   1.23281249e+01
 2.17000000e+00   0.00000000e+00   1.00000000e+00   1.66738614e-01  -3.47891972e-05   8.20406645e+00   1.23256786e+01
 2.18000000e+00   0.00000000e+00   1.00000000e+00   1.68225885e-01  -2.36730555e-05   8.23140745e+00   1.23239987e+01
 2.19000000e+00   0.00000000e+00   1.00000000e+00   1.69411229e-01   5.69108465e-06   8.25419764e+00   1.23268394e+01
 2.20000000e+00   0.00000000e+00   1.00000000e+00   1.70301204e-01   4.34978402e-05   8.27053724e+00   1.23327815e+01
 2.21000000e+00   0.00000000e+00   1.00000000e+00   1.70921481e-01   7.73902109e-05   8.27759670e+00   1.23365013e+01
 2.22000000e+00   0.00000000e+00   1.00000000e+00   1.71355742e-01   9.63418009e-05   8.27394053e+00   1.23335863e+01
 2.23000000e+00   0.00000000e+00   1.00000000e+00   1.71747521e-01   9.40927855e-05   8.26189647e+00   1.23250511e+01
 2.24000000e+00   0.00000000e+00   1.00000000e+00   1.72251785e-01   7.12845724e-05   8.24766597e+00   1.23174694e+01
 2.25000000e+00   0.00000000e+00   1.00000000e+00   1.72963585e-01   3.54285515e-05   8.23886109e+00   1.23184334e+01
 2.26000000e+00   0.00000000e+00   1.00000000e+00   1.73868105e-01  -1.59839882e-06   8.24098511e+00   1.23313468e+01
 2.27000000e+00   0.00000000e+00   1.00000000e+00   1.74847632e-01  -2.76287295e-05   8.25476512e+00   1.23536475e+01
 2.28000000e+00   0.00000000e+00   1.00000000e+00   1.75749766e-01  -3.42103980e-05   8.27602140e+00   1.23795054e+01
 2.29000000e+00   0.00000000e+00   1.00000000e+00   1.76477002e-01  -1.92207142e-05   8.29849211e+00   1.24050031e+01
 2.30000000e+00   0.00000000e+00   1.00000000e+00   1.77033523e-01   1.24589390e-05   8.31768421e+00   1.24305606e+01
 2.31000000e+00   0.00000000e+00   1.00000000e+00   1.77495089e-01   5.03666389e-05   8.33287209e+00   1.24591844e+01
 2.32000000e+00   0.00000000e+00   1.00000000e+00   1.77935031e-01   8.18462422e-05   8.34595679e+00   1.24920581e+01
 2.33000000e+00   0.00000000e+00   1.00000000e+00   1.78376056e-01   9.63639431e-05   8.35882073e+00   1.25257686e+01
 2.34000000e+00   0.00000000e+00   1.00000000e+00   1.78802460e-01   8.91115301e-05   8.37212996e+00   1.25546357e+01
 2.35000000e+00   0.00000000e+00   1.00000000e+00   1.79200000e-01   6.25233598e-05   8.38645552e+00   1.25754706e+01
 2.36000000e+00   0.00000000e+00   1.00000000e+00   1.79566554e-01   2.53338306e-05   8.40376764e+00   1.25901859e+01
 2.37000000e+00   0.00000000e+00   1.00000000e+00   1.79877866e-01  -1.02921207e-05   8.42714446e+00   1.26046967e+01
 2.38000000e+00   0.00000000e+00   1.00000000e+00   1.80047698e-01  -3.26127413e-05   8.45800573e+00   1.26234274e+01
 2.39000000e+00   0.00000000e+00   1.00000000e+00   1.79931409e-01  -3.41963341e-05   8.49359731e+00   1.26451546e+01
 2.40000000e+00   0.00000000e+00   1.00000000e+00   1.79382646e-01  -1.45516480e-05   8.52702238e+00   1.26633531e+01
 2.41000000e+00   0.00000000e+00   1.00000000e+00   1.78327498e-01   1.97152861e-05   8.55037674e+00   1.26709171e+01
 2.42000000e+00   0.00000000e+00   1.00000000e+00   1.76806692e-01   5.72956276e-05   8.55879559e+00   1.26652811e+01
 2.43000000e+00   0.00000000e+00   1.00000000e+00   1.74956899e-01   8.59725735e-05   8.55273644e+00   1.26500529e+01
 2.44000000e+00   0.00000000e+00   1.00000000e+00   1.72939846e-01   9.64782736e-05   8.53709616e+00   1.26315872e+01
 2.45000000e+00   0.00000000e+00   1.00000000e+00   1.70862542e-01   8.54547144e-05   8.51806278e+00   1.26137154e+01
 2.46000000e+00   0.00000000e+00   1.00000000e+00   1.68741190e-01   5.66396197e-05   8.49991429e+00   1.25956389e+01
 2.47000000e+00   0.00000000e+00   1.00000000e+00   1.66530326e-01   1.97523112e-05   8.48385485e+00   1.25750047e+01
 2.48000000e+00   0.00000000e+00   1.00000000e+00   1.64185097e-01  -1.27343863e-05   8.46904222e+00   1.25514851e+01
 2.49000000e+00   0.00000000e+00   1.00000000e+00   1.61698226e-01  -2.98603144e-05   8.45467795e+00   1.25290594e+01
 2.50000000e+00   0.00000000e+00   1.00000000e+00   1.59085422e-01  -2.58436871e-05   8.44061858e+00   1.25131717e+01
 2.51000000e+00   0.00000000e+00   1.00000000e+00   1.56351288e-01  -1.85087871e-06   8.42625011e+00   1.25059960e+01
 2.52000000e+00   0.00000000e+00   1.00000000e+00   1.53487006e-01   3.44593673e-05   8.40924174e+00   1.25044047e+01
 2.53000000e+00   0.00000000e+00   1.00000000e+00   1.50510132e-01   7.13556530e-05   8.38640489e+00   1.25024438e+01
 2.54000000e+00   0.00000000e+00   1.00000000e+00   1.47504104e-01   9.68306006e-05   8.35630195e+00   1.24964196e+01
 2.55000000e+00   0.00000000e+00   1.00000000e+00   1.44609107e-01   1.02675187e-04   8.32136519e+00   1.24878596e+01
 2.56000000e+00   0.00000000e+00   1.00000000e+00   1.41959574e-01   8.72658140e-05   8.28758351e+00   1.24824962e+01
 2.57000000e+00   0.00000000e+00   1.00000000e+00   1.39610153e-01   5.59846182e-05   8.26166009e+00   1.24851365e+01
 2.58000000e+00   0.00000000e+00   1.00000000e+00   1.37501267e-01   1.93212847e-05   8.24774048e+00   1.24963213e+01
 2.59000000e+00   0.00000000e+00   1.00000000e+00   1.35486949e-01  -1.05507415e-05   8.24547019e+00   1.25116556e+01
 2.60000000e+00   0.00000000e+00   1.00000000e+00   1.33406835e-01  -2.36595317e-05   8.25054267e+00   1.25260794e+01
 2.61000000e+00   0.00000000e+00   1.00000000e+00   1.31157002e-01  -1.54994889e-05   8.25732500e+00   1.25373441e+01
 2.62000000e+00   0.00000000e+00   1.00000000e+00   1.28716374e-01   1.13870135e-05   8.26152970e+00   1.25465347e+01
 2.63000000e+00   0.00000000e+00   1.00000000e+00   1.26118328e-01   4.81905335e-05   8.26136358e+00   1.25555496e+01
 2.64000000e+00   0.00000000e+00   1.00000000e+00   1.23399739e-01   8.28416193e-05   8.25670673e+00   1.25634503e+01
 2.65000000e+00   0.00000000e+00   1.00000000e+00   1.20574846e-01   1.04086955e-04   8.24771862e+00   1.25660170e+01
 2.66000000e+00   0.00000000e+00   1.00000000e+00   1.17650770e-01   1.05135903e-04   8.23448955e+00   1.25587587e+01
 2.67000000e+00   0.00000000e+00   1.00000000e+00   1.14653777e-01   8.58053561e-05   8.21798666e+00   1.25405951e+01
 2.68000000e+00   0.00000000e+00   1.00000000e+00   1.11622789e-01   5.26387616e-05   8.20096225e+00   1.25156739e+01
 2.69000000e+00   0.00000000e+00   1.00000000e+00   1.08565543e-01   1.68508848e-05   8.18693654e+00   1.24900926e+01
 2.70000000e+00   0.00000000e+00   1.00000000e+00   1.05420612e-01  -9.43429467e-06   8.17772361e+00   1.24671768e+01
 2.71000000e+00   0.00000000e+00   1.00000000e+00   1.02071369e-01  -1.72909467e-05   8.17140041e+00   1.24454719e+01
 2.72000000e+00   0.00000000e+00   1.00000000e+00   9.84122807e-02  -3.94016432e-06   8.16269837e+00   1.24202728e+01
 2.73000000e+00   0.00000000e+00   1.00000000e+00   9.44211398e-02   2.64607129e-05   8.14580413e+00   1.23878221e+01
 2.74000000e+00   0.00000000e+00   1.00000000e+00   9.01859239e-02   6.42483371e-05   8.11755184e+00   1.23491212e+01
 2.75000000e+00   0.00000000e+00   1.00000000e+00   8.58698843e-02   9.73533008e-05   8.07877621e+00   1.23088445e+01
 2.76000000e+00   0.00000000e+00   1.00000000e+00   8.16403795e-02   1.15192607e-04   8.03342469e+00   1.22717663e+01
 2.77000000e+00   0.00000000e+00   1.00000000e+00   7.76069817e-02   1.12211560e-04   7.98641405e+00   1.22392382e+01
 2.78000000e+00   0.00000000e+00   1.00000000e+00   7.38034571e-02   8.97770046e-05   7.94168659e+00   1.22091808e+01
 2.79000000e+00   0.00000000e+00   1.00000000e+00   7.02149739e-02   5.56865047e-05   7.90139325e+00   1.21797076e+01
 2.80000000e+00   0.00000000e+00   1.00000000e+00   6.68187782e-02   2.15274268e-05   7.86630253e+00   1.21519724e+01
 2.81000000e+00   0.00000000e+00   1.00000000e+00   6.36007648e-02  -1.13767817e-06   7.83664627e+00   1.21300757e+01
 2.82000000e+00   0.00000000e+00   1.00000000e+00   6.05400257e-02  -4.54246566e-06   7.81231999e+00   1.21178468e+01
 2.83000000e+00   0.00000000e+00   1.00000000e+00   5.75913712e-02   1.27073548e-05   7.79214927e+00   1.21150150e+01
 2.84000000e+00   0.00000000e+00   1.00000000e+00   5.47009453e-02   4.51300587e-05   7.77332281e+00   1.21170189e+01
 2.85000000e+00   0.00000000e+00   1.00000000e+00   5.18529866e-02   8.21830352e-05   7.75222766e+00   1.21181267e+01
 2.86000000e+00   0.00000000e+00   1.00000000e+00   4.91047612e-02   1.11800566e-04   7.72666890e+00   1.21156616e+01
 2.87000000e+00   0.00000000e+00   1.00000000e+00   4.65679963e-02   1.24400751e-04   7.69776170e+00   1.21111051e+01
 2.88000000e+00   0.00000000e+00   1.00000000e+00   4.43407307e-02   1.16007537e-04   7.66981663e+00   1.21078288e+01
 2.89000000e+00   0.00000000e+00   1.00000000e+00   4.24380935e-02   8.95218636e-05   7.64809038e+00   1.21075040e+01
 2.90000000e+00   0.00000000e+00   1.00000000e+00   4.07720205e-02   5.37820860e-05   7.63589770e+00   1.21083905e+01
 2.91000000e+00   0.00000000e+00   1.00000000e+00   3.91909888e-02   2.06686997e-05   7.63295965e+00   1.21068337e+01
 2.92000000e+00   0.00000000e+00   1.00000000e+00   3.75486971e-02   1.17791906e-06   7.63587765e+00   1.21002527e+01
 2.93000000e+00   0.00000000e+00   1.00000000e+00   3.57569265e-02   1.80614801e-06   7.64007979e+00   1.20889684e+01
 2.94000000e+00   0.00000000e+00   1.00000000e+00   3.37960480e-02   2.24318169e-05   7.64173034e+00   1.20752906e+01
 2.95000000e+00   0.00000000e+00   1.00000000e+00   3.16894302e-02   5.63525044e-05   7.63852339e+00   1.20606659e+01
 2.96000000e+00   0.00000000e+00   1.00000000e+00   2.94721929e-02   9.24883205e-05   7.62936442e+00   1.20436025e+01
 2.97000000e+00   0.00000000e+00   1.00000000e+00   2.71826017e-02   1.19050229e-04   7.61381359e+00   1.20205361e+01
 2.98000000e+00   0.00000000e+00   1.00000000e+00   2.48763275e-02   1.27428899e-04   7.59213695e+00   1.19891655e+01
 2.99000000e+00   0.00000000e+00   1.00000000e+00   2.26349242e-02   1.15046351e-04   7.56593820e+00   1.19509134e+01
 3.00000000e+00   0.00000000e+00   1.00000000e+00   2.05415342e-02   8.62134714e-05   7.53847613e+00   1.19107422e+01
 3.01000000e+00   0.00000000e+00   1.00000000e+00   1.86321945e-02   5.06726206e-05   7.51370719e+00   1.18737165e+01
 3.02000000e+00   0.00000000e+00   1.00000000e+00   1.68650315e-02   2.03517758e-05   7.49422036e+00   1.18418846e+01
 3.03000000e+00   0.00000000e+00   1.00000000e+00   1.51434657e-02   5.42987131e-06   7.47945676e+00   1.18137646e+01
 3.04000000e+00   0.00000000e+00   1.00000000e+00   1.33849399e-02   1.09944341e-05   7.46579103e+00   1.17867732e+01
 3.05000000e+00   0.00000000e+00   1.00000000e+00   1.15861233e-02   3.53678340e-05   7.44861041e+00   1.17600588e+01
 3.06000000e+00   0.00000000e+00   1.00000000e+00   9.83763189e-03   7.06718446e-05   7.42495151e+00   1.17357872e+01
 3.07000000e+00   0.00000000e+00   1.00000000e+00   8.28191616e-03   1.05421516e-04   7.39489484e+00   1.17173096e+01
 3.08000000e+00   0.00000000e+00   1.00000000e+00   7.04865370e-03   1.28293641e-04   7.36116702e+00   1.17062128e+01
 3.09000000e+00   0.00000000e+00   1.00000000e+00   6.21062998e-03   1.31851320e-04   7.32763420e+00   1.17007828e+01
 3.10000000e+00   0.00000000e+00   1.00000000e+00   5.77968769e-03   1.15001262e-04   7.29778418e+00   1.16976704e+01
 3.11000000e+00   0.00000000e+00   1.00000000e+00   5.73034572e-03   8.33422831e-05   7.27400975e+00   1.16950032e+01
 3.12000000e+00   0.00000000e+00   1.00000000e+00   6.02233006e-03   4.73000562e-05   7.25772464e+00   1.16941779e+01
 3.13000000e+00   0.00000000e+00   1.00000000e+00   6.60244469e-03   1.87082356e-05   7.24966632e+00   1.16984458e+01
 3.14000000e+00   0.00000000e+00   1.00000000e+00   7.39237052e-03   6.92334690e-06   7.24967151e+00   1.17096439e+01
 3.15000000e+00   0.00000000e+00   1.00000000e+00   8.28903841e-03   1.57206853e-05   7.25595361e+00   1.17259437e+01
 3.16000000e+00   0.00000000e+00   1.00000000e+00   9.19647537e-03   4.20326015e-05   7.26481791e+00   1.17426697e+01
 3.17000000e+00   0.00000000e+00   1.00000000e+00   1.00750630e-02   7.69828058e-05   7.27179800e+00   1.17553972e+01
 3.18000000e+00   0.00000000e+00   1.00000000e+00   1.09673976e-02   1.08859655e-04   7.27391701e+00   1.17627034e+01
 3.19000000e+00   0.00000000e+00   1.00000000e+00   1.19705157e-02   1.27006510e-04   7.27148671e+00   1.17662345e+01
 3.20000000e+00   0.00000000e+00   1.00000000e+00   1.31672904e-02   1.25318163e-04   7.26794553e+00   1.17682712e+01
 3.21000000e+00   0.00000000e+00   1.00000000e+00   1.45656363e-02   1.04217491e-04   7.26771078e+00   1.17692031e+01
 3.22000000e+00   0.00000000e+00   1.00000000e+00   1.60884075e-02   7.05144771e-05   7.27353816e+00   1.17671946e+01
 3.23000000e+00   0.00000000e+00   1.00000000e+00   1.76158473e-02   3.51821876e-05   7.28517077e+00   1.17601326e+01
 3.24000000e+00   0.00000000e+00   1.00000000e+00   1.90446398e-02   9.73572584e-06   7.29995417e+00   1.17477424e+01
 3.25000000e+00   0.00000000e+00   1.00000000e+00   2.03236167e-02   2.42605796e-06   7.31446341e+00   1.17323595e+01
 3.26000000e+00   0.00000000e+00   1.00000000e+00   2.14527346e-02   1.55395535e-05   7.32583670e+00   1.17171316e+01
 3.27000000e+00   0.00000000e+00   1.00000000e+00   2.24620156e-02   4.46707833e-05   7.33211213e+00   1.17035400e+01
 3.28000000e+00   0.00000000e+00   1.00000000e+00   2.33969354e-02   8.01586934e-05   7.33200182e+00   1.16903562e+01
 3.29000000e+00   0.00000000e+00   1.00000000e+00   2.43222009e-02   1.10229539e-04   7.32486729e+00   1.16751168e+01
 3.30000000e+00   0.00000000e+00   1.00000000e+00   2.53316070e-02   1.24885464e-04   7.31125937e+00   1.16569211e+01
 3.31000000e+00   0.00000000e+00   1.00000000e+00   2.65394852e-02   1.19246312e-04   7.29359886e+00   1.16380558e+01
 3.32000000e+00   0.00000000e+00   1.00000000e+00   2.80425834e-02   9.51680068e-05   7.27612199e+00   1.16228340e+01
 3.33000000e+00   0.00000000e+00   1.00000000e+00   2.98715975e-02   6.05799844e-05   7.26354547e+00   1.16146849e+01
 3.34000000e+00   0.00000000e+00   1.00000000e+00   3.19710270e-02   2.68076550e-05   7.25888259e+00   1.16140909e+01
 3.35000000e+00   0.00000000e+00   1.00000000e+00   3.42313814e-02   4.84107239e-06   7.26181916e+00   1.16189666e+01
 3.36000000e+00   0.00000000e+00   1.00000000e+00   3.65570196e-02   1.75699528e-06   7.26900134e+00   1.16269580e+01
 3.37000000e+00   0.00000000e+00   1.00000000e+00   3.89223883e-02   1.83969740e-05   7.27619896e+00   1.16375614e+01
 3.38000000e+00   0.00000000e+00   1.00000000e+00   4.13785132e-02   4.90664121e-05   7.28077446e+00   1.16522587e+01
 3.39000000e+00   0.00000000e+00   1.00000000e+00   4.40118561e-02   8.34235399e-05   7.28277637e+00   1.16726607e+01
 3.40000000e+00   0.00000000e+00   1.00000000e+00   4.68917443e-02   1.09909212e-04   7.28431627e+00   1.16983102e+01
 3.41000000e+00   0.00000000e+00   1.00000000e+00   5.00424816e-02   1.19553672e-04   7.28810423e+00   1.17261064e+01
 3.42000000e+00   0.00000000e+00   1.00000000e+00   5.34480013e-02   1.08906498e-04   7.29643966e+00   1.17524922e+01
 3.43000000e+00   0.00000000e+00   1.00000000e+00   5.70695518e-02   8.11738992e-05   7.31103894e+00   1.17760804e+01
 3.44000000e+00   0.00000000e+00   1.00000000e+00   6.08528942e-02   4.51931433e-05   7.33322955e+00   1.17983810e+01
 3.45000000e+00   0.00000000e+00   1.00000000e+00   6.47198538e-02   1.25403931e-05   7.36367672e+00   1.18221199e+01
 3.46000000e+00   0.00000000e+00   1.00000000e+00   6.85609257e-02  -6.30823349e-06   7.40147546e+00   1.18482727e+01
 3.47000000e+00   0.00000000e+00   1.00000000e+00   7.22509254e-02  -5.46671354e-06   7.44335731e+00   1.18745768e+01
 3.48000000e+00   0.00000000e+00   1.00000000e+00   7.56918611e-02   1.44273334e-05   7.48410365e+00   1.18967567e+01
 3.49000000e+00   0.00000000e+00   1.00000000e+00   7.88594421e-02   4.64793043e-05   7.51851850e+00   1.19115641e+01
 3.50000000e+00   0.00000000e+00   1.00000000e+00   8.18170569e-02   7.98496241e-05   7.54389567e+00   1.19189549e+01
 3.51000000e+00   0.00000000e+00   1.00000000e+00   8.46794369e-02   1.03310073e-04   7.56127984e+00   1.19218116e+01
 3.52000000e+00   0.00000000e+00   1.00000000e+00   8.75462388e-02   1.08923032e-04   7.57455339e+00   1.19231149e+01
 3.53000000e+00   0.00000000e+00   1.00000000e+00   9.04505178e-02   9.46590634e-05   7.58801192e+00   1.19238203e+01
 3.54000000e+00   0.00000000e+00   1.00000000e+00   9.33550408e-02   6.50615154e-05   7.60416752e+00   1.19227537e+01
 3.55000000e+00   0.00000000e+00   1.00000000e+00   9.61909335e-02   2.97302462e-05   7.62305254e+00   1.19187763e+01
 3.56000000e+00   0.00000000e+00   1.00000000e+00   9.89033835e-02   1.50470145e-07   7.64313271e+00   1.19127756e+01
 3.57000000e+00   0.00000000e+00   1.00000000e+00   1.01472673e-01  -1.40792246e-05   7.66258982e+00   1.19077876e+01
 3.58000000e+00   0.00000000e+00   1.00000000e+00   1.03907486e-01  -8.40027680e-06   7.67989629e+00   1.19068667e+01
 3.59000000e+00   0.00000000e+00   1.00000000e+00   1.06231495e-01   1.51873801e-05   7.69365305e+00   1.19109396e+01
 3.60000000e+00   0.00000000e+00   1.00000000e+00   1.08483286e-01   4.87552225e-05   7.70248211e+00   1.19182395e+01
 3.61000000e+00   0.00000000e+00   1.00000000e+00   1.10728775e-01   8.10576159e-05   7.70568445e+00   1.19262935e+01
 3.62000000e+00   0.00000000e+00   1.00000000e+00   1.13066204e-01   1.01279084e-04   7.70433975e+00   1.19343007e+01
 3.63000000e+00   0.00000000e+00   1.00000000e+00   1.15604587e-01   1.02627878e-04   7.70197117e+00   1.19444567e+01
 3.64000000e+00   0.00000000e+00   1.00000000e+00   1.18417683e-01   8.45478592e-05   7.70379976e+00   1.19603379e+01
 3.65000000e+00   0.00000000e+00   1.00000000e+00   1.21500440e-01   5.28586275e-05   7.71466712e+00   1.19840050e+01
 3.66000000e+00   0.00000000e+00   1.00000000e+00   1.24761271e-01   1.78293587e-05   7.73671642e+00   1.20144735e+01
 3.67000000e+00   0.00000000e+00   1.00000000e+00   1.28061959e-01  -9.20350506e-06   7.76831470e+00   1.20483629e+01
 3.68000000e+00   0.00000000e+00   1.00000000e+00   1.31282047e-01  -1.95775569e-05   7.80512289e+00   1.20827748e+01
 3.69000000e+00   0.00000000e+00   1.00000000e+00   1.34365510e-01  -1.01527335e-05   7.84249454e+00   1.21163580e+01
 3.70000000e+00   0.00000000e+00   1.00000000e+00   1.37322203e-01   1.56856198e-05   7.87760789e+00   1.21502545e+01
 3.71000000e+00   0.00000000e+00   1.00000000e+00   1.40192459e-01   4.91650615e-05   7.90992314e+00   1.21849589e+01
 3.72000000e+00   0.00000000e+00   1.00000000e+00   1.43008271e-01   7.90109472e-05   7.94022342e+00   1.22193789e+01
 3.73000000e+00   0.00000000e+00   1.00000000e+00   1.45777944e-01   9.51485504e-05   7.96953657e+00   1.22504456e+01
 3.74000000e+00   0.00000000e+00   1.00000000e+00   1.48493261e-01   9.20249950e-05   7.99889987e+00   1.22755366e+01
 3.75000000e+00   0.00000000e+00   1.00000000e+00   1.51137824e-01   7.04664581e-05   8.02967850e+00   1.22944210e+01
 3.76000000e+00   0.00000000e+00   1.00000000e+00   1.53680368e-01   3.74241399e-05   8.06349972e+00   1.23096198e+01
 3.77000000e+00   0.00000000e+00   1.00000000e+00   1.56059049e-01   3.66398477e-06   8.10123644e+00   1.23240576e+01
 3.78000000e+00   0.00000000e+00   1.00000000e+00   1.58178733e-01  -1.98208412e-05   8.14160330e+00   1.23386377e+01
 3.79000000e+00   0.00000000e+00   1.00000000e+00   1.59937382e-01  -2.54378272e-05   8.18061233e+00   1.23509428e+01
 3.80000000e+00   0.00000000e+00   1.00000000e+00   1.61273909e-01  -1.14898770e-05   8.21277589e+00   1.23573815e+01
 3.81000000e+00   0.00000000e+00   1.00000000e+00   1.62208117e-01   1.72946956e-05   8.23374275e+00   1.23560742e+01
 3.82000000e+00   0.00000000e+00   1.00000000e+00   1.62842560e-01   5.13309719e-05   8.24250128e+00   1.23488189e+01
 3.83000000e+00   0.00000000e+00   1.00000000e+00   1.63320046e-01   7.93523372e-05   8.24175750e+00   1.23396313e+01
 3.84000000e+00   0.00000000e+00   1.00000000e+00   1.63762080e-01   9.21234515e-05   8.23639343e+00   1.23322813e+01
 3.85000000e+00   0.00000000e+00   1.00000000e+00   1.64227204e-01   8.54694349e-05   8.23106079e+00   1.23278999e+01
 3.86000000e+00   0.00000000e+00   1.00000000e+00   1.64711472e-01   6.16226337e-05   8.22852207e+00   1.23253444e+01
 3.87000000e+00   0.00000000e+00   1.00000000e+00   1.65180324e-01   2.84651892e-05   8.22957909e+00   1.23237799e+01
 3.88000000e+00   0.00000000e+00   1.00000000e+00   1.65600937e-01  -3.04767894e-06   8.23391642e+00   1.23243700e+01
 3.89000000e+00   0.00000000e+00   1.00000000e+00   1.65953151e-01  -2.24988846e-05   8.24088326e+00   1.23296255e+01
 3.90000000e+00   0.00000000e+00   1.00000000e+00   1.66223331e-01  -2.34636684e-05   8.24936261e+00   1.23414312e+01
 3.91000000e+00   0.00000000e+00   1.00000000e+00   1.66401760e-01  -5.64716744e-06   8.25752794e+00   1.23590575e+01
 3.92000000e+00   0.00000000e+00   1.00000000e+00   1.66495684e-01   2.50177157e-05   8.26312277e+00   1.23793034e+01
 3.93000000e+00   0.00000000e+00   1.00000000e+00   1.66547612e-01   5.83649482e-05   8.26475309e+00   1.23989829e+01
 3.94000000e+00   0.00000000e+00   1.00000000e+00   1.66635761e-01   8.33620577e-05   8.26332649e+00   1.24173339e+01
 3.95000000e+00   0.00000000e+00   1.00000000e+00   1.66843836e-01   9.17496626e-05   8.26239635e+00   1.24363806e+01
 3.96000000e+00   0.00000000e+00   1.00000000e+00   1.67212420e-01   8.07627227e-05   8.26682487e+00   1.24588209e+01
 3.97000000e+00   0.00000000e+00   1.00000000e+00   1.67702881e-01   5.40514500e-05   8.28032699e+00   1.24856390e+01
 3.98000000e+00   0.00000000e+00   1.00000000e+00   1.68200650e-01   2.04491816e-05   8.30349187e+00   1.25147085e+01
 3.99000000e+00   0.00000000e+00   1.00000000e+00   1.68559191e-01  -8.98748652e-06   8.33334537e+00   1.25423116e+01
 4.00000000e+00   0.00000000e+00   1.00000000e+00   1.68657864e-01  -2.46098926e-05   8.36486067e+00   1.25654399e+01
 4.01000000e+00   0.00000000e+00   1.00000000e+00   1.68438344e-01  -2.13232589e-05   8.39328825e+00   1.25833474e+01
 4.02000000e+00   0.00000000e+00   1.00000000e+00   1.67902471e-01  -2.38343978e-07   8.41566621e+00   1.25969759e+01
 4.03000000e+00   0.00000000e+00   1.00000000e+00   1.67084008e-01   3.16905431e-05   8.43088322e+00   1.26069321e+01
 4.04000000e+00   0.00000000e+00   1.00000000e+00   1.66022169e-01   6.39230900e-05   8.43892238e+00   1.26121670e+01
 4.05000000e+00   0.00000000e+00   1.00000000e+00   1.64753868e-01   8.58150122e-05   8.44039130e+00   1.26106690e+01
 4.06000000e+00   0.00000000e+00   1.00000000e+00   1.63317669e-01   9.01899102e-05   8.43670121e+00   1.26015347e+01
 4.07000000e+00   0.00000000e+00   1.00000000e+00   1.61750343e-01   7.57400976e-05   8.43031712e+00   1.25865324e+01
 4.08000000e+00   0.00000000e+00   1.00000000e+00   1.60068120e-01   4.74223799e-05   8.42416037e+00   1.25694073e+01
 4.09000000e+00   0.00000000e+00   1.00000000e+00   1.58246624e-01   1.47661299e-05   8.42014374e+00   1.25534531e+01
 4.10000000e+00   0.00000000e+00   1.00000000e+00   1.56222797e-01  -1.12902627e-05   8.41770072e+00   1.25393949e+01
 4.11000000e+00   0.00000000e+00   1.00000000e+00   1.53928270e-01  -2.20010549e-05   8.41367473e+00   1.25248482e+01
 4.12000000e+00   0.00000000e+00   1.00000000e+00   1.51338016e-01  -1.36760004e-05   8.40381962e+00   1.25073066e+01
 4.13000000e+00   0.00000000e+00   1.00000000e+00   1.48502672e-01   1.11180841e-05   8.38517494e+00   1.24865271e+01
 4.14000000e+00   0.00000000e+00   1.00000000e+00   1.45541163e-01   4.44135039e-05   8.35771425e+00   1.24649837e+01
 4.15000000e+00   0.00000000e+00   1.00000000e+00   1.42596574e-01   7.54562261e-05   8.32434450e+00   1.24465786e+01
 4.16000000e+00   0.00000000e+00   1.00000000e+00   1.39782775e-01   9.42358304e-05   8.28943006e+00   1.24335464e+01
 4.17000000e+00   0.00000000e+00   1.00000000e+00   1.37153370e-01   9.47907399e-05   8.25703993e+00   1.24256798e+01
 4.18000000e+00   0.00000000e+00   1.00000000e+00   1.34705351e-01   7.71910304e-05   8.22984811e+00   1.24212262e+01
 4.19000000e+00   0.00000000e+00   1.00000000e+00   1.32403706e-01   4.75039900e-05   8.20906713e+00   1.24189492e+01
 4.20000000e+00   0.00000000e+00   1.00000000e+00   1.30202557e-01   1.57445550e-05   8.19487703e+00   1.24199734e+01
 4.21000000e+00   0.00000000e+00   1.00000000e+00   1.28050731e-01  -7.44221846e-06   8.18668259e+00   1.24259982e+01
 4.22000000e+00   0.00000000e+00   1.00000000e+00   1.25890804e-01  -1.42723891e-05   8.18279198e+00   1.24370866e+01
 4.23000000e+00   0.00000000e+00   1.00000000e+00   1.23668595e-01  -2.36231523e-06   8.18032842e+00   1.24505496e+01
 4.24000000e+00   0.00000000e+00   1.00000000e+00   1.21356733e-01   2.44766630e-05   8.17598773e+00   1.24626931e+01
 4.25000000e+00   0.00000000e+00   1.00000000e+00   1.18975430e-01   5.74868452e-05   8.16747974e+00   1.24704331e+01
 4.26000000e+00   0.00000000e+00   1.00000000e+00   1.16587887e-01   8.58819952e-05   8.15495792e+00   1.24737889e+01
 4.27000000e+00   0.00000000e+00   1.00000000e+00   1.14264260e-01   1.00442631e-04   8.14107391e+00   1.24745818e+01
 4.28000000e+00   0.00000000e+00   1.00000000e+00   1.12033412e-01   9.65425910e-05   8.12965147e+00   1.24748334e+01
 4.29000000e+00   0.00000000e+00   1.00000000e+00   1.09853938e-01   7.56351175e-05   8.12351826e+00   1.24745174e+01
 4.30000000e+00   0.00000000e+00   1.00000000e+00   1.07624436e-01   4.47632478e-05   8.12293565e+00   1.24715243e+01
 4.31000000e+00   0.00000000e+00   1.00000000e+00   1.05226523e-01   1.42618627e-05   8.12549130e+00   1.24633034e+01
 4.32000000e+00   0.00000000e+00   1.00000000e+00   1.02572998e-01  -5.63023370e-06   8.12735092e+00   1.24486278e+01
 4.33000000e+00   0.00000000e+00   1.00000000e+00   9.96335432e-02  -8.14767939e-06   8.12493125e+00   1.24284367e+01
 4.34000000e+00   0.00000000e+00   1.00000000e+00   9.64299296e-02   7.75376621e-06   8.11588220e+00   1.24045199e+01
 4.35000000e+00   0.00000000e+00   1.00000000e+00   9.30150517e-02   3.70412886e-05   8.09916391e+00   1.23777342e+01
 4.36000000e+00   0.00000000e+00   1.00000000e+00   8.94565595e-02   7.02791324e-05   8.07475466e+00   1.23476805e+01
 4.37000000e+00   0.00000000e+00   1.00000000e+00   8.58327200e-02   9.67581592e-05   8.04357800e+00   1.23136826e+01
 4.38000000e+00   0.00000000e+00   1.00000000e+00   8.22300003e-02   1.08027267e-04   8.00771998e+00   1.22764714e+01
 4.39000000e+00   0.00000000e+00   1.00000000e+00   7.87279651e-02   1.00673003e-04   7.97036267e+00   1.22387769e+01
 4.40000000e+00   0.00000000e+00   1.00000000e+00   7.53719630e-02   7.74463387e-05   7.93507269e+00   1.22042954e+01
 4.41000000e+00   0.00000000e+00   1.00000000e+00   7.21526139e-02   4.63483283e-05   7.90437788e+00   1.21753020e+01
 4.42000000e+00   0.00000000e+00   1.00000000e+00   6.90134080e-02   1.79789809e-05   7.87854271e+00   1.21514645e+01
 4.43000000e+00   0.00000000e+00   1.00000000e+00   6.58891352e-02   2.02485404e-06   7.85542077e+00   1.21306458e+01
 4.44000000e+00   0.00000000e+00   1.00000000e+00   6.27534604e-02   4.04108537e-06   7.83166157e+00   1.21111990e+01
 4.45000000e+00   0.00000000e+00   1.00000000e+00   5.96449793e-02   2.35681876e-05   7.80455803e+00   1.20933717e+01
 4.46000000e+00   0.00000000e+00   1.00000000e+00   5.66551683e-02   5.43639104e-05   7.77343169e+00   1.20790650e+01
 4.47000000e+00   0.00000000e+00   1.00000000e+00   5.38875956e-02   8.65180239e-05   7.73984218e+00   1.20701507e+01
 4.48000000e+00   0.00000000e+00   1.00000000e+00   5.14153091e-02   1.09661754e-04   7.70670499e+00   1.20663930e+01
 4.49000000e+00   0.00000000e+00   1.00000000e+00   4.92600919e-02   1.16306595e-04   7.67706496e+00   1.20658455e+01
 4.50000000e+00   0.00000000e+00   1.00000000e+00   4.73978667e-02   1.04363198e-04   7.65321722e+00   1.20662637e+01
 4.51000000e+00   0.00000000e+00   1.00000000e+00   4.57758704e-02   7.79394905e-05   7.63643033e+00   1.20667956e+01
 4.52000000e+00   0.00000000e+00   1.00000000e+00   4.43245468e-02   4.59362930e-05   7.62700168e+00   1.20681587e+01
 4.53000000e+00   0.00000000e+00   1.00000000e+00   4.29606706e-02   1.89983807e-05   7.62416820e+00   1.20711303e+01
 4.54000000e+00   0.00000000e+00   1.00000000e+00   4.15931070e-02   6.01731168e-06   7.62583800e+00   1.20748747e+01
 4.55000000e+00   0.00000000e+00   1.00000000e+00   4.01427118e-02   1.12953449e-05   7.62863749e+00   1.20766390e+01
 4.56000000e+00   0.00000000e+00   1.00000000e+00   3.85721156e-02   3.31547730e-05   7.62875986e+00   1.20733959e+01
 4.57000000e+00   0.00000000e+00   1.00000000e+00   3.69048995e-02   6.44344426e-05   7.62345753e+00   1.20637432e+01
 4.58000000e+00   0.00000000e+00   1.00000000e+00   3.52146671e-02   9.48282987e-05   7.61230217e+00   1.20486744e+01
 4.59000000e+00   0.00000000e+00   1.00000000e+00   3.35845605e-02   1.14351584e-04   7.59730895e+00   1.20305136e+01
 4.60000000e+00   0.00000000e+00   1.00000000e+00   3.20605418e-02   1.16696166e-04   7.58178284e+00   1.20108347e+01
 4.61000000e+00   0.00000000e+00   1.00000000e+00   3.06277597e-02   1.01258159e-04   7.56855311e+00   1.19895092e+01
 4.62000000e+00   0.00000000e+00   1.00000000e+00   2.92233475e-02   7.32472587e-05   7.55863155e+00   1.19653059e+01
 4.63000000e+00   0.00000000e+00   1.00000000e+00   2.77741688e-02   4.19863628e-05   7.55100328e+00   1.19375100e+01
 4.64000000e+00   0.00000000e+00   1.00000000e+00   2.62338280e-02   1.79327077e-05   7.54341408e+00   1.19070003e+01
 4.65000000e+00   0.00000000e+00   1.00000000e+00   2.45990835e-02   9.22042107e-06   7.53346758e+00   1.18758279e+01
 4.66000000e+00   0.00000000e+00   1.00000000e+00   2.29045400e-02   1.88815323e-05   7.51933897e+00   1.18461272e+01
 4.67000000e+00   0.00000000e+00   1.00000000e+00   2.12095431e-02   4.38212653e-05   7.49997774e+00   1.18186561e+01
 4.68000000e+00   0.00000000e+00   1.00000000e+00   1.95905813e-02   7.59336099e-05   7.47514948e+00   1.17930094e+01
 4.69000000e+00   0.00000000e+00   1.00000000e+00   1.81389487e-02   1.04798574e-04   7.44561283e+00   1.17688822e+01
 4.70000000e+00   0.00000000e+00   1.00000000e+00   1.69519496e-02   1.21044621e-04   7.41342710e+00   1.17472498e+01
 4.71000000e+00   0.00000000e+00   1.00000000e+00   1.61091304e-02   1.19402670e-04   7.38188320e+00   1.17302193e+01
 4.72000000e+00   0.00000000e+00   1.00000000e+00   1.56412315e-02   1.00503417e-04   7.35473629e+00   1.17196601e+01
 4.73000000e+00   0.00000000e+00   1.00000000e+00   1.55131830e-02   7.07117959e-05   7.33482595e+00   1.17158064e+01
 4.74000000e+00   0.00000000e+00   1.00000000e+00   1.56384426e-02   3.99492288e-05   7.32279774e+00   1.17171234e+01
 4.75000000e+00   0.00000000e+00   1.00000000e+00   1.59211446e-02   1.83437810e-05   7.31683075e+00   1.17213623e+01
 4.76000000e+00   0.00000000e+00   1.00000000e+00   1.63017058e-02   1.29251516e-05   7.31366168e+00   1.17271002e+01
 4.77000000e+00   0.00000000e+00   1.00000000e+00   1.67783338e-02   2.54020088e-05   7.31029450e+00   1.17343752e+01
 4.78000000e+00   0.00000000e+00   1.00000000e+00   1.73941329e-02   5.15924625e-05   7.30532795e+00   1.17440396e+01
 4.79000000e+00   0.00000000e+00   1.00000000e+00   1.82028022e-02   8.27387814e-05   7.29923839e+00   1.17562739e+01
 4.80000000e+00   0.00000000e+00   1.00000000e+00   1.92369276e-02   1.08393067e-04   7.29373400e+00   1.17697340e+01
 4.81000000e+00   0.00000000e+00   1.00000000e+00   2.04950168e-02   1.19914842e-04   7.29082104e+00   1.17821236e+01
 4.82000000e+00   0.00000000e+00   1.00000000e+00   2.19457997e-02   1.13356749e-04   7.29215336e+00   1.17917530e+01
 4.83000000e+00   0.00000000e+00   1.00000000e+00   2.35368661e-02   9.07394576e-05   7.29879869e+00   1.17983844e+01
 4.84000000e+00   0.00000000e+00   1.00000000e+00   2.51980958e-02   5.93531748e-05   7.31105105e+00   1.18030354e+01
 4.85000000e+00   0.00000000e+00   1.00000000e+00   2.68432177e-02   2.93786014e-05   7.32809634e+00   1.18063629e+01
 4.86000000e+00   0.00000000e+00   1.00000000e+00   2.83811597e-02   1.05599701e-05   7.34763997e+00   1.18076295e+01
 4.87000000e+00   0.00000000e+00   1.00000000e+00   2.97427536e-02   8.98309730e-06   7.36608633e+00   1.18048923e+01
 4.88000000e+00   0.00000000e+00   1.00000000e+00   3.09120326e-02   2.49879523e-05   7.37959300e+00   1.17967210e+01
 4.89000000e+00   0.00000000e+00   1.00000000e+00   3.19404950e-02   5.30819547e-05   7.38562371e+00   1.17833981e+01
 4.90000000e+00   0.00000000e+00   1.00000000e+00   3.29294887e-02   8.38453045e-05   7.38407600e+00   1.17671658e+01
 4.91000000e+00   0.00000000e+00   1.00000000e+00   3.39869389e-02   1.07099021e-04   7.37726279e+00   1.17508192e+01
 4.92000000e+00   0.00000000e+00   1.00000000e+00   3.51832926e-02   1.15180184e-04   7.36872359e+00   1.17359476e+01
 4.93000000e+00   0.00000000e+00   1.00000000e+00   3.65320511e-02   1.05372246e-04   7.36162978e+00   1.17226291e+01
 4.94000000e+00   0.00000000e+00   1.00000000e+00   3.80023359e-02   8.08180554e-05   7.35762873e+00   1.17101230e+01
 4.95000000e+00   0.00000000e+00   1.00000000e+00   3.95496501e-02   4.95758958e-05   7.35668709e+00   1.16983901e+01
 4.96000000e+00   0.00000000e+00   1.00000000e+00   4.11429198e-02   2.19545182e-05   7.35767197e+00   1.16886810e+01
 4.97000000e+00   0.00000000e+00   1.00000000e+00   4.27750969e-02   7.01293249e-06   7.35908655e+00   1.16828788e+01
 4.98000000e+00   0.00000000e+00   1.00000000e+00   4.44607154e-02   9.53496784e-06   7.35951803e+00   1.16821206e+01
 4.99000000e+00   0.00000000e+00   1.00000000e+00   4.62320311e-02   2.85188098e-05   7.35786073e+00   1.16861257e+01
 5.00000000e+00   0.00000000e+00   1.00000000e+00   4.81397361e-02   5.75704253e-05   7.35360280e+00   1.16937125e+01