  Time  Coordinate0  Coordinate1  Displacement0  Displacement1  Force0  Force1
 0.00000000e+00   0.00000000e+00   1.00000000e+00   0.00000000e+00   0.00000000e+00   0.00000000e+00   0.00000000e+00
 1.00000000e-02   0.00000000e+00   1.00000000e+00  -6.40430901e-05   1.45178291e-04   3.77287925e+00   3.24097586e+00
 2.00000000e-02   0.00000000e+00   1.00000000e+00  -1.17747620e-04   2.71677539e-04   2.34969384e+00   3.13697162e+00
 3.00000000e-02   0.00000000e+00   1.00000000e+00  -5.93736987e-05   3.43277684e-04   2.05551766e+00   2.86117974e+00
 4.00000000e-02   0.00000000e+00   1.00000000e+00   5.15637405e-05   3.82074109e-04   1.87250774e+00   2.63595672e+00
 5.00000000e-02   0.00000000e+00   1.00000000e+00   3.15195879e-04   3.82464798e-04   1.75967070e+00   2.48061498e+00
 6.00000000e-02   0.00000000e+00   1.00000000e+00   8.81062917e-04   2.95782464e-04   1.67502050e+00   2.35420892e+00
 7.00000000e-02   0.00000000e+00   1.00000000e+00   1.64048299e-03   1.29427021e-04   1.62208193e+00   2.24893730e+00
 8.00000000e-02   0.00000000e+00   1.00000000e+00   1.85513658e-03  -6.35107350e-05   1.59648045e+00   2.15845495e+00
 9.00000000e-02   0.00000000e+00   1.00000000e+00   3.05691057e-04  -1.62074838e-04   1.60009813e+00   2.08125408e+00
 1.00000000e-01   0.00000000e+00   1.00000000e+00  -3.35562094e-03  -1.27373044e-04   1.60241047e+00   2.02062023e+00
 1.10000000e-01   0.00000000e+00   1.00000000e+00  -7.78411252e-03  -3.14830902e-05   1.57041325e+00   1.98429546e+00
 1.20000000e-01   0.00000000e+00   1.00000000e+00  -1.13445363e-02   6.48285546e-05   1.50889709e+00   1.96354792e+00
 1.30000000e-01   0.00000000e+00   1.00000000e+00  -1.39696774e-02   1.90452698e-04   1.46216678e+00   1.94321484e+00
 1.40000000e-01   0.00000000e+00   1.00000000e+00  -1.64827092e-02   3.53274627e-04   1.44507481e+00   1.92371386e+00
 1.50000000e-01   0.00000000e+00   1.00000000e+00  -1.88014757e-02   4.31153690e-04   1.42329902e+00   1.90555374e+00
 1.60000000e-01   0.00000000e+00   1.00000000e+00  -2.04153752e-02   3.47744487e-04   1.39014402e+00   1.88565246e+00
 1.70000000e-01   0.00000000e+00   1.00000000e+00  -2.15323059e-02   1.88359457e-04   1.36997451e+00   1.87120358e+00
 1.80000000e-01   0.00000000e+00   1.00000000e+00  -2.23366563e-02   5.70975319e-05   1.35949590e+00   1.86857363e+00
 1.90000000e-01   0.00000000e+00   1.00000000e+00  -2.24736242e-02  -4.61949912e-05   1.34027896e+00   1.87007096e+00
 2.00000000e-01   0.00000000e+00   1.00000000e+00  -2.19571337e-02  -1.32601670e-04   1.32300484e+00   1.86854442e+00
 2.10000000e-01   0.00000000e+00   1.00000000e+00  -2.12602491e-02  -1.52071236e-04   1.31950874e+00   1.86378929e+00
 2.20000000e-01   0.00000000e+00   1.00000000e+00  -2.05214636e-02  -6.34654592e-05   1.31818872e+00   1.85823051e+00
 2.30000000e-01   0.00000000e+00   1.00000000e+00  -1.94205151e-02   1.11253174e-04   1.30901790e+00   1.85654266e+00
 2.40000000e-01   0.00000000e+00   1.00000000e+00  -1.72658407e-02   2.80832685e-04   1.28397623e+00   1.85750869e+00
 2.50000000e-01   0.00000000e+00   1.00000000e+00  -1.32338274e-02   3.54789368e-04   1.24290005e+00   1.84996191e+00
 2.60000000e-01   0.00000000e+00   1.00000000e+00  -7.31345383e-03   3.43148362e-04   1.21378717e+00   1.82986868e+00
 2.70000000e-01   0.00000000e+00   1.00000000e+00  -6.40553074e-04   2.98552456e-04   1.22277182e+00   1.80837282e+00
 2.80000000e-01   0.00000000e+00   1.00000000e+00   5.50570446e-03   1.97341072e-04   1.26045674e+00   1.78691237e+00
 2.90000000e-01   0.00000000e+00   1.00000000e+00   1.07213293e-02   1.87563050e-05   1.29669410e+00   1.76264015e+00
 3.00000000e-01   0.00000000e+00   1.00000000e+00   1.54711949e-02  -1.45437158e-04   1.31532033e+00   1.74132988e+00
 3.10000000e-01   0.00000000e+00   1.00000000e+00   2.01674850e-02  -1.94114517e-04   1.32533125e+00   1.72468565e+00
 3.20000000e-01   0.00000000e+00   1.00000000e+00   2.45088281e-02  -1.32096841e-04   1.34375496e+00   1.70775023e+00
 3.30000000e-01   0.00000000e+00   1.00000000e+00   2.80610137e-02  -2.09395157e-05   1.36663407e+00   1.68674948e+00
 3.40000000e-01   0.00000000e+00   1.00000000e+00   3.09813969e-02   1.03705650e-04   1.37735022e+00   1.66271759e+00
 3.50000000e-01   0.00000000e+00   1.00000000e+00   3.36586812e-02   2.34422589e-04   1.37604727e+00   1.63799041e+00
 3.60000000e-01   0.00000000e+00   1.00000000e+00   3.62012873e-02   3.42752594e-04   1.37497484e+00   1.61595825e+00
 3.70000000e-01   0.00000000e+00   1.00000000e+00   3.87172268e-02   3.63785186e-04   1.37345490e+00   1.59919312e+00
 3.80000000e-01   0.00000000e+00   1.00000000e+00   4.15051162e-02   2.62718782e-04   1.36529920e+00   1.58470814e+00
 3.90000000e-01   0.00000000e+00   1.00000000e+00   4.44520774e-02   9.59253942e-05   1.36110473e+00   1.56819438e+00
 4.00000000e-01   0.00000000e+00   1.00000000e+00   4.67130494e-02  -4.42209490e-05   1.37802070e+00   1.54929224e+00
 4.10000000e-01   0.00000000e+00   1.00000000e+00   4.75634875e-02  -1.27024009e-04   1.40788777e+00   1.53107607e+00
 4.20000000e-01   0.00000000e+00   1.00000000e+00   4.73103140e-02  -1.67551361e-04   1.42349632e+00   1.52089468e+00
 4.30000000e-01   0.00000000e+00   1.00000000e+00   4.70355496e-02  -1.43545834e-04   1.41122071e+00   1.52561523e+00
 4.40000000e-01   0.00000000e+00   1.00000000e+00   4.77148737e-02  -1.96919978e-05   1.37959948e+00   1.53929202e+00
 4.50000000e-01   0.00000000e+00   1.00000000e+00   4.96746898e-02   1.61315486e-04   1.34699808e+00   1.55111613e+00
 4.60000000e-01   0.00000000e+00   1.00000000e+00   5.26070514e-02   3.01368379e-04   1.32728219e+00   1.55728112e+00
 4.70000000e-01   0.00000000e+00   1.00000000e+00   5.61000069e-02   3.47857000e-04   1.31883220e+00   1.55837230e+00
 4.80000000e-01   0.00000000e+00   1.00000000e+00   6.02238309e-02   3.14895937e-04   1.30857140e+00   1.55797428e+00
 4.90000000e-01   0.00000000e+00   1.00000000e+00   6.53582554e-02   2.28795916e-04   1.29237628e+00   1.55974515e+00
 5.00000000e-01   0.00000000e+00   1.00000000e+00   7.14721638e-02   9.76422265e-05   1.28442926e+00   1.56430006e+00
 5.10000000e-01   0.00000000e+00   1.00000000e+00   7.80040307e-02  -6.02596682e-05   1.29425015e+00   1.56780561e+00
 5.20000000e-01   0.00000000e+00   1.00000000e+00   8.44382475e-02  -1.81340700e-04   1.31445783e+00   1.56714985e+00
 5.30000000e-01   0.00000000e+00   1.00000000e+00   9.05811963e-02  -1.95217971e-04   1.33439957e+00   1.56254388e+00
 5.40000000e-01   0.00000000e+00   1.00000000e+00   9.63912939e-02  -1.03717395e-04   1.35218196e+00   1.55557244e+00
 5.50000000e-01   0.00000000e+00   1.00000000e+00   1.02037411e-01   2.76687775e-05   1.36417675e+00   1.55080495e+00
 5.60000000e-01   0.00000000e+00   1.00000000e+00   1.08073793e-01   1.53522021e-04   1.36352175e+00   1.55032956e+00
 5.70000000e-01   0.00000000e+00   1.00000000e+00   1.15054484e-01   2.64904008e-04   1.35420285e+00   1.54943929e+00
 5.80000000e-01   0.00000000e+00   1.00000000e+00   1.22795101e-01   3.31826876e-04   1.35558434e+00   1.54158755e+00
 5.90000000e-01   0.00000000e+00   1.00000000e+00   1.30283725e-01   3.02404708e-04   1.38233561e+00   1.52627246e+00
 6.00000000e-01   0.00000000e+00   1.00000000e+00   1.36532445e-01   1.72359632e-04   1.42357511e+00   1.50434542e+00
 6.10000000e-01   0.00000000e+00   1.00000000e+00   1.41370978e-01   6.39510585e-06   1.45711989e+00   1.48063847e+00
 6.20000000e-01   0.00000000e+00   1.00000000e+00   1.45243656e-01  -1.22098825e-04   1.47405489e+00   1.46339842e+00
 6.30000000e-01   0.00000000e+00   1.00000000e+00   1.48453184e-01  -1.84608174e-04   1.48328503e+00   1.45115419e+00
 6.40000000e-01   0.00000000e+00   1.00000000e+00   1.50883518e-01  -1.83740102e-04   1.49465629e+00   1.43821835e+00
 6.50000000e-01   0.00000000e+00   1.00000000e+00   1.52344701e-01  -1.14683806e-04   1.50618145e+00   1.42330425e+00
 6.60000000e-01   0.00000000e+00   1.00000000e+00   1.52967089e-01   2.49641909e-05   1.50973520e+00   1.40939233e+00
 6.70000000e-01   0.00000000e+00   1.00000000e+00   1.53279600e-01   1.90875474e-04   1.49984530e+00   1.40199693e+00
 6.80000000e-01   0.00000000e+00   1.00000000e+00   1.53934663e-01   3.02246504e-04   1.48003802e+00   1.40366190e+00
 6.90000000e-01   0.00000000e+00   1.00000000e+00   1.55289782e-01   3.14667184e-04   1.45922207e+00   1.41054337e+00
 7.00000000e-01   0.00000000e+00   1.00000000e+00   1.57241838e-01   2.49590772e-04   1.44675769e+00   1.41646940e+00
 7.10000000e-01   0.00000000e+00   1.00000000e+00   1.59396418e-01   1.42377934e-04   1.44582305e+00   1.41910008e+00
 7.20000000e-01   0.00000000e+00   1.00000000e+00   1.61274571e-01   8.18061153e-06   1.45470644e+00   1.41840860e+00
 7.30000000e-01   0.00000000e+00   1.00000000e+00   1.62524186e-01  -1.25409432e-04   1.46892377e+00   1.41610021e+00
 7.40000000e-01   0.00000000e+00   1.00000000e+00   1.63280292e-01  -1.99443722e-04   1.47752778e+00   1.41882978e+00
 7.50000000e-01   0.00000000e+00   1.00000000e+00   1.64295006e-01  -1.69760620e-04   1.46862528e+00   1.43303516e+00
 7.60000000e-01   0.00000000e+00   1.00000000e+00   1.66378995e-01  -5.36330401e-05   1.44523423e+00   1.45400200e+00
 7.70000000e-01   0.00000000e+00   1.00000000e+00   1.69666480e-01   8.93236195e-05   1.42597420e+00   1.47034455e+00
 7.80000000e-01   0.00000000e+00   1.00000000e+00   1.73660236e-01   2.11490546e-04   1.42355584e+00   1.47807672e+00
 7.90000000e-01   0.00000000e+00   1.00000000e+00   1.77964345e-01   2.92412565e-04   1.43012292e+00   1.47920348e+00
 8.00000000e-01   0.00000000e+00   1.00000000e+00   1.82669664e-01   3.10913816e-04   1.43360659e+00   1.47907993e+00
 8.10000000e-01   0.00000000e+00   1.00000000e+00   1.87960162e-01   2.41729282e-04   1.43584017e+00   1.48095652e+00
 8.20000000e-01   0.00000000e+00   1.00000000e+00   1.93591730e-01   9.64130814e-05   1.44836258e+00   1.48276873e+00
 8.30000000e-01   0.00000000e+00   1.00000000e+00   1.98895224e-01  -6.12852797e-05   1.47664102e+00   1.47917402e+00
 8.40000000e-01   0.00000000e+00   1.00000000e+00   2.03195216e-01  -1.65169269e-04   1.51326342e+00   1.46840360e+00
 8.50000000e-01   0.00000000e+00   1.00000000e+00   2.06181433e-01  -1.93704431e-04   1.54485839e+00   1.45108128e+00
 8.60000000e-01   0.00000000e+00   1.00000000e+00   2.08004974e-01  -1.55493559e-04   1.56326009e+00   1.43238394e+00
 8.70000000e-01   0.00000000e+00   1.00000000e+00   2.09147044e-01  -5.72892893e-05   1.56815474e+00   1.42003137e+00
 8.80000000e-01   0.00000000e+00   1.00000000e+00   2.10153296e-01   8.59457708e-05   1.56282143e+00   1.41552007e+00
 8.90000000e-01   0.00000000e+00   1.00000000e+00   2.11312524e-01   2.25980981e-04   1.55374244e+00   1.41237251e+00
 9.00000000e-01   0.00000000e+00   1.00000000e+00   2.12438715e-01   2.99318528e-04   1.54995993e+00   1.40397071e+00
 9.10000000e-01   0.00000000e+00   1.00000000e+00   2.12959858e-01   2.76871493e-04   1.55773994e+00   1.38752014e+00
 9.20000000e-01   0.00000000e+00   1.00000000e+00   2.12340050e-01   1.81562109e-04   1.57369528e+00   1.36548037e+00
 9.30000000e-01   0.00000000e+00   1.00000000e+00   2.10519903e-01   5.50302208e-05   1.58625215e+00   1.34570838e+00
 9.40000000e-01   0.00000000e+00   1.00000000e+00   2.07916146e-01  -7.24204849e-05   1.58756216e+00   1.33594694e+00
 9.50000000e-01   0.00000000e+00   1.00000000e+00   2.04927137e-01  -1.70485344e-04   1.58122124e+00   1.33464698e+00
 9.60000000e-01   0.00000000e+00   1.00000000e+00   2.01538196e-01  -1.97016563e-04   1.57744771e+00   1.33401311e+00
 9.70000000e-01   0.00000000e+00   1.00000000e+00   1.97572837e-01  -1.28456609e-04   1.57774464e+00   1.33248745e+00
 9.80000000e-01   0.00000000e+00   1.00000000e+00   1.93260280e-01   7.26957138e-06   1.57097317e+00   1.33525644e+00
 9.90000000e-01   0.00000000e+00   1.00000000e+00   1.89324223e-01   1.50390081e-04   1.54907926e+00   1.34773900e+00
 1.00000000e+00   0.00000000e+00   1.00000000e+00   1.86470384e-01   2.55453428e-04   1.51714719e+00   1.36774147e+00
 1.01000000e+00   0.00000000e+00   1.00000000e+00   1.84908119e-01   3.03292344e-04   1.48875924e+00   1.38742805e+00
 1.02000000e+00   0.00000000e+00   1.00000000e+00   1.84329264e-01   2.82075139e-04   1.47390073e+00   1.40135248e+00
 1.03000000e+00   0.00000000e+00   1.00000000e+00   1.84163421e-01   1.86227817e-04   1.47400109e+00   1.40870662e+00
 1.04000000e+00   0.00000000e+00   1.00000000e+00   1.83853335e-01   4.03771268e-05   1.48484913e+00   1.41060124e+00
 1.05000000e+00   0.00000000e+00   1.00000000e+00   1.83112007e-01  -9.69373359e-05   1.49914091e+00   1.41040211e+00
 1.06000000e+00   0.00000000e+00   1.00000000e+00   1.82081351e-01  -1.70209984e-04   1.50835978e+00   1.41389020e+00
 1.07000000e+00   0.00000000e+00   1.00000000e+00   1.81206280e-01  -1.62588988e-04   1.50672550e+00   1.42291170e+00
 1.08000000e+00   0.00000000e+00   1.00000000e+00   1.80845405e-01  -8.87573461e-05   1.49827082e+00   1.43273657e+00
 1.09000000e+00   0.00000000e+00   1.00000000e+00   1.80956344e-01   3.01042686e-05   1.49248259e+00   1.43707682e+00
 1.10000000e+00   0.00000000e+00   1.00000000e+00   1.81176959e-01   1.66031587e-04   1.49568783e+00   1.43401776e+00
 1.11000000e+00   0.00000000e+00   1.00000000e+00   1.81217450e-01   2.72642784e-04   1.50371943e+00   1.42563003e+00
 1.12000000e+00   0.00000000e+00   1.00000000e+00   1.81108294e-01   3.02567664e-04   1.50841145e+00   1.41689866e+00
 1.13000000e+00   0.00000000e+00   1.00000000e+00   1.80981635e-01   2.43778618e-04   1.50992493e+00   1.41034475e+00
 1.14000000e+00   0.00000000e+00   1.00000000e+00   1.80626110e-01   1.26844200e-04   1.51768107e+00   1.40265125e+00
 1.15000000e+00   0.00000000e+00   1.00000000e+00   1.79387640e-01  -4.31761263e-06   1.53853610e+00   1.38938490e+00
 1.16000000e+00   0.00000000e+00   1.00000000e+00   1.76611265e-01  -1.15300437e-04   1.56651780e+00   1.36884211e+00
 1.17000000e+00   0.00000000e+00   1.00000000e+00   1.72165879e-01  -1.76973534e-04   1.58721713e+00   1.34552452e+00
 1.18000000e+00   0.00000000e+00   1.00000000e+00   1.66517804e-01  -1.62554252e-04   1.59203795e+00   1.32944884e+00
 1.19000000e+00   0.00000000e+00   1.00000000e+00   1.60374895e-01  -6.73577509e-05   1.58222553e+00   1.32605821e+00
 1.20000000e+00   0.00000000e+00   1.00000000e+00   1.54308336e-01   7.42293016e-05   1.56363426e+00   1.33073290e+00
 1.21000000e+00   0.00000000e+00   1.00000000e+00   1.48573973e-01   2.06114519e-04   1.54297845e+00   1.33669976e+00
 1.22000000e+00   0.00000000e+00   1.00000000e+00   1.43088248e-01   2.86212380e-04   1.52648605e+00   1.33915182e+00
 1.23000000e+00   0.00000000e+00   1.00000000e+00   1.37549242e-01   2.98692456e-04   1.51846824e+00   1.33787020e+00
 1.24000000e+00   0.00000000e+00   1.00000000e+00   1.31721475e-01   2.42193932e-04   1.51731022e+00   1.33726914e+00
 1.25000000e+00   0.00000000e+00   1.00000000e+00   1.25679271e-01   1.27642048e-04   1.51510193e+00   1.34278836e+00
 1.26000000e+00   0.00000000e+00   1.00000000e+00   1.19721025e-01  -9.72948221e-06   1.50649171e+00   1.35575987e+00
 1.27000000e+00   0.00000000e+00   1.00000000e+00   1.14030592e-01  -1.15905354e-04   1.49502476e+00   1.37158972e+00
 1.28000000e+00   0.00000000e+00   1.00000000e+00   1.08513631e-01  -1.49679963e-04   1.48712667e+00   1.38622493e+00
 1.29000000e+00   0.00000000e+00   1.00000000e+00   1.03042873e-01  -1.05435301e-04   1.48262614e+00   1.39963761e+00
 1.30000000e+00   0.00000000e+00   1.00000000e+00   9.78328264e-02  -4.58173981e-06   1.47247596e+00   1.41437184e+00
 1.31000000e+00   0.00000000e+00   1.00000000e+00   9.34753706e-02   1.23046165e-04   1.44847086e+00   1.43142693e+00
 1.32000000e+00   0.00000000e+00   1.00000000e+00   9.05267011e-02   2.43292915e-04   1.41453891e+00   1.44711111e+00
 1.33000000e+00   0.00000000e+00   1.00000000e+00   8.90301920e-02   3.15716882e-04   1.38538295e+00   1.45620730e+00
 1.34000000e+00   0.00000000e+00   1.00000000e+00   8.84376350e-02   3.08584147e-04   1.37397553e+00   1.45766111e+00
 1.35000000e+00   0.00000000e+00   1.00000000e+00   8.79718056e-02   2.22930882e-04   1.38169384e+00   1.45378426e+00
 1.36000000e+00   0.00000000e+00   1.00000000e+00   8.70579955e-02   9.40242233e-05   1.40002642e+00   1.44693443e+00
 1.37000000e+00   0.00000000e+00   1.00000000e+00   8.54993024e-02  -3.27845339e-05   1.41882181e+00   1.44028560e+00
 1.38000000e+00   0.00000000e+00   1.00000000e+00   8.33996422e-02  -1.21915384e-04   1.43227030e+00   1.43677653e+00
 1.39000000e+00   0.00000000e+00   1.00000000e+00   8.09873709e-02  -1.48724016e-04   1.43823112e+00   1.43547458e+00
 1.40000000e+00   0.00000000e+00   1.00000000e+00   7.84236115e-02  -9.98799765e-05   1.43895729e+00   1.43305549e+00
 1.41000000e+00   0.00000000e+00   1.00000000e+00   7.56778809e-02   1.38121230e-05   1.43915504e+00   1.42670072e+00
 1.42000000e+00   0.00000000e+00   1.00000000e+00   7.25999307e-02   1.51285279e-04   1.44196903e+00   1.41674965e+00
 1.43000000e+00   0.00000000e+00   1.00000000e+00   6.91539241e-02   2.60711246e-04   1.44450457e+00   1.40590347e+00
 1.44000000e+00   0.00000000e+00   1.00000000e+00   6.55231859e-02   3.07713211e-04   1.44215724e+00   1.39742425e+00
 1.45000000e+00   0.00000000e+00   1.00000000e+00   6.18804729e-02   2.84123471e-04   1.43643878e+00   1.39161456e+00
 1.46000000e+00   0.00000000e+00   1.00000000e+00   5.80540209e-02   1.99056794e-04   1.43591605e+00   1.38534811e+00
 1.47000000e+00   0.00000000e+00   1.00000000e+00   5.35269250e-02   7.48926078e-05   1.44761518e+00   1.37768051e+00
 1.48000000e+00   0.00000000e+00   1.00000000e+00   4.78557717e-02  -4.92006048e-05   1.46770303e+00   1.37055906e+00
 1.49000000e+00   0.00000000e+00   1.00000000e+00   4.11096012e-02  -1.26078500e-04   1.48380766e+00   1.36882106e+00
 1.50000000e+00   0.00000000e+00   1.00000000e+00   3.39054175e-02  -1.25743499e-04   1.48505155e+00   1.37786197e+00
 1.51000000e+00   0.00000000e+00   1.00000000e+00   2.70392127e-02  -5.18243105e-05   1.46867453e+00   1.39666977e+00
 1.52000000e+00   0.00000000e+00   1.00000000e+00   2.10661540e-02   6.71244484e-05   1.44144751e+00   1.41806481e+00
 1.53000000e+00   0.00000000e+00   1.00000000e+00   1.61406438e-02   1.95307583e-04   1.41279770e+00   1.43498768e+00
 1.54000000e+00   0.00000000e+00   1.00000000e+00   1.21339357e-02   2.96357532e-04   1.38927930e+00   1.44593430e+00
 1.55000000e+00   0.00000000e+00   1.00000000e+00   8.84700881e-03   3.36066949e-04   1.37228024e+00   1.45330750e+00
 1.56000000e+00   0.00000000e+00   1.00000000e+00   6.15962441e-03   2.96242379e-04   1.35940378e+00   1.46078471e+00
 1.57000000e+00   0.00000000e+00   1.00000000e+00   4.05869606e-03   1.90352291e-04   1.34758422e+00   1.47056328e+00
 1.58000000e+00   0.00000000e+00   1.00000000e+00   2.54785785e-03   5.90553061e-05   1.33607140e+00   1.48127994e+00
 1.59000000e+00   0.00000000e+00   1.00000000e+00   1.51151138e-03  -5.26109749e-05   1.32775231e+00   1.49008704e+00
 1.60000000e+00   0.00000000e+00   1.00000000e+00   6.99907567e-04  -1.12774793e-04   1.32581313e+00   1.49598853e+00
 1.61000000e+00   0.00000000e+00   1.00000000e+00  -6.17673417e-05  -1.05070375e-04   1.32795500e+00   1.49990526e+00
 1.62000000e+00   0.00000000e+00   1.00000000e+00  -6.14313703e-04  -2.88279485e-05   1.32532335e+00   1.50326441e+00
 1.63000000e+00   0.00000000e+00   1.00000000e+00  -4.92265995e-04   9.43738333e-05   1.31086041e+00   1.50613359e+00
 1.64000000e+00   0.00000000e+00   1.00000000e+00   6.82778234e-04   2.20978031e-04   1.28888469e+00   1.50551384e+00
 1.65000000e+00   0.00000000e+00   1.00000000e+00   2.79538592e-03   3.04140077e-04   1.27331614e+00   1.49880289e+00
 1.66000000e+00   0.00000000e+00   1.00000000e+00   5.22264543e-03   3.17134331e-04   1.27559703e+00   1.48747329e+00
 1.67000000e+00   0.00000000e+00   1.00000000e+00   7.21628034e-03   2.60011304e-04   1.29504580e+00   1.47417117e+00
 1.68000000e+00   0.00000000e+00   1.00000000e+00   8.31025765e-03   1.51500304e-04   1.32164567e+00   1.46037946e+00
 1.69000000e+00   0.00000000e+00   1.00000000e+00   8.43990168e-03   2.26912575e-05   1.34534261e+00   1.44856909e+00
 1.70000000e+00   0.00000000e+00   1.00000000e+00   7.78714866e-03  -8.52974443e-05   1.36177957e+00   1.44055363e+00
 1.71000000e+00   0.00000000e+00   1.00000000e+00   6.56689891e-03  -1.32791360e-04   1.37142316e+00   1.43539714e+00
 1.72000000e+00   0.00000000e+00   1.00000000e+00   4.91896805e-03  -1.01748648e-04   1.37678835e+00   1.43100544e+00
 1.73000000e+00   0.00000000e+00   1.00000000e+00   2.93384010e-03  -5.73025195e-06   1.37954017e+00   1.42654060e+00
 1.74000000e+00   0.00000000e+00   1.00000000e+00   7.51836785e-04   1.20360416e-04   1.37914271e+00   1.42288378e+00
 1.75000000e+00   0.00000000e+00   1.00000000e+00  -1.36713990e-03   2.37369429e-04   1.37345943e+00   1.42186327e+00
 1.76000000e+00   0.00000000e+00   1.00000000e+00  -3.10870421e-03   3.10977927e-04   1.36145698e+00   1.42408014e+00
 1.77000000e+00   0.00000000e+00   1.00000000e+00  -4.31268603e-03   3.16448315e-04   1.34694365e+00   1.42752365e+00
 1.78000000e+00   0.00000000e+00   1.00000000e+00  -5.15621521e-03   2.48475223e-04   1.33834019e+00   1.43039927e+00
 1.79000000e+00   0.00000000e+00   1.00000000e+00  -6.07613937e-03   1.29751324e-04   1.34142760e+00   1.43354173e+00
 1.80000000e+00   0.00000000e+00   1.00000000e+00  -7.40557088e-03   3.66196551e-06   1.35257981e+00   1.43867641e+00
 1.81000000e+00   0.00000000e+00   1.00000000e+00  -9.02116975e-03  -8.66785938e-05   1.35968306e+00   1.44826409e+00
 1.82000000e+00   0.00000000e+00   1.00000000e+00  -1.03467440e-02  -1.14660970e-04   1.35139542e+00   1.46357063e+00
 1.83000000e+00   0.00000000e+00   1.00000000e+00  -1.07218712e-02  -7.31135476e-05   1.32651282e+00   1.48168445e+00
 1.84000000e+00   0.00000000e+00   1.00000000e+00  -9.78922827e-03   2.68410289e-05   1.29457387e+00   1.49689967e+00
 1.85000000e+00   0.00000000e+00   1.00000000e+00  -7.58404026e-03   1.54661765e-04   1.26666917e+00   1.50616123e+00
 1.86000000e+00   0.00000000e+00   1.00000000e+00  -4.34758966e-03   2.65789139e-04   1.24757081e+00   1.50978425e+00
 1.87000000e+00   0.00000000e+00   1.00000000e+00  -3.14654121e-04   3.19779215e-04   1.23635067e+00   1.50962244e+00
 1.88000000e+00   0.00000000e+00   1.00000000e+00   4.34900321e-03   2.99359193e-04   1.23110669e+00   1.50884458e+00
 1.89000000e+00   0.00000000e+00   1.00000000e+00   9.47670863e-03   2.14253624e-04   1.23167158e+00   1.50860783e+00
 1.90000000e+00   0.00000000e+00   1.00000000e+00   1.48108370e-02   9.20315085e-05   1.23940859e+00   1.50780320e+00
 1.91000000e+00   0.00000000e+00   1.00000000e+00   1.99933127e-02  -3.08412613e-05   1.25517814e+00   1.50459701e+00
 1.92000000e+00   0.00000000e+00   1.00000000e+00   2.46859090e-02  -1.15619200e-04   1.27638547e+00   1.49810389e+00
 1.93000000e+00   0.00000000e+00   1.00000000e+00   2.87731462e-02  -1.32418800e-04   1.29675228e+00   1.48999759e+00
 1.94000000e+00   0.00000000e+00   1.00000000e+00   3.24838995e-02  -7.47553603e-05   1.30884300e+00   1.48290808e+00
 1.95000000e+00   0.00000000e+00   1.00000000e+00   3.62651571e-02   3.54344026e-05   1.30949863e+00   1.47786456e+00
 1.96000000e+00   0.00000000e+00   1.00000000e+00   4.04362566e-02   1.58937804e-04   1.30413603e+00   1.47231462e+00
 1.97000000e+00   0.00000000e+00   1.00000000e+00   4.48930923e-02   2.56097399e-04   1.30374163e+00   1.46321902e+00
 1.98000000e+00   0.00000000e+00   1.00000000e+00   4.91386871e-02   2.97147322e-04   1.31554370e+00   1.45022342e+00
 1.99000000e+00   0.00000000e+00   1.00000000e+00   5.26264675e-02   2.67518060e-04   1.33755448e+00   1.43501278e+00
 2.00000000e+00   0.00000000e+00   1.00000000e+00   5.51069302e-02   1.74200890e-04   1.36056863e+00   1.42026027e+00
 2.01000000e+00   0.00000000e+00   1.00000000e+00   5.66920462e-02   4.82051090e-05   1.37697335e+00   1.40966307e+00
 2.02000000e+00   0.00000000e+00   1.00000000e+00   5.76581599e-02  -6.60289440e-05   1.38530933e+00   1.40451923e+00
 2.03000000e+00   0.00000000e+00   1.00000000e+00   5.82406754e-02  -1.29947541e-04   1.38797347e+00   1.40368693e+00
 2.04000000e+00   0.00000000e+00   1.00000000e+00   5.86052127e-02  -1.24776529e-04   1.38709815e+00   1.40560963e+00
 2.05000000e+00   0.00000000e+00   1.00000000e+00   5.89538637e-02  -5.35980727e-05   1.38182779e+00   1.41000835e+00
 2.06000000e+00   0.00000000e+00   1.00000000e+00   5.96066024e-02   6.19378653e-05   1.37032102e+00   1.41753118e+00
 2.07000000e+00   0.00000000e+00   1.00000000e+00   6.09546578e-02   1.85620857e-04   1.35189423e+00   1.42784107e+00
 2.08000000e+00   0.00000000e+00   1.00000000e+00   6.32958587e-02   2.75619096e-04   1.32997698e+00   1.43979767e+00
 2.09000000e+00   0.00000000e+00   1.00000000e+00   6.66482308e-02   3.00465739e-04   1.31172341e+00   1.45042330e+00
 2.10000000e+00   0.00000000e+00   1.00000000e+00   7.06872846e-02   2.52730379e-04   1.30445678e+00   1.45786651e+00
 2.11000000e+00   0.00000000e+00   1.00000000e+00   7.49116081e-02   1.50249698e-04   1.31029472e+00   1.46307270e+00
 2.12000000e+00   0.00000000e+00   1.00000000e+00   7.89707950e-02   2.66706085e-05   1.32300236e+00   1.46701301e+00
 2.13000000e+00   0.00000000e+00   1.00000000e+00   8.29113991e-02  -7.95798657e-05   1.33218802e+00   1.47202654e+00
 2.14000000e+00   0.00000000e+00   1.00000000e+00   8.71215573e-02  -1.34479451e-04   1.33139763e+00   1.47998373e+00
 2.15000000e+00   0.00000000e+00   1.00000000e+00   9.20131394e-02  -1.18697790e-04   1.32308436e+00   1.48916100e+00
 2.16000000e+00   0.00000000e+00   1.00000000e+00   9.77226109e-02  -3.72090907e-05   1.31583467e+00   1.49591400e+00
 2.17000000e+00   0.00000000e+00   1.00000000e+00   1.04074346e-01   8.06969527e-05   1.31637580e+00   1.49778694e+00
 2.18000000e+00   0.00000000e+00   1.00000000e+00   1.10775012e-01   1.93738355e-04   1.32516973e+00   1.49438442e+00
 2.19000000e+00   0.00000000e+00   1.00000000e+00   1.17598034e-01   2.64731982e-04   1.33917812e+00   1.48803130e+00
 2.20000000e+00   0.00000000e+00   1.00000000e+00   1.24383679e-01   2.71266917e-04   1.35643889e+00   1.48099070e+00
 2.21000000e+00   0.00000000e+00   1.00000000e+00   1.30911744e-01   2.10429341e-04   1.37800245e+00   1.47370812e+00
 2.22000000e+00   0.00000000e+00   1.00000000e+00   1.36830092e-01   1.00326873e-04   1.40433153e+00   1.46381363e+00
 2.23000000e+00   0.00000000e+00   1.00000000e+00   1.41743910e-01  -2.31292933e-05   1.43349691e+00   1.44997367e+00
 2.24000000e+00   0.00000000e+00   1.00000000e+00   1.45414332e-01  -1.18046025e-04   1.46010288e+00   1.43201998e+00
 2.25000000e+00   0.00000000e+00   1.00000000e+00   1.47925945e-01  -1.53154157e-04   1.47787291e+00   1.41374360e+00
 2.26000000e+00   0.00000000e+00   1.00000000e+00   1.49692439e-01  -1.18769482e-04   1.48322101e+00   1.40105922e+00
 2.27000000e+00   0.00000000e+00   1.00000000e+00   1.51256562e-01  -2.72832881e-05   1.47737936e+00   1.39564354e+00
 2.28000000e+00   0.00000000e+00   1.00000000e+00   1.52983637e-01   9.21601871e-05   1.46668321e+00   1.39391168e+00
 2.29000000e+00   0.00000000e+00   1.00000000e+00   1.54863195e-01   2.01156301e-04   1.45966074e+00   1.39098192e+00
 2.30000000e+00   0.00000000e+00   1.00000000e+00   1.56584130e-01   2.63111837e-04   1.46109946e+00   1.38494061e+00
 2.31000000e+00   0.00000000e+00   1.00000000e+00   1.57824963e-01   2.56788872e-04   1.46876930e+00   1.37714491e+00
 2.32000000e+00   0.00000000e+00   1.00000000e+00   1.58506475e-01   1.85328963e-04   1.47623493e+00   1.37147041e+00
 2.33000000e+00   0.00000000e+00   1.00000000e+00   1.58802612e-01   7.43832419e-05   1.47883293e+00   1.37119726e+00
 2.34000000e+00   0.00000000e+00   1.00000000e+00   1.58956203e-01  -3.88415374e-05   1.47638270e+00   1.37619841e+00
 2.35000000e+00   0.00000000e+00   1.00000000e+00   1.59126275e-01  -1.18044899e-04   1.47163244e+00   1.38413712e+00
 2.36000000e+00   0.00000000e+00   1.00000000e+00   1.59416498e-01  -1.37441298e-04   1.46557630e+00   1.39335037e+00
 2.37000000e+00   0.00000000e+00   1.00000000e+00   1.60011891e-01  -8.95950316e-05   1.45646420e+00   1.40403557e+00
 2.38000000e+00   0.00000000e+00   1.00000000e+00   1.61235419e-01   1.01008415e-05   1.44230492e+00   1.41673478e+00
 2.39000000e+00   0.00000000e+00   1.00000000e+00   1.63427542e-01   1.27615577e-04   1.42490071e+00   1.43091878e+00
 2.40000000e+00   0.00000000e+00   1.00000000e+00   1.66727652e-01   2.23314549e-04   1.41031459e+00   1.44400742e+00
 2.41000000e+00   0.00000000e+00   1.00000000e+00   1.70926232e-01   2.66414724e-04   1.40604276e+00   1.45289716e+00
 2.42000000e+00   0.00000000e+00   1.00000000e+00   1.75508520e-01   2.43514406e-04   1.41616532e+00   1.45688791e+00
 2.43000000e+00   0.00000000e+00   1.00000000e+00   1.79884139e-01   1.61289120e-04   1.43775440e+00   1.45562605e+00
 2.44000000e+00   0.00000000e+00   1.00000000e+00   1.83671372e-01   4.53259763e-05   1.46292004e+00   1.45060855e+00
 2.45000000e+00   0.00000000e+00   1.00000000e+00   1.86848615e-01  -6.64110370e-05   1.48315816e+00   1.44489424e+00
 2.46000000e+00   0.00000000e+00   1.00000000e+00   1.89661740e-01  -1.36457793e-04   1.49478441e+00   1.44124546e+00
 2.47000000e+00   0.00000000e+00   1.00000000e+00   1.92363653e-01  -1.42188217e-04   1.50016119e+00   1.43948354e+00
 2.48000000e+00   0.00000000e+00   1.00000000e+00   1.95006873e-01  -8.35636592e-05   1.50466337e+00   1.43606153e+00
 2.49000000e+00   0.00000000e+00   1.00000000e+00   1.97451735e-01   1.86193256e-05   1.51171394e+00   1.42872858e+00
 2.50000000e+00   0.00000000e+00   1.00000000e+00   1.99532530e-01   1.30661217e-04   1.52057406e+00   1.41777366e+00
 2.51000000e+00   0.00000000e+00   1.00000000e+00   2.01174846e-01   2.16132346e-04   1.52892219e+00   1.40544906e+00
 2.52000000e+00   0.00000000e+00   1.00000000e+00   2.02340056e-01   2.46504670e-04   1.53675178e+00   1.39361660e+00
 2.53000000e+00   0.00000000e+00   1.00000000e+00   2.02884759e-01   2.11160539e-04   1.54653591e+00   1.38174110e+00
 2.54000000e+00   0.00000000e+00   1.00000000e+00   2.02523238e-01   1.22523576e-04   1.55972980e+00   1.36756154e+00
 2.55000000e+00   0.00000000e+00   1.00000000e+00   2.00973631e-01   1.13566024e-05   1.57419713e+00   1.35021253e+00
 2.56000000e+00   0.00000000e+00   1.00000000e+00   1.98184441e-01  -8.54897193e-05   1.58436847e+00   1.33263075e+00
 2.57000000e+00   0.00000000e+00   1.00000000e+00   1.94459220e-01  -1.37034329e-04   1.58491294e+00   1.32049896e+00
 2.58000000e+00   0.00000000e+00   1.00000000e+00   1.90373065e-01  -1.26093996e-04   1.57405051e+00   1.31921095e+00
 2.59000000e+00   0.00000000e+00   1.00000000e+00   1.86523513e-01  -5.45852752e-05   1.55426265e+00   1.32790527e+00
 2.60000000e+00   0.00000000e+00   1.00000000e+00   1.83269316e-01   5.48630046e-05   1.53176148e+00   1.34037934e+00
 2.61000000e+00   0.00000000e+00   1.00000000e+00   1.80622096e-01   1.65645889e-04   1.51345766e+00   1.35105532e+00
 2.62000000e+00   0.00000000e+00   1.00000000e+00   1.78355663e-01   2.41050270e-04   1.50333344e+00   1.35860837e+00
 2.63000000e+00   0.00000000e+00   1.00000000e+00   1.76237905e-01   2.57525847e-04   1.49975289e+00   1.36447611e+00
 2.64000000e+00   0.00000000e+00   1.00000000e+00   1.74194731e-01   2.11323034e-04   1.49807514e+00   1.37158601e+00
 2.65000000e+00   0.00000000e+00   1.00000000e+00   1.72287460e-01   1.18252641e-04   1.49532380e+00   1.38122560e+00
 2.66000000e+00   0.00000000e+00   1.00000000e+00   1.70572200e-01   8.66386216e-06   1.49187516e+00   1.39182721e+00
 2.67000000e+00   0.00000000e+00   1.00000000e+00   1.69021888e-01  -8.12094127e-05   1.48933900e+00   1.40118631e+00
 2.68000000e+00   0.00000000e+00   1.00000000e+00   1.67604719e-01  -1.21049937e-04   1.48736680e+00   1.40862302e+00
 2.69000000e+00   0.00000000e+00   1.00000000e+00   1.66421610e-01  -9.79769103e-05   1.48281437e+00   1.41489629e+00
 2.70000000e+00   0.00000000e+00   1.00000000e+00   1.65722868e-01  -2.11007402e-05   1.47372189e+00   1.42138017e+00
 2.71000000e+00   0.00000000e+00   1.00000000e+00   1.65741223e-01   8.33753077e-05   1.46241499e+00   1.42755831e+00
 2.72000000e+00   0.00000000e+00   1.00000000e+00   1.66464216e-01   1.81599391e-04   1.45536028e+00   1.43109600e+00
 2.73000000e+00   0.00000000e+00   1.00000000e+00   1.67534530e-01   2.41580663e-04   1.45888305e+00   1.42979940e+00
 2.74000000e+00   0.00000000e+00   1.00000000e+00   1.68365388e-01   2.42559157e-04   1.47468188e+00   1.42297344e+00
 2.75000000e+00   0.00000000e+00   1.00000000e+00   1.68398816e-01   1.83239521e-04   1.49826592e+00   1.41129201e+00
 2.76000000e+00   0.00000000e+00   1.00000000e+00   1.67340067e-01   8.35721416e-05   1.52156963e+00   1.39680804e+00
 2.77000000e+00   0.00000000e+00   1.00000000e+00   1.65226448e-01  -2.27128090e-05   1.53796399e+00   1.38306620e+00
 2.78000000e+00   0.00000000e+00   1.00000000e+00   1.62305285e-01  -1.00663183e-04   1.54510559e+00   1.37252462e+00
 2.79000000e+00   0.00000000e+00   1.00000000e+00   1.58829462e-01  -1.25384483e-04   1.54497083e+00   1.36440802e+00
 2.80000000e+00   0.00000000e+00   1.00000000e+00   1.54932247e-01  -8.89840697e-05   1.54156048e+00   1.35701939e+00
 2.81000000e+00   0.00000000e+00   1.00000000e+00   1.50659026e-01  -2.90455179e-06   1.53752276e+00   1.34938083e+00
 2.82000000e+00   0.00000000e+00   1.00000000e+00   1.46078653e-01   1.05002657e-04   1.53216007e+00   1.34248253e+00
 2.83000000e+00   0.00000000e+00   1.00000000e+00   1.41321433e-01   1.99163506e-04   1.52496622e+00   1.33819142e+00
 2.84000000e+00   0.00000000e+00   1.00000000e+00   1.36481646e-01   2.48916148e-04   1.51733182e+00   1.33707276e+00
 2.85000000e+00   0.00000000e+00   1.00000000e+00   1.31490739e-01   2.39469604e-04   1.51280142e+00   1.33754343e+00
 2.86000000e+00   0.00000000e+00   1.00000000e+00   1.26124363e-01   1.75613116e-04   1.51374891e+00   1.33808531e+00
 2.87000000e+00   0.00000000e+00   1.00000000e+00   1.20184634e-01   7.89159726e-05   1.51819516e+00   1.33931373e+00
 2.88000000e+00   0.00000000e+00   1.00000000e+00   1.13722528e-01  -1.86257749e-05   1.52004322e+00   1.34376562e+00
 2.89000000e+00   0.00000000e+00   1.00000000e+00   1.07114674e-01  -8.38760636e-05   1.51303380e+00   1.35495705e+00
 2.90000000e+00   0.00000000e+00   1.00000000e+00   1.00925319e-01  -9.39675796e-05   1.49462395e+00   1.37360963e+00
 2.91000000e+00   0.00000000e+00   1.00000000e+00   9.56481795e-02  -4.49667596e-05   1.46754908e+00   1.39513403e+00
 2.92000000e+00   0.00000000e+00   1.00000000e+00   9.15003997e-02   4.67315458e-05   1.43889668e+00   1.41350073e+00
 2.93000000e+00   0.00000000e+00   1.00000000e+00   8.83891147e-02   1.50644566e-04   1.41585064e+00   1.42591483e+00
 2.94000000e+00   0.00000000e+00   1.00000000e+00   8.60423293e-02   2.33300718e-04   1.40193487e+00   1.43328853e+00
 2.95000000e+00   0.00000000e+00   1.00000000e+00   8.41862447e-02   2.68375314e-04   1.39587041e+00   1.43806080e+00
 2.96000000e+00   0.00000000e+00   1.00000000e+00   8.26368855e-02   2.44182339e-04   1.39447131e+00   1.44224957e+00
 2.97000000e+00   0.00000000e+00   1.00000000e+00   8.12638918e-02   1.68083155e-04   1.39575847e+00   1.44601218e+00
 2.98000000e+00   0.00000000e+00   1.00000000e+00   7.99096261e-02   6.54002122e-05   1.39985565e+00   1.44812129e+00
 2.99000000e+00   0.00000000e+00   1.00000000e+00   7.83886913e-02  -2.94534157e-05   1.40667892e+00   1.44753671e+00
 3.00000000e+00   0.00000000e+00   1.00000000e+00   7.65982821e-02  -8.57745012e-05   1.41377278e+00   1.44477902e+00
 3.01000000e+00   0.00000000e+00   1.00000000e+00   7.46289696e-02  -8.62931747e-05   1.41684304e+00   1.44112620e+00
 3.02000000e+00   0.00000000e+00   1.00000000e+00   7.27321684e-02  -3.13743656e-05   1.41343648e+00   1.43780475e+00
 3.03000000e+00   0.00000000e+00   1.00000000e+00   7.11254605e-02   6.10811029e-05   1.40601990e+00   1.43422939e+00
 3.04000000e+00   0.00000000e+00   1.00000000e+00   6.97789561e-02   1.60525373e-04   1.40098402e+00   1.42820603e+00
 3.05000000e+00   0.00000000e+00   1.00000000e+00   6.83596106e-02   2.33755917e-04   1.40444696e+00   1.41876400e+00
 3.06000000e+00   0.00000000e+00   1.00000000e+00   6.63845680e-02   2.56623582e-04   1.41767314e+00   1.40660716e+00
 3.07000000e+00   0.00000000e+00   1.00000000e+00   6.34711295e-02   2.22295606e-04   1.43631740e+00   1.39365619e+00
 3.08000000e+00   0.00000000e+00   1.00000000e+00   5.95116956e-02   1.42963833e-04   1.45354206e+00   1.38256492e+00
 3.09000000e+00   0.00000000e+00   1.00000000e+00   5.46773501e-02   4.51935510e-05   1.46416750e+00   1.37623452e+00
 3.10000000e+00   0.00000000e+00   1.00000000e+00   4.92839423e-02  -3.86722930e-05   1.46664443e+00   1.37561025e+00
 3.11000000e+00   0.00000000e+00   1.00000000e+00   4.36407167e-02  -8.04222953e-05   1.46247868e+00   1.37910308e+00
 3.12000000e+00   0.00000000e+00   1.00000000e+00   3.79881039e-02  -6.53004198e-05   1.45413254e+00   1.38514272e+00
 3.13000000e+00   0.00000000e+00   1.00000000e+00   3.25355260e-02   2.19403210e-06   1.44278784e+00   1.39314867e+00
 3.14000000e+00   0.00000000e+00   1.00000000e+00   2.75126244e-02   9.97514752e-05   1.42791746e+00   1.40274057e+00
 3.15000000e+00   0.00000000e+00   1.00000000e+00   2.31367089e-02   1.95711198e-04   1.40968646e+00   1.41352188e+00
 3.16000000e+00   0.00000000e+00   1.00000000e+00   1.94952953e-02   2.59710218e-04   1.39109863e+00   1.42451283e+00
 3.17000000e+00   0.00000000e+00   1.00000000e+00   1.64564024e-02   2.71614861e-04   1.37727058e+00   1.43464480e+00
 3.18000000e+00   0.00000000e+00   1.00000000e+00   1.37275956e-02   2.27737243e-04   1.37138227e+00   1.44396347e+00
 3.19000000e+00   0.00000000e+00   1.00000000e+00   1.10601369e-02   1.42677546e-04   1.37133633e+00   1.45309422e+00
 3.20000000e+00   0.00000000e+00   1.00000000e+00   8.45121257e-03   4.49880230e-05   1.37043521e+00   1.46310329e+00
 3.21000000e+00   0.00000000e+00   1.00000000e+00   6.18040181e-03  -3.26093878e-05   1.36193477e+00   1.47470341e+00
 3.22000000e+00   0.00000000e+00   1.00000000e+00   4.64843222e-03  -6.45942657e-05   1.34365013e+00   1.48653342e+00
 3.23000000e+00   0.00000000e+00   1.00000000e+00   4.14131576e-03  -4.09589567e-05   1.31974476e+00   1.49550610e+00
 3.24000000e+00   0.00000000e+00   1.00000000e+00   4.68510238e-03   3.00683790e-05   1.29791246e+00   1.49941107e+00
 3.25000000e+00   0.00000000e+00   1.00000000e+00   6.06640332e-03   1.24746433e-04   1.28409257e+00   1.49810614e+00
 3.26000000e+00   0.00000000e+00   1.00000000e+00   7.96406131e-03   2.11154311e-04   1.28003208e+00   1.49342320e+00
 3.27000000e+00   0.00000000e+00   1.00000000e+00   1.00737840e-02   2.59874546e-04   1.28394747e+00   1.48737061e+00
 3.28000000e+00   0.00000000e+00   1.00000000e+00   1.21446280e-02   2.54464742e-04   1.29334463e+00   1.48125554e+00
 3.29000000e+00   0.00000000e+00   1.00000000e+00   1.39418744e-02   1.96929773e-04   1.30682420e+00   1.47471469e+00
 3.30000000e+00   0.00000000e+00   1.00000000e+00   1.52230387e-02   1.06145580e-04   1.32359395e+00   1.46698442e+00
 3.31000000e+00   0.00000000e+00   1.00000000e+00   1.57975334e-02   1.13389229e-05   1.34165331e+00   1.45761582e+00
 3.32000000e+00   0.00000000e+00   1.00000000e+00   1.56455989e-02  -5.67310149e-05   1.35695053e+00   1.44782021e+00
 3.33000000e+00   0.00000000e+00   1.00000000e+00   1.49837179e-02  -7.54779318e-05   1.36502205e+00   1.43975511e+00
 3.34000000e+00   0.00000000e+00   1.00000000e+00   1.41786986e-02  -3.86533310e-05   1.36392268e+00   1.43447554e+00
 3.35000000e+00   0.00000000e+00   1.00000000e+00   1.35367229e-02   4.11843744e-05   1.35660856e+00   1.43068028e+00
 3.36000000e+00   0.00000000e+00   1.00000000e+00   1.31154914e-02   1.37469912e-04   1.34970409e+00   1.42621136e+00
 3.37000000e+00   0.00000000e+00   1.00000000e+00   1.27052033e-02   2.18851517e-04   1.34917501e+00   1.42052161e+00
 3.38000000e+00   0.00000000e+00   1.00000000e+00   1.19920560e-02   2.59019318e-04   1.35631507e+00   1.41494688e+00
 3.39000000e+00   0.00000000e+00   1.00000000e+00   1.07763713e-02   2.45004389e-04   1.36708917e+00   1.41145456e+00
 3.40000000e+00   0.00000000e+00   1.00000000e+00   9.09038790e-03   1.81691816e-04   1.37588274e+00   1.41195975e+00
 3.41000000e+00   0.00000000e+00   1.00000000e+00   7.16056524e-03   9.04977416e-05   1.37843957e+00   1.41743474e+00
 3.42000000e+00   0.00000000e+00   1.00000000e+00   5.28394753e-03   2.19751890e-06   1.37380327e+00   1.42696288e+00
 3.43000000e+00   0.00000000e+00   1.00000000e+00   3.73132817e-03  -5.36466766e-05   1.36314376e+00   1.43843958e+00
 3.44000000e+00   0.00000000e+00   1.00000000e+00   2.73340879e-03  -5.87895115e-05   1.34796535e+00   1.45061031e+00
 3.45000000e+00   0.00000000e+00   1.00000000e+00   2.51489537e-03  -1.18246715e-05   1.32864942e+00   1.46247383e+00
 3.46000000e+00   0.00000000e+00   1.00000000e+00   3.29434699e-03   7.19210872e-05   1.30567248e+00   1.47333131e+00
 3.47000000e+00   0.00000000e+00   1.00000000e+00   5.20367263e-03   1.65001064e-04   1.28184138e+00   1.48243835e+00
 3.48000000e+00   0.00000000e+00   1.00000000e+00   8.17320654e-03   2.36302974e-04   1.26257334e+00   1.48903359e+00
 3.49000000e+00   0.00000000e+00   1.00000000e+00   1.18920119e-02   2.61768227e-04   1.25362499e+00   1.49326274e+00
 3.50000000e+00   0.00000000e+00   1.00000000e+00   1.59183382e-02   2.32809986e-04   1.25656121e+00   1.49581126e+00
 3.51000000e+00   0.00000000e+00   1.00000000e+00   1.98940922e-02   1.58795634e-04   1.26731638e+00   1.49669121e+00
 3.52000000e+00   0.00000000e+00   1.00000000e+00   2.37162620e-02   6.35866606e-05   1.27849876e+00   1.49662679e+00
 3.53000000e+00   0.00000000e+00   1.00000000e+00   2.75391010e-02  -2.22115621e-05   1.28429868e+00   1.49650534e+00
 3.54000000e+00   0.00000000e+00   1.00000000e+00   3.16117430e-02  -7.10336671e-05   1.28399491e+00   1.49619549e+00
 3.55000000e+00   0.00000000e+00   1.00000000e+00   3.60804344e-02  -6.73587546e-05   1.28151601e+00   1.49407337e+00
 3.56000000e+00   0.00000000e+00   1.00000000e+00   4.08944141e-02  -1.31242618e-05   1.28209435e+00   1.48868891e+00
 3.57000000e+00   0.00000000e+00   1.00000000e+00   4.58524021e-02   7.27261259e-05   1.28872314e+00   1.48056225e+00
 3.58000000e+00   0.00000000e+00   1.00000000e+00   5.07129922e-02   1.60991456e-04   1.30077621e+00   1.47013560e+00
 3.59000000e+00   0.00000000e+00   1.00000000e+00   5.52647586e-02   2.22317405e-04   1.31643016e+00   1.45898977e+00
 3.60000000e+00   0.00000000e+00   1.00000000e+00   5.93202322e-02   2.36481112e-04   1.33432730e+00   1.44806864e+00
 3.61000000e+00   0.00000000e+00   1.00000000e+00   6.26851863e-02   1.98627253e-04   1.35354383e+00   1.43704310e+00
 3.62000000e+00   0.00000000e+00   1.00000000e+00   6.51804756e-02   1.21084064e-04   1.37289242e+00   1.42520269e+00
 3.63000000e+00   0.00000000e+00   1.00000000e+00   6.67385762e-02   2.95794840e-05   1.38957211e+00   1.41339297e+00
 3.64000000e+00   0.00000000e+00   1.00000000e+00   6.75105018e-02  -4.55219736e-05   1.39972019e+00   1.40403566e+00
 3.65000000e+00   0.00000000e+00   1.00000000e+00   6.78796085e-02  -7.96063465e-05   1.40012055e+00   1.39995616e+00
 3.66000000e+00   0.00000000e+00   1.00000000e+00   6.83307805e-02  -6.17939747e-05   1.39061205e+00   1.40177369e+00
 3.67000000e+00   0.00000000e+00   1.00000000e+00   6.92375150e-02   1.92546203e-06   1.37550844e+00   1.40705449e+00
 3.68000000e+00   0.00000000e+00   1.00000000e+00   7.07084877e-02   9.08414749e-05   1.36147210e+00   1.41246746e+00
 3.69000000e+00   0.00000000e+00   1.00000000e+00   7.26007089e-02   1.76043292e-04   1.35368188e+00   1.41687183e+00
 3.70000000e+00   0.00000000e+00   1.00000000e+00   7.46792211e-02   2.29485664e-04   1.35271815e+00   1.42085905e+00
 3.71000000e+00   0.00000000e+00   1.00000000e+00   7.67955353e-02   2.33477485e-04   1.35512661e+00   1.42588082e+00
 3.72000000e+00   0.00000000e+00   1.00000000e+00   7.89614649e-02   1.87044226e-04   1.35659321e+00   1.43283529e+00
 3.73000000e+00   0.00000000e+00   1.00000000e+00   8.12996149e-02   1.05967606e-04   1.35486455e+00   1.44176957e+00
 3.74000000e+00   0.00000000e+00   1.00000000e+00   8.39518712e-02   1.69461813e-05   1.35011643e+00   1.45152510e+00
 3.75000000e+00   0.00000000e+00   1.00000000e+00   8.70361651e-02  -5.11235703e-05   1.34358100e+00   1.46085730e+00
 3.76000000e+00   0.00000000e+00   1.00000000e+00   9.06679575e-02  -7.62771702e-05   1.33590678e+00   1.46912018e+00
 3.77000000e+00   0.00000000e+00   1.00000000e+00   9.49852200e-02  -5.06542551e-05   1.32743292e+00   1.47599613e+00
 3.78000000e+00   0.00000000e+00   1.00000000e+00   1.00107886e-01   1.66595048e-05   1.31971942e+00   1.48135016e+00
 3.79000000e+00   0.00000000e+00   1.00000000e+00   1.06029865e-01   1.02636093e-04   1.31657735e+00   1.48485555e+00
 3.80000000e+00   0.00000000e+00   1.00000000e+00   1.12521435e-01   1.78190996e-04   1.32234414e+00   1.48547202e+00
 3.81000000e+00   0.00000000e+00   1.00000000e+00   1.19139163e-01   2.18007516e-04   1.33963339e+00   1.48288693e+00
 3.82000000e+00   0.00000000e+00   1.00000000e+00   1.25372847e-01   2.08685820e-04   1.36617927e+00   1.47672947e+00
 3.83000000e+00   0.00000000e+00   1.00000000e+00   1.30852540e-01   1.52664071e-04   1.39555210e+00   1.46738136e+00
 3.84000000e+00   0.00000000e+00   1.00000000e+00   1.35481430e-01   6.75003053e-05   1.42035509e+00   1.45618463e+00
 3.85000000e+00   0.00000000e+00   1.00000000e+00   1.39407784e-01  -1.92738021e-05   1.43664450e+00   1.44542667e+00
 3.86000000e+00   0.00000000e+00   1.00000000e+00   1.42869496e-01  -7.92491876e-05   1.44519834e+00   1.43623243e+00
 3.87000000e+00   0.00000000e+00   1.00000000e+00   1.46034647e-01  -9.30562741e-05   1.44948748e+00   1.42767363e+00
 3.88000000e+00   0.00000000e+00   1.00000000e+00   1.48943213e-01  -5.69067694e-05   1.45302467e+00   1.41855043e+00
 3.89000000e+00   0.00000000e+00   1.00000000e+00   1.51553912e-01   1.65797805e-05   1.45749250e+00   1.40847780e+00
 3.90000000e+00   0.00000000e+00   1.00000000e+00   1.53814908e-01   1.02806032e-04   1.46282346e+00   1.39829777e+00
 3.91000000e+00   0.00000000e+00   1.00000000e+00   1.55681813e-01   1.73235096e-04   1.46877734e+00   1.38922867e+00
 3.92000000e+00   0.00000000e+00   1.00000000e+00   1.57084346e-01   2.04755654e-04   1.47562072e+00   1.38151385e+00
 3.93000000e+00   0.00000000e+00   1.00000000e+00   1.57909603e-01   1.87231782e-04   1.48355614e+00   1.37466088e+00
 3.94000000e+00   0.00000000e+00   1.00000000e+00   1.58060146e-01   1.26580565e-04   1.49126626e+00   1.36823429e+00
 3.95000000e+00   0.00000000e+00   1.00000000e+00   1.57570512e-01   4.31074335e-05   1.49576702e+00   1.36353244e+00
 3.96000000e+00   0.00000000e+00   1.00000000e+00   1.56694549e-01  -3.50293303e-05   1.49357680e+00   1.36340077e+00
 3.97000000e+00   0.00000000e+00   1.00000000e+00   1.55875445e-01  -8.14262855e-05   1.48260888e+00   1.36994076e+00
 3.98000000e+00   0.00000000e+00   1.00000000e+00   1.55588376e-01  -8.03241080e-05   1.46447665e+00   1.38250054e+00
 3.99000000e+00   0.00000000e+00   1.00000000e+00   1.56143749e-01  -3.17648376e-05   1.44437283e+00   1.39712338e+00
 4.00000000e+00   0.00000000e+00   1.00000000e+00   1.57576615e-01   4.84431403e-05   1.42871556e+00   1.41011368e+00
 4.01000000e+00   0.00000000e+00   1.00000000e+00   1.59688396e-01   1.34129576e-04   1.42166077e+00   1.41980182e+00
 4.02000000e+00   0.00000000e+00   1.00000000e+00   1.62196664e-01   1.97378672e-04   1.42309873e+00   1.42673809e+00
 4.03000000e+00   0.00000000e+00   1.00000000e+00   1.64876832e-01   2.17446773e-04   1.42985646e+00   1.43202981e+00
 4.04000000e+00   0.00000000e+00   1.00000000e+00   1.67608291e-01   1.87452569e-04   1.43846750e+00   1.43663862e+00
 4.05000000e+00   0.00000000e+00   1.00000000e+00   1.70334017e-01   1.17128720e-04   1.44716965e+00   1.44055469e+00
 4.06000000e+00   0.00000000e+00   1.00000000e+00   1.73012086e-01   2.97125601e-05   1.45536224e+00   1.44258986e+00
 4.07000000e+00   0.00000000e+00   1.00000000e+00   1.75619911e-01  -4.64933825e-05   1.46263268e+00   1.44253592e+00
 4.08000000e+00   0.00000000e+00   1.00000000e+00   1.78194556e-01  -8.74777691e-05   1.46813251e+00   1.44099787e+00
 4.09000000e+00   0.00000000e+00   1.00000000e+00   1.80838519e-01  -8.06969113e-05   1.47141238e+00   1.43882045e+00
 4.10000000e+00   0.00000000e+00   1.00000000e+00   1.83644624e-01  -2.87713041e-05   1.47377405e+00   1.43632718e+00
 4.11000000e+00   0.00000000e+00   1.00000000e+00   1.86572823e-01   5.09257534e-05   1.47873680e+00   1.43271988e+00
 4.12000000e+00   0.00000000e+00   1.00000000e+00   1.89373134e-01   1.31470357e-04   1.48986959e+00   1.42628032e+00
 4.13000000e+00   0.00000000e+00   1.00000000e+00   1.91631807e-01   1.85720401e-04   1.50795382e+00   1.41581738e+00
 4.14000000e+00   0.00000000e+00   1.00000000e+00   1.92933376e-01   1.95916449e-04   1.52993673e+00   1.40093952e+00
 4.15000000e+00   0.00000000e+00   1.00000000e+00   1.93043362e-01   1.59085363e-04   1.55011607e+00   1.38338002e+00
 4.16000000e+00   0.00000000e+00   1.00000000e+00   1.91995336e-01   8.75571814e-05   1.54731401e+00   1.38099584e+00
 4.17000000e+00   0.00000000e+00   1.00000000e+00   1.90033918e-01   3.98676561e-06   1.56402844e+00   1.35415208e+00
 4.18000000e+00   0.00000000e+00   1.00000000e+00   1.87486358e-01  -6.33028544e-05   1.56285560e+00   1.34385020e+00
 4.19000000e+00   0.00000000e+00   1.00000000e+00   1.84630235e-01  -9.24254307e-05   1.55465089e+00   1.33905092e+00
 4.20000000e+00   0.00000000e+00   1.00000000e+00   1.81649213e-01  -7.21679644e-05   1.54449643e+00   1.33700500e+00
 4.21000000e+00   0.00000000e+00   1.00000000e+00   1.78670980e-01  -9.32177075e-06   1.53396057e+00   1.33710120e+00
 4.22000000e+00   0.00000000e+00   1.00000000e+00   1.75793141e-01   7.54074325e-05   1.52389899e+00   1.33951484e+00
 4.23000000e+00   0.00000000e+00   1.00000000e+00   1.73061211e-01   1.54880412e-04   1.51544876e+00   1.34411619e+00
 4.24000000e+00   0.00000000e+00   1.00000000e+00   1.70429120e-01   2.04199964e-04   1.50999516e+00   1.35038968e+00
 4.25000000e+00   0.00000000e+00   1.00000000e+00   1.67766765e-01   2.07833366e-04   1.50805291e+00   1.35680149e+00
 4.26000000e+00   0.00000000e+00   1.00000000e+00   1.64949981e-01   1.65178233e-04   1.50812225e+00   1.36289841e+00
 4.27000000e+00   0.00000000e+00   1.00000000e+00   1.61985190e-01   9.07621293e-05   1.50679907e+00   1.36960338e+00
 4.28000000e+00   0.00000000e+00   1.00000000e+00   1.59078931e-01   9.41591598e-06   1.50014248e+00   1.37864320e+00
 4.29000000e+00   0.00000000e+00   1.00000000e+00   1.56584671e-01  -5.16448031e-05   1.48663790e+00   1.39089893e+00
 4.30000000e+00   0.00000000e+00   1.00000000e+00   1.54840075e-01  -7.21961596e-05   1.46846536e+00   1.40458017e+00
 4.31000000e+00   0.00000000e+00   1.00000000e+00   1.53995417e-01  -4.58336566e-05   1.45105256e+00   1.41649006e+00
 4.32000000e+00   0.00000000e+00   1.00000000e+00   1.53946441e-01   1.81998917e-05   1.44024482e+00   1.42417259e+00
 4.33000000e+00   0.00000000e+00   1.00000000e+00   1.54400478e-01   9.87709331e-05   1.43879900e+00   1.42730052e+00
 4.34000000e+00   0.00000000e+00   1.00000000e+00   1.55009075e-01   1.69333078e-04   1.44584656e+00   1.42706415e+00
 4.35000000e+00   0.00000000e+00   1.00000000e+00   1.55474560e-01   2.06130730e-04   1.45829774e+00   1.42467008e+00
 4.36000000e+00   0.00000000e+00   1.00000000e+00   1.55581440e-01   1.96770170e-04   1.47279257e+00   1.42079063e+00
 4.37000000e+00   0.00000000e+00   1.00000000e+00   1.55173819e-01   1.44509508e-04   1.48711408e+00   1.41509621e+00
 4.38000000e+00   0.00000000e+00   1.00000000e+00   1.54144200e-01   6.65902490e-05   1.49965224e+00   1.40723890e+00
 4.39000000e+00   0.00000000e+00   1.00000000e+00   1.52468769e-01  -1.18194133e-05   1.50887869e+00   1.39761279e+00
 4.40000000e+00   0.00000000e+00   1.00000000e+00   1.50247655e-01  -6.54800586e-05   1.51307482e+00   1.38787922e+00
 4.41000000e+00   0.00000000e+00   1.00000000e+00   1.47680312e-01  -7.69205980e-05   1.51190252e+00   1.37960464e+00
 4.42000000e+00   0.00000000e+00   1.00000000e+00   1.44958699e-01  -4.21236532e-05   1.50717081e+00   1.37317659e+00
 4.43000000e+00   0.00000000e+00   1.00000000e+00   1.42137712e-01   2.76662317e-05   1.50280863e+00   1.36723124e+00
 4.44000000e+00   0.00000000e+00   1.00000000e+00   1.39076110e-01   1.09456202e-04   1.50254303e+00   1.36032832e+00
 4.45000000e+00   0.00000000e+00   1.00000000e+00   1.35501365e-01   1.76610662e-04   1.50793571e+00   1.35208191e+00
 4.46000000e+00   0.00000000e+00   1.00000000e+00   1.31166796e-01   2.07899123e-04   1.51681643e+00   1.34362213e+00
 4.47000000e+00   0.00000000e+00   1.00000000e+00   1.26003259e-01   1.94014557e-04   1.52457791e+00   1.33700743e+00
 4.48000000e+00   0.00000000e+00   1.00000000e+00   1.20170238e-01   1.40173129e-04   1.52695231e+00   1.33494666e+00
 4.49000000e+00   0.00000000e+00   1.00000000e+00   1.13985973e-01   6.47550398e-05   1.52181107e+00   1.33901567e+00
 4.50000000e+00   0.00000000e+00   1.00000000e+00   1.07803868e-01  -6.43749561e-06   1.50983466e+00   1.34829106e+00
 4.51000000e+00   0.00000000e+00   1.00000000e+00   1.01923540e-01  -4.90721828e-05   1.49318035e+00   1.36079648e+00
 4.52000000e+00   0.00000000e+00   1.00000000e+00   9.65696633e-02  -4.87337243e-05   1.47407294e+00   1.37471762e+00
 4.53000000e+00   0.00000000e+00   1.00000000e+00   9.19043666e-02  -5.35417298e-06   1.45403153e+00   1.38858980e+00
 4.54000000e+00   0.00000000e+00   1.00000000e+00   8.80195177e-02   6.73081018e-05   1.43464772e+00   1.40163025e+00
 4.55000000e+00   0.00000000e+00   1.00000000e+00   8.48946643e-02   1.46136759e-04   1.41838476e+00   1.41347915e+00
 4.56000000e+00   0.00000000e+00   1.00000000e+00   8.23655780e-02   2.05718066e-04   1.40795634e+00   1.42361403e+00
 4.57000000e+00   0.00000000e+00   1.00000000e+00   8.01642068e-02   2.26509279e-04   1.40450401e+00   1.43162947e+00
 4.58000000e+00   0.00000000e+00   1.00000000e+00   7.80385520e-02   2.01675712e-04   1.40615384e+00   1.43757418e+00
 4.59000000e+00   0.00000000e+00   1.00000000e+00   7.58852462e-02   1.39618865e-04   1.40848536e+00   1.44209946e+00
 4.60000000e+00   0.00000000e+00   1.00000000e+00   7.38004613e-02   6.09183887e-05   1.40702726e+00   1.44617996e+00
 4.61000000e+00   0.00000000e+00   1.00000000e+00   7.20060398e-02  -8.76700747e-06   1.40000326e+00   1.45010154e+00
 4.62000000e+00   0.00000000e+00   1.00000000e+00   7.06967726e-02  -4.70499099e-05   1.38945035e+00   1.45257410e+00
 4.63000000e+00   0.00000000e+00   1.00000000e+00   6.99076249e-02  -4.17517017e-05   1.38007528e+00   1.45206466e+00
 4.64000000e+00   0.00000000e+00   1.00000000e+00   6.94785715e-02   5.14872063e-06   1.37631851e+00   1.44786055e+00
 4.65000000e+00   0.00000000e+00   1.00000000e+00   6.91227210e-02   7.78069716e-05   1.38005568e+00   1.44076161e+00
 4.66000000e+00   0.00000000e+00   1.00000000e+00   6.85349071e-02   1.51844878e-04   1.39014669e+00   1.43205433e+00
 4.67000000e+00   0.00000000e+00   1.00000000e+00   6.74649334e-02   2.02900540e-04   1.40392209e+00   1.42303207e+00
 4.68000000e+00   0.00000000e+00   1.00000000e+00   6.57316248e-02   2.14587000e-04   1.41885403e+00   1.41405805e+00
 4.69000000e+00   0.00000000e+00   1.00000000e+00   6.32169977e-02   1.83369827e-04   1.43299916e+00   1.40497527e+00
 4.70000000e+00   0.00000000e+00   1.00000000e+00   5.98883281e-02   1.19624718e-04   1.44461702e+00   1.39613021e+00
 4.71000000e+00   0.00000000e+00   1.00000000e+00   5.58461097e-02   4.47688753e-05   1.45158403e+00   1.38888462e+00
 4.72000000e+00   0.00000000e+00   1.00000000e+00   5.13448298e-02  -1.55805883e-05   1.45189207e+00   1.38512310e+00
 4.73000000e+00   0.00000000e+00   1.00000000e+00   4.67344365e-02  -4.10995463e-05   1.44494516e+00   1.38543751e+00
 4.74000000e+00   0.00000000e+00   1.00000000e+00   4.23308857e-02  -2.36952347e-05   1.43257212e+00   1.38877651e+00
 4.75000000e+00   0.00000000e+00   1.00000000e+00   3.82859202e-02   3.07191510e-05   1.41930107e+00   1.39323532e+00
 4.76000000e+00   0.00000000e+00   1.00000000e+00   3.45447014e-02   1.04868766e-04   1.40951219e+00   1.39775986e+00
 4.77000000e+00   0.00000000e+00   1.00000000e+00   3.09251714e-02   1.75568899e-04   1.40545853e+00   1.40256904e+00
 4.78000000e+00   0.00000000e+00   1.00000000e+00   2.72652800e-02   2.20242017e-04   1.40560171e+00   1.40886127e+00
 4.79000000e+00   0.00000000e+00   1.00000000e+00   2.35415166e-02   2.24135274e-04   1.40585587e+00   1.41753310e+00
 4.80000000e+00   0.00000000e+00   1.00000000e+00   1.98922161e-02   1.86486611e-04   1.40215831e+00   1.42905813e+00
 4.81000000e+00   0.00000000e+00   1.00000000e+00   1.65525313e-02   1.20903646e-04   1.39243448e+00   1.44231993e+00
 4.82000000e+00   0.00000000e+00   1.00000000e+00   1.37642429e-02   4.95857459e-05   1.37707374e+00   1.45559555e+00
 4.83000000e+00   0.00000000e+00   1.00000000e+00   1.17205936e-02  -4.39840576e-06   1.35794517e+00   1.46739797e+00
 4.84000000e+00   0.00000000e+00   1.00000000e+00   1.05563918e-02  -2.36933922e-05   1.33706382e+00   1.47656720e+00
 4.85000000e+00   0.00000000e+00   1.00000000e+00   1.03456669e-02  -1.89553139e-06   1.31648608e+00   1.48285292e+00
 4.86000000e+00   0.00000000e+00   1.00000000e+00   1.10696265e-02   5.39168170e-05   1.29886681e+00   1.48650903e+00
 4.87000000e+00   0.00000000e+00   1.00000000e+00   1.25668063e-02   1.25056524e-04   1.28767182e+00   1.48791180e+00
 4.88000000e+00   0.00000000e+00   1.00000000e+00   1.45221535e-02   1.87374737e-04   1.28581703e+00   1.48737627e+00
 4.89000000e+00   0.00000000e+00   1.00000000e+00   1.65403904e-02   2.19822025e-04   1.29352996e+00   1.48508965e+00
 4.90000000e+00   0.00000000e+00   1.00000000e+00   1.82845590e-02   2.11718382e-04   1.30756075e+00   1.48120860e+00
 4.91000000e+00   0.00000000e+00   1.00000000e+00   1.96006956e-02   1.65490365e-04   1.32229232e+00   1.47597594e+00
 4.92000000e+00   0.00000000e+00   1.00000000e+00   2.05480251e-02   9.55389952e-05   1.33269350e+00   1.47028817e+00
 4.93000000e+00   0.00000000e+00   1.00000000e+00   2.13151710e-02   2.43917048e-05   1.33687424e+00   1.46467509e+00
 4.94000000e+00   0.00000000e+00   1.00000000e+00   2.20796884e-02  -2.43946521e-05   1.33648422e+00   1.45858130e+00
 4.95000000e+00   0.00000000e+00   1.00000000e+00   2.29015173e-02  -3.49394601e-05   1.33531335e+00   1.45126883e+00
 4.96000000e+00   0.00000000e+00   1.00000000e+00   2.37065301e-02  -4.44965763e-06   1.33669897e+00   1.44251735e+00
 4.97000000e+00   0.00000000e+00   1.00000000e+00   2.43448521e-02   5.66359282e-05   1.34193798e+00   1.43319416e+00
 4.98000000e+00   0.00000000e+00   1.00000000e+00   2.46622659e-02   1.28338328e-04   1.35043705e+00   1.42460087e+00
 4.99000000e+00   0.00000000e+00   1.00000000e+00   2.45375381e-02   1.87393369e-04   1.36069610e+00   1.41765814e+00
 5.00000000e+00   0.00000000e+00   1.00000000e+00   2.38887624e-02   2.14586043e-04   1.37138167e+00   1.41265074e+00